2025-03-30 20:07:25 DEBUG Failed to pyproj from mpl_toolkits.basemap
2025-03-30 20:07:26 DEBUG 7hN1oVRlKrDJGxRpAAAB
2025-03-30 20:07:26 DEBUG Handling disconnect.
2025-03-30 20:07:26 DEBUG Disconnected: bv9vy4wJ3So7OqHsAAAB
2025-03-30 20:07:27 DEBUG No user settings found, using default settings
2025-03-30 20:07:33 DEBUG No user settings found, using default settings
2025-03-30 20:07:38 DEBUG No user settings found, using default settings
2025-03-30 20:07:43 DEBUG No user settings found, using default settings
2025-03-30 20:07:43 DEBUG loading settings for performance from /tmp/tmp26vxbpycmsui/msui-core.conf
2025-03-30 20:07:43 DEBUG AttributeError, ImportError Exception module 'ctypes' has no attribute 'windll'
2025-03-30 20:07:43 DEBUG None
2025-03-30 20:07:43 DEBUG None
2025-03-30 20:07:43 DEBUG loading settings for topview from /tmp/tmp26vxbpycmsui/msui-core.conf
2025-03-30 20:07:43 DEBUG Identified CRS 'epsg:4326' as '{'basemap': {'epsg': '4326'}, 'bbox': 'degree'}'
2025-03-30 20:07:47 DEBUG loading settings for multilayers from /tmp/tmp26vxbpycmsui/msui-core.conf
2025-03-30 20:07:47 DEBUG loading settings for wms from /tmp/tmp26vxbpycmsui/msui-core.conf
2025-03-30 20:07:47 DEBUG checking for WMS image cache at /tmp/tmptn8virpw/msui/wms_cache/ ...
2025-03-30 20:07:47 DEBUG   created new image cache directory.
2025-03-30 20:07:47 DEBUG servicing cache...
2025-03-30 20:07:47 DEBUG cache has been cleaned (0 files removed).2025-03-30 20:07:49 DEBUG No user settings found, using default settings
2025-03-30 20:07:49 DEBUG AttributeError, ImportError Exception module 'ctypes' has no attribute 'windll'
2025-03-30 20:07:49 DEBUG loading settings for performance from /tmp/tmp8rjhd8iamsui/msui-core.conf
2025-03-30 20:07:49 DEBUG switch_to_local
2025-03-30 20:07:49 DEBUG update_active_flight_track
2025-03-30 20:07:50 DEBUG Identified CRS 'epsg:4326' as '{'basemap': {'epsg': '4326'}, 'bbox': 'degree'}'
2025-03-30 20:07:50 WARNING Using deprecated MSS-specific EPSG code. Switch to 'MSS:stere' instead.
2025-03-30 20:07:50 DEBUG Identified CRS 'epsg:77890290' as '{'basemap': {'projection': 'stere', 'lat_0': -90, 'lon_0': 290}, 'bbox': 'degree'}'
2025-03-30 20:07:50 WARNING Using deprecated MSS-specific EPSG code. Switch to 'MSS:stere' instead.
2025-03-30 20:07:50 DEBUG Identified CRS 'epsg:77890290' as '{'basemap': {'projection': 'stere', 'lat_0': -90, 'lon_0': 290}, 'bbox': 'degree'}'
2025-03-30 20:07:50 DEBUG Identified CRS 'epsg:4326' as '{'basemap': {'epsg': '4326'}, 'bbox': 'degree'}'
2025-03-30 20:07:50 WARNING Using deprecated MSS-specific EPSG c2025-03-30 20:07:52 DEBUG loading settings for multilayers from /tmp/tmprw3iia94msui/msui-core.conf
2025-03-30 20:07:52 DEBUG loading settings for wms from /tmp/tmprw3iia94msui/msui-core.conf
2025-03-30 20:07:52 DEBUG checking for WMS image cache at /tmp/tmp6y7y09xu/msui/wms_cache/ ...
2025-03-30 20:07:52 DEBUG   found.
2025-03-30 20:07:52 DEBUG servicing cache...
2025-03-30 20:07:52 DEBUG cache has been cleaned (0 files removed).
2025-03-30 20:07:52 DEBUG stopping capabilities retrieval
2025-03-30 20:07:52 DEBUG redrawing x-axis
2025-03-30 20:07:53 DEBUG path of side view has changed.. remov2025-03-30 20:07:55 DEBUG No user settings found, using default settings
2025-03-30 20:07:56 DEBUG No user settings found, using default settings
2025-03-30 20:07:56 DEBUG No user settings found, using default settings
2025-03-30 20:08:02 DEBUG No user settings found, using default settings
202025-03-30 20:08:02 DEBUG No user settings found, using default settings
2025-03-30 20:08:02 DEBUG Attri2025-03-30 20:08:02 DEBUG loading settings for performance from /tmp/tmpg0v2025-03-30 20:08:02 DEBUG loading settings for performance from /tmp/tmprw3iia94msui/msui-core.conf
2025-03-30 20:08:02 DEBUG None
2025-03-30 20:08:02 DEBUG loading settings for sideview from /tmp/tmprw3iia94msui/msui-core.conf
2025-03-30 20:08:03 DEBUG servicing cache...
2025-03-30 20:082025-03-30 20:08:06 DEBUG loading settings for multilayers from /tmp/tmpg0vpo46smsui/msui-core.conf
2025-03-30 20:08:06 DEBUG loading settings for wms from /tmp/tmpg0vpo46smsui/msui-core.conf
2025-03-30 20:08:06 DEBUG checking for WMS image cache at /tmp/tmp537e1z8x/msui/wms_cache/ ...
2025-03-30 20:08:06 DEBUG   found.
2025-03-30 20:08:06 DEBUG servicing cache...
2025-03-30 20:08:06 DEBUG cache has been cleaned (0 files removed).
2025-03-30 20:08:06 DEBUG stopping capabilities retrieval
2025-03-30 20:08:11 DEBUG No user settings found, using default settings
2025-03-30 20:08:11 DEBUG AttributeError, ImportError Exception module 'ctypes' has no attribute 'windll'
2025-03-30 20:08:11 DEBUG loading settings for performance from /tmp/tmpg0vpo46smsui/msui-core.conf
2025-03-30 20:08:11 DEBUG None
2025-03-30 20:08:11 DEBUG None
2025-03-30 20:08:11 DEBUG loading settings for topview from /tmp/tmpg0vpo46smsui/msui-core.conf
2025-03-30 20:08:11 DEBUG Identified CRS 'epsg:4326' as '{'basemap': {'epsg': '4326'}, 'bbox': 'degree'}'
2025-03-30 20:08:14 DEBUG loading settings for multilayers from /tmp/tmpg0vpo46smsui/msui-core.conf
2025-03-30 20:08:14 DEBUG loading settings for wms from /tmp/tmpg0vpo46smsui/msui-core.conf
2025-03-30 20:08:14 DEBUG checking for WMS image cache at /tmp/tmp537e1z8x/msui/wms_cache/ ...
2025-03-30 20:08:14 DEBUG   found.
2025-03-30 20:08:14 DEBUG servicing cache...
2025-03-30 20:08:14 DEBUG cache has been cleaned (0 files removed).
2025-03-30 20:08:14 DEBUG stopping capabilities retrieval
2025-03-30 20:08:14 DEBUG TopView insert point: clicked at (-6.313565, 1.432596), best index: 3
2025-03-30 20:08:19 DEBUG No user settings found, using default settings
p6cl3lb3t/msui/wms_cache/ ...
2025-03-30 20:08:12 DEBUG   found.
2025-03-30 20:08:12 DEBUG servicing cache...
2025-03-30 20:08:12 DEBUG cache has been cleaned (0 files removed).
2025-03-30 20:08:12 DEBUG stopping capabilities retrieval
2025-03-30 20:08:12 DEBUG No user settings found, u2025-03-30 20:08:15 DE2025-03-30 20:08:17 DEBUG No user settings found, using default settings
2025-03-30 20:08:17 DEBUG AttributeError, ImportError Exception module 'ctypes' has no attribute 'windll'
2025-03-30 20:08:17 DEBUG loading settings for performance from /tmp/tmpjhbfby1mmsui/msui-core.conf
2025-03-30 20:08:17 DEBUG switch_to_local
2025-03-30 20:08:17 DEBUG update_active_flight_track
2025-03-30 20:08:18 DEBUG No user settings found, using default settings
2025-03-30 20:08:23 DEBUG No user settings found, using default settings
2025-03-30 20:08:23 DEBUG AttributeError, ImportError Exception module 'ctypes' has no attribute 'windll'
2025-03-30 20:08:23 DEBUG loading settings for performance from /tmp/tmpjhbfby1mmsui/msui-core.conf
2025-03-30 20:08:23 DEBUG switch_to_local
2025-03-30 20:08:23 DEBUG update_active_flight_track
2025-03-30 20:08:23 DEBUG No user settings found, using default settings
2025-03-30 20:08:28 DEBUG No user settings found, using default settings
2025-03-30 20:08:28 DEBUG AttributeError, ImportError Exception module 'ctypes' has no attribute 'windll'
2025-03-30 20:08:29 DEBUG loading settings for performance from /tmp/tmpjhbfby1mmsui/msui-core.conf
2025-03-30 20:08:29 DEBUG switch_to_local
2025-03-30 20:08:29 DEBUG update_active_flight_track
2025-03-30 20:08:29 DEBUG No user settings found, using default settings
2025-03-30 20:08:34 DEBUG No user settings found, using default settings
2025-03-30 20:08:34 DEBUG AttributeError, ImportError Exception module 'ctypes' has no attribute 'windll'
2025-03-30 20:08:34 DEBUG loading settings for performance from /tmp/tmpjhbfby1mmsui/msui-core.conf
2025-03-30 20:08:34 DEBUG switch_to_local
2025-03-30 20:08:34 DEBUG update_active_flight_track
2025-03-30 20:08:34 DEBUG Error fetching release data: 403 Client Error: rate limit exceeded for url: https://api.github.com/repos/Open-MSS/MSS/releases/latest
2025-03-30 20:08:34 DEBUG No user settings found, using default settings
2025-03-30 20:08:40 DEBUG No user settings found, using default settings
e...
2025-03-30 20:08:26 DEBUG cache has been cleaned (0 files removed).
2025-03-30 20:08:26 DEBUG stopping capabilities retrieval
2025-03-30 20:08:26 DEBUG TopView insert point: clicked at (-6.313565, 1.432596), best index: 3
2025-03-30 20:08:31 DEBUG No user settings found, using default settings
2025-03-30 20:08:31 DEBUG AttributeError, ImportError Exception module 'ctypes' has no attribute 'windll'
2025-03-30 20:08:31 DEBUG loading settings for performance from /tmp/tmpe7xbzapqmsui/msui-core.conf
2025-03-30 20:08:31 DEBUG None
2025-03-30 20:08:31 DEBUG None
2025-03-30 20:08:31 DEBUG loading settings for topview from /tmp/tmpe7xbzapqmsui/msui-core.conf
2025-03-30 20:08:31 DEBUG Identified CRS 'epsg:4326' as '{'basemap': {'epsg': '4326'}, 'bbox': 'degree'}'
2025-03-30 20:08:34 DEBUG loading settings for multilayers from /tmp/tmpe7xbzapqmsui/msui-core.conf
2025-03-30 20:08:34 DEBUG loading settings for wms from /tmp/tmpe7xbzapqmsui/msui-core.conf
2025-03-30 20:08:34 DEBUG checking for WMS image cache at /tmp/tmp69maf_lq/msui/wms_cache/ ...
2025-03-30 20:08:34 DEBUG   found.
2025-03-30 20:08:34 DEBUG servicing cache...
2025-03-30 20:08:34 DEBUG cache has been cleaned (0 files removed).
2025-03-30 20:08:34 DEBUG stopping capabilities retrieval
2025-03-30 20:08:39 DEBUG No user settings found, using default settings
2025-03-30 20:08:39 DEBUG loading settings for performance from /tmp/tmpe7xbzapqmsui/msui-core.conf
2025-03-30 20:08:39 DEBUG AttributeError, ImportError Exception module 'ctypes' has no attribute 'windll'
2025-03-30 20:08:39 DEBUG None
2025-03-30 20:08:39 DEBUG None
2025-03-30 20:08:39 DEBUG loading settings for topview from /tmp/tmpe7xbzapqmsui/msui-core.conf
2025-03-30 20:08:39 DEBUG Identified CRS 'epsg:4326' as '{'basemap': {'epsg': '4326'}, 'bbox': 'degree'}'
2025-03-30 20:08:42 DEBUG loading settings for multilayers from /tmp/tmpe7xbzapqmsui/msui-core.conf
2025-03-30 20:08:42 DEBUG loading settings for wms from /tmp/tmpe7xbzapqmsui/msui-core.conf
2025-03-30 20:08:42 DEBUG checking for WMS image cache at /tmp/tmp69maf_lq/msui/wms_cache/ ...
2025-03-30 20:08:42 DEBUG   found.
2025-03-30 20:08:42 DEBUG servicing cache...
2025-03-30 20:08:42 DEBUG cache has been cleaned (0 files removed).
2025-03-30 20:08:42 DEBUG stopping capabilities retrieval
2025-03-30 20:08:48 DEBUG No user settings found, using default settings
2025-03-30 20:08:53 DEBUG No user settings found, using default settings
2025-03-30 20:08:58 DEBUG No user settings found, using default settings
2025-03-30 20:09:03 DEBUG No user settings found, using default settings
standard_names='['divergence_of_wind']'
2025-03-30 20:08:05 INFO Opening candidate '20121017_12_ecmwf_forecast.EMAC.EUR_LL015.036.ml.nc'
2025-03-30 20:08:05 INFO File '20121017_12_ecmwf_forecast.EMAC.EUR_LL015.036.ml.nc' identified as 'ml' type
2025-03-30 20:08:05 INFO Found init time '2012-10-17 12:00:00', 7 valid_times and 1 standard_names
2025-03-30 20:08:05 DEBUG valid_times='[cftime.DatetimeGregorian(2012, 10, 17, 12, 0, 0, 0, has_year_zero=False)
 cftime.DatetimeGregorian(2012, 10, 17, 18, 0, 0, 0, has_year_zero=False)
 cftime.DatetimeGregorian(2012, 10, 18, 0, 0, 0, 0, has_year_zero=False)
 cftime.DatetimeGregorian(2012, 10, 18, 6, 0, 0, 0, has_year_zero=False)
 cftime.DatetimeGregorian(2012, 10, 18, 12, 0, 0, 0, has_year_zero=False)
 cftime.DatetimeGregorian(2012, 10, 18, 18, 0, 0, 0, has_year_zero=False)
 cftime.DatetimeGregorian(2012, 10, 19, 0, 0, 0, 0, has_year_zero=False)]' standard_names='['emac_R12']'
2025-03-30 20:08:05 INFO Opening candidate '20121017_12_ecmwf_forecast.GPH.EUR_LL015.036.ml.nc'
2025-03-30 20:08:05 INFO File '20121017_12_ecmwf_forecast.GPH.EUR_LL015.036.ml.nc' identified as 'ml' type
2025-03-30 20:08:05 INFO Found init time '2012-10-17 12:00:00', 7 valid_times and 1 standard_names
2025-03-30 20:08:05 DEBUG valid_times='[cftime.DatetimeGregorian(2012, 10, 17, 12, 0, 0, 0, has_year_zero=False)
 cftime.DatetimeGregorian(2012, 10, 17, 18, 0, 0, 0, has_year_zero=False)
 cftime.DatetimeGregorian(2012, 10, 18, 0, 0, 0, 0, has_year_zero=False)
 cftime.DatetimeGregorian(2012, 10, 18, 6, 0, 0, 0, has_year_zero=False)
 cftime.DatetimeGregorian(2012, 10, 18, 12, 0, 0, 0, has_year_zero=False)
 cftime.DatetimeGregorian(2012, 10, 18, 18, 0, 0, 0, has_year_zero=False)
 cftime.DatetimeGregorian(2012, 10, 19, 0, 0, 0, 0, has_year_zero=False)]' standard_names='['geopotential_height']'
2025-03-30 20:08:05 INFO Opening candidate '20121017_12_ecmwf_forecast.O3.EUR_LL015.036.ml.nc'
2025-03-30 20:08:05 INFO File '20121017_12_ecmwf_forecast.O3.EUR_LL015.036.ml.nc' identified as 'ml' type
2025-03-30 20:08:05 INFO Found init time '2012-10-17 12:00:00', 7 valid_times and 1 standard_names
2025-03-30 20:08:05 DEBUG valid_times='[cftime.DatetimeGregorian(2012, 10, 17, 12, 0, 0, 0, has_year_zero=False)
 cftime.DatetimeGregorian(2012, 10, 17, 18, 0, 0, 0, has_year_zero=False)
 cftime.DatetimeGregorian(2012, 10, 18, 0, 0, 0, 0, has_year_zero=False)
 cftime.DatetimeGregorian(2012, 10, 18, 6, 0, 0, 0, has_year_zero=False)
 cftime.DatetimeGregorian(2012, 10, 18, 12, 0, 0, 0, has_year_zero=False)
 cftime.DatetimeGregorian(2012, 10, 18, 18, 0, 0, 0, has_year_zero=False)
 cftime.DatetimeGregorian(2012, 10, 19, 0, 0, 0, 0, has_year_zero=False)]' standard_names='['mole_fraction_of_ozone_in_air']'
2025-03-30 20:08:05 INFO Opening candidate '20121017_12_ecmwf_forecast.PRESSURE_LEVELS.EUR_LL015.036.pl.nc'
2025-03-30 20:08:05 INFO File '20121017_12_ecmwf_forecast.PRESSURE_LEVELS.EUR_LL015.036.pl.nc' identified as 'pl' type
2025-03-30 20:08:05 INFO Found init time '2012-10-17 12:00:00', 7 valid_times and 16 standard_names
2025-03-30 20:08:05 DEBUG valid_times='[cftime.DatetimeGregorian(2012, 10, 17, 12, 0, 0, 0, has_year_zero=False)
 cftime.DatetimeGregorian(2012, 10, 17, 18, 0, 0, 0, has_year_zero=False)
 cftime.DatetimeGregorian(2012, 10, 18, 0, 0, 0, 0, has_year_zero=False)
 cftime.DatetimeGregorian(2012, 10, 18, 6, 0, 0, 0, has_year_zero=False)
 cftime.DatetimeGregorian(2012, 10, 18, 12, 0, 0, 0, has_year_zero=False)
 cftime.DatetimeGregorian(2012, 10, 18, 18, 0, 0, 0, has_year_zero=False)
 cftime.DatetimeGregorian(2012, 10, 19, 0, 0, 0, 0, has_year_zero=False)]' standard_names='['air_potential_temperature', 'air_pressure', 'air_temperature', 'eastward_wind', 'ertel_potential_vorticity', 'geopotential_height', 'northward_wind', 'specific_humidity', 'lagrangian_tendency_of_air_pressure', 'divergence_of_wind', 'mass_fraction_of_ozone_in_air', 'mole_fraction_of_ozone_in_air', 'equivalent_latitude', 'number_of_wcb_trajectories', 'number_of_insitu_trajectories', 'number_of_mix_trajectories']'
2025-03-30 20:08:05 INFO Opening candidate '20121017_12_ecmwf_forecast.PVU.EUR_LL015.036.pv.nc'
2025-03-30 20:08:05 INFO File '20121017_12_ecmwf_forecast.PVU.EUR_LL015.036.pv.nc' identified as 'pv' type
2025-03-30 20:08:05 INFO Found init time '2012-10-17 12:00:00', 7 valid_times and 3 standard_names
2025-03-30 20:08:05 DEBUG valid_times='[cftime.DatetimeGregorian(2012, 10, 17, 12, 0, 0, 0, has_year_zero=False)
 cftime.DatetimeGregorian(2012, 10, 17, 18, 0, 0, 0, has_year_zero=False)
 cftime.DatetimeGregorian(2012, 10, 18, 0, 0, 0, 0, has_year_zero=False)
 cftime.DatetimeGregorian(2012, 10, 18, 6, 0, 0, 0, has_year_zero=False)
 cftime.DatetimeGregorian(2012, 10, 18, 12, 0, 0, 0, has_year_zero=False)
 cftime.DatetimeGregorian(2012, 10, 18, 18, 0, 0, 0, has_year_zero=False)
 cftime.DatetimeGregorian(2012, 10, 19, 0, 0, 0, 0, has_year_zero=False)]' standard_names='['air_potential_temperature', 'geopotential_height', 'air_pressure']'
2025-03-30 20:08:05 INFO Opening candidate '20121017_12_ecmwf_forecast.PV_derived.EUR_LL015.036.ml.nc'
2025-03-30 20:08:05 INFO File '20121017_12_ecmwf_forecast.PV_derived.EUR_LL015.036.ml.nc' identified as 'ml' type
2025-03-30 20:08:05 INFO Found init time '2012-10-17 12:00:00', 7 valid_times and 1 standard_names
2025-03-30 20:08:05 DEBUG valid_times='[cftime.DatetimeGregorian(2012, 10, 17, 12, 0, 0, 0, has_year_zero=False)
 cftime.DatetimeGregorian(2012, 10, 17, 18, 0, 0, 0, has_year_zero=False)
 cftime.DatetimeGregorian(2012, 10, 18, 0, 0, 0, 0, has_year_zero=False)
 cftime.DatetimeGregorian(2012, 10, 18, 6, 0, 0, 0, has_year_zero=False)
 cftime.DatetimeGregorian(2012, 10, 18, 12, 0, 0, 0, has_year_zero=False)
 cftime.DatetimeGregorian(2012, 10, 18, 18, 0, 0, 0, has_year_zero=False)
 cftime.DatetimeGregorian(2012, 10, 19, 0, 0, 0, 0, has_year_zero=False)]' standard_names='['ertel_potential_vorticity']'
2025-03-30 20:08:05 INFO Opening candidate '20121017_12_ecmwf_forecast.P_derived.EUR_LL015.036.ml.nc'
2025-03-30 20:08:05 INFO File '20121017_12_ecmwf_forecast.P_derived.EUR_LL015.036.ml.nc' identified as 'ml' type
2025-03-30 20:08:05 INFO Found init time '2012-10-17 12:00:00', 7 valid_times and 1 standard_names
2025-03-30 20:08:05 DEBUG valid_times='[cftime.DatetimeGregorian(2012, 10, 17, 12, 0, 0, 0, has_year_zero=False)
 cftime.DatetimeGregorian(2012, 10, 17, 18, 0, 0, 0, has_year_zero=False)
 cftime.DatetimeGregorian(2012, 10, 18, 0, 0, 0, 0, has_year_zero=False)
 cftime.DatetimeGregorian(2012, 10, 18, 6, 0, 0, 0, has_year_zero=False)
 cftime.DatetimeGregorian(2012, 10, 18, 12, 0, 0, 0, has_year_zero=False)
 cftime.DatetimeGregorian(2012, 10, 18, 18, 0, 0, 0, has_year_zero=False)
 cftime.DatetimeGregorian(2012, 10, 19, 0, 0, 0, 0, has_year_zero=False)]' standard_names='['air_pressure']'
2025-03-30 20:08:05 INFO Opening candidate '20121017_12_ecmwf_forecast.ProbWCB_LAGRANTO_derived.EUR_LL015.036.ml.nc'
2025-03-30 20:08:05 INFO File '20121017_12_ecmwf_forecast.ProbWCB_LAGRANTO_derived.EUR_LL015.036.ml.nc' identified as 'ml' type
2025-03-30 20:08:05 INFO Found init time '2012-10-17 12:00:00', 7 valid_times and 1 standard_names
2025-03-30 20:08:05 DEBUG valid_times='[cftime.DatetimeGregorian(2012, 10, 17, 12, 0, 0, 0, has_year_zero=False)
 cftime.DatetimeGregorian(2012, 10, 17, 18, 0, 0, 0, has_year_zero=False)
 cftime.DatetimeGregorian(2012, 10, 18, 0, 0, 0, 0, has_year_zero=False)
 cftime.DatetimeGregorian(2012, 10, 18, 6, 0, 0, 0, has_year_zero=False)
 cftime.DatetimeGregorian(2012, 10, 18, 12, 0, 0, 0, has_year_zero=False)
 cftime.DatetimeGregorian(2012, 10, 18, 18, 0, 0, 0, has_year_zero=False)
 cftime.DatetimeGregorian(2012, 10, 19, 0, 0, 0, 0, has_year_zero=False)]' standard_names='['probability_of_wcb_occurrence']'
2025-03-30 20:08:05 INFO Opening candidate '20121017_12_ecmwf_forecast.ProbWCB_LAGRANTO_derived.EUR_LL015.036.sfc.nc'
2025-03-30 20:08:05 INFO File '20121017_12_ecmwf_forecast.ProbWCB_LAGRANTO_derived.EUR_LL015.036.sfc.nc' identified as 'sfc' type
2025-03-30 20:08:05 INFO Found init time '2012-10-17 12:00:00', 7 valid_times and 1 standard_names
2025-03-30 20:08:05 DEBUG valid_times='[cftime.DatetimeGregorian(2012, 10, 17, 12, 0, 0, 0, has_year_zero=False)
 cftime.DatetimeGregorian(2012, 10, 17, 18, 0, 0, 0, has_year_zero=False)
 cftime.DatetimeGregorian(2012, 10, 18, 0, 0, 0, 0, has_year_zero=False)
 cftime.DatetimeGregorian(2012, 10, 18, 6, 0, 0, 0, has_year_zero=False)
 cftime.DatetimeGregorian(2012, 10, 18, 12, 0, 0, 0, has_year_zero=False)
 cftime.DatetimeGregorian(2012, 10, 18, 18, 0, 0, 0, has_year_zero=False)
 cftime.DatetimeGregorian(2012, 10, 19, 0, 0, 0, 0, has_year_zero=False)]' standard_names='['vertically_integrated_probability_of_wcb_occurrence']'
2025-03-30 20:08:05 INFO Opening candidate '20121017_12_ecmwf_forecast.Q.EUR_LL015.036.ml.nc'
2025-03-30 20:08:05 INFO File '20121017_12_ecmwf_forecast.Q.EUR_LL015.036.ml.nc' identified as 'ml' type
2025-03-30 20:08:05 INFO Found init time '2012-10-17 12:00:00', 7 valid_times and 1 standard_names
2025-03-30 20:08:05 DEBUG valid_times='[cftime.DatetimeGregorian(2012, 10, 17, 12, 0, 0, 0, has_year_zero=False)
 cftime.DatetimeGregorian(2012, 10, 17, 18, 0, 0, 0, has_year_zero=False)
 cftime.DatetimeGregorian(2012, 10, 18, 0, 0, 0, 0, has_year_zero=False)
 cftime.DatetimeGregorian(2012, 10, 18, 6, 0, 0, 0, has_year_zero=False)
 cftime.DatetimeGregorian(2012, 10, 18, 12, 0, 0, 0, has_year_zero=False)
 cftime.DatetimeGregorian(2012, 10, 18, 18, 0, 0, 0, has_year_zero=False)
 cftime.DatetimeGregorian(2012, 10, 19, 0, 0, 0, 0, has_year_zero=False)]' standard_names='['specific_humidity']'
2025-03-30 20:08:05 INFO Opening candidate '20121017_12_ecmwf_forecast.SEA.EUR_LL015.036.sfc.nc'
2025-03-30 20:08:05 INFO File '20121017_12_ecmwf_forecast.SEA.EUR_LL015.036.sfc.nc' identified as 'sfc' type
2025-03-30 20:08:05 INFO Found init time '2012-10-17 12:00:00', 7 valid_times and 1 standard_names
2025-03-30 20:08:05 DEBUG valid_times='[cftime.DatetimeGregorian(2012, 10, 17, 12, 0, 0, 0, has_year_zero=False)
 cftime.DatetimeGregorian(2012, 10, 17, 18, 0, 0, 0, has_year_zero=False)
 cftime.DatetimeGregorian(2012, 10, 18, 0, 0, 0, 0, has_year_zero=False)
 cftime.DatetimeGregorian(2012, 10, 18, 6, 0, 0, 0, has_year_zero=False)
 cftime.DatetimeGregorian(2012, 10, 18, 12, 0, 0, 0, has_year_zero=False)
 cftime.DatetimeGregorian(2012, 10, 18, 18, 0, 0, 0, has_year_zero=False)
 cftime.DatetimeGregorian(2012, 10, 19, 0, 0, 0, 0, has_year_zero=False)]' standard_names='['solar_elevation_angle']'
2025-03-30 20:08:05 INFO Opening candidate '20121017_12_ecmwf_forecast.SFC.EUR_LL015.036.sfc.nc'
2025-03-30 20:08:05 INFO File '20121017_12_ecmwf_forecast.SFC.EUR_LL015.036.sfc.nc' identified as 'sfc' type
2025-03-30 20:08:05 INFO Found init time '2012-10-17 12:00:00', 7 valid_times and 15 standard_names
2025-03-30 20:08:05 DEBUG valid_times='[cftime.DatetimeGregorian(2012, 10, 17, 12, 0, 0, 0, has_year_zero=False)
 cftime.DatetimeGregorian(2012, 10, 17, 18, 0, 0, 0, has_year_zero=False)
 cftime.DatetimeGregorian(2012, 10, 18, 0, 0, 0, 0, has_year_zero=False)
 cftime.DatetimeGregorian(2012, 10, 18, 6, 0, 0, 0, has_year_zero=False)
 cftime.DatetimeGregorian(2012, 10, 18, 12, 0, 0, 0, has_year_zero=False)
 cftime.DatetimeGregorian(2012, 10, 18, 18, 0, 0, 0, has_year_zero=False)
 cftime.DatetimeGregorian(2012, 10, 19, 0, 0, 0, 0, has_year_zero=False)]' standard_names='['surface_geopotential', 'air_pressure_at_sea_level', 'total_cloud_cover', 'land_binary_mask', 'low_cloud_area_fraction', 'medium_cloud_area_fraction', 'high_cloud_area_fraction', 'surface_eastward_wind', 'surface_northward_wind', 'sea_ice_area_fraction', 'msg_brightness_temperature_108', 'atmosphere_boundary_layer_thickness', 'emac_column_density', 'tropopause_altitude', 'secondary_tropopause_altitude']'
2025-03-30 20:08:05 INFO Opening candidate '20121017_12_ecmwf_forecast.T.EUR_LL015.036.ml.nc'
2025-03-30 20:08:05 INFO File '20121017_12_ecmwf_forecast.T.EUR_LL015.036.ml.nc' identified as 'ml' type
2025-03-30 20:08:05 INFO Found init time '2012-10-17 12:00:00', 7 valid_times and 1 standard_names
2025-03-30 20:08:05 DEBUG valid_times='[cftime.DatetimeGregorian(2012, 10, 17, 12, 0, 0, 0, has_year_zero=False)
 cftime.DatetimeGregorian(2012, 10, 17, 18, 0, 0, 0, has_year_zero=False)
 cftime.DatetimeGregorian(2012, 10, 18, 0, 0, 0, 0, has_year_zero=False)
 cftime.DatetimeGregorian(2012, 10, 18, 6, 0, 0, 0, has_year_zero=False)
 cftime.DatetimeGregorian(2012, 10, 18, 12, 0, 0, 0, has_year_zero=False)
 cftime.DatetimeGregorian(2012, 10, 18, 18, 0, 0, 0, has_year_zero=False)
 cftime.DatetimeGregorian(2012, 10, 19, 0, 0, 0, 0, has_year_zero=False)]' standard_names='['air_temperature']'
2025-03-30 20:08:05 INFO Opening candidate '20121017_12_ecmwf_forecast.THETA.EUR_LL015.036.ml.nc'
2025-03-30 20:08:05 INFO File '20121017_12_ecmwf_forecast.THETA.EUR_LL015.036.ml.nc' identified as 'ml' type
2025-03-30 20:08:05 INFO Found init time '2012-10-17 12:00:00', 7 valid_times and 1 standard_names
2025-03-30 20:08:05 DEBUG valid_times='[cftime.DatetimeGregorian(2012, 10, 17, 12, 0, 0, 0, has_year_zero=False)
 cftime.DatetimeGregorian(2012, 10, 17, 18, 0, 0, 0, has_year_zero=False)
 cftime.DatetimeGregorian(2012, 10, 18, 0, 0, 0, 0, has_year_zero=False)
 cftime.DatetimeGregorian(2012, 10, 18, 6, 0, 0, 0, has_year_zero=False)
 cftime.DatetimeGregorian(2012, 10, 18, 12, 0, 0, 0, has_year_zero=False)
 cftime.DatetimeGregorian(2012, 10, 18, 18, 0, 0, 0, has_year_zero=False)
 cftime.DatetimeGregorian(2012, 10, 19, 0, 0, 0, 0, has_year_zero=False)]' standard_names='['air_potential_temperature']'
2025-03-30 20:08:05 INFO Opening candidate '20121017_12_ecmwf_forecast.THETA_LEVELS.EUR_LL015.036.tl.nc'
2025-03-30 20:08:05 INFO File '20121017_12_ecmwf_forecast.THETA_LEVELS.EUR_LL015.036.tl.nc' identified as 'tl' type
2025-03-30 20:08:05 INFO Found init time '2012-10-17 12:00:00', 7 valid_times and 3 standard_names
2025-03-30 20:08:05 DEBUG valid_times='[cftime.DatetimeGregorian(2012, 10, 17, 12, 0, 0, 0, has_year_zero=False)
 cftime.DatetimeGregorian(2012, 10, 17, 18, 0, 0, 0, has_year_zero=False)
 cftime.DatetimeGregorian(2012, 10, 18, 0, 0, 0, 0, has_year_zero=False)
 cftime.DatetimeGregorian(2012, 10, 18, 6, 0, 0, 0, has_year_zero=False)
 cftime.DatetimeGregorian(2012, 10, 18, 12, 0, 0, 0, has_year_zero=False)
 cftime.DatetimeGregorian(2012, 10, 18, 18, 0, 0, 0, has_year_zero=False)
 cftime.DatetimeGregorian(2012, 10, 19, 0, 0, 0, 0, has_year_zero=False)]' standard_names='['air_pressure', 'ertel_potential_vorticity', 'mole_fraction_of_ozone_in_air']'
2025-03-30 20:08:05 INFO Opening candidate '20121017_12_ecmwf_forecast.U.EUR_LL015.036.ml.nc'
2025-03-30 20:08:05 INFO File '20121017_12_ecmwf_forecast.U.EUR_LL015.036.ml.nc' identified as 'ml' type
2025-03-30 20:08:05 INFO Found init time '2012-10-17 12:00:00', 7 valid_times and 1 standard_names
2025-03-30 20:08:05 DEBUG valid_times='[cftime.DatetimeGregorian(2012, 10, 17, 12, 0, 0, 0, has_year_zero=False)
 cftime.DatetimeGregorian(2012, 10, 17, 18, 0, 0, 0, has_year_zero=False)
 cftime.DatetimeGregorian(2012, 10, 18, 0, 0, 0, 0, has_year_zero=False)
 cftime.DatetimeGregorian(2012, 10, 18, 6, 0, 0, 0, has_year_zero=False)
 cftime.DatetimeGregorian(2012, 10, 18, 12, 0, 0, 0, has_year_zero=False)
 cftime.DatetimeGregorian(2012, 10, 18, 18, 0, 0, 0, has_year_zero=False)
 cftime.DatetimeGregorian(2012, 10, 19, 0, 0, 0, 0, has_year_zero=False)]' standard_names='['eastward_wind']'
2025-03-30 20:08:05 INFO Opening candidate '20121017_12_ecmwf_forecast.V.EUR_LL015.036.ml.nc'
2025-03-30 20:08:05 INFO File '20121017_12_ecmwf_forecast.V.EUR_LL015.036.ml.nc' identified as 'ml' type
2025-03-30 20:08:05 INFO Found init time '2012-10-17 12:00:00', 7 valid_times and 1 standard_names
2025-03-30 20:08:05 DEBUG valid_times='[cftime.DatetimeGregorian(2012, 10, 17, 12, 0, 0, 0, has_year_zero=False)
 cftime.DatetimeGregorian(2012, 10, 17, 18, 0, 0, 0, has_year_zero=False)
 cftime.DatetimeGregorian(2012, 10, 18, 0, 0, 0, 0, has_year_zero=False)
 cftime.DatetimeGregorian(2012, 10, 18, 6, 0, 0, 0, has_year_zero=False)
 cftime.DatetimeGregorian(2012, 10, 18, 12, 0, 0, 0, has_year_zero=False)
 cftime.DatetimeGregorian(2012, 10, 18, 18, 0, 0, 0, has_year_zero=False)
 cftime.DatetimeGregorian(2012, 10, 19, 0, 0, 0, 0, has_year_zero=False)]' standard_names='['northward_wind']'
2025-03-30 20:08:05 INFO Opening candidate '20121017_12_ecmwf_forecast.W.EUR_LL015.036.ml.nc'
2025-03-30 20:08:05 INFO File '20121017_12_ecmwf_forecast.W.EUR_LL015.036.ml.nc' identified as 'ml' type
2025-03-30 20:08:05 INFO Found init time '2012-10-17 12:00:00', 7 valid_times and 1 standard_names
2025-03-30 20:08:05 DEBUG valid_times='[cftime.DatetimeGregorian(2012, 10, 17, 12, 0, 0, 0, has_year_zero=False)
 cftime.DatetimeGregorian(2012, 10, 17, 18, 0, 0, 0, has_year_zero=False)
 cftime.DatetimeGregorian(2012, 10, 18, 0, 0, 0, 0, has_year_zero=False)
 cftime.DatetimeGregorian(2012, 10, 18, 6, 0, 0, 0, has_year_zero=False)
 cftime.DatetimeGregorian(2012, 10, 18, 12, 0, 0, 0, has_year_zero=False)
 cftime.DatetimeGregorian(2012, 10, 18, 18, 0, 0, 0, has_year_zero=False)
 cftime.DatetimeGregorian(2012, 10, 19, 0, 0, 0, 0, has_year_zero=False)]' standard_names='['lagrangian_tendency_of_air_pressure']'
2025-03-30 20:08:05 DEBUG server-url 'http://127.0.0.1:37347/'
2025-03-30 20:08:05 DEBUG cooking '/home/anuu/LOCAL-CODE-COPY/MSS/mslib/mswms/xml_templates/get_capabilities.pt' (7242 bytes)...
2025-03-30 20:08:05 DEBUG checking vertical dimensions for layer 'PLTemp01'.
2025-03-30 20:08:05 DEBUG checking vertical dimensions for layer 'PLTemp01'.
2025-03-30 20:08:05 DEBUG checking vertical dimensions for layer 'PLGeopWind'.
2025-03-30 20:08:05 DEBUG checking vertical dimensions for layer 'PLGeopWind'.
2025-03-30 20:08:05 DEBUG checking vertical dimensions for layer 'PLRelHum01'.
2025-03-30 20:08:05 DEBUG checking vertical dimensions for layer 'PLRelHum01'.
2025-03-30 20:08:05 DEBUG checking vertical dimensions for layer 'PLEQPT01'.
2025-03-30 20:08:05 DEBUG checking vertical dimensions for layer 'PLEQPT01'.
2025-03-30 20:08:05 DEBUG checking vertical dimensions for layer 'PLW01'.
2025-03-30 20:08:05 DEBUG checking vertical dimensions for layer 'PLW01'.
2025-03-30 20:08:05 DEBUG checking vertical dimensions for layer 'PLDiv01'.
2025-03-30 20:08:05 DEBUG checking vertical dimensions for layer 'PLDiv01'.
2025-03-30 20:08:05 DEBUG requesting capabilities from http://127.0.0.1:37347/
2025-03-30 20:08:05 INFO Files identified for domain 'EUR_LL015': ['20121017_12_ecmwf_forecast.ALTITUDE_LEVELS.EUR_LL015.036.al.nc', '20121017_12_ecmwf_forecast.CC.EUR_LL015.036.ml.nc', '20121017_12_ecmwf_forecast.CIWC.EUR_LL015.036.ml.nc', '20121017_12_ecmwf_forecast.CLWC.EUR_LL015.036.ml.nc', '20121017_12_ecmwf_forecast.DIV.EUR_LL015.036.ml.nc', '20121017_12_ecmwf_forecast.EMAC.EUR_LL015.036.ml.nc', '20121017_12_ecmwf_forecast.GPH.EUR_LL015.036.ml.nc', '20121017_12_ecmwf_forecast.O3.EUR_LL015.036.ml.nc', '20121017_12_ecmwf_forecast.PRESSURE_LEVELS.EUR_LL015.036.pl.nc', '20121017_12_ecmwf_forecast.PVU.EUR_LL015.036.pv.nc', '20121017_12_ecmwf_forecast.PV_derived.EUR_LL015.036.ml.nc', '20121017_12_ecmwf_forecast.P_derived.EUR_LL015.036.ml.nc', '20121017_12_ecmwf_forecast.ProbWCB_LAGRANTO_derived.EUR_LL015.036.ml.nc', '20121017_12_ecmwf_forecast.ProbWCB_LAGRANTO_derived.EUR_LL015.036.sfc.nc', '20121017_12_ecmwf_forecast.Q.EUR_LL015.036.ml.nc', '20121017_12_ecmwf_forecast.SEA.EUR_LL015.036.sfc.nc', '20121017_12_ecmwf_forecast.SFC.EUR_LL015.036.sfc.nc', '20121017_12_ecmwf_forecast.T.EUR_LL015.036.ml.nc', '20121017_12_ecmwf_forecast.THETA.EUR_LL015.036.ml.nc', '20121017_12_ecmwf_forecast.THETA_LEVELS.EUR_LL015.036.tl.nc', '20121017_12_ecmwf_forecast.U.EUR_LL015.036.ml.nc', '20121017_12_ecmwf_forecast.V.EUR_LL015.036.ml.nc', '20121017_12_ecmwf_forecast.W.EUR_LL015.036.ml.nc']
2025-03-30 20:08:05 INFO Using cached candidate '20121017_12_ecmwf_forecast.ALTITUDE_LEVELS.EUR_LL015.036.al.nc'
2025-03-30 20:08:05 INFO File '20121017_12_ecmwf_forecast.ALTITUDE_LEVELS.EUR_LL015.036.al.nc' identified as 'al' type
2025-03-30 20:08:05 INFO Found init time '2012-10-17 12:00:00', 7 valid_times and 3 standard_names
2025-03-30 20:08:05 DEBUG valid_times='[cftime.DatetimeGregorian(2012, 10, 17, 12, 0, 0, 0, has_year_zero=False)
 cftime.DatetimeGregorian(2012, 10, 17, 18, 0, 0, 0, has_year_zero=False)
 cftime.DatetimeGregorian(2012, 10, 18, 0, 0, 0, 0, has_year_zero=False)
 cftime.DatetimeGregorian(2012, 10, 18, 6, 0, 0, 0, has_year_zero=False)
 cftime.DatetimeGregorian(2012, 10, 18, 12, 0, 0, 0, has_year_zero=False)
 cftime.DatetimeGregorian(2012, 10, 18, 18, 0, 0, 0, has_year_zero=False)
 cftime.DatetimeGregorian(2012, 10, 19, 0, 0, 0, 0, has_year_zero=False)]' standard_names='['air_pressure', 'ertel_potential_vorticity', 'mole_fraction_of_ozone_in_air']'
2025-03-30 20:08:05 INFO Using cached candidate '20121017_12_ecmwf_forecast.CC.EUR_LL015.036.ml.nc'
2025-03-30 20:08:05 INFO File '20121017_12_ecmwf_forecast.CC.EUR_LL015.036.ml.nc' identified as 'ml' type
2025-03-30 20:08:05 INFO Found init time '2012-10-17 12:00:00', 7 valid_times and 1 standard_names
2025-03-30 20:08:05 DEBUG valid_times='[cftime.DatetimeGregorian(2012, 10, 17, 12, 0, 0, 0, has_year_zero=False)
 cftime.DatetimeGregorian(2012, 10, 17, 18, 0, 0, 0, has_year_zero=False)
 cftime.DatetimeGregorian(2012, 10, 18, 0, 0, 0, 0, has_year_zero=False)
 cftime.DatetimeGregorian(2012, 10, 18, 6, 0, 0, 0, has_year_zero=False)
 cftime.DatetimeGregorian(2012, 10, 18, 12, 0, 0, 0, has_year_zero=False)
 cftime.DatetimeGregorian(2012, 10, 18, 18, 0, 0, 0, has_year_zero=False)
 cftime.DatetimeGregorian(2012, 10, 19, 0, 0, 0, 0, has_year_zero=False)]' standard_names='['cloud_area_fraction_in_atmosphere_layer']'
2025-03-30 20:08:05 INFO Using cached candidate '20121017_12_ecmwf_forecast.CIWC.EUR_LL015.036.ml.nc'
2025-03-30 20:08:05 INFO File '20121017_12_ecmwf_forecast.CIWC.EUR_LL015.036.ml.nc' identified as 'ml' type
2025-03-30 20:08:05 INFO Found init time '2012-10-17 12:00:00', 7 valid_times and 1 standard_names
2025-03-30 20:08:05 DEBUG valid_times='[cftime.DatetimeGregorian(2012, 10, 17, 12, 0, 0, 0, has_year_zero=False)
 cftime.DatetimeGregorian(2012, 10, 17, 18, 0, 0, 0, has_year_zero=False)
 cftime.DatetimeGregorian(2012, 10, 18, 0, 0, 0, 0, has_year_zero=False)
 cftime.DatetimeGregorian(2012, 10, 18, 6, 0, 0, 0, has_year_zero=False)
 cftime.DatetimeGregorian(2012, 10, 18, 12, 0, 0, 0, has_year_zero=False)
 cftime.DatetimeGregorian(2012, 10, 18, 18, 0, 0, 0, has_year_zero=False)
 cftime.DatetimeGregorian(2012, 10, 19, 0, 0, 0, 0, has_year_zero=False)]' standard_names='['specific_cloud_ice_water_content']'
2025-03-30 20:08:05 INFO Using cached candidate '20121017_12_ecmwf_forecast.CLWC.EUR_LL015.036.ml.nc'
2025-03-30 20:08:05 INFO File '20121017_12_ecmwf_forecast.CLWC.EUR_LL015.036.ml.nc' identified as 'ml' type
2025-03-30 20:08:05 INFO Found init time '2012-10-17 12:00:00', 7 valid_times and 1 standard_names
2025-03-30 20:08:05 DEBUG valid_times='[cftime.DatetimeGregorian(2012, 10, 17, 12, 0, 0, 0, has_year_zero=False)
 cftime.DatetimeGregorian(2012, 10, 17, 18, 0, 0, 0, has_year_zero=False)
 cftime.DatetimeGregorian(2012, 10, 18, 0, 0, 0, 0, has_year_zero=False)
 cftime.DatetimeGregorian(2012, 10, 18, 6, 0, 0, 0, has_year_zero=False)
 cftime.DatetimeGregorian(2012, 10, 18, 12, 0, 0, 0, has_year_zero=False)
 cftime.DatetimeGregorian(2012, 10, 18, 18, 0, 0, 0, has_year_zero=False)
 cftime.DatetimeGregorian(2012, 10, 19, 0, 0, 0, 0, has_year_zero=False)]' standard_names='['specific_cloud_liquid_water_content']'
2025-03-30 20:08:05 INFO Using cached candidate '20121017_12_ecmwf_forecast.DIV.EUR_LL015.036.ml.nc'
2025-03-30 20:08:05 INFO File '20121017_12_ecmwf_forecast.DIV.EUR_LL015.036.ml.nc' identified as 'ml' type
2025-03-30 20:08:05 INFO Found init time '2012-10-17 12:00:00', 7 valid_times and 1 standard_names
2025-03-30 20:08:05 DEBUG valid_times='[cftime.DatetimeGregorian(2012, 10, 17, 12, 0, 0, 0, has_year_zero=False)
 cftime.DatetimeGregorian(2012, 10, 17, 18, 0, 0, 0, has_year_zero=False)
 cftime.DatetimeGregorian(2012, 10, 18, 0, 0, 0, 0, has_year_zero=False)
 cftime.DatetimeGregorian(2012, 10, 18, 6, 0, 0, 0, has_year_zero=False)
 cftime.DatetimeGregorian(2012, 10, 18, 12, 0, 0, 0, has_year_zero=False)
 cftime.DatetimeGregorian(2012, 10, 18, 18, 0, 0, 0, has_year_zero=False)
 cftime.DatetimeGregorian(2012, 10, 19, 0, 0, 0, 0, has_year_zero=False)]' standard_names='['divergence_of_wind']'
2025-03-30 20:08:05 INFO Using cached candidate '20121017_12_ecmwf_forecast.EMAC.EUR_LL015.036.ml.nc'
2025-03-30 20:08:05 INFO File '20121017_12_ecmwf_forecast.EMAC.EUR_LL015.036.ml.nc' identified as 'ml' type
2025-03-30 20:08:05 INFO Found init time '2012-10-17 12:00:00', 7 valid_times and 1 standard_names
2025-03-30 20:08:05 DEBUG valid_times='[cftime.DatetimeGregorian(2012, 10, 17, 12, 0, 0, 0, has_year_zero=False)
 cftime.DatetimeGregorian(2012, 10, 17, 18, 0, 0, 0, has_year_zero=False)
 cftime.DatetimeGregorian(2012, 10, 18, 0, 0, 0, 0, has_year_zero=False)
 cftime.DatetimeGregorian(2012, 10, 18, 6, 0, 0, 0, has_year_zero=False)
 cftime.DatetimeGregorian(2012, 10, 18, 12, 0, 0, 0, has_year_zero=False)
 cftime.DatetimeGregorian(2012, 10, 18, 18, 0, 0, 0, has_year_zero=False)
 cftime.DatetimeGregorian(2012, 10, 19, 0, 0, 0, 0, has_year_zero=False)]' standard_names='['emac_R12']'
2025-03-30 20:08:05 INFO Using cached candidate '20121017_12_ecmwf_forecast.GPH.EUR_LL015.036.ml.nc'
2025-03-30 20:08:05 INFO File '20121017_12_ecmwf_forecast.GPH.EUR_LL015.036.ml.nc' identified as 'ml' type
2025-03-30 20:08:05 INFO Found init time '2012-10-17 12:00:00', 7 valid_times and 1 standard_names
2025-03-30 20:08:05 DEBUG valid_times='[cftime.DatetimeGregorian(2012, 10, 17, 12, 0, 0, 0, has_year_zero=False)
 cftime.DatetimeGregorian(2012, 10, 17, 18, 0, 0, 0, has_year_zero=False)
 cftime.DatetimeGregorian(2012, 10, 18, 0, 0, 0, 0, has_year_zero=False)
 cftime.DatetimeGregorian(2012, 10, 18, 6, 0, 0, 0, has_year_zero=False)
 cftime.DatetimeGregorian(2012, 10, 18, 12, 0, 0, 0, has_year_zero=False)
 cftime.DatetimeGregorian(2012, 10, 18, 18, 0, 0, 0, has_year_zero=False)
 cftime.DatetimeGregorian(2012, 10, 19, 0, 0, 0, 0, has_year_zero=False)]' standard_names='['geopotential_height']'
2025-03-30 20:08:05 INFO Using cached candidate '20121017_12_ecmwf_forecast.O3.EUR_LL015.036.ml.nc'
2025-03-30 20:08:05 INFO File '20121017_12_ecmwf_forecast.O3.EUR_LL015.036.ml.nc' identified as 'ml' type
2025-03-30 20:08:05 INFO Found init time '2012-10-17 12:00:00', 7 valid_times and 1 standard_names
2025-03-30 20:08:05 DEBUG valid_times='[cftime.DatetimeGregorian(2012, 10, 17, 12, 0, 0, 0, has_year_zero=False)
 cftime.DatetimeGregorian(2012, 10, 17, 18, 0, 0, 0, has_year_zero=False)
 cftime.DatetimeGregorian(2012, 10, 18, 0, 0, 0, 0, has_year_zero=False)
 cftime.DatetimeGregorian(2012, 10, 18, 6, 0, 0, 0, has_year_zero=False)
 cftime.DatetimeGregorian(2012, 10, 18, 12, 0, 0, 0, has_year_zero=False)
 cftime.DatetimeGregorian(2012, 10, 18, 18, 0, 0, 0, has_year_zero=False)
 cftime.DatetimeGregorian(2012, 10, 19, 0, 0, 0, 0, has_year_zero=False)]' standard_names='['mole_fraction_of_ozone_in_air']'
2025-03-30 20:08:05 INFO Using cached candidate '20121017_12_ecmwf_forecast.PRESSURE_LEVELS.EUR_LL015.036.pl.nc'
2025-03-30 20:08:05 INFO File '20121017_12_ecmwf_forecast.PRESSURE_LEVELS.EUR_LL015.036.pl.nc' identified as 'pl' type
2025-03-30 20:08:05 INFO Found init time '2012-10-17 12:00:00', 7 valid_times and 16 standard_names
2025-03-30 20:08:05 DEBUG valid_times='[cftime.DatetimeGregorian(2012, 10, 17, 12, 0, 0, 0, has_year_zero=False)
 cftime.DatetimeGregorian(2012, 10, 17, 18, 0, 0, 0, has_year_zero=False)
 cftime.DatetimeGregorian(2012, 10, 18, 0, 0, 0, 0, has_year_zero=False)
 cftime.DatetimeGregorian(2012, 10, 18, 6, 0, 0, 0, has_year_zero=False)
 cftime.DatetimeGregorian(2012, 10, 18, 12, 0, 0, 0, has_year_zero=False)
 cftime.DatetimeGregorian(2012, 10, 18, 18, 0, 0, 0, has_year_zero=False)
 cftime.DatetimeGregorian(2012, 10, 19, 0, 0, 0, 0, has_year_zero=False)]' standard_names='['air_potential_temperature', 'air_pressure', 'air_temperature', 'eastward_wind', 'ertel_potential_vorticity', 'geopotential_height', 'northward_wind', 'specific_humidity', 'lagrangian_tendency_of_air_pressure', 'divergence_of_wind', 'mass_fraction_of_ozone_in_air', 'mole_fraction_of_ozone_in_air', 'equivalent_latitude', 'number_of_wcb_trajectories', 'number_of_insitu_trajectories', 'number_of_mix_trajectories']'
2025-03-30 20:08:05 INFO Using cached candidate '20121017_12_ecmwf_forecast.PVU.EUR_LL015.036.pv.nc'
2025-03-30 20:08:05 INFO File '20121017_12_ecmwf_forecast.PVU.EUR_LL015.036.pv.nc' identified as 'pv' type
2025-03-30 20:08:05 INFO Found init time '2012-10-17 12:00:00', 7 valid_times and 3 standard_names
2025-03-30 20:08:05 DEBUG valid_times='[cftime.DatetimeGregorian(2012, 10, 17, 12, 0, 0, 0, has_year_zero=False)
 cftime.DatetimeGregorian(2012, 10, 17, 18, 0, 0, 0, has_year_zero=False)
 cftime.DatetimeGregorian(2012, 10, 18, 0, 0, 0, 0, has_year_zero=False)
 cftime.DatetimeGregorian(2012, 10, 18, 6, 0, 0, 0, has_year_zero=False)
 cftime.DatetimeGregorian(2012, 10, 18, 12, 0, 0, 0, has_year_zero=False)
 cftime.DatetimeGregorian(2012, 10, 18, 18, 0, 0, 0, has_year_zero=False)
 cftime.DatetimeGregorian(2012, 10, 19, 0, 0, 0, 0, has_year_zero=False)]' standard_names='['air_potential_temperature', 'geopotential_height', 'air_pressure']'
2025-03-30 20:08:05 INFO Using cached candidate '20121017_12_ecmwf_forecast.PV_derived.EUR_LL015.036.ml.nc'
2025-03-30 20:08:05 INFO File '20121017_12_ecmwf_forecast.PV_derived.EUR_LL015.036.ml.nc' identified as 'ml' type
2025-03-30 20:08:05 INFO Found init time '2012-10-17 12:00:00', 7 valid_times and 1 standard_names
2025-03-30 20:08:05 DEBUG valid_times='[cftime.DatetimeGregorian(2012, 10, 17, 12, 0, 0, 0, has_year_zero=False)
 cftime.DatetimeGregorian(2012, 10, 17, 18, 0, 0, 0, has_year_zero=False)
 cftime.DatetimeGregorian(2012, 10, 18, 0, 0, 0, 0, has_year_zero=False)
 cftime.DatetimeGregorian(2012, 10, 18, 6, 0, 0, 0, has_year_zero=False)
 cftime.DatetimeGregorian(2012, 10, 18, 12, 0, 0, 0, has_year_zero=False)
 cftime.DatetimeGregorian(2012, 10, 18, 18, 0, 0, 0, has_year_zero=False)
 cftime.DatetimeGregorian(2012, 10, 19, 0, 0, 0, 0, has_year_zero=False)]' standard_names='['ertel_potential_vorticity']'
2025-03-30 20:08:05 INFO Using cached candidate '20121017_12_ecmwf_forecast.P_derived.EUR_LL015.036.ml.nc'
2025-03-30 20:08:05 INFO File '20121017_12_ecmwf_forecast.P_derived.EUR_LL015.036.ml.nc' identified as 'ml' type
2025-03-30 20:08:05 INFO Found init time '2012-10-17 12:00:00', 7 valid_times and 1 standard_names
2025-03-30 20:08:05 DEBUG valid_times='[cftime.DatetimeGregorian(2012, 10, 17, 12, 0, 0, 0, has_year_zero=False)
 cftime.DatetimeGregorian(2012, 10, 17, 18, 0, 0, 0, has_year_zero=False)
 cftime.DatetimeGregorian(2012, 10, 18, 0, 0, 0, 0, has_year_zero=False)
 cftime.DatetimeGregorian(2012, 10, 18, 6, 0, 0, 0, has_year_zero=False)
 cftime.DatetimeGregorian(2012, 10, 18, 12, 0, 0, 0, has_year_zero=False)
 cftime.DatetimeGregorian(2012, 10, 18, 18, 0, 0, 0, has_year_zero=False)
 cftime.DatetimeGregorian(2012, 10, 19, 0, 0, 0, 0, has_year_zero=False)]' standard_names='['air_pressure']'
2025-03-30 20:08:05 INFO Using cached candidate '20121017_12_ecmwf_forecast.ProbWCB_LAGRANTO_derived.EUR_LL015.036.ml.nc'
2025-03-30 20:08:05 INFO File '20121017_12_ecmwf_forecast.ProbWCB_LAGRANTO_derived.EUR_LL015.036.ml.nc' identified as 'ml' type
2025-03-30 20:08:05 INFO Found init time '2012-10-17 12:00:00', 7 valid_times and 1 standard_names
2025-03-30 20:08:05 DEBUG valid_times='[cftime.DatetimeGregorian(2012, 10, 17, 12, 0, 0, 0, has_year_zero=False)
 cftime.DatetimeGregorian(2012, 10, 17, 18, 0, 0, 0, has_year_zero=False)
 cftime.DatetimeGregorian(2012, 10, 18, 0, 0, 0, 0, has_year_zero=False)
 cftime.DatetimeGregorian(2012, 10, 18, 6, 0, 0, 0, has_year_zero=False)
 cftime.DatetimeGregorian(2012, 10, 18, 12, 0, 0, 0, has_year_zero=False)
 cftime.DatetimeGregorian(2012, 10, 18, 18, 0, 0, 0, has_year_zero=False)
 cftime.DatetimeGregorian(2012, 10, 19, 0, 0, 0, 0, has_year_zero=False)]' standard_names='['probability_of_wcb_occurrence']'
2025-03-30 20:08:05 INFO Using cached candidate '20121017_12_ecmwf_forecast.ProbWCB_LAGRANTO_derived.EUR_LL015.036.sfc.nc'
2025-03-30 20:08:05 INFO File '20121017_12_ecmwf_forecast.ProbWCB_LAGRANTO_derived.EUR_LL015.036.sfc.nc' identified as 'sfc' type
2025-03-30 20:08:05 INFO Found init time '2012-10-17 12:00:00', 7 valid_times and 1 standard_names
2025-03-30 20:08:05 DEBUG valid_times='[cftime.DatetimeGregorian(2012, 10, 17, 12, 0, 0, 0, has_year_zero=False)
 cftime.DatetimeGregorian(2012, 10, 17, 18, 0, 0, 0, has_year_zero=False)
 cftime.DatetimeGregorian(2012, 10, 18, 0, 0, 0, 0, has_year_zero=False)
 cftime.DatetimeGregorian(2012, 10, 18, 6, 0, 0, 0, has_year_zero=False)
 cftime.DatetimeGregorian(2012, 10, 18, 12, 0, 0, 0, has_year_zero=False)
 cftime.DatetimeGregorian(2012, 10, 18, 18, 0, 0, 0, has_year_zero=False)
 cftime.DatetimeGregorian(2012, 10, 19, 0, 0, 0, 0, has_year_zero=False)]' standard_names='['vertically_integrated_probability_of_wcb_occurrence']'
2025-03-30 20:08:05 INFO Using cached candidate '20121017_12_ecmwf_forecast.Q.EUR_LL015.036.ml.nc'
2025-03-30 20:08:05 INFO File '20121017_12_ecmwf_forecast.Q.EUR_LL015.036.ml.nc' identified as 'ml' type
2025-03-30 20:08:05 INFO Found init time '2012-10-17 12:00:00', 7 valid_times and 1 standard_names
2025-03-30 20:08:05 DEBUG valid_times='[cftime.DatetimeGregorian(2012, 10, 17, 12, 0, 0, 0, has_year_zero=False)
 cftime.DatetimeGregorian(2012, 10, 17, 18, 0, 0, 0, has_year_zero=False)
 cftime.DatetimeGregorian(2012, 10, 18, 0, 0, 0, 0, has_year_zero=False)
 cftime.DatetimeGregorian(2012, 10, 18, 6, 0, 0, 0, has_year_zero=False)
 cftime.DatetimeGregorian(2012, 10, 18, 12, 0, 0, 0, has_year_zero=False)
 cftime.DatetimeGregorian(2012, 10, 18, 18, 0, 0, 0, has_year_zero=False)
 cftime.DatetimeGregorian(2012, 10, 19, 0, 0, 0, 0, has_year_zero=False)]' standard_names='['specific_humidity']'
2025-03-30 20:08:05 INFO Using cached candidate '20121017_12_ecmwf_forecast.SEA.EUR_LL015.036.sfc.nc'
2025-03-30 20:08:05 INFO File '20121017_12_ecmwf_forecast.SEA.EUR_LL015.036.sfc.nc' identified as 'sfc' type
2025-03-30 20:08:05 INFO Found init time '2012-10-17 12:00:00', 7 valid_times and 1 standard_names
2025-03-30 20:08:05 DEBUG valid_times='[cftime.DatetimeGregorian(2012, 10, 17, 12, 0, 0, 0, has_year_zero=False)
 cftime.DatetimeGregorian(2012, 10, 17, 18, 0, 0, 0, has_year_zero=False)
 cftime.DatetimeGregorian(2012, 10, 18, 0, 0, 0, 0, has_year_zero=False)
 cftime.DatetimeGregorian(2012, 10, 18, 6, 0, 0, 0, has_year_zero=False)
 cftime.DatetimeGregorian(2012, 10, 18, 12, 0, 0, 0, has_year_zero=False)
 cftime.DatetimeGregorian(2012, 10, 18, 18, 0, 0, 0, has_year_zero=False)
 cftime.DatetimeGregorian(2012, 10, 19, 0, 0, 0, 0, has_year_zero=False)]' standard_names='['solar_elevation_angle']'
2025-03-30 20:08:05 INFO Using cached candidate '20121017_12_ecmwf_forecast.SFC.EUR_LL015.036.sfc.nc'
2025-03-30 20:08:05 INFO File '20121017_12_ecmwf_forecast.SFC.EUR_LL015.036.sfc.nc' identified as 'sfc' type
2025-03-30 20:08:05 INFO Found init time '2012-10-17 12:00:00', 7 valid_times and 15 standard_names
2025-03-30 20:08:05 DEBUG valid_times='[cftime.DatetimeGregorian(2012, 10, 17, 12, 0, 0, 0, has_year_zero=False)
 cftime.DatetimeGregorian(2012, 10, 17, 18, 0, 0, 0, has_year_zero=False)
 cftime.DatetimeGregorian(2012, 10, 18, 0, 0, 0, 0, has_year_zero=False)
 cftime.DatetimeGregorian(2012, 10, 18, 6, 0, 0, 0, has_year_zero=False)
 cftime.DatetimeGregorian(2012, 10, 18, 12, 0, 0, 0, has_year_zero=False)
 cftime.DatetimeGregorian(2012, 10, 18, 18, 0, 0, 0, has_year_zero=False)
 cftime.DatetimeGregorian(2012, 10, 19, 0, 0, 0, 0, has_year_zero=False)]' standard_names='['surface_geopotential', 'air_pressure_at_sea_level', 'total_cloud_cover', 'land_binary_mask', 'low_cloud_area_fraction', 'medium_cloud_area_fraction', 'high_cloud_area_fraction', 'surface_eastward_wind', 'surface_northward_wind', 'sea_ice_area_fraction', 'msg_brightness_temperature_108', 'atmosphere_boundary_layer_thickness', 'emac_column_density', 'tropopause_altitude', 'secondary_tropopause_altitude']'
2025-03-30 20:08:05 INFO Using cached candidate '20121017_12_ecmwf_forecast.T.EUR_LL015.036.ml.nc'
2025-03-30 20:08:05 INFO File '20121017_12_ecmwf_forecast.T.EUR_LL015.036.ml.nc' identified as 'ml' type
2025-03-30 20:08:05 INFO Found init time '2012-10-17 12:00:00', 7 valid_times and 1 standard_names
2025-03-30 20:08:05 DEBUG valid_times='[cftime.DatetimeGregorian(2012, 10, 17, 12, 0, 0, 0, has_year_zero=False)
 cftime.DatetimeGregorian(2012, 10, 17, 18, 0, 0, 0, has_year_zero=False)
 cftime.DatetimeGregorian(2012, 10, 18, 0, 0, 0, 0, has_year_zero=False)
 cftime.DatetimeGregorian(2012, 10, 18, 6, 0, 0, 0, has_year_zero=False)
 cftime.DatetimeGregorian(2012, 10, 18, 12, 0, 0, 0, has_year_zero=False)
 cftime.DatetimeGregorian(2012, 10, 18, 18, 0, 0, 0, has_year_zero=False)
 cftime.DatetimeGregorian(2012, 10, 19, 0, 0, 0, 0, has_year_zero=False)]' standard_names='['air_temperature']'
2025-03-30 20:08:05 INFO Using cached candidate '20121017_12_ecmwf_forecast.THETA.EUR_LL015.036.ml.nc'
2025-03-30 20:08:05 INFO File '20121017_12_ecmwf_forecast.THETA.EUR_LL015.036.ml.nc' identified as 'ml' type
2025-03-30 20:08:05 INFO Found init time '2012-10-17 12:00:00', 7 valid_times and 1 standard_names
2025-03-30 20:08:05 DEBUG valid_times='[cftime.DatetimeGregorian(2012, 10, 17, 12, 0, 0, 0, has_year_zero=False)
 cftime.DatetimeGregorian(2012, 10, 17, 18, 0, 0, 0, has_year_zero=False)
 cftime.DatetimeGregorian(2012, 10, 18, 0, 0, 0, 0, has_year_zero=False)
 cftime.DatetimeGregorian(2012, 10, 18, 6, 0, 0, 0, has_year_zero=False)
 cftime.DatetimeGregorian(2012, 10, 18, 12, 0, 0, 0, has_year_zero=False)
 cftime.DatetimeGregorian(2012, 10, 18, 18, 0, 0, 0, has_year_zero=False)
 cftime.DatetimeGregorian(2012, 10, 19, 0, 0, 0, 0, has_year_zero=False)]' standard_names='['air_potential_temperature']'
2025-03-30 20:08:05 INFO Using cached candidate '20121017_12_ecmwf_forecast.THETA_LEVELS.EUR_LL015.036.tl.nc'
2025-03-30 20:08:05 INFO File '20121017_12_ecmwf_forecast.THETA_LEVELS.EUR_LL015.036.tl.nc' identified as 'tl' type
2025-03-30 20:08:05 INFO Found init time '2012-10-17 12:00:00', 7 valid_times and 3 standard_names
2025-03-30 20:08:05 DEBUG valid_times='[cftime.DatetimeGregorian(2012, 10, 17, 12, 0, 0, 0, has_year_zero=False)
 cftime.DatetimeGregorian(2012, 10, 17, 18, 0, 0, 0, has_year_zero=False)
 cftime.DatetimeGregorian(2012, 10, 18, 0, 0, 0, 0, has_year_zero=False)
 cftime.DatetimeGregorian(2012, 10, 18, 6, 0, 0, 0, has_year_zero=False)
 cftime.DatetimeGregorian(2012, 10, 18, 12, 0, 0, 0, has_year_zero=False)
 cftime.DatetimeGregorian(2012, 10, 18, 18, 0, 0, 0, has_year_zero=False)
 cftime.DatetimeGregorian(2012, 10, 19, 0, 0, 0, 0, has_year_zero=False)]' standard_names='['air_pressure', 'ertel_potential_vorticity', 'mole_fraction_of_ozone_in_air']'
2025-03-30 20:08:05 INFO Using cached candidate '20121017_12_ecmwf_forecast.U.EUR_LL015.036.ml.nc'
2025-03-30 20:08:05 INFO File '20121017_12_ecmwf_forecast.U.EUR_LL015.036.ml.nc' identified as 'ml' type
2025-03-30 20:08:05 INFO Found init time '2012-10-17 12:00:00', 7 valid_times and 1 standard_names
2025-03-30 20:08:05 DEBUG valid_times='[cftime.DatetimeGregorian(2012, 10, 17, 12, 0, 0, 0, has_year_zero=False)
 cftime.DatetimeGregorian(2012, 10, 17, 18, 0, 0, 0, has_year_zero=False)
 cftime.DatetimeGregorian(2012, 10, 18, 0, 0, 0, 0, has_year_zero=False)
 cftime.DatetimeGregorian(2012, 10, 18, 6, 0, 0, 0, has_year_zero=False)
 cftime.DatetimeGregorian(2012, 10, 18, 12, 0, 0, 0, has_year_zero=False)
 cftime.DatetimeGregorian(2012, 10, 18, 18, 0, 0, 0, has_year_zero=False)
 cftime.DatetimeGregorian(2012, 10, 19, 0, 0, 0, 0, has_year_zero=False)]' standard_names='['eastward_wind']'
2025-03-30 20:08:05 INFO Using cached candidate '20121017_12_ecmwf_forecast.V.EUR_LL015.036.ml.nc'
2025-03-30 20:08:05 INFO File '20121017_12_ecmwf_forecast.V.EUR_LL015.036.ml.nc' identified as 'ml' type
2025-03-30 20:08:05 INFO Found init time '2012-10-17 12:00:00', 7 valid_times and 1 standard_names
2025-03-30 20:08:05 DEBUG valid_times='[cftime.DatetimeGregorian(2012, 10, 17, 12, 0, 0, 0, has_year_zero=False)
 cftime.DatetimeGregorian(2012, 10, 17, 18, 0, 0, 0, has_year_zero=False)
 cftime.DatetimeGregorian(2012, 10, 18, 0, 0, 0, 0, has_year_zero=False)
 cftime.DatetimeGregorian(2012, 10, 18, 6, 0, 0, 0, has_year_zero=False)
 cftime.DatetimeGregorian(2012, 10, 18, 12, 0, 0, 0, has_year_zero=False)
 cftime.DatetimeGregorian(2012, 10, 18, 18, 0, 0, 0, has_year_zero=False)
 cftime.DatetimeGregorian(2012, 10, 19, 0, 0, 0, 0, has_year_zero=False)]' standard_names='['northward_wind']'
2025-03-30 20:08:05 INFO Using cached candidate '20121017_12_ecmwf_forecast.W.EUR_LL015.036.ml.nc'
2025-03-30 20:08:05 INFO File '20121017_12_ecmwf_forecast.W.EUR_LL015.036.ml.nc' identified as 'ml' type
2025-03-30 20:08:05 INFO Found init time '2012-10-17 12:00:00', 7 valid_times and 1 standard_names
2025-03-30 20:08:05 DEBUG valid_times='[cftime.DatetimeGregorian(2012, 10, 17, 12, 0, 0, 0, has_year_zero=False)
 cftime.DatetimeGregorian(2012, 10, 17, 18, 0, 0, 0, has_year_zero=False)
 cftime.DatetimeGregorian(2012, 10, 18, 0, 0, 0, 0, has_year_zero=False)
 cftime.DatetimeGregorian(2012, 10, 18, 6, 0, 0, 0, has_year_zero=False)
 cftime.DatetimeGregorian(2012, 10, 18, 12, 0, 0, 0, has_year_zero=False)
 cftime.DatetimeGregorian(2012, 10, 18, 18, 0, 0, 0, has_year_zero=False)
 cftime.DatetimeGregorian(2012, 10, 19, 0, 0, 0, 0, has_year_zero=False)]' standard_names='['lagrangian_tendency_of_air_pressure']'
2025-03-30 20:08:05 DEBUG server-url 'http://127.0.0.1:37347/'
2025-03-30 20:08:05 DEBUG checking vertical dimensions for layer 'PLTemp01'.
2025-03-30 20:08:05 DEBUG checking vertical dimensions for layer 'PLTemp01'.
2025-03-30 20:08:05 DEBUG checking vertical dimensions for layer 'PLGeopWind'.
2025-03-30 20:08:05 DEBUG checking vertical dimensions for layer 'PLGeopWind'.
2025-03-30 20:08:05 DEBUG checking vertical dimensions for layer 'PLRelHum01'.
2025-03-30 20:08:05 DEBUG checking vertical dimensions for layer 'PLRelHum01'.
2025-03-30 20:08:05 DEBUG checking vertical dimensions for layer 'PLEQPT01'.
2025-03-30 20:08:05 DEBUG checking vertical dimensions for layer 'PLEQPT01'.
2025-03-30 20:08:05 DEBUG checking vertical dimensions for layer 'PLW01'.
2025-03-30 20:08:05 DEBUG checking vertical dimensions for layer 'PLW01'.
2025-03-30 20:08:05 DEBUG checking vertical dimensions for layer 'PLDiv01'.
2025-03-30 20:08:05 DEBUG checking vertical dimensions for layer 'PLDiv01'.
2025-03-30 20:08:05 DEBUG inserting URL: http://127.0.0.1:37347/
2025-03-30 20:08:05 DEBUG storing settings for wms to /tmp/tmprw3iia94msui/msui-core.conf
2025-03-30 20:08:05 DEBUG discovered 6 layers that can be used in this view
2025-03-30 20:08:05 DEBUG Layer offers '['VERT:LOGP']' projections.
2025-03-30 20:08:05 DEBUG Selected '[]' for Combobox.
2025-03-30 20:08:05 DEBUG stopping capabilities retrieval
2025-03-30 20:08:05 DEBUG fetching layer 'http://127.0.0.1:37347/: Cloud Cover (0-1) Vertical Section | ecmwf_EUR_LL015.VS_CC01'; style '['']', width 752, height 242
2025-03-30 20:08:05 DEBUG crs=VERT:LOGP, path=40.00,25.00,60.00,-10.00,40.00,10.00
2025-03-30 20:08:05 DEBUG init_time=2012-10-17T12:00:00Z, valid_time=2012-10-17T12:00:00Z
2025-03-30 20:08:05 DEBUG level=None
2025-03-30 20:08:05 DEBUG transparent=False
2025-03-30 20:08:05 DEBUG MapPrefetcher 2012-10-17T12:00:00Z None.
2025-03-30 20:08:05 DEBUG Retrieving image from 'http://127.0.0.1:37347/?version=1.1.1&request=GetMap&layers=ecmwf_EUR_LL015.VS_CC01&styles=&width=752&height=242&srs=VERT%3ALOGP&format=image%2Fpng&transparent=FALSE&bgcolor=0xFFFFFF&exceptions=application%2Fvnd.ogc.se_xml&bbox=201%2C1050.0%2C10%2C180.0&path=40.00%2C25.00%2C60.00%2C-10.00%2C40.00%2C10.00&time=2012-10-17T12%3A00%3A00Z&dim_init_time=2012-10-17T12%3A00%3A00Z'
2025-03-30 20:08:05 DEBUG showing progress dialog
2025-03-30 20:08:05 DEBUG GetMap/GetVSec request. Interpreting parameters..
2025-03-30 20:08:05 DEBUG   requested image size = 752.0x242.0
2025-03-30 20:08:05 DEBUG   requested dataset = 'ecmwf_EUR_LL015', layer = 'VS_CC01'
2025-03-30 20:08:05 DEBUG   requested style = 'None'
2025-03-30 20:08:05 DEBUG   requested initialisation time = '2012-10-17 12:00:00'
2025-03-30 20:08:05 DEBUG   requested (valid) time = '2012-10-17 12:00:00'
2025-03-30 20:08:05 DEBUG   requested coordinate reference system = 'vert:logp'
2025-03-30 20:08:05 DEBUG   requested return format = 'image/png'
2025-03-30 20:08:05 DEBUG VSEC PATH: [[40.0, 25.0], [60.0, -10.0], [40.0, 10.0]]
2025-03-30 20:08:05 DEBUG using plot object 'VS_CC01'
2025-03-30 20:08:05 DEBUG 	figure size (752.0, 242.0) in pixels
2025-03-30 20:08:05 DEBUG 	requested initialisation time 2012-10-17 12:00:00
2025-03-30 20:08:05 DEBUG 	requested forecast valid time 2012-10-17 12:00:00
2025-03-30 20:08:05 DE2025-03-30 20:08:54 INFO Files identified for domain 'EUR_LL015': ['20121017_12_ecmwf_forecast.ALTITUDE_LEVELS.EUR_LL015.036.al.nc', '20121017_12_ecmwf_forecast.CC.EUR_LL015.036.ml.nc', '20121017_12_ecmwf_forecast.CIWC.EUR_LL015.036.ml.nc', '20121017_12_ecmwf_forecast.CLWC.EUR_LL015.036.ml.nc', '20121017_12_ecmwf_forecast.DIV.EUR_LL015.036.ml.nc', '20121017_12_ecmwf_forecast.EMAC.EUR_LL015.036.ml.nc', '20121017_12_ecmwf_forecast.GPH.EUR_LL015.036.ml.nc', '20121017_12_ecmwf_forecast.O3.EUR_LL015.036.ml.nc', '20121017_12_ecmwf_forecast.PRESSURE_LEVELS.EUR_LL015.036.pl.nc', '20121017_12_ecmwf_forecast.PVU.EUR_LL015.036.pv.nc', '20121017_12_ecmwf_forecast.PV_derived.EUR_LL015.036.ml.nc', '20121017_12_ecmwf_forecast.P_derived.EUR_LL015.036.ml.nc', '20121017_12_ecmwf_forecast.ProbWCB_LAGRANTO_derived.EUR_LL015.036.ml.nc', '20121017_12_ecmwf_forecast.ProbWCB_LAGRANTO_derived.EUR_LL015.036.sfc.nc', '20121017_12_ecmwf_forecast.Q.EUR_LL015.036.ml.nc', '20121017_12_ecmwf_forecast.SEA.EUR_LL015.036.sfc.nc', '20121017_12_ecmwf_forecast.SFC.EUR_LL015.036.sfc.nc', '20121017_12_ecmwf_forecast.T.EUR_LL015.036.ml.nc', '20121017_12_ecmwf_forecast.THETA.EUR_LL015.036.ml.nc', '20121017_12_ecmwf_forecast.THETA_LEVELS.EUR_LL015.036.tl.nc', '20121017_12_ecmwf_forecast.U.EUR_LL015.036.ml.nc', '20121017_12_ecmwf_forecast.V.EUR_LL015.036.ml.nc', '20121017_12_ecmwf_forecast.W.EUR_LL015.036.ml.nc']
2025-03-30 20:08:54 INFO Opening candidate '20121017_12_ecmwf_forecast.ALTITUDE_LEVELS.EUR_LL015.036.al.nc'
2025-03-30 20:08:54 INFO File '20121017_12_ecmwf_forecast.ALTITUDE_LEVELS.EUR_LL015.036.al.nc' identified as 'al' type
2025-03-30 20:08:54 INFO Found init time '2012-10-17 12:00:00', 7 valid_times and 3 standard_names
2025-03-30 20:08:54 DEBUG valid_times='[cftime.DatetimeGregorian(2012, 10, 17, 12, 0, 0, 0, has_year_zero=False)
 cftime.DatetimeGregorian(2012, 10, 17, 18, 0, 0, 0, has_year_zero=False)
 cftime.DatetimeGregorian(2012, 10, 18, 0, 0, 0, 0, has_year_zero=False)
 cftime.DatetimeGregorian(2012, 10, 18, 6, 0, 0, 0, has_year_zero=False)
 cftime.DatetimeGregorian(2012, 10, 18, 12, 0, 0, 0, has_year_zero=False)
 cftime.DatetimeGregorian(2012, 10, 18, 18, 0, 0, 0, has_year_zero=False)
 cftime.DatetimeGregorian(2012, 10, 19, 0, 0, 0, 0, has_year_zero=False)]' standard_names='['air_pressure', 'ertel_potential_vorticity', 'mole_fraction_of_ozone_in_air']'
2025-03-30 20:08:54 INFO Opening candidate '20121017_12_ecmwf_forecast.CC.EUR_LL015.036.ml.nc'
2025-03-30 20:08:54 INFO File '20121017_12_ecmwf_forecast.CC.EUR_LL015.036.ml.nc' identified as 'ml' type
2025-03-30 20:08:54 INFO Found init time '2012-10-17 12:00:00', 7 valid_times and 1 standard_names
2025-03-30 20:08:54 DEBUG valid_times='[cftime.DatetimeGregorian(2012, 10, 17, 12, 0, 0, 0, has_year_zero=False)
 cftime.DatetimeGregorian(2012, 10, 17, 18, 0, 0, 0, has_year_zero=False)
 cftime.DatetimeGregorian(2012, 10, 18, 0, 0, 0, 0, has_year_zero=False)
 cftime.DatetimeGregorian(2012, 10, 18, 6, 0, 0, 0, has_year_zero=False)
 cftime.DatetimeGregorian(2012, 10, 18, 12, 0, 0, 0, has_year_zero=False)
 cftime.DatetimeGregorian(2012, 10, 12025-03-30 20:08:57 DEBUG No user settings found, using default settings
2025-03-30 20:08:57 DEBUG loading settings for multilayers from /tmp/tmprw3iia94msui/msui-core.conf
2025-03-30 20:08:57 DEBUG loading settings for wms from /tmp/tmprw3iia94msui/msui-core.conf
2025-03-30 20:08:57 DEBUG checking for WMS image cache at /tmp/tmp9qsinyi2/ ...
2025-03-30 20:08:57 DEBUG   found.
2025-03-30 20:08:57 DEBUG servicing cache...
2025-03-30 20:08:57 DEBUG cache has been cleaned (0 files removed).
2025-03-30 20:08:57 DEBUG stopping capabilities retrieval
2025-03-30 20:08:57 DEBUG showing capabilities dialog
2025-03-30 20:08:57 ERROR Cannot load capabilities document.
No layers can be used in this view.
2025-03-30 20:08:57 DEBUG stopping capabilities retrieval
2025-03-30 20:09:02 DEBUG No user settings found, using default settings
2025-03-30 20:09:02 DEBUG loading settings for multilayers from /tmp/tmprw3iia94msui/msui-core.conf
2025-03-30 20:09:02 DEBUG loading settings for wms from /tmp/tmprw3iia94msui/msui-core.conf
2025-03-30 20:09:02 DEBUG checking for WMS image cache at /tmp/tmpc1qwpe0v/ ...
2025-03-30 20:09:02 DEBUG   found.
2025-03-30 20:09:02 DEBUG servicing cache...
2025-03-30 20:09:02 DEBUG cache has been cleaned (0 files removed).
2025-03-30 20:09:02 DEBUG stopping capabilities retrieval
2025-03-30 20:09:02 DEBUG showing capabilities dialog
2025-03-30 20:09:02 ERROR Cannot load capabilities document.
No layers can be used in this view.
2025-03-30 20:09:02 DEBUG stopping capabilities retrieval
2025-03-30 20:09:07 DEBUG No user settings found, using default settings
2025-03-30 20:09:07 DEBUG No user settings found, using default settings
2025-03-30 20:09:07 DEBUG loading settings for topview from /tmp/tmprw3iia94msui/msui-core.conf
2025-03-30 20:09:13 DEBUG No user settings found, using default settings
2025-03-30 20:09:13 DEBUG loading settings for topview from /tmp/tmprw3iia94msui/msui-core.conf
2025-03-30 20:09:19 DEBUG No user settings found, using default settings
2025-03-30 20:09:19 DEBUG loading settings for topview from /tmp/tmprw3iia94msui/msui-core.conf
2025-03-30 20:09:19 DEBUG servicing cache...
2025-03-30 20:09:19 DEBUG cache has been cleaned (0 files removed).
2025-03-30 20:09:19 DEBUG servicing cache...
2025-03-30 20:09:19 DEBUG cache has been cleaned (0 files removed).
2025-03-30 20:09:26 DEBUG No user settings found, using default settings
2025-03-30 20:09:26 DEBUG loading settings for topview from /tmp/tmprw3iia94msui/msui-core.conf
2025-03-30 20:09:32 DEBUG No user settings found, using default settings
2025-03-30 20:09:32 DEBUG No user settings found, using default settings
2025-03-30 20:09:32 DEBUG No user settings found, using default settings
2025-03-30 20:09:33 DEBUG No user settings found, using default settings
 cftime.DatetimeGregorian(2012, 10, 19, 0, 0, 0, 0, has_year_zero=False)]' standard_names='['divergence_of_wind']'
2025-03-30 20:08:54 INFO Opening candidate '20121017_12_ecmwf_forecast.EMAC.EUR_LL015.036.ml.nc'
2025-03-30 20:08:54 INFO File '20121017_12_ecmwf_forecast.EMAC.EUR_LL015.036.ml.nc' identified as 'ml' type
2025-03-30 20:08:54 INFO Found init time '2012-10-17 12:00:00', 7 valid_times and 1 standard_names
2025-03-30 20:08:54 DEBUG valid_times='[cftime.DatetimeGregorian(2012, 10, 17, 12, 0, 0, 0, has_year_zero=False)
 cftime.DatetimeGregorian(2012, 10, 17, 18, 0, 0, 0, has_year_zero=False)
 cftime.DatetimeGregorian(2012, 10, 18, 0, 0, 0, 0, has_year_zero=False)
 cftime.DatetimeGregorian(2012, 10, 18, 6, 0, 0, 0, has_year_zero=False)
 cftime.DatetimeGregorian(2012, 10, 18, 12, 0, 0, 0, has_year_zero=False)
 cftime.DatetimeGregorian(2012, 10, 18, 18, 0, 0, 0, has_year_zero=False)
 cftime.DatetimeGregorian(2012, 10, 19, 0, 0, 0, 0, has_year_zero=False)]' standard_names='['emac_R12']'
2025-03-30 20:08:54 INFO Opening candidate '20121017_12_ecmwf_forecast.GPH.EUR_LL015.036.ml.nc'
2025-03-30 20:08:54 INFO File '20121017_12_ecmwf_forecast.GPH.EUR_LL015.036.ml.nc' identified as 'ml' type
2025-03-30 20:08:54 INFO Found init time '2012-10-17 12:00:00', 7 valid_times and 1 standard_names
2025-03-30 20:08:54 DEBUG valid_times='[cftime.DatetimeGregorian(2012, 10, 17, 12, 0, 0, 0, has_year_zero=False)
 cftime.DatetimeGregorian(2012, 10, 17, 18, 0, 0, 0, has_year_zero=False)
 cftime.DatetimeGregorian(2012, 10, 18, 0, 0, 0, 0, has_year_zero=False)
 cftime.DatetimeGregorian(2012, 10, 18, 6, 0, 0, 0, has_year_zero=False)
 cftime.DatetimeGregorian(2012, 10, 18, 12, 0, 0, 0, has_year_zero=False)
 cftime.DatetimeGregorian(2012, 10, 18, 18, 0, 0, 0, has_year_zero=False)
 cftime.DatetimeGregorian(2012, 10, 19, 0, 0, 0, 0, has_year_zero=False)]' standard_names='['geopotential_height']'
2025-03-30 20:08:54 INFO Opening candidate '20121017_12_ecmwf_forecast.O3.EUR_LL015.036.ml.nc'
2025-03-30 20:08:54 INFO File '20121017_12_ecmwf_forecast.O3.EUR_LL015.036.ml.nc' identified as 'ml' type
2025-03-30 20:08:54 INFO Found init time '2012-10-17 12:00:00', 7 valid_times and 1 standard_names
2025-03-30 20:08:54 DEBUG valid_times='[cftime.DatetimeGregorian(2012, 10, 17, 12, 0, 0, 0, has_year_zero=False)
 cftime.DatetimeGregorian(2012, 10, 17, 18, 0, 0, 0, has_year_zero=False)
 cftime.DatetimeGregorian(2012, 10, 18, 0, 0, 0, 0, has_year_zero=False)
 cftime.DatetimeGregorian(2012, 10, 18, 6, 0, 0, 0, has_year_zero=False)
 cftime.DatetimeGregorian(2012, 10, 18, 12, 0, 0, 0, has_year_zero=False)
 cftime.DatetimeGregorian(2012, 10, 18, 18, 0, 0, 0, has_year_zero=False)
 cftime.DatetimeGregorian(2012, 10, 19, 0, 0, 0, 0, has_year_zero=False)]' standard_names='['mole_fraction_of_ozone_in_air']'
2025-03-30 20:08:54 INFO Opening candidate '20121017_12_ecmwf_forecast.PRESSURE_LEVELS.EUR_LL015.036.pl.nc'
2025-03-30 20:08:54 INFO File '20121017_12_ecmwf_forecast.PRESSURE_LEVELS.EUR_LL015.036.pl.nc' identified as 'pl' type
2025-03-30 20:08:54 INFO Found init time '2012-10-17 12:00:00', 7 valid_times and 16 standard_names
2025-03-30 20:08:54 DEBUG valid_times='[cftime.DatetimeGregorian(2012, 10, 17, 12, 0, 0, 0, has_year_zero=False)
 cftime.DatetimeGregorian(2012, 10, 17, 18, 0, 0, 0, has_year_zero=False)
 cftime.DatetimeGregorian(2012, 10, 18, 0, 0, 0, 0, has_year_zero=False)
 cftime.DatetimeGregorian(2012, 10, 18, 6, 0, 0, 0, has_year_zero=False)
 cftime.DatetimeGregorian(2012, 10, 18, 12, 0, 0, 0, has_year_zero=False)
 cftime.DatetimeGregorian(2012, 10, 18, 18, 0, 0, 0, has_year_zero=False)
 cftime.DatetimeGregorian(2012, 10, 19, 0, 0, 0, 0, has_year_zero=False)]' standard_names='['air_potential_temperature', 'air_pressure', 'air_temperature', 'eastward_wind', 'ertel_potential_vorticity', 'geopotential_height', 'northward_wind', 'specific_humidity', 'lagrangian_tendency_of_air_pressure', 'divergence_of_wind', 'mass_fraction_of_ozone_in_air', 'mole_fraction_of_ozone_in_air', 'equivalent_latitude', 'number_of_wcb_trajectories', 'number_of_insitu_trajectories', 'number_of_mix_trajectories']'
2025-03-30 20:08:54 INFO Opening candidate '20121017_12_ecmwf_forecast.PVU.EUR_LL015.036.pv.nc'
2025-03-30 20:08:54 INFO File '20121017_12_ecmwf_forecast.PVU.EUR_LL015.036.pv.nc' identified as 'pv' type
2025-03-30 20:08:54 INFO Found init time '2012-10-17 12:00:00', 7 valid_times and 3 standard_names
2025-03-30 20:08:54 DEBUG valid_times='[cftime.DatetimeGregorian(2012, 10, 17, 12, 0, 0, 0, has_year_zero=False)
 cftime.DatetimeGregorian(2012, 10, 17, 18, 0, 0, 0, has_year_zero=False)
 cftime.DatetimeGregorian(2012, 10, 18, 0, 0, 0, 0, has_year_zero=False)
 cftime.DatetimeGregorian(2012, 10, 18, 6, 0, 0, 0, has_year_zero=False)
 cftime.DatetimeGregorian(2012, 10, 18, 12, 0, 0, 0, has_year_zero=False)
 cftime.DatetimeGregorian(2012, 10, 18, 18, 0, 0, 0, has_year_zero=False)
 cftime.DatetimeGregorian(2012, 10, 19, 0, 0, 0, 0, has_year_zero=False)]' standard_names='['air_potential_temperature', 'geopotential_height', 'air_pressure']'
2025-03-30 20:08:54 INFO Opening candidate '20121017_12_ecmwf_forecast.PV_derived.EUR_LL015.036.ml.nc'
2025-03-30 20:08:54 INFO File '20121017_12_ecmwf_forecast.PV_derived.EUR_LL015.036.ml.nc' identified as 'ml' type
2025-03-30 20:08:54 INFO Found init time '2012-10-17 12:00:00', 7 valid_times and 1 standard_names
2025-03-30 20:08:54 DEBUG valid_times='[cftime.DatetimeGregorian(2012, 10, 17, 12, 0, 0, 0, has_year_zero=False)
 cftime.DatetimeGregorian(2012, 10, 17, 18, 0, 0, 0, has_year_zero=False)
 cftime.DatetimeGregorian(2012, 10, 18, 0, 0, 0, 0, has_year_zero=False)
 cftime.DatetimeGregorian(2012, 10, 18, 6, 0, 0, 0, has_year_zero=False)
 cftime.DatetimeGregorian(2012, 10, 18, 12, 0, 0, 0, has_year_zero=False)
 cftime.DatetimeGregorian(2012, 10, 18, 18, 0, 0, 0, has_year_zero=False)
 cftime.DatetimeGregorian(2012, 10, 19, 0, 0, 0, 0, has_year_zero=False)]' standard_names='['ertel_potential_vorticity']'
2025-03-30 20:08:54 INFO Opening candidate '20121017_12_ecmwf_forecast.P_derived.EUR_LL015.036.ml.nc'
2025-03-30 20:08:54 INFO File '20121017_12_ecmwf_forecast.P_derived.EUR_LL015.036.ml.nc' identified as 'ml' type
2025-03-30 20:08:54 INFO Found init time '2012-10-17 12:00:00', 7 valid_times and 1 standard_names
2025-03-30 20:08:54 DEBUG valid_times='[cftime.DatetimeGregorian(2012, 10, 17, 12, 0, 0, 0, has_year_zero=False)
 cftime.DatetimeGregorian(2012, 10, 17, 18, 0, 0, 0, has_year_zero=False)
 cftime.DatetimeGregorian(2012, 10, 18, 0, 0, 0, 0, has_year_zero=False)
 cftime.DatetimeGregorian(2012, 10, 18, 6, 0, 0, 0, has_year_zero=False)
 cftime.DatetimeGregorian(2012, 10, 18, 12, 0, 0, 0, has_year_zero=False)
 cftime.DatetimeGregorian(2012, 10, 18, 18, 0, 0, 0, has_year_zero=False)
 cftime.DatetimeGregorian(2012, 10, 19, 0, 0, 0, 0, has_year_zero=False)]' standard_names='['air_pressure']'
2025-03-30 20:08:54 INFO Opening candidate '20121017_12_ecmwf_forecast.ProbWCB_LAGRANTO_derived.EUR_LL015.036.ml.nc'
2025-03-30 20:08:54 INFO File '20121017_12_ecmwf_forecast.ProbWCB_LAGRANTO_derived.EUR_LL015.036.ml.nc' identified as 'ml' type
2025-03-30 20:08:54 INFO Found init time '2012-10-17 12:00:00', 7 valid_times and 1 standard_names
2025-03-30 20:08:54 DEBUG valid_times='[cftime.DatetimeGregorian(2012, 10, 17, 12, 0, 0, 0, has_year_zero=False)
 cftime.DatetimeGregorian(2012, 10, 17, 18, 0, 0, 0, has_year_zero=False)
 cftime.DatetimeGregorian(2012, 10, 18, 0, 0, 0, 0, has_year_zero=False)
 cftime.DatetimeGregorian(2012, 10, 18, 6, 0, 0, 0, has_year_zero=False)
 cftime.DatetimeGregorian(2012, 10, 18, 12, 0, 0, 0, has_year_zero=False)
 cftime.DatetimeGregorian(2012, 10, 18, 18, 0, 0, 0, has_year_zero=False)
 cftime.DatetimeGregorian(2012, 10, 19, 0, 0, 0, 0, has_year_zero=False)]' standard_names='['probability_of_wcb_occurrence']'
2025-03-30 20:08:54 INFO Opening candidate '20121017_12_ecmwf_forecast.ProbWCB_LAGRANTO_derived.EUR_LL015.036.sfc.nc'
2025-03-30 20:08:54 INFO File '20121017_12_ecmwf_forecast.ProbWCB_LAGRANTO_derived.EUR_LL015.036.sfc.nc' identified as 'sfc' type
2025-03-30 20:08:54 INFO Found init time '2012-10-17 12:00:00', 7 valid_times and 1 standard_names
2025-03-30 20:08:54 DEBUG valid_times='[cftime.DatetimeGregorian(2012, 10, 17, 12, 0, 0, 0, has_year_zero=False)
 cftime.DatetimeGregorian(2012, 10, 17, 18, 0, 0, 0, has_year_zero=False)
 cftime.DatetimeGregorian(2012, 10, 18, 0, 0, 0, 0, has_year_zero=False)
 cftime.DatetimeGregorian(2012, 10, 18, 6, 0, 0, 0, has_year_zero=False)
 cftime.DatetimeGregorian(2012, 10, 18, 12, 0, 0, 0, has_year_zero=False)
 cftime.DatetimeGregorian(2012, 10, 18, 18, 0, 0, 0, has_year_zero=False)
 cftime.DatetimeGregorian(2012, 10, 19, 0, 0, 0, 0, has_year_zero=False)]' standard_names='['vertically_integrated_probability_of_wcb_occurrence']'
2025-03-30 20:08:54 INFO Opening candidate '20121017_12_ecmwf_forecast.Q.EUR_LL015.036.ml.nc'
2025-03-30 20:08:54 INFO File '20121017_12_ecmwf_forecast.Q.EUR_LL015.036.ml.nc' identified as 'ml' type
2025-03-30 20:08:54 INFO Found init time '2012-10-17 12:00:00', 7 valid_times and 1 standard_names
2025-03-30 20:08:54 DEBUG valid_times='[cftime.DatetimeGregorian(2012, 10, 17, 12, 0, 0, 0, has_year_zero=False)
 cftime.DatetimeGregorian(2012, 10, 17, 18, 0, 0, 0, has_year_zero=False)
 cftime.DatetimeGregorian(2012, 10, 18, 0, 0, 0, 0, has_year_zero=False)
 cftime.DatetimeGregorian(2012, 10, 18, 6, 0, 0, 0, has_year_zero=False)
 cftime.DatetimeGregorian(2012, 10, 18, 12, 0, 0, 0, has_year_zero=False)
 cftime.DatetimeGregorian(2012, 10, 18, 18, 0, 0, 0, has_year_zero=False)
 cftime.DatetimeGregorian(2012, 10, 19, 0, 0, 0, 0, has_year_zero=False)]' standard_names='['specific_humidity']'
2025-03-30 20:08:54 INFO Opening candidate '20121017_12_ecmwf_forecast.SEA.EUR_LL015.036.sfc.nc'
2025-03-30 20:08:54 INFO File '20121017_12_ecmwf_forecast.SEA.EUR_LL015.036.sfc.nc' identified as 'sfc' type
2025-03-30 20:08:54 INFO Found init time '2012-10-17 12:00:00', 7 valid_times and 1 standard_names
2025-03-30 20:08:54 DEBUG valid_times='[cftime.DatetimeGregorian(2012, 10, 17, 12, 0, 0, 0, has_year_zero=False)
 cftime.DatetimeGregorian(2012, 10, 17, 18, 0, 0, 0, has_year_zero=False)
 cftime.DatetimeGregorian(2012, 10, 18, 0, 0, 0, 0, has_year_zero=False)
 cftime.DatetimeGregorian(2012, 10, 18, 6, 0, 0, 0, has_year_zero=False)
 cftime.DatetimeGregorian(2012, 10, 18, 12, 0, 0, 0, has_year_zero=False)
 cftime.DatetimeGregorian(2012, 10, 18, 18, 0, 0, 0, has_year_zero=False)
 cftime.DatetimeGregorian(2012, 10, 19, 0, 0, 0, 0, has_year_zero=False)]' standard_names='['solar_elevation_angle']'
2025-03-30 20:08:54 INFO Opening candidate '20121017_12_ecmwf_forecast.SFC.EUR_LL015.036.sfc.nc'
2025-03-30 20:08:54 INFO File '20121017_12_ecmwf_forecast.SFC.EUR_LL015.036.sfc.nc' identified as 'sfc' type
2025-03-30 20:08:54 INFO Found init time '2012-10-17 12:00:00', 7 valid_times and 15 standard_names
2025-03-30 20:08:54 DEBUG valid_times='[cftime.DatetimeGregorian(2012, 10, 17, 12, 0, 0, 0, has_year_zero=False)
 cftime.DatetimeGregorian(2012, 10, 17, 18, 0, 0, 0, has_year_zero=False)
 cftime.DatetimeGregorian(2012, 10, 18, 0, 0, 0, 0, has_year_zero=False)
 cftime.DatetimeGregorian(2012, 10, 18, 6, 0, 0, 0, has_year_zero=False)
 cftime.DatetimeGregorian(2012, 10, 18, 12, 0, 0, 0, has_year_zero=False)
 cftime.DatetimeGregorian(2012, 10, 18, 18, 0, 0, 0, has_year_zero=False)
 cftime.DatetimeGregorian(2012, 10, 19, 0, 0, 0, 0, has_year_zero=False)]' standard_names='['surface_geopotential', 'air_pressure_at_sea_level', 'total_cloud_cover', 'land_binary_mask', 'low_cloud_area_fraction', 'medium_cloud_area_fraction', 'high_cloud_area_fraction', 'surface_eastward_wind', 'surface_northward_wind', 'sea_ice_area_fraction', 'msg_brightness_temperature_108', 'atmosphere_boundary_layer_thickness', 'emac_column_density', 'tropopause_altitude', 'secondary_tropopause_altitude']'
2025-03-30 20:08:54 INFO Opening candidate '20121017_12_ecmwf_forecast.T.EUR_LL015.036.ml.nc'
2025-03-30 20:08:54 INFO File '20121017_12_ecmwf_forecast.T.EUR_LL015.036.ml.nc' identified as 'ml' type
2025-03-30 20:08:54 INFO Found init time '2012-10-17 12:00:00', 7 valid_times and 1 standard_names
2025-03-30 20:08:54 DEBUG valid_times='[cftime.DatetimeGregorian(2012, 10, 17, 12, 0, 0, 0, has_year_zero=False)
 cftime.DatetimeGregorian(2012, 10, 17, 18, 0, 0, 0, has_year_zero=False)
 cftime.DatetimeGregorian(2012, 10, 18, 0, 0, 0, 0, has_year_zero=False)
 cftime.DatetimeGregorian(2012, 10, 18, 6, 0, 0, 0, has_year_zero=False)
 cftime.DatetimeGregorian(2012, 10, 18, 12, 0, 0, 0, has_year_zero=False)
 cftime.DatetimeGregorian(2012, 10, 18, 18, 0, 0, 0, has_year_zero=False)
 cftime.DatetimeGregorian(2012, 10, 19, 0, 0, 0, 0, has_year_zero=False)]' standard_names='['air_temperature']'
2025-03-30 20:08:54 INFO Opening candidate '20121017_12_ecmwf_forecast.THETA.EUR_LL015.036.ml.nc'
2025-03-30 20:08:54 INFO File '20121017_12_ecmwf_forecast.THETA.EUR_LL015.036.ml.nc' identified as 'ml' type
2025-03-30 20:08:54 INFO Found init time '2012-10-17 12:00:00', 7 valid_times and 1 standard_names
2025-03-30 20:08:54 DEBUG valid_times='[cftime.DatetimeGregorian(2012, 10, 17, 12, 0, 0, 0, has_year_zero=False)
 cftime.DatetimeGregorian(2012, 10, 17, 18, 0, 0, 0, has_year_zero=False)
 cftime.DatetimeGregorian(2012, 10, 18, 0, 0, 0, 0, has_year_zero=False)
 cftime.DatetimeGregorian(2012, 10, 18, 6, 0, 0, 0, has_year_zero=False)
 cftime.DatetimeGregorian(2012, 10, 18, 12, 0, 0, 0, has_year_zero=False)
 cftime.DatetimeGregorian(2012, 10, 18, 18, 0, 0, 0, has_year_zero=False)
 cftime.DatetimeGregorian(2012, 10, 19, 0, 0, 0, 0, has_year_zero=False)]' standard_names='['air_potential_temperature']'
2025-03-30 20:08:54 INFO Opening candidate '20121017_12_ecmwf_forecast.THETA_LEVELS.EUR_LL015.036.tl.nc'
2025-03-30 20:08:54 INFO File '20121017_12_ecmwf_forecast.THETA_LEVELS.EUR_LL015.036.tl.nc' identified as 'tl' type
2025-03-30 20:08:54 INFO Found init time '2012-10-17 12:00:00', 7 valid_times and 3 standard_names
2025-03-30 20:08:54 DEBUG valid_times='[cftime.DatetimeGregorian(2012, 10, 17, 12, 0, 0, 0, has_year_zero=False)
 cftime.DatetimeGregorian(2012, 10, 17, 18, 0, 0, 0, has_year_zero=False)
 cftime.DatetimeGregorian(2012, 10, 18, 0, 0, 0, 0, has_year_zero=False)
 cftime.DatetimeGregorian(2012, 10, 18, 6, 0, 0, 0, has_year_zero=False)
 cftime.DatetimeGregorian(2012, 10, 18, 12, 0, 0, 0, has_year_zero=False)
 cftime.DatetimeGregorian(2012, 10, 18, 18, 0, 0, 0, has_year_zero=False)
 cftime.DatetimeGregorian(2012, 10, 19, 0, 0, 0, 0, has_year_zero=False)]' standard_names='['air_pressure', 'ertel_potential_vorticity', 'mole_fraction_of_ozone_in_air']'
2025-03-30 20:08:54 INFO Opening candidate '20121017_12_ecmwf_forecast.U.EUR_LL015.036.ml.nc'
2025-03-30 20:08:54 INFO File '20121017_12_ecmwf_forecast.U.EUR_LL015.036.ml.nc' identified as 'ml' type
2025-03-30 20:08:54 INFO Found init time '2012-10-17 12:00:00', 7 valid_times and 1 standard_names
2025-03-30 20:08:54 DEBUG valid_times='[cftime.DatetimeGregorian(2012, 10, 17, 12, 0, 0, 0, has_year_zero=False)
 cftime.DatetimeGregorian(2012, 10, 17, 18, 0, 0, 0, has_year_zero=False)
 cftime.DatetimeGregorian(2012, 10, 18, 0, 0, 0, 0, has_year_zero=False)
 cftime.DatetimeGregorian(2012, 10, 18, 6, 0, 0, 0, has_year_zero=False)
 cftime.DatetimeGregorian(2012, 10, 18, 12, 0, 0, 0, has_year_zero=False)
 cftime.DatetimeGregorian(2012, 10, 18, 18, 0, 0, 0, has_year_zero=False)
 cftime.DatetimeGregorian(2012, 10, 19, 0, 0, 0, 0, has_year_zero=False)]' standard_names='['eastward_wind']'
2025-03-30 20:08:54 INFO Opening candidate '20121017_12_ecmwf_forecast.V.EUR_LL015.036.ml.nc'
2025-03-30 20:08:54 INFO File '20121017_12_ecmwf_forecast.V.EUR_LL015.036.ml.nc' identified as 'ml' type
2025-03-30 20:08:54 INFO Found init time '2012-10-17 12:00:00', 7 valid_times and 1 standard_names
2025-03-30 20:08:54 DEBUG valid_times='[cftime.DatetimeGregorian(2012, 10, 17, 12, 0, 0, 0, has_year_zero=False)
 cftime.DatetimeGregorian(2012, 10, 17, 18, 0, 0, 0, has_year_zero=False)
 cftime.DatetimeGregorian(2012, 10, 18, 0, 0, 0, 0, has_year_zero=False)
 cftime.DatetimeGregorian(2012, 10, 18, 6, 0, 0, 0, has_year_zero=False)
 cftime.DatetimeGregorian(2012, 10, 18, 12, 0, 0, 0, has_year_zero=False)
 cftime.DatetimeGregorian(2012, 10, 18, 18, 0, 0, 0, has_year_zero=False)
 cftime.DatetimeGregorian(2012, 10, 19, 0, 0, 0, 0, has_year_zero=False)]' standard_names='['northward_wind']'
2025-03-30 20:08:54 INFO Opening candidate '20121017_12_ecmwf_forecast.W.EUR_LL015.036.ml.nc'
2025-03-30 20:08:54 INFO File '20121017_12_ecmwf_forecast.W.EUR_LL015.036.ml.nc' identified as 'ml' type
2025-03-30 20:08:54 INFO Found init time '2012-10-17 12:00:00', 7 valid_times and 1 standard_names
2025-03-30 20:08:54 DEBUG valid_times='[cftime.DatetimeGregorian(2012, 10, 17, 12, 0, 0, 0, has_year_zero=False)
 cftime.DatetimeGregorian(2012, 10, 17, 18, 0, 0, 0, has_year_zero=False)
 cftime.DatetimeGregorian(2012, 10, 18, 0, 0, 0, 0, has_year_zero=False)
 cftime.DatetimeGregorian(2012, 10, 18, 6, 0, 0, 0, has_year_zero=False)
 cftime.DatetimeGregorian(2012, 10, 18, 12, 0, 0, 0, has_year_zero=False)
 cftime.DatetimeGregorian(2012, 10, 18, 18, 0, 0, 0, has_year_zero=False)
 cftime.DatetimeGregorian(2012, 10, 19, 0, 0, 0, 0, has_year_zero=False)]' standard_names='['lagrangian_tendency_of_air_pressure']'
2025-03-30 20:08:54 DEBUG server-url 'http://127.0.0.1:37621/'
2025-03-30 20:08:54 DEBUG checking vertical dimensions for layer 'PLTemp01'.
2025-03-30 20:08:54 DEBUG checking vertical dimensions for layer 'PLTemp01'.
2025-03-30 20:08:54 DEBUG checking vertical dimensions for layer 'PLGeopWind'.
2025-03-30 20:08:54 DEBUG checking vertical dimensions for layer 'PLGeopWind'.
2025-03-30 20:08:54 DEBUG checking vertical dimensions for layer 'PLRelHum01'.
2025-03-30 20:08:54 DEBUG checking vertical dimensions for layer 'PLRelHum01'.
2025-03-30 20:08:54 DEBUG checking vertical dimensions for layer 'PLEQPT01'.
2025-03-30 20:08:54 DEBUG checking vertical dimensions for layer 'PLEQPT01'.
2025-03-30 20:08:54 DEBUG checking vertical dimensions for layer 'PLW01'.
2025-03-30 20:08:54 DEBUG checking vertical dimensions for layer 'PLW01'.
2025-03-30 20:08:54 DEBUG checking vertical dimensions for layer 'PLDiv01'.
2025-03-30 20:08:54 DEBUG checking vertical dimensions for layer 'PLDiv01'.
2025-03-30 20:08:54 INFO Files identified for domain 'EUR_LL015': ['20121017_12_ecmwf_forecast.ALTITUDE_LEVELS.EUR_LL015.036.al.nc', '20121017_12_ecmwf_forecast.CC.EUR_LL015.036.ml.nc', '20121017_12_ecmwf_forecast.CIWC.EUR_LL015.036.ml.nc', '20121017_12_ecmwf_forecast.CLWC.EUR_LL015.036.ml.nc', '20121017_12_ecmwf_forecast.DIV.EUR_LL015.036.ml.nc', '20121017_12_ecmwf_forecast.EMAC.EUR_LL015.036.ml.nc', '20121017_12_ecmwf_forecast.GPH.EUR_LL015.036.ml.nc', '20121017_12_ecmwf_forecast.O3.EUR_LL015.036.ml.nc', '20121017_12_ecmwf_forecast.PRESSURE_LEVELS.EUR_LL015.036.pl.nc', '20121017_12_ecmwf_forecast.PVU.EUR_LL015.036.pv.nc', '20121017_12_ecmwf_forecast.PV_derived.EUR_LL015.036.ml.nc', '20121017_12_ecmwf_forecast.P_derived.EUR_LL015.036.ml.nc', '20121017_12_ecmwf_forecast.ProbWCB_LAGRANTO_derived.EUR_LL015.036.ml.nc', '20121017_12_ecmwf_forecast.ProbWCB_LAGRANTO_derived.EUR_LL015.036.sfc.nc', '20121017_12_ecmwf_forecast.Q.EUR_LL015.036.ml.nc', '20121017_12_ecmwf_forecast.SEA.EUR_LL015.036.sfc.nc', '20121017_12_ecmwf_forecast.SFC.EUR_LL015.036.sfc.nc', '20121017_12_ecmwf_forecast.T.EUR_LL015.036.ml.nc', '20121017_12_ecmwf_forecast.THETA.EUR_LL015.036.ml.nc', '20121017_12_ecmwf_forecast.THETA_LEVELS.EUR_LL015.036.tl.nc', '20121017_12_ecmwf_forecast.U.EUR_LL015.036.ml.nc', '20121017_12_ecmwf_forecast.V.EUR_LL015.036.ml.nc', '20121017_12_ecmwf_forecast.W.EUR_LL015.036.ml.nc']
2025-03-30 20:08:54 INFO Using cached candidate '20121017_12_ecmwf_forecast.ALTITUDE_LEVELS.EUR_LL015.036.al.nc'
2025-03-30 20:08:54 INFO File '20121017_12_ecmwf_forecast.ALTITUDE_LEVELS.EUR_LL015.036.al.nc' identified as 'al' type
2025-03-30 20:08:54 INFO Found init time '2012-10-17 12:00:00', 7 valid_times and 3 standard_names
2025-03-30 20:08:54 DEBUG valid_times='[cftime.DatetimeGregorian(2012, 10, 17, 12, 0, 0, 0, has_year_zero=False)
 cftime.DatetimeGregorian(2012, 10, 17, 18, 0, 0, 0, has_year_zero=False)
 cftime.DatetimeGregorian(2012, 10, 18, 0, 0, 0, 0, has_year_zero=False)
 cftime.DatetimeGregorian(2012, 10, 18, 6, 0, 0, 0, has_year_zero=False)
 cftime.DatetimeGregorian(2012, 10, 18, 12, 0, 0, 0, has_year_zero=False)
 cftime.DatetimeGregorian(2012, 10, 18, 18, 0, 0, 0, has_year_zero=False)
 cftime.DatetimeGregorian(2012, 10, 19, 0, 0, 0, 0, has_year_zero=False)]' standard_names='['air_pressure', 'ertel_potential_vorticity', 'mole_fraction_of_ozone_in_air']'
2025-03-30 20:08:54 INFO Using cached candidate '20121017_12_ecmwf_forecast.CC.EUR_LL015.036.ml.nc'
2025-03-30 20:08:54 INFO File '20121017_12_ecmwf_forecast.CC.EUR_LL015.036.ml.nc' identified as 'ml' type
2025-03-30 20:08:54 INFO Found init time '2012-10-17 12:00:00', 7 valid_times and 1 standard_names
2025-03-30 20:08:54 DEBUG valid_times='[cftime.DatetimeGregorian(2012, 10, 17, 12, 0, 0, 0, has_year_zero=False)
 cftime.DatetimeGregorian(2012, 10, 17, 18, 0, 0, 0, has_year_zero=False)
 cftime.DatetimeGregorian(2012, 10, 18, 0, 0, 0, 0, has_year_zero=False)
 cftime.DatetimeGregorian(2012, 10, 18, 6, 0, 0, 0, has_year_zero=False)
 cftime.DatetimeGregorian(2012, 10, 18, 12, 0, 0, 0, has_year_zero=False)
 cftime.DatetimeGregorian(2012, 10, 18, 18, 0, 0, 0, has_year_zero=False)
 cftime.DatetimeGregorian(2012, 10, 19, 0, 0, 0, 0, has_year_zero=False)]' standard_names='['cloud_area_fraction_in_atmosphere_layer']'
2025-03-30 20:08:54 INFO Using cached candidate '20121017_12_ecmwf_forecast.CIWC.EUR_LL015.036.ml.nc'
2025-03-30 20:08:54 INFO File '20121017_12_ecmwf_forecast.CIWC.EUR_LL015.036.ml.nc' identified as 'ml' type
2025-03-30 20:08:54 INFO Found init time '2012-10-17 12:00:00', 7 valid_times and 1 standard_names
2025-03-30 20:08:54 DEBUG valid_times='[cftime.DatetimeGregorian(2012, 10, 17, 12, 0, 0, 0, has_year_zero=False)
 cftime.DatetimeGregorian(2012, 10, 17, 18, 0, 0, 0, has_year_zero=False)
 cftime.DatetimeGregorian(2012, 10, 18, 0, 0, 0, 0, has_year_zero=False)
 cftime.DatetimeGregorian(2012, 10, 18, 6, 0, 0, 0, has_year_zero=False)
 cftime.DatetimeGregorian(2012, 10, 18, 12, 0, 0, 0, has_year_zero=False)
 cftime.DatetimeGregorian(2012, 10, 18, 18, 0, 0, 0, has_year_zero=False)
 cftime.DatetimeGregorian(2012, 10, 19, 0, 0, 0, 0, has_year_zero=False)]' standard_names='['specific_cloud_ice_water_content']'
2025-03-30 20:08:54 INFO Using cached candidate '20121017_12_ecmwf_forecast.CLWC.EUR_LL015.036.ml.nc'
2025-03-30 20:08:54 INFO File '20121017_12_ecmwf_forecast.CLWC.EUR_LL015.036.ml.nc' identified as 'ml' type
2025-03-30 20:08:54 INFO Found init time '2012-10-17 12:00:00', 7 valid_times and 1 standard_names
2025-03-30 20:08:54 DEBUG valid_times='[cftime.DatetimeGregorian(2012, 10, 17, 12, 0, 0, 0, has_year_zero=False)
 cftime.DatetimeGregorian(2012, 10, 17, 18, 0, 0, 0, has_year_zero=False)
 cftime.DatetimeGregorian(2012, 10, 18, 0, 0, 0, 0, has_year_zero=False)
 cftime.DatetimeGregorian(2012, 10, 18, 6, 0, 0, 0, has_year_zero=False)
 cftime.DatetimeGregorian(2012, 10, 18, 12, 0, 0, 0, has_year_zero=False)
 cftime.DatetimeGregorian(2012, 10, 18, 18, 0, 0, 0, has_year_zero=False)
 cftime.DatetimeGregorian(2012, 10, 19, 0, 0, 0, 0, has_year_zero=False)]' standard_names='['specific_cloud_liquid_water_content']'
2025-03-30 20:08:54 INFO Using cached candidate '20121017_12_ecmwf_forecast.DIV.EUR_LL015.036.ml.nc'
2025-03-30 20:08:54 INFO File '20121017_12_ecmwf_forecast.DIV.EUR_LL015.036.ml.nc' identified as 'ml' type
2025-03-30 20:08:54 INFO Found init time '2012-10-17 12:00:00', 7 valid_times and 1 standard_names
2025-03-30 20:08:54 DEBUG valid_times='[cftime.DatetimeGregorian(2012, 10, 17, 12, 0, 0, 0, has_year_zero=False)
 cftime.DatetimeGregorian(2012, 10, 17, 18, 0, 0, 0, has_year_zero=False)
 cftime.DatetimeGregorian(2012, 10, 18, 0, 0, 0, 0, has_year_zero=False)
 cftime.DatetimeGregorian(2012, 10, 18, 6, 0, 0, 0, has_year_zero=False)
 cftime.DatetimeGregorian(2012, 10, 18, 12, 0, 0, 0, has_year_zero=False)
 cftime.DatetimeGregorian(2012, 10, 18, 18, 0, 0, 0, has_year_zero=False)
 cftime.DatetimeGregorian(2012, 10, 19, 0, 0, 0, 0, has_year_zero=False)]' standard_names='['divergence_of_wind']'
2025-03-30 20:08:54 INFO Using cached candidate '20121017_12_ecmwf_forecast.EMAC.EUR_LL015.036.ml.nc'
2025-03-30 20:08:54 INFO File '20121017_12_ecmwf_forecast.EMAC.EUR_LL015.036.ml.nc' identified as 'ml' type
2025-03-30 20:08:54 INFO Found init time '2012-10-17 12:00:00', 7 valid_times and 1 standard_names
2025-03-30 20:08:54 DEBUG valid_times='[cftime.DatetimeGregorian(2012, 10, 17, 12, 0, 0, 0, has_year_zero=False)
 cftime.DatetimeGregorian(2012, 10, 17, 18, 0, 0, 0, has_year_zero=False)
 cftime.DatetimeGregorian(2012, 10, 18, 0, 0, 0, 0, has_year_zero=False)
 cftime.DatetimeGregorian(2012, 10, 18, 6, 0, 0, 0, has_year_zero=False)
 cftime.DatetimeGregorian(2012, 10, 18, 12, 0, 0, 0, has_year_zero=False)
 cftime.DatetimeGregorian(2012, 10, 18, 18, 0, 0, 0, has_year_zero=False)
 cftime.DatetimeGregorian(2012, 10, 19, 0, 0, 0, 0, has_year_zero=False)]' standard_names='['emac_R12']'
2025-03-30 20:08:54 INFO Using cached candidate '20121017_12_ecmwf_forecast.GPH.EUR_LL015.036.ml.nc'
2025-03-30 20:08:54 INFO File '20121017_12_ecmwf_forecast.GPH.EUR_LL015.036.ml.nc' identified as 'ml' type
2025-03-30 20:08:54 INFO Found init time '2012-10-17 12:00:00', 7 valid_times and 1 standard_names
2025-03-30 20:08:54 DEBUG valid_times='[cftime.DatetimeGregorian(2012, 10, 17, 12, 0, 0, 0, has_year_zero=False)
 cftime.DatetimeGregorian(2012, 10, 17, 18, 0, 0, 0, has_year_zero=False)
 cftime.DatetimeGregorian(2012, 10, 18, 0, 0, 0, 0, has_year_zero=False)
 cftime.DatetimeGregorian(2012, 10, 18, 6, 0, 0, 0, has_year_zero=False)
 cftime.DatetimeGregorian(2012, 10, 18, 12, 0, 0, 0, has_year_zero=False)
 cftime.DatetimeGregorian(2012, 10, 18, 18, 0, 0, 0, has_year_zero=False)
 cftime.DatetimeGregorian(2012, 10, 19, 0, 0, 0, 0, has_year_zero=False)]' standard_names='['geopotential_height']'
2025-03-30 20:08:54 INFO Using cached candidate '20121017_12_ecmwf_forecast.O3.EUR_LL015.036.ml.nc'
2025-03-30 20:08:54 INFO File '20121017_12_ecmwf_forecast.O3.EUR_LL015.036.ml.nc' identified as 'ml' type
2025-03-30 20:08:54 INFO Found init time '2012-10-17 12:00:00', 7 valid_times and 1 standard_names
2025-03-30 20:08:54 DEBUG valid_times='[cftime.DatetimeGregorian(2012, 10, 17, 12, 0, 0, 0, has_year_zero=False)
 cftime.DatetimeGregorian(2012, 10, 17, 18, 0, 0, 0, has_year_zero=False)
 cftime.DatetimeGregorian(2012, 10, 18, 0, 0, 0, 0, has_year_zero=False)
 cftime.DatetimeGregorian(2012, 10, 18, 6, 0, 0, 0, has_year_zero=False)
 cftime.DatetimeGregorian(2012, 10, 18, 12, 0, 0, 0, has_year_zero=False)
 cftime.DatetimeGregorian(2012, 10, 18, 18, 0, 0, 0, has_year_zero=False)
 cftime.DatetimeGregorian(2012, 10, 19, 0, 0, 0, 0, has_year_zero=False)]' standard_names='['mole_fraction_of_ozone_in_air']'
2025-03-30 20:08:54 INFO Using cached candidate '20121017_12_ecmwf_forecast.PRESSURE_LEVELS.EUR_LL015.036.pl.nc'
2025-03-30 20:08:54 INFO File '20121017_12_ecmwf_forecast.PRESSURE_LEVELS.EUR_LL015.036.pl.nc' identified as 'pl' type
2025-03-30 20:08:54 INFO Found init time '2012-10-17 12:00:00', 7 valid_times and 16 standard_names
2025-03-30 20:08:54 DEBUG valid_times='[cftime.DatetimeGregorian(2012, 10, 17, 12, 0, 0, 0, has_year_zero=False)
 cftime.DatetimeGregorian(2012, 10, 17, 18, 0, 0, 0, has_year_zero=False)
 cftime.DatetimeGregorian(2012, 10, 18, 0, 0, 0, 0, has_year_zero=False)
 cftime.DatetimeGregorian(2012, 10, 18, 6, 0, 0, 0, has_year_zero=False)
 cftime.DatetimeGregorian(2012, 10, 18, 12, 0, 0, 0, has_year_zero=False)
 cftime.DatetimeGregorian(2012, 10, 18, 18, 0, 0, 0, has_year_zero=False)
 cftime.DatetimeGregorian(2012, 10, 19, 0, 0, 0, 0, has_year_zero=False)]' standard_names='['air_potential_temperature', 'air_pressure', 'air_temperature', 'eastward_wind', 'ertel_potential_vorticity', 'geopotential_height', 'northward_wind', 'specific_humidity', 'lagrangian_tendency_of_air_pressure', 'divergence_of_wind', 'mass_fraction_of_ozone_in_air', 'mole_fraction_of_ozone_in_air', 'equivalent_latitude', 'number_of_wcb_trajectories', 'number_of_insitu_trajectories', 'number_of_mix_trajectories']'
2025-03-30 20:08:54 INFO Using cached candidate '20121017_12_ecmwf_forecast.PVU.EUR_LL015.036.pv.nc'
2025-03-30 20:08:54 INFO File '20121017_12_ecmwf_forecast.PVU.EUR_LL015.036.pv.nc' identified as 'pv' type
2025-03-30 20:08:54 INFO Found init time '2012-10-17 12:00:00', 7 valid_times and 3 standard_names
2025-03-30 20:08:54 DEBUG valid_times='[cftime.DatetimeGregorian(2012, 10, 17, 12, 0, 0, 0, has_year_zero=False)
 cftime.DatetimeGregorian(2012, 10, 17, 18, 0, 0, 0, has_year_zero=False)
 cftime.DatetimeGregorian(2012, 10, 18, 0, 0, 0, 0, has_year_zero=False)
 cftime.DatetimeGregorian(2012, 10, 18, 6, 0, 0, 0, has_year_zero=False)
 cftime.DatetimeGregorian(2012, 10, 18, 12, 0, 0, 0, has_year_zero=False)
 cftime.DatetimeGregorian(2012, 10, 18, 18, 0, 0, 0, has_year_zero=False)
 cftime.DatetimeGregorian(2012, 10, 19, 0, 0, 0, 0, has_year_zero=False)]' standard_names='['air_potential_temperature', 'geopotential_height', 'air_pressure']'
2025-03-30 20:08:54 INFO Using cached candidate '20121017_12_ecmwf_forecast.PV_derived.EUR_LL015.036.ml.nc'
2025-03-30 20:08:54 INFO File '20121017_12_ecmwf_forecast.PV_derived.EUR_LL015.036.ml.nc' identified as 'ml' type
2025-03-30 20:08:54 INFO Found init time '2012-10-17 12:00:00', 7 valid_times and 1 standard_names
2025-03-30 20:08:54 DEBUG valid_times='[cftime.DatetimeGregorian(2012, 10, 17, 12, 0, 0, 0, has_year_zero=False)
 cftime.DatetimeGregorian(2012, 10, 17, 18, 0, 0, 0, has_year_zero=False)
 cftime.DatetimeGregorian(2012, 10, 18, 0, 0, 0, 0, has_year_zero=False)
 cftime.DatetimeGregorian(2012, 10, 18, 6, 0, 0, 0, has_year_zero=False)
 cftime.DatetimeGregorian(2012, 10, 18, 12, 0, 0, 0, has_year_zero=False)
 cftime.DatetimeGregorian(2012, 10, 18, 18, 0, 0, 0, has_year_zero=False)
 cftime.DatetimeGregorian(2012, 10, 19, 0, 0, 0, 0, has_year_zero=False)]' standard_names='['ertel_potential_vorticity']'
2025-03-30 20:08:54 INFO Using cached candidate '20121017_12_ecmwf_forecast.P_derived.EUR_LL015.036.ml.nc'
2025-03-30 20:08:54 INFO File '20121017_12_ecmwf_forecast.P_derived.EUR_LL015.036.ml.nc' identified as 'ml' type
2025-03-30 20:08:54 INFO Found init time '2012-10-17 12:00:00', 7 valid_times and 1 standard_names
2025-03-30 20:08:54 DEBUG valid_times='[cftime.DatetimeGregorian(2012, 10, 17, 12, 0, 0, 0, has_year_zero=False)
 cftime.DatetimeGregorian(2012, 10, 17, 18, 0, 0, 0, has_year_zero=False)
 cftime.DatetimeGregorian(2012, 10, 18, 0, 0, 0, 0, has_year_zero=False)
 cftime.DatetimeGregorian(2012, 10, 18, 6, 0, 0, 0, has_year_zero=False)
 cftime.DatetimeGregorian(2012, 10, 18, 12, 0, 0, 0, has_year_zero=False)
 cftime.DatetimeGregorian(2012, 10, 18, 18, 0, 0, 0, has_year_zero=False)
 cftime.DatetimeGregorian(2012, 10, 19, 0, 0, 0, 0, has_year_zero=False)]' standard_names='['air_pressure']'
2025-03-30 20:08:54 INFO Using cached candidate '20121017_12_ecmwf_forecast.ProbWCB_LAGRANTO_derived.EUR_LL015.036.ml.nc'
2025-03-30 20:08:54 INFO File '20121017_12_ecmwf_forecast.ProbWCB_LAGRANTO_derived.EUR_LL015.036.ml.nc' identified as 'ml' type
2025-03-30 20:08:54 INFO Found init time '2012-10-17 12:00:00', 7 valid_times and 1 standard_names
2025-03-30 20:08:54 DEBUG valid_times='[cftime.DatetimeGregorian(2012, 10, 17, 12, 0, 0, 0, has_year_zero=False)
 cftime.DatetimeGregorian(2012, 10, 17, 18, 0, 0, 0, has_year_zero=False)
 cftime.DatetimeGregorian(2012, 10, 18, 0, 0, 0, 0, has_year_zero=False)
 cftime.DatetimeGregorian(2012, 10, 18, 6, 0, 0, 0, has_year_zero=False)
 cftime.DatetimeGregorian(2012, 10, 18, 12, 0, 0, 0, has_year_zero=False)
 cftime.DatetimeGregorian(2012, 10, 18, 18, 0, 0, 0, has_year_zero=False)
 cftime.DatetimeGregorian(2012, 10, 19, 0, 0, 0, 0, has_year_zero=False)]' standard_names='['probability_of_wcb_occurrence']'
2025-03-30 20:08:54 INFO Using cached candidate '20121017_12_ecmwf_forecast.ProbWCB_LAGRANTO_derived.EUR_LL015.036.sfc.nc'
2025-03-30 20:08:54 INFO File '20121017_12_ecmwf_forecast.ProbWCB_LAGRANTO_derived.EUR_LL015.036.sfc.nc' identified as 'sfc' type
2025-03-30 20:08:54 INFO Found init time '2012-10-17 12:00:00', 7 valid_times and 1 standard_names
2025-03-30 20:08:54 DEBUG valid_times='[cftime.DatetimeGregorian(2012, 10, 17, 12, 0, 0, 0, has_year_zero=False)
 cftime.DatetimeGregorian(2012, 10, 17, 18, 0, 0, 0, has_year_zero=False)
 cftime.DatetimeGregorian(2012, 10, 18, 0, 0, 0, 0, has_year_zero=False)
 cftime.DatetimeGregorian(2012, 10, 18, 6, 0, 0, 0, has_year_zero=False)
 cftime.DatetimeGregorian(2012, 10, 18, 12, 0, 0, 0, has_year_zero=False)
 cftime.DatetimeGregorian(2012, 10, 18, 18, 0, 0, 0, has_year_zero=False)
 cftime.DatetimeGregorian(2012, 10, 19, 0, 0, 0, 0, has_year_zero=False)]' standard_names='['vertically_integrated_probability_of_wcb_occurrence']'
2025-03-30 20:08:54 INFO Using cached candidate '20121017_12_ecmwf_forecast.Q.EUR_LL015.036.ml.nc'
2025-03-30 20:08:54 INFO File '20121017_12_ecmwf_forecast.Q.EUR_LL015.036.ml.nc' identified as 'ml' type
2025-03-30 20:08:54 INFO Found init time '2012-10-17 12:00:00', 7 valid_times and 1 standard_names
2025-03-30 20:08:54 DEBUG valid_times='[cftime.DatetimeGregorian(2012, 10, 17, 12, 0, 0, 0, has_year_zero=False)
 cftime.DatetimeGregorian(2012, 10, 17, 18, 0, 0, 0, has_year_zero=False)
 cftime.DatetimeGregorian(2012, 10, 18, 0, 0, 0, 0, has_year_zero=False)
 cftime.DatetimeGregorian(2012, 10, 18, 6, 0, 0, 0, has_year_zero=False)
 cftime.DatetimeGregorian(2012, 10, 18, 12, 0, 0, 0, has_year_zero=False)
 cftime.DatetimeGregorian(2012, 10, 18, 18, 0, 0, 0, has_year_zero=False)
 cftime.DatetimeGregorian(2012, 10, 19, 0, 0, 0, 0, has_year_zero=False)]' standard_names='['specific_humidity']'
2025-03-30 20:08:54 INFO Using cached candidate '20121017_12_ecmwf_forecast.SEA.EUR_LL015.036.sfc.nc'
2025-03-30 20:08:54 INFO File '20121017_12_ecmwf_forecast.SEA.EUR_LL015.036.sfc.nc' identified as 'sfc' type
2025-03-30 20:08:54 INFO Found init time '2012-10-17 12:00:00', 7 valid_times and 1 standard_names
2025-03-30 20:08:54 DEBUG valid_times='[cftime.DatetimeGregorian(2012, 10, 17, 12, 0, 0, 0, has_year_zero=False)
 cftime.DatetimeGregorian(2012, 10, 17, 18, 0, 0, 0, has_year_zero=False)
 cftime.DatetimeGregorian(2012, 10, 18, 0, 0, 0, 0, has_year_zero=False)
 cftime.DatetimeGregorian(2012, 10, 18, 6, 0, 0, 0, has_year_zero=False)
 cftime.DatetimeGregorian(2012, 10, 18, 12, 0, 0, 0, has_year_zero=False)
 cftime.DatetimeGregorian(2012, 10, 18, 18, 0, 0, 0, has_year_zero=False)
 cftime.DatetimeGregorian(2012, 10, 19, 0, 0, 0, 0, has_year_zero=False)]' standard_names='['solar_elevation_angle']'
2025-03-30 20:08:54 INFO Using cached candidate '20121017_12_ecmwf_forecast.SFC.EUR_LL015.036.sfc.nc'
2025-03-30 20:08:54 INFO File '20121017_12_ecmwf_forecast.SFC.EUR_LL015.036.sfc.nc' identified as 'sfc' type
2025-03-30 20:08:54 INFO Found init time '2012-10-17 12:00:00', 7 valid_times and 15 standard_names
2025-03-30 20:08:54 DEBUG valid_times='[cftime.DatetimeGregorian(2012, 10, 17, 12, 0, 0, 0, has_year_zero=False)
 cftime.DatetimeGregorian(2012, 10, 17, 18, 0, 0, 0, has_year_zero=False)
 cftime.DatetimeGregorian(2012, 10, 18, 0, 0, 0, 0, has_year_zero=False)
 cftime.DatetimeGregorian(2012, 10, 18, 6, 0, 0, 0, has_year_zero=False)
 cftime.DatetimeGregorian(2012, 10, 18, 12, 0, 0, 0, has_year_zero=False)
 cftime.DatetimeGregorian(2012, 10, 18, 18, 0, 0, 0, has_year_zero=False)
 cftime.DatetimeGregorian(2012, 10, 19, 0, 0, 0, 0, has_year_zero=False)]' standard_names='['surface_geopotential', 'air_pressure_at_sea_level', 'total_cloud_cover', 'land_binary_mask', 'low_cloud_area_fraction', 'medium_cloud_area_fraction', 'high_cloud_area_fraction', 'surface_eastward_wind', 'surface_northward_wind', 'sea_ice_area_fraction', 'msg_brightness_temperature_108', 'atmosphere_boundary_layer_thickness', 'emac_column_density', 'tropopause_altitude', 'secondary_tropopause_altitude']'
2025-03-30 20:08:54 INFO Using cached candidate '20121017_12_ecmwf_forecast.T.EUR_LL015.036.ml.nc'
2025-03-30 20:08:54 INFO File '20121017_12_ecmwf_forecast.T.EUR_LL015.036.ml.nc' identified as 'ml' type
2025-03-30 20:08:54 INFO Found init time '2012-10-17 12:00:00', 7 valid_times and 1 standard_names
2025-03-30 20:08:54 DEBUG valid_times='[cftime.DatetimeGregorian(2012, 10, 17, 12, 0, 0, 0, has_year_zero=False)
 cftime.DatetimeGregorian(2012, 10, 17, 18, 0, 0, 0, has_year_zero=False)
 cftime.DatetimeGregorian(2012, 10, 18, 0, 0, 0, 0, has_year_zero=False)
 cftime.DatetimeGregorian(2012, 10, 18, 6, 0, 0, 0, has_year_zero=False)
 cftime.DatetimeGregorian(2012, 10, 18, 12, 0, 0, 0, has_year_zero=False)
 cftime.DatetimeGregorian(2012, 10, 18, 18, 0, 0, 0, has_year_zero=False)
 cftime.DatetimeGregorian(2012, 10, 19, 0, 0, 0, 0, has_year_zero=False)]' standard_names='['air_temperature']'
2025-03-30 20:08:54 INFO Using cached candidate '20121017_12_ecmwf_forecast.THETA.EUR_LL015.036.ml.nc'
2025-03-30 20:08:54 INFO File '20121017_12_ecmwf_forecast.THETA.EUR_LL015.036.ml.nc' identified as 'ml' type
2025-03-30 20:08:54 INFO Found init time '2012-10-17 12:00:00', 7 valid_times and 1 standard_names
2025-03-30 20:08:54 DEBUG valid_times='[cftime.DatetimeGregorian(2012, 10, 17, 12, 0, 0, 0, has_year_zero=False)
 cftime.DatetimeGregorian(2012, 10, 17, 18, 0, 0, 0, has_year_zero=False)
 cftime.DatetimeGregorian(2012, 10, 18, 0, 0, 0, 0, has_year_zero=False)
 cftime.DatetimeGregorian(2012, 10, 18, 6, 0, 0, 0, has_year_zero=False)
 cftime.DatetimeGregorian(2012, 10, 18, 12, 0, 0, 0, has_year_zero=False)
 cftime.DatetimeGregorian(2012, 10, 18, 18, 0, 0, 0, has_year_zero=False)
 cftime.DatetimeGregorian(2012, 10, 19, 0, 0, 0, 0, has_year_zero=False)]' standard_names='['air_potential_temperature']'
2025-03-30 20:08:54 INFO Using cached candidate '20121017_12_ecmwf_forecast.THETA_LEVELS.EUR_LL015.036.tl.nc'
2025-03-30 20:08:54 INFO File '20121017_12_ecmwf_forecast.THETA_LEVELS.EUR_LL015.036.tl.nc' identified as 'tl' type
2025-03-30 20:08:54 INFO Found init time '2012-10-17 12:00:00', 7 valid_times and 3 standard_names
2025-03-30 20:08:54 DEBUG valid_times='[cftime.DatetimeGregorian(2012, 10, 17, 12, 0, 0, 0, has_year_zero=False)
 cftime.DatetimeGregorian(2012, 10, 17, 18, 0, 0, 0, has_year_zero=False)
 cftime.DatetimeGregorian(2012, 10, 18, 0, 0, 0, 0, has_year_zero=False)
 cftime.DatetimeGregorian(2012, 10, 18, 6, 0, 0, 0, has_year_zero=False)
 cftime.DatetimeGregorian(2012, 10, 18, 12, 0, 0, 0, has_year_zero=False)
 cftime.DatetimeGregorian(2012, 10, 18, 18, 0, 0, 0, has_year_zero=False)
 cftime.DatetimeGregorian(2012, 10, 19, 0, 0, 0, 0, has_year_zero=False)]' standard_names='['air_pressure', 'ertel_potential_vorticity', 'mole_fraction_of_ozone_in_air']'
2025-03-30 20:08:54 INFO Using cached candidate '20121017_12_ecmwf_forecast.U.EUR_LL015.036.ml.nc'
2025-03-30 20:08:54 INFO File '20121017_12_ecmwf_forecast.U.EUR_LL015.036.ml.nc' identified as 'ml' type
2025-03-30 20:08:54 INFO Found init time '2012-10-17 12:00:00', 7 valid_times and 1 standard_names
2025-03-30 20:08:54 DEBUG valid_times='[cftime.DatetimeGregorian(2012, 10, 17, 12, 0, 0, 0, has_year_zero=False)
 cftime.DatetimeGregorian(2012, 10, 17, 18, 0, 0, 0, has_year_zero=False)
 cftime.DatetimeGregorian(2012, 10, 18, 0, 0, 0, 0, has_year_zero=False)
 cftime.DatetimeGregorian(2012, 10, 18, 6, 0, 0, 0, has_year_zero=False)
 cftime.DatetimeGregorian(2012, 10, 18, 12, 0, 0, 0, has_year_zero=False)
 cftime.DatetimeGregorian(2012, 10, 18, 18, 0, 0, 0, has_year_zero=False)
 cftime.DatetimeGregorian(2012, 10, 19, 0, 0, 0, 0, has_year_zero=False)]' standard_names='['eastward_wind']'
2025-03-30 20:08:54 INFO Using cached candidate '20121017_12_ecmwf_forecast.V.EUR_LL015.036.ml.nc'
2025-03-30 20:08:54 INFO File '20121017_12_ecmwf_forecast.V.EUR_LL015.036.ml.nc' identified as 'ml' type
2025-03-30 20:08:54 INFO Found init time '2012-10-17 12:00:00', 7 valid_times and 1 standard_names
2025-03-30 20:08:54 DEBUG valid_times='[cftime.DatetimeGregorian(2012, 10, 17, 12, 0, 0, 0, has_year_zero=False)
 cftime.DatetimeGregorian(2012, 10, 17, 18, 0, 0, 0, has_year_zero=False)
 cftime.DatetimeGregorian(2012, 10, 18, 0, 0, 0, 0, has_year_zero=False)
 cftime.DatetimeGregorian(2012, 10, 18, 6, 0, 0, 0, has_year_zero=False)
 cftime.DatetimeGregorian(2012, 10, 18, 12, 0, 0, 0, has_year_zero=False)
 cftime.DatetimeGregorian(2012, 10, 18, 18, 0, 0, 0, has_year_zero=False)
 cftime.DatetimeGregorian(2012, 10, 19, 0, 0, 0, 0, has_year_zero=False)]' standard_names='['northward_wind']'
2025-03-30 20:08:54 INFO Using cached candidate '20121017_12_ecmwf_forecast.W.EUR_LL015.036.ml.nc'
2025-03-30 20:08:54 INFO File '20121017_12_ecmwf_forecast.W.EUR_LL015.036.ml.nc' identified as 'ml' type
2025-03-30 20:08:54 INFO Found init time '2012-10-17 12:00:00', 7 valid_times and 1 standard_names
2025-03-30 20:08:54 DEBUG valid_times='[cftime.DatetimeGregorian(2012, 10, 17, 12, 0, 0, 0, has_year_zero=False)
 cftime.DatetimeGregorian(2012, 10, 17, 18, 0, 0, 0, has_year_zero=False)
 cftime.DatetimeGregorian(2012, 10, 18, 0, 0, 0, 0, has_year_zero=False)
 cftime.DatetimeGregorian(2012, 10, 18, 6, 0, 0, 0, has_year_zero=False)
 cftime.DatetimeGregorian(2012, 10, 18, 12, 0, 0, 0, has_year_zero=False)
 cftime.DatetimeGregorian(2012, 10, 18, 18, 0, 0, 0, has_year_zero=False)
 cftime.DatetimeGregorian(2012, 10, 19, 0, 0, 0, 0, has_year_zero=False)]' standard_names='['lagrangian_tendency_of_air_pressure']'
2025-03-30 20:08:54 DEBUG server-url 'http://127.0.0.1:37621/'
2025-03-30 20:08:54 DEBUG checking vertical dimensions for layer 'PLTemp01'.
2025-03-30 20:08:54 DEBUG checking vertical dimensions for layer 'PLTemp01'.
2025-03-30 20:08:54 DEBUG checking vertical dimensions for layer 'PLGeopWind'.
2025-03-30 20:08:54 DEBUG checking vertical dimensions for layer 'PLGeopWind'.
2025-03-30 20:08:54 DEBUG checking vertical dimensions for layer 'PLRelHum01'.
2025-03-30 20:08:54 DEBUG checking vertical dimensions for layer 'PLRelHum01'.
2025-03-30 20:08:54 DEBUG checking vertical dimensions for layer 'PLEQPT01'.
2025-03-30 20:08:54 DEBUG checking vertical dimensions for layer 'PLEQPT01'.
2025-03-30 20:08:54 DEBUG checking vertical dimensions for layer 'PLW01'.
2025-03-30 20:08:54 DEBUG checking vertical dimensions for layer 'PLW01'.
2025-03-30 20:08:54 DEBUG checking vertical dimensions for layer 'PLDiv01'.
2025-03-30 20:08:54 DEBUG checking vertical dimensions for layer 'PLDiv01'.
2025-03-30 20:08:54 DEBUG GetMap/GetVSec request. Interpreting parameters..
2025-03-30 20:08:54 DEBUG   requested image size = 200.0x100.0
2025-03-30 20:08:54 DEBUG   requested dataset = 'ecmwf_EUR_LL015', layer = 'VS_CC01'
2025-03-30 20:08:54 DEBUG   requested style = 'None'
2025-03-30 20:08:54 DEBUG   requested initialisation time = '2012-10-17 12:00:00'
2025-03-30 20:08:54 DEBUG   requested (valid) time = '2012-10-17 12:00:00'
2025-03-30 20:08:54 DEBUG   requested coordinate reference system = 'vert:logp'
2025-03-30 20:08:54 DEBUG   requested return format = 'image/png'
2025-03-30 20:08:54 DEBUG VSEC PATH: [[40.0, 25.0], [60.0, -10.0], [40.0, 10.0]]
2025-03-30 20:08:54 DEBUG using plot object 'VS_CC01'
2025-03-30 20:08:54 DEBUG 	figure size (200.0, 100.0) in pixels
2025-03-30 20:08:54 DEBUG 	requested initialisation time 2012-10-17 12:00:00
2025-03-30 20:08:54 DEBUG 	requested forecast valid time 2012-10-17 12:00:00
2025-03-30 20:08:54 DEBUG 	variable 'air_pressure' requires input file '20121017_12_ecmwf_forecast.P_derived.EUR_LL015.036.ml.nc'
2025-03-30 20:08:54 DEBUG 	variable 'air_temperature' requires input file '20121017_12_ecmwf_forecast.T.EUR_LL015.036.ml.nc'
2025-03-30 20:08:54 DEBUG 	variable 'cloud_area_fraction_in_atmosphere_layer' requires input file '20121017_12_ecmwf_forecast.CC.EUR_LL015.036.ml.nc'
2025-03-30 20:08:54 DEBUG opening datasets.
2025-03-30 20:08:54 DEBUG 	identified variable <air_pressure> for field <air_pressure>
2025-03-30 20:08:54 DEBUG 	identified variable <air_temperature> for field <air_temperature>
2025-03-30 20:08:54 DEBUG 	identified variable <cloud_area_fraction_in_atmosphere_layer> for field <cloud_area_fraction_in_atmosphere_layer>
2025-03-30 20:08:54 DEBUG computing 3 interpolation points, connection: greatcircle
2025-03-30 20:08:54 DEBUG loading data for time step 0 (2012-10-17 12:00:00)
2025-03-30 20:08:54 DEBUG shifting data grid to gridpoint west of westmost longitude in path: -11.00 (path -10.00).
2025-03-30 20:08:54 DEBUG 	Loaded 0.27 Mbytes from data field <air_pressure> at timestep 0.
2025-03-30 20:08:54 DEBUG 	Vertical dimension direction is up.
2025-03-30 20:08:54 DEBUG 	Interpolating to cross-section path.
2025-03-30 20:08:54 DEBUG 	setting jump data to NaN at [60]
2025-03-30 20:08:54 DEBUG 	Loaded 0.27 Mbytes from data field <air_temperature> at timestep 0.
2025-03-30 20:08:54 DEBUG 	Vertical dimension direction is up.
2025-03-30 20:08:54 DEBUG 	Interpolating to cross-section path.
2025-03-30 20:08:54 DEBUG 	setting jump data to NaN at [60]
2025-03-30 20:08:54 DEBUG 	Loaded 0.27 Mbytes from data field <cloud_area_fraction_in_atmosphere_layer> at timestep 0.
2025-03-30 20:08:54 DEBUG 	Vertical dimension direction is up.
2025-03-30 20:08:54 DEBUG 	Interpolating to cross-section path.
2025-03-30 20:08:54 DEBUG 	setting jump data to NaN at [60]
2025-03-30 20:08:54 DEBUG Loaded and interpolated data (required time 0:00:00.007389).
2025-03-30 20:08:54 DEBUG Plotting interpolated curtain.
2025-03-30 20:08:54 DEBUG creating figure..
2025-03-30 20:08:54 DEBUG 	without frame
2025-03-30 20:08:55 DEBUG converting image to indexed palette.
2025-03-30 20:08:55 DEBUG saving figure as non-transparent PNG.
2025-03-30 20:08:55 DEBUG returning figure..
2025-03-30 20:08:55 DEBUG Finished plotting (required time 0:00:00.676477; total time 0:00:00.683866).

2025-03-30 20:09:00 INFO Files identified for domain 'EUR_LL015': ['20121017_12_ecmwf_forecast.ALTITUDE_LEVELS.EUR_LL015.036.al.nc', '20121017_12_ecmwf_forecast.CC.EUR_LL015.036.ml.nc', '20121017_12_ecmwf_forecast.CIWC.EUR_LL015.036.ml.nc', '20121017_12_ecmwf_forecast.CLWC.EUR_LL015.036.ml.nc', '20121017_12_ecmwf_forecast.DIV.EUR_LL015.036.ml.nc', '20121017_12_ecmwf_forecast.EMAC.EUR_LL015.036.ml.nc', '20121017_12_ecmwf_forecast.GPH.EUR_LL015.036.ml.nc', '20121017_12_ecmwf_forecast.O3.EUR_LL015.036.ml.nc', '20121017_12_ecmwf_forecast.PRESSURE_LEVELS.EUR_LL015.036.pl.nc', '20121017_12_ecmwf_forecast.PVU.EUR_LL015.036.pv.nc', '20121017_12_ecmwf_forecast.PV_derived.EUR_LL015.036.ml.nc', '20121017_12_ecmwf_forecast.P_derived.EUR_LL015.036.ml.nc', '20121017_12_ecmwf_forecast.ProbWCB_LAGRANTO_derived.EUR_LL015.036.ml.nc', '20121017_12_ecmwf_forecast.ProbWCB_LAGRANTO_derived.EUR_LL015.036.sfc.nc', '20121017_12_ecmwf_forecast.Q.EUR_LL015.036.ml.nc', '20121017_12_ecmwf_forecast.SEA.EUR_LL015.036.sfc.nc', '20121017_12_ecmwf_forecast.SFC.EUR_LL015.036.sfc.nc', '20121017_12_ecmwf_forecast.T.EUR_LL015.036.ml.nc', '20121017_12_ecmwf_forecast.THETA.EUR_LL015.036.ml.nc', '20121017_12_ecmwf_forecast.THETA_LEVELS.EUR_LL015.036.tl.nc', '20121017_12_ecmwf_forecast.U.EUR_LL015.036.ml.nc', '20121017_12_ecmwf_forecast.V.EUR_LL015.036.ml.nc', '20121017_12_ecmwf_forecast.W.EUR_LL015.036.ml.nc']
2025-03-30 20:09:00 INFO Opening candidate '20121017_12_ecmwf_forecast.ALTITUDE_LEVELS.EUR_LL015.036.al.nc'
2025-03-30 20:09:00 INFO File '20121017_12_ecmwf_forecast.ALTITUDE_LEVELS.EUR_LL015.036.al.nc' identified as 'al' type
2025-03-30 20:09:00 INFO Found init time '2012-10-17 12:00:00', 7 valid_times and 3 standard_names
2025-03-30 20:09:00 DEBUG valid_times='[cftime.DatetimeGregorian(2012, 10, 17, 12, 0, 0, 0, has_year_zero=False)
 cftime.DatetimeGregorian(2012, 10, 17, 18, 0, 0, 0, has_year_zero=False)
 cftime.DatetimeGregorian(2012, 10, 18, 0, 0, 0, 0, has_year_zero=False)
 cftime.DatetimeGregorian(2012, 10, 18, 6, 0, 0, 0, has_year_zero=False)
 cftime.DatetimeGregorian(2012, 10, 18, 12, 0, 0, 0, has_year_zero=False)
 cftime.DatetimeGregorian(2012, 10, 18, 18, 0, 0, 0, has_year_zero=False)
 cftime.DatetimeGregorian(2012, 10, 19, 0, 0, 0, 0, has_year_zero=False)]' standard_names='['air_pressure', 'ertel_potential_vorticity', 'mole_fraction_of_ozone_in_air']'
2025-03-30 20:09:00 INFO Opening candidate '20121017_12_ecmwf_forecast.CC.EUR_LL015.036.ml.nc'
2025-03-30 20:09:00 INFO File '20121017_12_ecmwf_forecast.CC.EUR_LL015.036.ml.nc' identified as 'ml' type
2025-03-30 20:09:00 INFO Found init time '2012-10-17 12:00:00', 7 valid_times and 1 standard_names
2025-03-30 20:09:00 DEBUG valid_times='[cftime.DatetimeGregorian(2012, 10, 17, 12, 0, 0, 0, has_year_zero=False)
 cftime.DatetimeGregorian(2012, 10, 17, 18, 0, 0, 0, has_year_zero=False)
 cftime.DatetimeGregorian(2012, 10, 18, 0, 0, 0, 0, has_year_zero=False)
 cftime.DatetimeGregorian(2012, 10, 18, 6, 0, 0, 0, has_year_zero=False)
 cftime.DatetimeGregorian(2012, 10, 18, 12, 0, 0, 0, has_year_zero=False)
 cftime.DatetimeGregorian(2012, 10, 18, 18, 0, 0, 0, has_year_zero=False)
 cftime.DatetimeGregorian(2012, 10, 19, 0, 0, 0, 0, has_year_zero=False)]' standard_names='['cloud_area_fraction_in_atmosphere_layer']'
2025-03-30 20:09:00 INFO Opening candidate '20121017_12_ecmwf_forecast.CIWC.EUR_LL015.036.ml.nc'
2025-03-30 20:09:00 INFO File '20121017_12_ecmwf_forecast.CIWC.EUR_LL015.036.ml.nc' identified as 'ml' type
2025-03-30 20:09:00 INFO Found init time '2012-10-17 12:00:00', 7 valid_times and 1 standard_names
2025-03-30 20:09:00 DEBUG valid_times='[cftime.DatetimeGregorian(2012, 10, 17, 12, 0, 0, 0, has_year_zero=False)
 cftime.DatetimeGregorian(2012, 10, 17, 18, 0, 0, 0, has_year_zero=False)
 cftime.DatetimeGregorian(2012, 10, 18, 0, 0, 0, 0, has_year_zero=False)
 cftime.DatetimeGregorian(2012, 10, 18, 6, 0, 0, 0, has_year_zero=False)
 cftime.DatetimeGregorian(2012, 10, 18, 12, 0, 0, 0, has_year_zero=False)
 cftime.DatetimeGregorian(2012, 10, 18, 18, 0, 0, 0, has_year_zero=False)
 cftime.DatetimeGregorian(2012, 10, 19, 0, 0, 0, 0, has_year_zero=False)]' standard_names='['specific_cloud_ice_water_content']'
2025-03-30 20:09:00 INFO Opening candidate '20121017_12_ecmwf_forecast.CLWC.EUR_LL015.036.ml.nc'
2025-03-30 20:09:00 INFO File '20121017_12_ecmwf_forecast.CLWC.EUR_LL015.036.ml.nc' identified as 'ml' type
2025-03-30 20:09:00 INFO Found init time '2012-10-17 12:00:00', 7 valid_times and 1 standard_names
2025-03-30 20:09:00 DEBUG valid_times='[cftime.DatetimeGregorian(2012, 10, 17, 12, 0, 0, 0, has_year_zero=False)
 cftime.DatetimeGregorian(2012, 10, 17, 18, 0, 0, 0, has_year_zero=False)
 cftime.DatetimeGregorian(2012, 10, 18, 0, 0, 0, 0, has_year_zero=False)
 cftime.DatetimeGregorian(2012, 10, 18, 6, 0, 0, 0, has_year_zero=False)
 cftime.DatetimeGregorian(2012, 10, 18, 12, 0, 0, 0, has_year_zero=False)
 cftime.DatetimeGregorian(2012, 10, 18, 18, 0, 0, 0, has_year_zero=False)
 cftime.DatetimeGregorian(2012, 10, 19, 0, 0, 0, 0, has_year_zero=False)]' standard_names='['specific_cloud_liquid_water_content']'
2025-03-30 20:09:00 INFO Opening candidate '20121017_12_ecmwf_forecast.DIV.EUR_LL015.036.ml.nc'
2025-03-30 20:09:00 INFO File '20121017_12_ecmwf_forecast.DIV.EUR_LL015.036.ml.nc' identified as 'ml' type
2025-03-30 20:09:00 INFO Found init time '2012-10-17 12:00:00', 7 valid_times and 1 standard_names
2025-03-30 20:09:00 DEBUG valid_times='[cftime.DatetimeGregorian(2012, 10, 17, 12, 0, 0, 0, has_year_zero=False)
 cftime.DatetimeGregorian(2012, 10, 17, 18, 0, 0, 0, has_year_zero=False)
 cftime.DatetimeGregorian(2012, 10, 18, 0, 0, 0, 0, has_year_zero=False)
 cftime.DatetimeGregorian(2012, 10, 18, 6, 0, 0, 0, has_year_zero=False)
 cftime.DatetimeGregorian(2012, 10, 18, 12, 0, 0, 0, has_year_zero=False)
 cftime.DatetimeGregorian(2012, 10, 18, 18, 0, 0, 0, has_year_zero=False)
 cftime.DatetimeGregorian(2012, 10, 19, 0, 0, 0, 0, has_year_zero=False)]' standard_names='['divergence_of_wind']'
2025-03-30 20:09:00 INFO Opening candidate '20121017_12_ecmwf_forecast.EMAC.EUR_LL015.036.ml.nc'
2025-03-30 20:09:00 INFO File '20121017_12_ecmwf_forecast.EMAC.EUR_LL015.036.ml.nc' identified as 'ml' type
2025-03-30 20:09:00 INFO Found init time '2012-10-17 12:00:00', 7 valid_times and 1 standard_names
2025-03-30 20:09:00 DEBUG valid_times='[cftime.DatetimeGregorian(2012, 10, 17, 12, 0, 0, 0, has_year_zero=False)
 cftime.DatetimeGregorian(2012, 10, 17, 18, 0, 0, 0, has_year_zero=False)
 cftime.DatetimeGregorian(2012, 10, 18, 0, 0, 0, 0, has_year_zero=False)
 cftime.DatetimeGregorian(2012, 10, 18, 6, 0, 0, 0, has_year_zero=False)
 cftime.DatetimeGregorian(2012, 10, 18, 12, 0, 0, 0, has_year_zero=False)
 cftime.DatetimeGregorian(2012, 10, 18, 18, 0, 0, 0, has_year_zero=False)
 cftime.DatetimeGregorian(2012, 10, 19, 0, 0, 0, 0, has_year_zero=False)]' standard_names='['emac_R12']'
2025-03-30 20:09:00 INFO Opening candidate '20121017_12_ecmwf_forecast.GPH.EUR_LL015.036.ml.nc'
2025-03-30 20:09:00 INFO File '20121017_12_ecmwf_forecast.GPH.EUR_LL015.036.ml.nc' identified as 'ml' type
2025-03-30 20:09:00 INFO Found init time '2012-10-17 12:00:00', 7 valid_times and 1 standard_names
2025-03-30 20:09:00 DEBUG valid_times='[cftime.DatetimeGregorian(2012, 10, 17, 12, 0, 0, 0, has_year_zero=False)
 cftime.DatetimeGregorian(2012, 10, 17, 18, 0, 0, 0, has_year_zero=False)
 cftime.DatetimeGregorian(2012, 10, 18, 0, 0, 0, 0, has_year_zero=False)
 cftime.DatetimeGregorian(2012, 10, 18, 6, 0, 0, 0, has_year_zero=False)
 cftime.DatetimeGregorian(2012, 10, 18, 12, 0, 0, 0, has_year_zero=False)
 cftime.DatetimeGregorian(2012, 10, 18, 18, 0, 0, 0, has_year_zero=False)
 cftime.DatetimeGregorian(2012, 10, 19, 0, 0, 0, 0, has_year_zero=False)]' standard_names='['geopotential_height']'
2025-03-30 20:09:00 INFO Opening candidate '20121017_12_ecmwf_forecast.O3.EUR_LL015.036.ml.nc'
2025-03-30 20:09:00 INFO File '20121017_12_ecmwf_forecast.O3.EUR_LL015.036.ml.nc' identified as 'ml' type
2025-03-30 20:09:00 INFO Found init time '2012-10-17 12:00:00', 7 valid_times and 1 standard_names
2025-03-30 20:09:00 DEBUG valid_times='[cftime.DatetimeGregorian(2012, 10, 17, 12, 0, 0, 0, has_year_zero=False)
 cftime.DatetimeGregorian(2012, 10, 17, 18, 0, 0, 0, has_year_zero=False)
 cftime.DatetimeGregorian(2012, 10, 18, 0, 0, 0, 0, has_year_zero=False)
 cftime.DatetimeGregorian(2012, 10, 18, 6, 0, 0, 0, has_year_zero=False)
 cftime.DatetimeGregorian(2012, 10, 18, 12, 0, 0, 0, has_year_zero=False)
 cftime.DatetimeGregorian(2012, 10, 18, 18, 0, 0, 0, has_year_zero=False)
 cftime.DatetimeGregorian(2012, 10, 19, 0, 0, 0, 0, has_year_zero=False)]' standard_names='['mole_fraction_of_ozone_in_air']'
2025-03-30 20:09:00 INFO Opening candidate '20121017_12_ecmwf_forecast.PRESSURE_LEVELS.EUR_LL015.036.pl.nc'
2025-03-30 20:09:00 INFO File '20121017_12_ecmwf_forecast.PRESSURE_LEVELS.EUR_LL015.036.pl.nc' identified as 'pl' type
2025-03-30 20:09:00 INFO Found init time '2012-10-17 12:00:00', 7 valid_times and 16 standard_names
2025-03-30 20:09:00 DEBUG valid_times='[cftime.DatetimeGregorian(2012, 10, 17, 12, 0, 0, 0, has_year_zero=False)
 cftime.DatetimeGregorian(2012, 10, 17, 18, 0, 0, 0, has_year_zero=False)
 cftime.DatetimeGregorian(2012, 10, 18, 0, 0, 0, 0, has_year_zero=False)
 cftime.DatetimeGregorian(2012, 10, 18, 6, 0, 0, 0, has_year_zero=False)
 cftime.DatetimeGregorian(2012, 10, 18, 12, 0, 0, 0, has_year_zero=False)
 cftime.DatetimeGregorian(2012, 10, 18, 18, 0, 0, 0, has_year_zero=False)
 cftime.DatetimeGregorian(2012, 10, 19, 0, 0, 0, 0, has_year_zero=False)]' standard_names='['air_potential_temperature', 'air_pressure', 'air_temperature', 'eastward_wind', 'ertel_potential_vorticity', 'geopotential_height', 'northward_wind', 'specific_humidity', 'lagrangian_tendency_of_air_pressure', 'divergence_of_wind', 'mass_fraction_of_ozone_in_air', 'mole_fraction_of_ozone_in_air', 'equivalent_latitude', 'number_of_wcb_trajectories', 'number_of_insitu_trajectories', 'number_of_mix_trajectories']'
2025-03-30 20:09:00 INFO Opening candidate '20121017_12_ecmwf_forecast.PVU.EUR_LL015.036.pv.nc'
2025-03-30 20:09:00 INFO File '20121017_12_ecmwf_forecast.PVU.EUR_LL015.036.pv.nc' identified as 'pv' type
2025-03-30 20:09:00 INFO Found init time '2012-10-17 12:00:00', 7 valid_times and 3 standard_names
2025-03-30 20:09:00 DEBUG valid_times='[cftime.DatetimeGregorian(2012, 10, 17, 12, 0, 0, 0, has_year_zero=False)
 cftime.DatetimeGregorian(2012, 10, 17, 18, 0, 0, 0, has_year_zero=False)
 cftime.DatetimeGregorian(2012, 10, 18, 0, 0, 0, 0, has_year_zero=False)
 cftime.DatetimeGregorian(2012, 10, 18, 6, 0, 0, 0, has_year_zero=False)
 cftime.DatetimeGregorian(2012, 10, 18, 12, 0, 0, 0, has_year_zero=False)
 cftime.DatetimeGregorian(2012, 10, 18, 18, 0, 0, 0, has_year_zero=False)
 cftime.DatetimeGregorian(2012, 10, 19, 0, 0, 0, 0, has_year_zero=False)]' standard_names='['air_potential_temperature', 'geopotential_height', 'air_pressure']'
2025-03-30 20:09:00 INFO Opening candidate '20121017_12_ecmwf_forecast.PV_derived.EUR_LL015.036.ml.nc'
2025-03-30 20:09:00 INFO File '20121017_12_ecmwf_forecast.PV_derived.EUR_LL015.036.ml.nc' identified as 'ml' type
2025-03-30 20:09:00 INFO Found init time '2012-10-17 12:00:00', 7 valid_times and 1 standard_names
2025-03-30 20:09:00 DEBUG valid_times='[cftime.DatetimeGregorian(2012, 10, 17, 12, 0, 0, 0, has_year_zero=False)
 cftime.DatetimeGregorian(2012, 10, 17, 18, 0, 0, 0, has_year_zero=False)
 cftime.DatetimeGregorian(2012, 10, 18, 0, 0, 0, 0, has_year_zero=False)
 cftime.DatetimeGregorian(2012, 10, 18, 6, 0, 0, 0, has_year_zero=False)
 cftime.DatetimeGregorian(2012, 10, 18, 12, 0, 0, 0, has_year_zero=False)
 cftime.DatetimeGregorian(2012, 10, 18, 18, 0, 0, 0, has_year_zero=False)
 cftime.DatetimeGregorian(2012, 10, 19, 0, 0, 0, 0, has_year_zero=False)]' standard_names='['ertel_potential_vorticity']'
2025-03-30 20:09:00 INFO Opening candidate '20121017_12_ecmwf_forecast.P_derived.EUR_LL015.036.ml.nc'
2025-03-30 20:09:00 INFO File '20121017_12_ecmwf_forecast.P_derived.EUR_LL015.036.ml.nc' identified as 'ml' type
2025-03-30 20:09:00 INFO Found init time '2012-10-17 12:00:00', 7 valid_times and 1 standard_names
2025-03-30 20:09:00 DEBUG valid_times='[cftime.DatetimeGregorian(2012, 10, 17, 12, 0, 0, 0, has_year_zero=False)
 cftime.DatetimeGregorian(2012, 10, 17, 18, 0, 0, 0, has_year_zero=False)
 cftime.DatetimeGregorian(2012, 10, 18, 0, 0, 0, 0, has_year_zero=False)
 cftime.DatetimeGregorian(2012, 10, 18, 6, 0, 0, 0, has_year_zero=False)
 cftime.DatetimeGregorian(2012, 10, 18, 12, 0, 0, 0, has_year_zero=False)
 cftime.DatetimeGregorian(2012, 10, 18, 18, 0, 0, 0, has_year_zero=False)
 cftime.DatetimeGregorian(2012, 10, 19, 0, 0, 0, 0, has_year_zero=False)]' standard_names='['air_pressure']'
2025-03-30 20:09:00 INFO Opening candidate '20121017_12_ecmwf_forecast.ProbWCB_LAGRANTO_derived.EUR_LL015.036.ml.nc'
2025-03-30 20:09:00 INFO File '20121017_12_ecmwf_forecast.ProbWCB_LAGRANTO_derived.EUR_LL015.036.ml.nc' identified as 'ml' type
2025-03-30 20:09:00 INFO Found init time '2012-10-17 12:00:00', 7 valid_times and 1 standard_names
2025-03-30 20:09:00 DEBUG valid_times='[cftime.DatetimeGregorian(2012, 10, 17, 12, 0, 0, 0, has_year_zero=False)
 cftime.DatetimeGregorian(2012, 10, 17, 18, 0, 0, 0, has_year_zero=False)
 cftime.DatetimeGregorian(2012, 10, 18, 0, 0, 0, 0, has_year_zero=False)
 cftime.DatetimeGregorian(2012, 10, 18, 6, 0, 0, 0, has_year_zero=False)
 cftime.DatetimeGregorian(2012, 10, 18, 12, 0, 0, 0, has_year_zero=False)
 cftime.DatetimeGregorian(2012, 10, 18, 18, 0, 0, 0, has_year_zero=False)
 cftime.DatetimeGregorian(2012, 10, 19, 0, 0, 0, 0, has_year_zero=False)]' standard_names='['probability_of_wcb_occurrence']'
2025-03-30 20:09:00 INFO Opening candidate '20121017_12_ecmwf_forecast.ProbWCB_LAGRANTO_derived.EUR_LL015.036.sfc.nc'
2025-03-30 20:09:00 INFO File '20121017_12_ecmwf_forecast.ProbWCB_LAGRANTO_derived.EUR_LL015.036.sfc.nc' identified as 'sfc' type
2025-03-30 20:09:00 INFO Found init time '2012-10-17 12:00:00', 7 valid_times and 1 standard_names
2025-03-30 20:09:00 DEBUG valid_times='[cftime.DatetimeGregorian(2012, 10, 17, 12, 0, 0, 0, has_year_zero=False)
 cftime.DatetimeGregorian(2012, 10, 17, 18, 0, 0, 0, has_year_zero=False)
 cftime.DatetimeGregorian(2012, 10, 18, 0, 0, 0, 0, has_year_zero=False)
 cftime.DatetimeGregorian(2012, 10, 18, 6, 0, 0, 0, has_year_zero=False)
 cftime.DatetimeGregorian(2012, 10, 18, 12, 0, 0, 0, has_year_zero=False)
 cftime.DatetimeGregorian(2012, 10, 18, 18, 0, 0, 0, has_year_zero=False)
 cftime.DatetimeGregorian(2012, 10, 19, 0, 0, 0, 0, has_year_zero=False)]' standard_names='['vertically_integrated_probability_of_wcb_occurrence']'
2025-03-30 20:09:00 INFO Opening candidate '20121017_12_ecmwf_forecast.Q.EUR_LL015.036.ml.nc'
2025-03-30 20:09:00 INFO File '20121017_12_ecmwf_forecast.Q.EUR_LL015.036.ml.nc' identified as 'ml' type
2025-03-30 20:09:00 INFO Found init time '2012-10-17 12:00:00', 7 valid_times and 1 standard_names
2025-03-30 20:09:00 DEBUG valid_times='[cftime.DatetimeGregorian(2012, 10, 17, 12, 0, 0, 0, has_year_zero=False)
 cftime.DatetimeGregorian(2012, 10, 17, 18, 0, 0, 0, has_year_zero=False)
 cftime.DatetimeGregorian(2012, 10, 18, 0, 0, 0, 0, has_year_zero=False)
 cftime.DatetimeGregorian(2012, 10, 18, 6, 0, 0, 0, has_year_zero=False)
 cftime.DatetimeGregorian(2012, 10, 18, 12, 0, 0, 0, has_year_zero=False)
 cftime.DatetimeGregorian(2012, 10, 18, 18, 0, 0, 0, has_year_zero=False)
 cftime.DatetimeGregorian(2012, 10, 19, 0, 0, 0, 0, has_year_zero=False)]' standard_names='['specific_humidity']'
2025-03-30 20:09:00 INFO Opening candidate '20121017_12_ecmwf_forecast.SEA.EUR_LL015.036.sfc.nc'
2025-03-30 20:09:00 INFO File '20121017_12_ecmwf_forecast.SEA.EUR_LL015.036.sfc.nc' identified as 'sfc' type
2025-03-30 20:09:00 INFO Found init time '2012-10-17 12:00:00', 7 valid_times and 1 standard_names
2025-03-30 20:09:00 DEBUG valid_times='[cftime.DatetimeGregorian(2012, 10, 17, 12, 0, 0, 0, has_year_zero=False)
 cftime.DatetimeGregorian(2012, 10, 17, 18, 0, 0, 0, has_year_zero=False)
 cftime.DatetimeGregorian(2012, 10, 18, 0, 0, 0, 0, has_year_zero=False)
 cftime.DatetimeGregorian(2012, 10, 18, 6, 0, 0, 0, has_year_zero=False)
 cftime.DatetimeGregorian(2012, 10, 18, 12, 0, 0, 0, has_year_zero=False)
 cftime.DatetimeGregorian(2012, 10, 18, 18, 0, 0, 0, has_year_zero=False)
 cftime.DatetimeGregorian(2012, 10, 19, 0, 0, 0, 0, has_year_zero=False)]' standard_names='['solar_elevation_angle']'
2025-03-30 20:09:00 INFO Opening candidate '20121017_12_ecmwf_forecast.SFC.EUR_LL015.036.sfc.nc'
2025-03-30 20:09:00 INFO File '20121017_12_ecmwf_forecast.SFC.EUR_LL015.036.sfc.nc' identified as 'sfc' type
2025-03-30 20:09:00 INFO Found init time '2012-10-17 12:00:00', 7 valid_times and 15 standard_names
2025-03-30 20:09:00 DEBUG valid_times='[cftime.DatetimeGregorian(2012, 10, 17, 12, 0, 0, 0, has_year_zero=False)
 cftime.DatetimeGregorian(2012, 10, 17, 18, 0, 0, 0, has_year_zero=False)
 cftime.DatetimeGregorian(2012, 10, 18, 0, 0, 0, 0, has_year_zero=False)
 cftime.DatetimeGregorian(2012, 10, 18, 6, 0, 0, 0, has_year_zero=False)
 cftime.DatetimeGregorian(2012, 10, 18, 12, 0, 0, 0, has_year_zero=False)
 cftime.DatetimeGregorian(2012, 10, 18, 18, 0, 0, 0, has_year_zero=False)
 cftime.DatetimeGregorian(2012, 10, 19, 0, 0, 0, 0, has_year_zero=False)]' standard_names='['surface_geopotential', 'air_pressure_at_sea_level', 'total_cloud_cover', 'land_binary_mask', 'low_cloud_area_fraction', 'medium_cloud_area_fraction', 'high_cloud_area_fraction', 'surface_eastward_wind', 'surface_northward_wind', 'sea_ice_area_fraction', 'msg_brightness_temperature_108', 'atmosphere_boundary_layer_thickness', 'emac_column_density', 'tropopause_altitude', 'secondary_tropopause_altitude']'
2025-03-30 20:09:00 INFO Opening candidate '20121017_12_ecmwf_forecast.T.EUR_LL015.036.ml.nc'
2025-03-30 20:09:00 INFO File '20121017_12_ecmwf_forecast.T.EUR_LL015.036.ml.nc' identified as 'ml' type
2025-03-30 20:09:00 INFO Found init time '2012-10-17 12:00:00', 7 valid_times and 1 standard_names
2025-03-30 20:09:00 DEBUG valid_times='[cftime.DatetimeGregorian(2012, 10, 17, 12, 0, 0, 0, has_year_zero=False)
 cftime.DatetimeGregorian(2012, 10, 17, 18, 0, 0, 0, has_year_zero=False)
 cftime.DatetimeGregorian(2012, 10, 18, 0, 0, 0, 0, has_year_zero=False)
 cftime.DatetimeGregorian(2012, 10, 18, 6, 0, 0, 0, has_year_zero=False)
 cftime.DatetimeGregorian(2012, 10, 18, 12, 0, 0, 0, has_year_zero=False)
 cftime.DatetimeGregorian(2012, 10, 18, 18, 0, 0, 0, has_year_zero=False)
 cftime.DatetimeGregorian(2012, 10, 19, 0, 0, 0, 0, has_year_zero=False)]' standard_names='['air_temperature']'
2025-03-30 20:09:00 INFO Opening candidate '20121017_12_ecmwf_forecast.THETA.EUR_LL015.036.ml.nc'
2025-03-30 20:09:00 INFO File '20121017_12_ecmwf_forecast.THETA.EUR_LL015.036.ml.nc' identified as 'ml' type
2025-03-30 20:09:00 INFO Found init time '2012-10-17 12:00:00', 7 valid_times and 1 standard_names
2025-03-30 20:09:00 DEBUG valid_times='[cftime.DatetimeGregorian(2012, 10, 17, 12, 0, 0, 0, has_year_zero=False)
 cftime.DatetimeGregorian(2012, 10, 17, 18, 0, 0, 0, has_year_zero=False)
 cftime.DatetimeGregorian(2012, 10, 18, 0, 0, 0, 0, has_year_zero=False)
 cftime.DatetimeGregorian(2012, 10, 18, 6, 0, 0, 0, has_year_zero=False)
 cftime.DatetimeGregorian(2012, 10, 18, 12, 0, 0, 0, has_year_zero=False)
 cftime.DatetimeGregorian(2012, 10, 18, 18, 0, 0, 0, has_year_zero=False)
 cftime.DatetimeGregorian(2012, 10, 19, 0, 0, 0, 0, has_year_zero=False)]' standard_names='['air_potential_temperature']'
2025-03-30 20:09:00 INFO Opening candidate '20121017_12_ecmwf_forecast.THETA_LEVELS.EUR_LL015.036.tl.nc'
2025-03-30 20:09:00 INFO File '20121017_12_ecmwf_forecast.THETA_LEVELS.EUR_LL015.036.tl.nc' identified as 'tl' type
2025-03-30 20:09:00 INFO Found init time '2012-10-17 12:00:00', 7 valid_times and 3 standard_names
2025-03-30 20:09:00 DEBUG valid_times='[cftime.DatetimeGregorian(2012, 10, 17, 12, 0, 0, 0, has_year_zero=False)
 cftime.DatetimeGregorian(2012, 10, 17, 18, 0, 0, 0, has_year_zero=False)
 cftime.DatetimeGregorian(2012, 10, 18, 0, 0, 0, 0, has_year_zero=False)
 cftime.DatetimeGregorian(2012, 10, 18, 6, 0, 0, 0, has_year_zero=False)
 cftime.DatetimeGregorian(2012, 10, 18, 12, 0, 0, 0, has_year_zero=False)
 cftime.DatetimeGregorian(2012, 10, 18, 18, 0, 0, 0, has_year_zero=False)
 cftime.DatetimeGregorian(2012, 10, 19, 0, 0, 0, 0, has_year_zero=False)]' standard_names='['air_pressure', 'ertel_potential_vorticity', 'mole_fraction_of_ozone_in_air']'
2025-03-30 20:09:00 INFO Opening candidate '20121017_12_ecmwf_forecast.U.EUR_LL015.036.ml.nc'
2025-03-30 20:09:00 INFO File '20121017_12_ecmwf_forecast.U.EUR_LL015.036.ml.nc' identified as 'ml' type
2025-03-30 20:09:00 INFO Found init time '2012-10-17 12:00:00', 7 valid_times and 1 standard_names
2025-03-30 20:09:00 DEBUG valid_times='[cftime.DatetimeGregorian(2012, 10, 17, 12, 0, 0, 0, has_year_zero=False)
 cftime.DatetimeGregorian(2012, 10, 17, 18, 0, 0, 0, has_year_zero=False)
 cftime.DatetimeGregorian(2012, 10, 18, 0, 0, 0, 0, has_year_zero=False)
 cftime.DatetimeGregorian(2012, 10, 18, 6, 0, 0, 0, has_year_zero=False)
 cftime.DatetimeGregorian(2012, 10, 18, 12, 0, 0, 0, has_year_zero=False)
 cftime.DatetimeGregorian(2012, 10, 18, 18, 0, 0, 0, has_year_zero=False)
 cftime.DatetimeGregorian(2012, 10, 19, 0, 0, 0, 0, has_year_zero=False)]' standard_names='['eastward_wind']'
2025-03-30 20:09:00 INFO Opening candidate '20121017_12_ecmwf_forecast.V.EUR_LL015.036.ml.nc'
2025-03-30 20:09:00 INFO File '20121017_12_ecmwf_forecast.V.EUR_LL015.036.ml.nc' identified as 'ml' type
2025-03-30 20:09:00 INFO Found init time '2012-10-17 12:00:00', 7 valid_times and 1 standard_names
2025-03-30 20:09:00 DEBUG valid_times='[cftime.DatetimeGregorian(2012, 10, 17, 12, 0, 0, 0, has_year_zero=False)
 cftime.DatetimeGregorian(2012, 10, 17, 18, 0, 0, 0, has_year_zero=False)
 cftime.DatetimeGregorian(2012, 10, 18, 0, 0, 0, 0, has_year_zero=False)
 cftime.DatetimeGregorian(2012, 10, 18, 6, 0, 0, 0, has_year_zero=False)
 cftime.DatetimeGregorian(2012, 10, 18, 12, 0, 0, 0, has_year_zero=False)
 cftime.DatetimeGregorian(2012, 10, 18, 18, 0, 0, 0, has_year_zero=False)
 cftime.DatetimeGregorian(2012, 10, 19, 0, 0, 0, 0, has_year_zero=False)]' standard_names='['northward_wind']'
2025-03-30 20:09:00 INFO Opening candidate '20121017_12_ecmwf_forecast.W.EUR_LL015.036.ml.nc'
2025-03-30 20:09:00 INFO File '20121017_12_ecmwf_forecast.W.EUR_LL015.036.ml.nc' identified as 'ml' type
2025-03-30 20:09:00 INFO Found init time '2012-10-17 12:00:00', 7 valid_times and 1 standard_names
2025-03-30 20:09:00 DEBUG valid_times='[cftime.DatetimeGregorian(2012, 10, 17, 12, 0, 0, 0, has_year_zero=False)
 cftime.DatetimeGregorian(2012, 10, 17, 18, 0, 0, 0, has_year_zero=False)
 cftime.DatetimeGregorian(2012, 10, 18, 0, 0, 0, 0, has_year_zero=False)
 cftime.DatetimeGregorian(2012, 10, 18, 6, 0, 0, 0, has_year_zero=False)
 cftime.DatetimeGregorian(2012, 10, 18, 12, 0, 0, 0, has_year_zero=False)
 cftime.DatetimeGregorian(2012, 10, 18, 18, 0, 0, 0, has_year_zero=False)
 cftime.DatetimeGregorian(2012, 10, 19, 0, 0, 0, 0, has_year_zero=False)]' standard_names='['lagrangian_tendency_of_air_pressure']'
2025-03-30 20:09:00 DEBUG server-url 'http://127.0.0.1:37621/'
2025-03-30 20:09:00 DEBUG checking vertical dimensions for layer 'PLTemp01'.
2025-03-30 20:09:00 DEBUG checking vertical dimensions for layer 'PLTemp01'.
2025-03-30 20:09:00 DEBUG checking vertical dimensions for layer 'PLGeopWind'.
2025-03-30 20:09:00 DEBUG checking vertical dimensions for layer 'PLGeopWind'.
2025-03-30 20:09:00 DEBUG checking vertical dimensions for layer 'PLRelHum01'.
2025-03-30 20:09:00 DEBUG checking vertical dimensions for layer 'PLRelHum01'.
2025-03-30 20:09:00 DEBUG checking vertical dimensions for layer 'PLEQPT01'.
2025-03-30 20:09:00 DEBUG checking vertical dimensions for layer 'PLEQPT01'.
2025-03-30 20:09:00 DEBUG checking vertical dimensions for layer 'PLW01'.
2025-03-30 20:09:00 DEBUG checking vertical dimensions for layer 'PLW01'.
2025-03-30 20:09:00 DEBUG checking vertical dimensions for layer 'PLDiv01'.
2025-03-30 20:09:00 DEBUG checking vertical dimensions for layer 'PLDiv01'.
2025-03-30 20:09:00 INFO Files identified for domain 'EUR_LL015': ['20121017_12_ecmwf_forecast.ALTITUDE_LEVELS.EUR_LL015.036.al.nc', '20121017_12_ecmwf_forecast.CC.EUR_LL015.036.ml.nc', '20121017_12_ecmwf_forecast.CIWC.EUR_LL015.036.ml.nc', '20121017_12_ecmwf_forecast.CLWC.EUR_LL015.036.ml.nc', '20121017_12_ecmwf_forecast.DIV.EUR_LL015.036.ml.nc', '20121017_12_ecmwf_forecast.EMAC.EUR_LL015.036.ml.nc', '20121017_12_ecmwf_forecast.GPH.EUR_LL015.036.ml.nc', '20121017_12_ecmwf_forecast.O3.EUR_LL015.036.ml.nc', '20121017_12_ecmwf_forecast.PRESSURE_LEVELS.EUR_LL015.036.pl.nc', '20121017_12_ecmwf_forecast.PVU.EUR_LL015.036.pv.nc', '20121017_12_ecmwf_forecast.PV_derived.EUR_LL015.036.ml.nc', '20121017_12_ecmwf_forecast.P_derived.EUR_LL015.036.ml.nc', '20121017_12_ecmwf_forecast.ProbWCB_LAGRANTO_derived.EUR_LL015.036.ml.nc', '20121017_12_ecmwf_forecast.ProbWCB_LAGRANTO_derived.EUR_LL015.036.sfc.nc', '20121017_12_ecmwf_forecast.Q.EUR_LL015.036.ml.nc', '20121017_12_ecmwf_forecast.SEA.EUR_LL015.036.sfc.nc', '20121017_12_ecmwf_forecast.SFC.EUR_LL015.036.sfc.nc', '20121017_12_ecmwf_forecast.T.EUR_LL015.036.ml.nc', '20121017_12_ecmwf_forecast.THETA.EUR_LL015.036.ml.nc', '20121017_12_ecmwf_forecast.THETA_LEVELS.EUR_LL015.036.tl.nc', '20121017_12_ecmwf_forecast.U.EUR_LL015.036.ml.nc', '20121017_12_ecmwf_forecast.V.EUR_LL015.036.ml.nc', '20121017_12_ecmwf_forecast.W.EUR_LL015.036.ml.nc']
2025-03-30 20:09:00 INFO Using cached candidate '20121017_12_ecmwf_forecast.ALTITUDE_LEVELS.EUR_LL015.036.al.nc'
2025-03-30 20:09:00 INFO File '20121017_12_ecmwf_forecast.ALTITUDE_LEVELS.EUR_LL015.036.al.nc' identified as 'al' type
2025-03-30 20:09:00 INFO Found init time '2012-10-17 12:00:00', 7 valid_times and 3 standard_names
2025-03-30 20:09:00 DEBUG valid_times='[cftime.DatetimeGregorian(2012, 10, 17, 12, 0, 0, 0, has_year_zero=False)
 cftime.DatetimeGregorian(2012, 10, 17, 18, 0, 0, 0, has_year_zero=False)
 cftime.DatetimeGregorian(2012, 10, 18, 0, 0, 0, 0, has_year_zero=False)
 cftime.DatetimeGregorian(2012, 10, 18, 6, 0, 0, 0, has_year_zero=False)
 cftime.DatetimeGregorian(2012, 10, 18, 12, 0, 0, 0, has_year_zero=False)
 cftime.DatetimeGregorian(2012, 10, 18, 18, 0, 0, 0, has_year_zero=False)
 cftime.DatetimeGregorian(2012, 10, 19, 0, 0, 0, 0, has_year_zero=False)]' standard_names='['air_pressure', 'ertel_potential_vorticity', 'mole_fraction_of_ozone_in_air']'
2025-03-30 20:09:00 INFO Using cached candidate '20121017_12_ecmwf_forecast.CC.EUR_LL015.036.ml.nc'
2025-03-30 20:09:00 INFO File '20121017_12_ecmwf_forecast.CC.EUR_LL015.036.ml.nc' identified as 'ml' type
2025-03-30 20:09:00 INFO Found init time '2012-10-17 12:00:00', 7 valid_times and 1 standard_names
2025-03-30 20:09:00 DEBUG valid_times='[cftime.DatetimeGregorian(2012, 10, 17, 12, 0, 0, 0, has_year_zero=False)
 cftime.DatetimeGregorian(2012, 10, 17, 18, 0, 0, 0, has_year_zero=False)
 cftime.DatetimeGregorian(2012, 10, 18, 0, 0, 0, 0, has_year_zero=False)
 cftime.DatetimeGregorian(2012, 10, 18, 6, 0, 0, 0, has_year_zero=False)
 cftime.DatetimeGregorian(2012, 10, 18, 12, 0, 0, 0, has_year_zero=False)
 cftime.DatetimeGregorian(2012, 10, 18, 18, 0, 0, 0, has_year_zero=False)
 cftime.DatetimeGregorian(2012, 10, 19, 0, 0, 0, 0, has_year_zero=False)]' standard_names='['cloud_area_fraction_in_atmosphere_layer']'
2025-03-30 20:09:00 INFO Using cached candidate '20121017_12_ecmwf_forecast.CIWC.EUR_LL015.036.ml.nc'
2025-03-30 20:09:00 INFO File '20121017_12_ecmwf_forecast.CIWC.EUR_LL015.036.ml.nc' identified as 'ml' type
2025-03-30 20:09:00 INFO Found init time '2012-10-17 12:00:00', 7 valid_times and 1 standard_names
2025-03-30 20:09:00 DEBUG valid_times='[cftime.DatetimeGregorian(2012, 10, 17, 12, 0, 0, 0, has_year_zero=False)
 cftime.DatetimeGregorian(2012, 10, 17, 18, 0, 0, 0, has_year_zero=False)
 cftime.DatetimeGregorian(2012, 10, 18, 0, 0, 0, 0, has_year_zero=False)
 cftime.DatetimeGregorian(2012, 10, 18, 6, 0, 0, 0, has_year_zero=False)
 cftime.DatetimeGregorian(2012, 10, 18, 12, 0, 0, 0, has_year_zero=False)
 cftime.DatetimeGregorian(2012, 10, 18, 18, 0, 0, 0, has_year_zero=False)
 cftime.DatetimeGregorian(2012, 10, 19, 0, 0, 0, 0, has_year_zero=False)]' standard_names='['specific_cloud_ice_water_content']'
2025-03-30 20:09:00 INFO Using cached candidate '20121017_12_ecmwf_forecast.CLWC.EUR_LL015.036.ml.nc'
2025-03-30 20:09:00 INFO File '20121017_12_ecmwf_forecast.CLWC.EUR_LL015.036.ml.nc' identified as 'ml' type
2025-03-30 20:09:00 INFO Found init time '2012-10-17 12:00:00', 7 valid_times and 1 standard_names
2025-03-30 20:09:00 DEBUG valid_times='[cftime.DatetimeGregorian(2012, 10, 17, 12, 0, 0, 0, has_year_zero=False)
 cftime.DatetimeGregorian(2012, 10, 17, 18, 0, 0, 0, has_year_zero=False)
 cftime.DatetimeGregorian(2012, 10, 18, 0, 0, 0, 0, has_year_zero=False)
 cftime.DatetimeGregorian(2012, 10, 18, 6, 0, 0, 0, has_year_zero=False)
 cftime.DatetimeGregorian(2012, 10, 18, 12, 0, 0, 0, has_year_zero=False)
 cftime.DatetimeGregorian(2012, 10, 18, 18, 0, 0, 0, has_year_zero=False)
 cftime.DatetimeGregorian(2012, 10, 19, 0, 0, 0, 0, has_year_zero=False)]' standard_names='['specific_cloud_liquid_water_content']'
2025-03-30 20:09:00 INFO Using cached candidate '20121017_12_ecmwf_forecast.DIV.EUR_LL015.036.ml.nc'
2025-03-30 20:09:00 INFO File '20121017_12_ecmwf_forecast.DIV.EUR_LL015.036.ml.nc' identified as 'ml' type
2025-03-30 20:09:00 INFO Found init time '2012-10-17 12:00:00', 7 valid_times and 1 standard_names
2025-03-30 20:09:00 DEBUG valid_times='[cftime.DatetimeGregorian(2012, 10, 17, 12, 0, 0, 0, has_year_zero=False)
 cftime.DatetimeGregorian(2012, 10, 17, 18, 0, 0, 0, has_year_zero=False)
 cftime.DatetimeGregorian(2012, 10, 18, 0, 0, 0, 0, has_year_zero=False)
 cftime.DatetimeGregorian(2012, 10, 18, 6, 0, 0, 0, has_year_zero=False)
 cftime.DatetimeGregorian(2012, 10, 18, 12, 0, 0, 0, has_year_zero=False)
 cftime.DatetimeGregorian(2012, 10, 18, 18, 0, 0, 0, has_year_zero=False)
 cftime.DatetimeGregorian(2012, 10, 19, 0, 0, 0, 0, has_year_zero=False)]' standard_names='['divergence_of_wind']'
2025-03-30 20:09:00 INFO Using cached candidate '20121017_12_ecmwf_forecast.EMAC.EUR_LL015.036.ml.nc'
2025-03-30 20:09:00 INFO File '20121017_12_ecmwf_forecast.EMAC.EUR_LL015.036.ml.nc' identified as 'ml' type
2025-03-30 20:09:00 INFO Found init time '2012-10-17 12:00:00', 7 valid_times and 1 standard_names
2025-03-30 20:09:00 DEBUG valid_times='[cftime.DatetimeGregorian(2012, 10, 17, 12, 0, 0, 0, has_year_zero=False)
 cftime.DatetimeGregorian(2012, 10, 17, 18, 0, 0, 0, has_year_zero=False)
 cftime.DatetimeGregorian(2012, 10, 18, 0, 0, 0, 0, has_year_zero=False)
 cftime.DatetimeGregorian(2012, 10, 18, 6, 0, 0, 0, has_year_zero=False)
 cftime.DatetimeGregorian(2012, 10, 18, 12, 0, 0, 0, has_year_zero=False)
 cftime.DatetimeGregorian(2012, 10, 18, 18, 0, 0, 0, has_year_zero=False)
 cftime.DatetimeGregorian(2012, 10, 19, 0, 0, 0, 0, has_year_zero=False)]' standard_names='['emac_R12']'
2025-03-30 20:09:00 INFO Using cached candidate '20121017_12_ecmwf_forecast.GPH.EUR_LL015.036.ml.nc'
2025-03-30 20:09:00 INFO File '20121017_12_ecmwf_forecast.GPH.EUR_LL015.036.ml.nc' identified as 'ml' type
2025-03-30 20:09:00 INFO Found init time '2012-10-17 12:00:00', 7 valid_times and 1 standard_names
2025-03-30 20:09:00 DEBUG valid_times='[cftime.DatetimeGregorian(2012, 10, 17, 12, 0, 0, 0, has_year_zero=False)
 cftime.DatetimeGregorian(2012, 10, 17, 18, 0, 0, 0, has_year_zero=False)
 cftime.DatetimeGregorian(2012, 10, 18, 0, 0, 0, 0, has_year_zero=False)
 cftime.DatetimeGregorian(2012, 10, 18, 6, 0, 0, 0, has_year_zero=False)
 cftime.DatetimeGregorian(2012, 10, 18, 12, 0, 0, 0, has_year_zero=False)
 cftime.DatetimeGregorian(2012, 10, 18, 18, 0, 0, 0, has_year_zero=False)
 cftime.DatetimeGregorian(2012, 10, 19, 0, 0, 0, 0, has_year_zero=False)]' standard_names='['geopotential_height']'
2025-03-30 20:09:00 INFO Using cached candidate '20121017_12_ecmwf_forecast.O3.EUR_LL015.036.ml.nc'
2025-03-30 20:09:00 INFO File '20121017_12_ecmwf_forecast.O3.EUR_LL015.036.ml.nc' identified as 'ml' type
2025-03-30 20:09:00 INFO Found init time '2012-10-17 12:00:00', 7 valid_times and 1 standard_names
2025-03-30 20:09:00 DEBUG valid_times='[cftime.DatetimeGregorian(2012, 10, 17, 12, 0, 0, 0, has_year_zero=False)
 cftime.DatetimeGregorian(2012, 10, 17, 18, 0, 0, 0, has_year_zero=False)
 cftime.DatetimeGregorian(2012, 10, 18, 0, 0, 0, 0, has_year_zero=False)
 cftime.DatetimeGregorian(2012, 10, 18, 6, 0, 0, 0, has_year_zero=False)
 cftime.DatetimeGregorian(2012, 10, 18, 12, 0, 0, 0, has_year_zero=False)
 cftime.DatetimeGregorian(2012, 10, 18, 18, 0, 0, 0, has_year_zero=False)
 cftime.DatetimeGregorian(2012, 10, 19, 0, 0, 0, 0, has_year_zero=False)]' standard_names='['mole_fraction_of_ozone_in_air']'
2025-03-30 20:09:00 INFO Using cached candidate '20121017_12_ecmwf_forecast.PRESSURE_LEVELS.EUR_LL015.036.pl.nc'
2025-03-30 20:09:00 INFO File '20121017_12_ecmwf_forecast.PRESSURE_LEVELS.EUR_LL015.036.pl.nc' identified as 'pl' type
2025-03-30 20:09:00 INFO Found init time '2012-10-17 12:00:00', 7 valid_times and 16 standard_names
2025-03-30 20:09:00 DEBUG valid_times='[cftime.DatetimeGregorian(2012, 10, 17, 12, 0, 0, 0, has_year_zero=False)
 cftime.DatetimeGregorian(2012, 10, 17, 18, 0, 0, 0, has_year_zero=False)
 cftime.DatetimeGregorian(2012, 10, 18, 0, 0, 0, 0, has_year_zero=False)
 cftime.DatetimeGregorian(2012, 10, 18, 6, 0, 0, 0, has_year_zero=False)
 cftime.DatetimeGregorian(2012, 10, 18, 12, 0, 0, 0, has_year_zero=False)
 cftime.DatetimeGregorian(2012, 10, 18, 18, 0, 0, 0, has_year_zero=False)
 cftime.DatetimeGregorian(2012, 10, 19, 0, 0, 0, 0, has_year_zero=False)]' standard_names='['air_potential_temperature', 'air_pressure', 'air_temperature', 'eastward_wind', 'ertel_potential_vorticity', 'geopotential_height', 'northward_wind', 'specific_humidity', 'lagrangian_tendency_of_air_pressure', 'divergence_of_wind', 'mass_fraction_of_ozone_in_air', 'mole_fraction_of_ozone_in_air', 'equivalent_latitude', 'number_of_wcb_trajectories', 'number_of_insitu_trajectories', 'number_of_mix_trajectories']'
2025-03-30 20:09:00 INFO Using cached candidate '20121017_12_ecmwf_forecast.PVU.EUR_LL015.036.pv.nc'
2025-03-30 20:09:00 INFO File '20121017_12_ecmwf_forecast.PVU.EUR_LL015.036.pv.nc' identified as 'pv' type
2025-03-30 20:09:00 INFO Found init time '2012-10-17 12:00:00', 7 valid_times and 3 standard_names
2025-03-30 20:09:00 DEBUG valid_times='[cftime.DatetimeGregorian(2012, 10, 17, 12, 0, 0, 0, has_year_zero=False)
 cftime.DatetimeGregorian(2012, 10, 17, 18, 0, 0, 0, has_year_zero=False)
 cftime.DatetimeGregorian(2012, 10, 18, 0, 0, 0, 0, has_year_zero=False)
 cftime.DatetimeGregorian(2012, 10, 18, 6, 0, 0, 0, has_year_zero=False)
 cftime.DatetimeGregorian(2012, 10, 18, 12, 0, 0, 0, has_year_zero=False)
 cftime.DatetimeGregorian(2012, 10, 18, 18, 0, 0, 0, has_year_zero=False)
 cftime.DatetimeGregorian(2012, 10, 19, 0, 0, 0, 0, has_year_zero=False)]' standard_names='['air_potential_temperature', 'geopotential_height', 'air_pressure']'
2025-03-30 20:09:00 INFO Using cached candidate '20121017_12_ecmwf_forecast.PV_derived.EUR_LL015.036.ml.nc'
2025-03-30 20:09:00 INFO File '20121017_12_ecmwf_forecast.PV_derived.EUR_LL015.036.ml.nc' identified as 'ml' type
2025-03-30 20:09:00 INFO Found init time '2012-10-17 12:00:00', 7 valid_times and 1 standard_names
2025-03-30 20:09:00 DEBUG valid_times='[cftime.DatetimeGregorian(2012, 10, 17, 12, 0, 0, 0, has_year_zero=False)
 cftime.DatetimeGregorian(2012, 10, 17, 18, 0, 0, 0, has_year_zero=False)
 cftime.DatetimeGregorian(2012, 10, 18, 0, 0, 0, 0, has_year_zero=False)
 cftime.DatetimeGregorian(2012, 10, 18, 6, 0, 0, 0, has_year_zero=False)
 cftime.DatetimeGregorian(2012, 10, 18, 12, 0, 0, 0, has_year_zero=False)
 cftime.DatetimeGregorian(2012, 10, 18, 18, 0, 0, 0, has_year_zero=False)
 cftime.DatetimeGregorian(2012, 10, 19, 0, 0, 0, 0, has_year_zero=False)]' standard_names='['ertel_potential_vorticity']'
2025-03-30 20:09:00 INFO Using cached candidate '20121017_12_ecmwf_forecast.P_derived.EUR_LL015.036.ml.nc'
2025-03-30 20:09:00 INFO File '20121017_12_ecmwf_forecast.P_derived.EUR_LL015.036.ml.nc' identified as 'ml' type
2025-03-30 20:09:00 INFO Found init time '2012-10-17 12:00:00', 7 valid_times and 1 standard_names
2025-03-30 20:09:00 DEBUG valid_times='[cftime.DatetimeGregorian(2012, 10, 17, 12, 0, 0, 0, has_year_zero=False)
 cftime.DatetimeGregorian(2012, 10, 17, 18, 0, 0, 0, has_year_zero=False)
 cftime.DatetimeGregorian(2012, 10, 18, 0, 0, 0, 0, has_year_zero=False)
 cftime.DatetimeGregorian(2012, 10, 18, 6, 0, 0, 0, has_year_zero=False)
 cftime.DatetimeGregorian(2012, 10, 18, 12, 0, 0, 0, has_year_zero=False)
 cftime.DatetimeGregorian(2012, 10, 18, 18, 0, 0, 0, has_year_zero=False)
 cftime.DatetimeGregorian(2012, 10, 19, 0, 0, 0, 0, has_year_zero=False)]' standard_names='['air_pressure']'
2025-03-30 20:09:00 INFO Using cached candidate '20121017_12_ecmwf_forecast.ProbWCB_LAGRANTO_derived.EUR_LL015.036.ml.nc'
2025-03-30 20:09:00 INFO File '20121017_12_ecmwf_forecast.ProbWCB_LAGRANTO_derived.EUR_LL015.036.ml.nc' identified as 'ml' type
2025-03-30 20:09:00 INFO Found init time '2012-10-17 12:00:00', 7 valid_times and 1 standard_names
2025-03-30 20:09:00 DEBUG valid_times='[cftime.DatetimeGregorian(2012, 10, 17, 12, 0, 0, 0, has_year_zero=False)
 cftime.DatetimeGregorian(2012, 10, 17, 18, 0, 0, 0, has_year_zero=False)
 cftime.DatetimeGregorian(2012, 10, 18, 0, 0, 0, 0, has_year_zero=False)
 cftime.DatetimeGregorian(2012, 10, 18, 6, 0, 0, 0, has_year_zero=False)
 cftime.DatetimeGregorian(2012, 10, 18, 12, 0, 0, 0, has_year_zero=False)
 cftime.DatetimeGregorian(2012, 10, 18, 18, 0, 0, 0, has_year_zero=False)
 cftime.DatetimeGregorian(2012, 10, 19, 0, 0, 0, 0, has_year_zero=False)]' standard_names='['probability_of_wcb_occurrence']'
2025-03-30 20:09:00 INFO Using cached candidate '20121017_12_ecmwf_forecast.ProbWCB_LAGRANTO_derived.EUR_LL015.036.sfc.nc'
2025-03-30 20:09:00 INFO File '20121017_12_ecmwf_forecast.ProbWCB_LAGRANTO_derived.EUR_LL015.036.sfc.nc' identified as 'sfc' type
2025-03-30 20:09:00 INFO Found init time '2012-10-17 12:00:00', 7 valid_times and 1 standard_names
2025-03-30 20:09:00 DEBUG valid_times='[cftime.DatetimeGregorian(2012, 10, 17, 12, 0, 0, 0, has_year_zero=False)
 cftime.DatetimeGregorian(2012, 10, 17, 18, 0, 0, 0, has_year_zero=False)
 cftime.DatetimeGregorian(2012, 10, 18, 0, 0, 0, 0, has_year_zero=False)
 cftime.DatetimeGregorian(2012, 10, 18, 6, 0, 0, 0, has_year_zero=False)
 cftime.DatetimeGregorian(2012, 10, 18, 12, 0, 0, 0, has_year_zero=False)
 cftime.DatetimeGregorian(2012, 10, 18, 18, 0, 0, 0, has_year_zero=False)
 cftime.DatetimeGregorian(2012, 10, 19, 0, 0, 0, 0, has_year_zero=False)]' standard_names='['vertically_integrated_probability_of_wcb_occurrence']'
2025-03-30 20:09:00 INFO Using cached candidate '20121017_12_ecmwf_forecast.Q.EUR_LL015.036.ml.nc'
2025-03-30 20:09:00 INFO File '20121017_12_ecmwf_forecast.Q.EUR_LL015.036.ml.nc' identified as 'ml' type
2025-03-30 20:09:00 INFO Found init time '2012-10-17 12:00:00', 7 valid_times and 1 standard_names
2025-03-30 20:09:00 DEBUG valid_times='[cftime.DatetimeGregorian(2012, 10, 17, 12, 0, 0, 0, has_year_zero=False)
 cftime.DatetimeGregorian(2012, 10, 17, 18, 0, 0, 0, has_year_zero=False)
 cftime.DatetimeGregorian(2012, 10, 18, 0, 0, 0, 0, has_year_zero=False)
 cftime.DatetimeGregorian(2012, 10, 18, 6, 0, 0, 0, has_year_zero=False)
 cftime.DatetimeGregorian(2012, 10, 18, 12, 0, 0, 0, has_year_zero=False)
 cftime.DatetimeGregorian(2012, 10, 18, 18, 0, 0, 0, has_year_zero=False)
 cftime.DatetimeGregorian(2012, 10, 19, 0, 0, 0, 0, has_year_zero=False)]' standard_names='['specific_humidity']'
2025-03-30 20:09:00 INFO Using cached candidate '20121017_12_ecmwf_forecast.SEA.EUR_LL015.036.sfc.nc'
2025-03-30 20:09:00 INFO File '20121017_12_ecmwf_forecast.SEA.EUR_LL015.036.sfc.nc' identified as 'sfc' type
2025-03-30 20:09:00 INFO Found init time '2012-10-17 12:00:00', 7 valid_times and 1 standard_names
2025-03-30 20:09:00 DEBUG valid_times='[cftime.DatetimeGregorian(2012, 10, 17, 12, 0, 0, 0, has_year_zero=False)
 cftime.DatetimeGregorian(2012, 10, 17, 18, 0, 0, 0, has_year_zero=False)
 cftime.DatetimeGregorian(2012, 10, 18, 0, 0, 0, 0, has_year_zero=False)
 cftime.DatetimeGregorian(2012, 10, 18, 6, 0, 0, 0, has_year_zero=False)
 cftime.DatetimeGregorian(2012, 10, 18, 12, 0, 0, 0, has_year_zero=False)
 cftime.DatetimeGregorian(2012, 10, 18, 18, 0, 0, 0, has_year_zero=False)
 cftime.DatetimeGregorian(2012, 10, 19, 0, 0, 0, 0, has_year_zero=False)]' standard_names='['solar_elevation_angle']'
2025-03-30 20:09:00 INFO Using cached candidate '20121017_12_ecmwf_forecast.SFC.EUR_LL015.036.sfc.nc'
2025-03-30 20:09:00 INFO File '20121017_12_ecmwf_forecast.SFC.EUR_LL015.036.sfc.nc' identified as 'sfc' type
2025-03-30 20:09:00 INFO Found init time '2012-10-17 12:00:00', 7 valid_times and 15 standard_names
2025-03-30 20:09:00 DEBUG valid_times='[cftime.DatetimeGregorian(2012, 10, 17, 12, 0, 0, 0, has_year_zero=False)
 cftime.DatetimeGregorian(2012, 10, 17, 18, 0, 0, 0, has_year_zero=False)
 cftime.DatetimeGregorian(2012, 10, 18, 0, 0, 0, 0, has_year_zero=False)
 cftime.DatetimeGregorian(2012, 10, 18, 6, 0, 0, 0, has_year_zero=False)
 cftime.DatetimeGregorian(2012, 10, 18, 12, 0, 0, 0, has_year_zero=False)
 cftime.DatetimeGregorian(2012, 10, 18, 18, 0, 0, 0, has_year_zero=False)
 cftime.DatetimeGregorian(2012, 10, 19, 0, 0, 0, 0, has_year_zero=False)]' standard_names='['surface_geopotential', 'air_pressure_at_sea_level', 'total_cloud_cover', 'land_binary_mask', 'low_cloud_area_fraction', 'medium_cloud_area_fraction', 'high_cloud_area_fraction', 'surface_eastward_wind', 'surface_northward_wind', 'sea_ice_area_fraction', 'msg_brightness_temperature_108', 'atmosphere_boundary_layer_thickness', 'emac_column_density', 'tropopause_altitude', 'secondary_tropopause_altitude']'
2025-03-30 20:09:00 INFO Using cached candidate '20121017_12_ecmwf_forecast.T.EUR_LL015.036.ml.nc'
2025-03-30 20:09:00 INFO File '20121017_12_ecmwf_forecast.T.EUR_LL015.036.ml.nc' identified as 'ml' type
2025-03-30 20:09:00 INFO Found init time '2012-10-17 12:00:00', 7 valid_times and 1 standard_names
2025-03-30 20:09:00 DEBUG valid_times='[cftime.DatetimeGregorian(2012, 10, 17, 12, 0, 0, 0, has_year_zero=False)
 cftime.DatetimeGregorian(2012, 10, 17, 18, 0, 0, 0, has_year_zero=False)
 cftime.DatetimeGregorian(2012, 10, 18, 0, 0, 0, 0, has_year_zero=False)
 cftime.DatetimeGregorian(2012, 10, 18, 6, 0, 0, 0, has_year_zero=False)
 cftime.DatetimeGregorian(2012, 10, 18, 12, 0, 0, 0, has_year_zero=False)
 cftime.DatetimeGregorian(2012, 10, 18, 18, 0, 0, 0, has_year_zero=False)
 cftime.DatetimeGregorian(2012, 10, 19, 0, 0, 0, 0, has_year_zero=False)]' standard_names='['air_temperature']'
2025-03-30 20:09:00 INFO Using cached candidate '20121017_12_ecmwf_forecast.THETA.EUR_LL015.036.ml.nc'
2025-03-30 20:09:00 INFO File '20121017_12_ecmwf_forecast.THETA.EUR_LL015.036.ml.nc' identified as 'ml' type
2025-03-30 20:09:00 INFO Found init time '2012-10-17 12:00:00', 7 valid_times and 1 standard_names
2025-03-30 20:09:00 DEBUG valid_times='[cftime.DatetimeGregorian(2012, 10, 17, 12, 0, 0, 0, has_year_zero=False)
 cftime.DatetimeGregorian(2012, 10, 17, 18, 0, 0, 0, has_year_zero=False)
 cftime.DatetimeGregorian(2012, 10, 18, 0, 0, 0, 0, has_year_zero=False)
 cftime.DatetimeGregorian(2012, 10, 18, 6, 0, 0, 0, has_year_zero=False)
 cftime.DatetimeGregorian(2012, 10, 18, 12, 0, 0, 0, has_year_zero=False)
 cftime.DatetimeGregorian(2012, 10, 18, 18, 0, 0, 0, has_year_zero=False)
 cftime.DatetimeGregorian(2012, 10, 19, 0, 0, 0, 0, has_year_zero=False)]' standard_names='['air_potential_temperature']'
2025-03-30 20:09:00 INFO Using cached candidate '20121017_12_ecmwf_forecast.THETA_LEVELS.EUR_LL015.036.tl.nc'
2025-03-30 20:09:00 INFO File '20121017_12_ecmwf_forecast.THETA_LEVELS.EUR_LL015.036.tl.nc' identified as 'tl' type
2025-03-30 20:09:00 INFO Found init time '2012-10-17 12:00:00', 7 valid_times and 3 standard_names
2025-03-30 20:09:00 DEBUG valid_times='[cftime.DatetimeGregorian(2012, 10, 17, 12, 0, 0, 0, has_year_zero=False)
 cftime.DatetimeGregorian(2012, 10, 17, 18, 0, 0, 0, has_year_zero=False)
 cftime.DatetimeGregorian(2012, 10, 18, 0, 0, 0, 0, has_year_zero=False)
 cftime.DatetimeGregorian(2012, 10, 18, 6, 0, 0, 0, has_year_zero=False)
 cftime.DatetimeGregorian(2012, 10, 18, 12, 0, 0, 0, has_year_zero=False)
 cftime.DatetimeGregorian(2012, 10, 18, 18, 0, 0, 0, has_year_zero=False)
 cftime.DatetimeGregorian(2012, 10, 19, 0, 0, 0, 0, has_year_zero=False)]' standard_names='['air_pressure', 'ertel_potential_vorticity', 'mole_fraction_of_ozone_in_air']'
2025-03-30 20:09:00 INFO Using cached candidate '20121017_12_ecmwf_forecast.U.EUR_LL015.036.ml.nc'
2025-03-30 20:09:00 INFO File '20121017_12_ecmwf_forecast.U.EUR_LL015.036.ml.nc' identified as 'ml' type
2025-03-30 20:09:00 INFO Found init time '2012-10-17 12:00:00', 7 valid_times and 1 standard_names
2025-03-30 20:09:00 DEBUG valid_times='[cftime.DatetimeGregorian(2012, 10, 17, 12, 0, 0, 0, has_year_zero=False)
 cftime.DatetimeGregorian(2012, 10, 17, 18, 0, 0, 0, has_year_zero=False)
 cftime.DatetimeGregorian(2012, 10, 18, 0, 0, 0, 0, has_year_zero=False)
 cftime.DatetimeGregorian(2012, 10, 18, 6, 0, 0, 0, has_year_zero=False)
 cftime.DatetimeGregorian(2012, 10, 18, 12, 0, 0, 0, has_year_zero=False)
 cftime.DatetimeGregorian(2012, 10, 18, 18, 0, 0, 0, has_year_zero=False)
 cftime.DatetimeGregorian(2012, 10, 19, 0, 0, 0, 0, has_year_zero=False)]' standard_names='['eastward_wind']'
2025-03-30 20:09:00 INFO Using cached candidate '20121017_12_ecmwf_forecast.V.EUR_LL015.036.ml.nc'
2025-03-30 20:09:00 INFO File '20121017_12_ecmwf_forecast.V.EUR_LL015.036.ml.nc' identified as 'ml' type
2025-03-30 20:09:00 INFO Found init time '2012-10-17 12:00:00', 7 valid_times and 1 standard_names
2025-03-30 20:09:00 DEBUG valid_times='[cftime.DatetimeGregorian(2012, 10, 17, 12, 0, 0, 0, has_year_zero=False)
 cftime.DatetimeGregorian(2012, 10, 17, 18, 0, 0, 0, has_year_zero=False)
 cftime.DatetimeGregorian(2012, 10, 18, 0, 0, 0, 0, has_year_zero=False)
 cftime.DatetimeGregorian(2012, 10, 18, 6, 0, 0, 0, has_year_zero=False)
 cftime.DatetimeGregorian(2012, 10, 18, 12, 0, 0, 0, has_year_zero=False)
 cftime.DatetimeGregorian(2012, 10, 18, 18, 0, 0, 0, has_year_zero=False)
 cftime.DatetimeGregorian(2012, 10, 19, 0, 0, 0, 0, has_year_zero=False)]' standard_names='['northward_wind']'
2025-03-30 20:09:00 INFO Using cached candidate '20121017_12_ecmwf_forecast.W.EUR_LL015.036.ml.nc'
2025-03-30 20:09:00 INFO File '20121017_12_ecmwf_forecast.W.EUR_LL015.036.ml.nc' identified as 'ml' type
2025-03-30 20:09:00 INFO Found init time '2012-10-17 12:00:00', 7 valid_times and 1 standard_names
2025-03-30 20:09:00 DEBUG valid_times='[cftime.DatetimeGregorian(2012, 10, 17, 12, 0, 0, 0, has_year_zero=False)
 cftime.DatetimeGregorian(2012, 10, 17, 18, 0, 0, 0, has_year_zero=False)
 cftime.DatetimeGregorian(2012, 10, 18, 0, 0, 0, 0, has_year_zero=False)
 cftime.DatetimeGregorian(2012, 10, 18, 6, 0, 0, 0, has_year_zero=False)
 cftime.DatetimeGregorian(2012, 10, 18, 12, 0, 0, 0, has_year_zero=False)
 cftime.DatetimeGregorian(2012, 10, 18, 18, 0, 0, 0, has_year_zero=False)
 cftime.DatetimeGregorian(2012, 10, 19, 0, 0, 0, 0, has_year_zero=False)]' standard_names='['lagrangian_tendency_of_air_pressure']'
2025-03-30 20:09:00 DEBUG server-url 'http://127.0.0.1:37621/'
2025-03-30 20:09:00 DEBUG checking vertical dimensions for layer 'PLTemp01'.
2025-03-30 20:09:00 DEBUG checking vertical dimensions for layer 'PLTemp01'.
2025-03-30 20:09:00 DEBUG checking vertical dimensions for layer 'PLGeopWind'.
2025-03-30 20:09:00 DEBUG checking vertical dimensions for layer 'PLGeopWind'.
2025-03-30 20:09:00 DEBUG checking vertical dimensions for layer 'PLRelHum01'.
2025-03-30 20:09:00 DEBUG checking vertical dimensions for layer 'PLRelHum01'.
2025-03-30 20:09:00 DEBUG checking vertical dimensions for layer 'PLEQPT01'.
2025-03-30 20:09:00 DEBUG checking vertical dimensions for layer 'PLEQPT01'.
2025-03-30 20:09:00 DEBUG checking vertical dimensions for layer 'PLW01'.
2025-03-30 20:09:00 DEBUG checking vertical dimensions for layer 'PLW01'.
2025-03-30 20:09:00 DEBUG checking vertical dimensions for layer 'PLDiv01'.
2025-03-30 20:09:00 DEBUG checking vertical dimensions for layer 'PLDiv01'.
2025-03-30 20:09:00 DEBUG GetMap/GetVSec request. Interpreting parameters..
2025-03-30 20:09:00 DEBUG   requested image size = 200.0x100.0
2025-03-30 20:09:00 DEBUG   requested dataset = 'ecmwf_EUR_LL015', layer = 'VS_CC01'
2025-03-30 20:09:00 DEBUG   requested style = 'None'
2025-03-30 20:09:00 DEBUG   requested initialisation time = '2012-10-17 12:00:00'
2025-03-30 20:09:00 DEBUG   requested (valid) time = '2012-10-17 12:00:00'
2025-03-30 20:09:00 DEBUG   requested coordinate reference system = 'vert:logp'
2025-03-30 20:09:00 DEBUG   requested return format = 'image/png'
2025-03-30 20:09:00 DEBUG VSEC PATH: [[40.0, 25.0], [60.0, -10.0], [40.0, 10.0]]
2025-03-30 20:09:00 DEBUG using plot object 'VS_CC01'
2025-03-30 20:09:00 DEBUG 	figure size (200.0, 100.0) in pixels
2025-03-30 20:09:00 DEBUG 	requested initialisation time 2012-10-17 12:00:00
2025-03-30 20:09:00 DEBUG 	requested forecast valid time 2012-10-17 12:00:00
2025-03-30 20:09:00 DEBUG 	init time correct and forecast valid time contained (2012-10-17 12:00:00).
2025-03-30 20:09:00 DEBUG computing 3 interpolation points, connection: greatcircle
2025-03-30 20:09:00 DEBUG loading data for time step 0 (2012-10-17 12:00:00)
2025-03-30 20:09:00 DEBUG shifting data grid to gridpoint west of westmost longitude in path: -11.00 (path -10.00).
2025-03-30 20:09:00 DEBUG 	Loaded 0.27 Mbytes from data field <air_pressure> at timestep 0.
2025-03-30 20:09:00 DEBUG 	Vertical dimension direction is up.
2025-03-30 20:09:00 DEBUG 	Interpolating to cross-section path.
2025-03-30 20:09:00 DEBUG 	setting jump data to NaN at [60]
2025-03-30 20:09:00 DEBUG 	Loaded 0.27 Mbytes from data field <air_temperature> at timestep 0.
2025-03-30 20:09:00 DEBUG 	Vertical dimension direction is up.
2025-03-30 20:09:00 DEBUG 	Interpolating to cross-section path.
2025-03-30 20:09:00 DEBUG 	setting jump data to NaN at [60]
2025-03-30 20:09:00 DEBUG 	Loaded 0.27 Mbytes from data field <cloud_area_fraction_in_atmosphere_layer> at timestep 0.
2025-03-30 20:09:00 DEBUG 	Vertical dimension direction is up.
2025-03-30 20:09:00 DEBUG 	Interpolating to cross-section path.
2025-03-30 20:09:00 DEBUG 	setting jump data to NaN at [60]
2025-03-30 20:09:00 DEBUG Loaded and interpolated data (required time 0:00:00.005874).
2025-03-30 20:09:00 DEBUG Plotting interpolated curtain.
2025-03-30 20:09:00 DEBUG creating figure..
2025-03-30 20:09:00 DEBUG 	without frame
2025-03-30 20:09:00 DEBUG converting image to indexed palette.
2025-03-30 20:09:00 DEBUG saving figure as non-transparent PNG.
2025-03-30 20:09:00 DEBUG returning figure..
2025-03-30 20:09:00 DEBUG Finished plotting (required time 0:00:00.362631; total time 0:00:00.368505).

 has_year_zero=False)
 cftime.DatetimeGregorian(2012, 10, 18, 18, 0, 0, 0, has_year_zero=False)
 cftime.DatetimeGregorian(2012, 10, 19, 0, 0, 0, 0, has_year_zero=False)]' standard_names='['air_potential_temperature']'
2025-03-30 20:07:35 INFO Opening candidate '20121017_12_ecmwf_forecast.THETA_LEVELS.EUR_LL015.036.tl.nc'
2025-03-30 20:07:35 INFO File '20121017_12_ecmwf_forecast.THETA_LEVELS.EUR_LL015.036.tl.nc' identified as 'tl' type
2025-03-30 20:07:35 INFO Found init time '2012-10-17 12:00:00', 7 valid_times and 3 standard_names
2025-03-30 20:07:35 DEBUG valid_times='[cftime.DatetimeGregorian(2012, 10, 17, 12, 0, 0, 0, has_year_zero=False)
 cftime.DatetimeGregorian(2012, 10, 17, 18, 0, 0, 0, has_year_zero=False)
 cftime.DatetimeGregorian(2012, 10, 18, 0, 0, 0, 0, has_year_zero=False)
 cftime.DatetimeGregorian(2012, 10, 18, 6, 0, 0, 0, has_year_zero=False)
 cftime.DatetimeGregorian(2012, 10, 18, 12, 0, 0, 0, has_year_zero=False)
 cftime.DatetimeGregorian(2012, 10, 18, 18, 0, 0, 0, has_year_zero=False)
 cftime.DatetimeGregorian(2012, 10, 19, 0, 0, 0, 0, has_year_zero=False)]' standard_names='['air_pressure', 'ertel_potential_vorticity', 'mole_fraction_of_ozone_in_air']'
2025-03-30 20:07:35 INFO Opening candidate '20121017_12_ecmwf_forecast.U.EUR_LL015.036.ml.nc'
2025-03-30 20:07:35 INFO File '20121017_12_ecmwf_forecast.U.EUR_LL015.036.ml.nc' identified as 'ml' type
2025-03-30 20:07:35 INFO Found init time '2012-10-17 12:00:00', 7 valid_times and 1 standard_names
2025-03-30 20:07:35 DEBUG valid_times='[cftime.DatetimeGregorian(2012, 10, 17, 12, 0, 0, 0, has_year_zero=False)
 cftime.DatetimeGregorian(2012, 10, 17, 18, 0, 0, 0, has_year_zero=False)
 cftime.DatetimeGregorian(2012, 10, 18, 0, 0, 0, 0, has_year_zero=False)
 cftime.DatetimeGregorian(2012, 10, 18, 6, 0, 0, 0, has_year_zero=False)
 cftime.DatetimeGregorian(2012, 10, 18, 12, 0, 0, 0, has_year_zero=False)
 cftime.DatetimeGregorian(2012, 10, 18, 18, 0, 0, 0, has_year_zero=False)
 cftime.DatetimeGregorian(2012, 10, 19, 0, 0, 0, 0, has_year_zero=False)]' standard_names='['eastward_wind']'
2025-03-30 20:07:35 INFO Opening candidate '20121017_12_ecmwf_forecast.V.EUR_LL015.036.ml.nc'
2025-03-30 20:07:35 INFO File '20121017_12_ecmwf_forecast.V.EUR_LL015.036.ml.nc' identified as 'ml' type
2025-03-30 20:07:35 INFO Found init time '2012-10-17 12:00:00', 7 valid_times and 1 standard_names
2025-03-30 20:07:35 DEBUG valid_times='[cftime.DatetimeGregorian(2012, 10, 17, 12, 0, 0, 0, has_year_zero=False)
 cftime.DatetimeGregorian(2012, 10, 17, 18, 0, 0, 0, has_year_zero=False)
 cftime.DatetimeGregorian(2012, 10, 18, 0, 0, 0, 0, has_year_zero=False)
 cftime.DatetimeGregorian(2012, 10, 18, 6, 0, 0, 0, has_year_zero=False)
 cftime.DatetimeGregorian(2012, 10, 18, 12, 0, 0, 0, has_year_zero=False)
 cftime.DatetimeGregorian(2012, 10, 18, 18, 0, 0, 0, has_year_zero=False)
 cftime.DatetimeGregorian(2012, 10, 19, 0, 0, 0, 0, has_year_zero=False)]' standard_names='['northward_wind']'
2025-03-30 20:07:35 INFO Opening candidate '20121017_12_ecmwf_forecast.W.EUR_LL015.036.ml.nc'
2025-03-30 20:07:35 INFO File '20121017_12_ecmwf_forecast.W.EUR_LL015.036.ml.nc' identified as 'ml' type
2025-03-30 20:07:35 INFO Found init time '2012-10-17 12:00:00', 7 valid_times and 1 standard_names
2025-03-30 20:07:35 DEBUG valid_times='[cftime.DatetimeGregorian(2012, 10, 17, 12, 0, 0, 0, has_year_zero=False)
 cftime.DatetimeGregorian(2012, 10, 17, 18, 0, 0, 0, has_year_zero=False)
 cftime.DatetimeGregorian(2012, 10, 18, 0, 0, 0, 0, has_year_zero=False)
 cftime.DatetimeGregorian(2012, 10, 18, 6, 0, 0, 0, has_year_zero=False)
 cftime.DatetimeGregorian(2012, 10, 18, 12, 0, 0, 0, has_year_zero=False)
 cftime.DatetimeGregorian(2012, 10, 18, 18, 0, 0, 0, has_year_zero=False)
 cftime.DatetimeGregorian(2012, 10, 19, 0, 0, 0, 0, has_year_zero=False)]' standard_names='['lagrangian_tendency_of_air_pressure']'
2025-03-30 20:07:35 DEBUG using plot object 'VS_CW01'
2025-03-30 20:07:35 DEBUG 	figure size (800, 600) in pixels
2025-03-30 20:07:35 DEBUG 	requested initialisation time 2012-10-17 12:00:00
2025-03-30 20:07:35 DEBUG 	requested forecast valid time 2012-10-17 12:00:00
2025-03-30 20:07:35 DEBUG 	variable 'air_pressure' requires input file '20121017_12_ecmwf_forecast.P_derived.EUR_LL015.036.ml.nc'
2025-03-30 20:07:35 DEBUG 	variable 'air_temperature' requires input file '20121017_12_ecmwf_forecast.T.EUR_LL015.036.ml.nc'
2025-03-30 20:07:35 DEBUG 	variable 'cloud_area_fraction_in_atmosphere_layer' requires input file '20121017_12_ecmwf_forecast.CC.EUR_LL015.036.ml.nc'
2025-03-30 20:07:35 DEBUG 	variable 'eastward_wind' requires input file '20121017_12_ecmwf_forecast.U.EUR_LL015.036.ml.nc'
2025-03-30 20:07:35 DEBUG 	variable 'northward_wind' requires input file '20121017_12_ecmwf_forecast.V.EUR_LL015.036.ml.nc'
2025-03-30 20:07:35 DEBUG opening datasets.
2025-03-30 20:07:35 DEBUG 	identified variable <air_pressure> for field <air_pressure>
2025-03-30 20:07:35 DEBUG 	identified variable <air_temperature> for field <air_temperature>
2025-03-30 20:07:35 DEBUG 	identified variable <cloud_area_fraction_in_atmosphere_layer> for field <cloud_area_fraction_in_atmosphere_layer>
2025-03-30 20:07:35 DEBUG 	identified variable <eastward_wind> for field <eastward_wind>
2025-03-30 20:07:35 DEBUG 	identified variable <northward_wind> for field <northward_wind>
2025-03-30 20:07:35 DEBUG computing 101 interpolation points, connection: greatcircle
2025-03-30 20:07:35 DEBUG loading data for time step 0 (2012-10-17 12:00:00)
2025-03-30 20:07:35 DEBUG shifting data grid to gridpoint west of westmost longitude in path: 7.00 (path 8.00).
2025-03-30 20:07:35 DEBUG 	Loaded 0.27 Mbytes from data field <air_pressure> at timestep 0.
2025-03-30 20:07:35 DEBUG 	Vertical dimension direction is up.
2025-03-30 20:07:35 DEBUG 	Interpolating to cross-section path.
2025-03-30 20:07:35 DEBUG 	setting jump data to NaN at [42]
2025-03-30 20:07:35 DEBUG 	Loaded 0.27 Mbytes from data field <air_temperature> at timestep 0.
2025-03-30 20:07:35 DEBUG 	Vertical dimension direction is up.
2025-03-30 20:07:35 DEBUG 	Interpolating to cross-section path.
2025-03-30 20:07:35 DEBUG 	setting jump data to NaN at [42]
2025-03-30 20:07:35 DEBUG 	Loaded 0.27 Mbytes from data field <cloud_area_fraction_in_atmosphere_layer> at timestep 0.
2025-03-30 20:07:35 DEBUG 	Vertical dimension direction is up.
2025-03-30 20:07:35 DEBUG 	Interpolating to cross-section path.
2025-03-30 20:07:35 DEBUG 	setting jump data to NaN at [42]
2025-03-30 20:07:35 DEBUG 	Loaded 0.27 Mbytes from data field <eastward_wind> at timestep 0.
2025-03-30 20:07:35 DEBUG 	Vertical dimension direction is up.
2025-03-30 20:07:35 DEBUG 	Interpolating to cross-section path.
2025-03-30 20:07:35 DEBUG 	setting jump data to NaN at [42]
2025-03-30 20:07:35 DEBUG 	Loaded 0.27 Mbytes from data field <northward_wind> at timestep 0.
2025-03-30 20:07:35 DEBUG 	Vertical dimension direction is up.
2025-03-30 20:07:35 DEBUG 	Interpolating to cross-section path.
2025-03-30 20:07:35 DEBUG 	setting jump data to NaN at [42]
2025-03-30 20:07:35 DEBUG Loaded and interpolated data (required time 0:00:00.008315).
2025-03-30 20:07:35 DEBUG Plotting interpolated curtain.
2025-03-30 20:07:35 DEBUG creating figure..
2025-03-30 20:07:35 DEBUG 	with frame and legends
2025-03-30 20:07:36 DEBUG converting image to indexed palette.
2025-03-30 20:07:36 DEBUG saving figure as non-transparent PNG.
2025-03-30 20:07:36 DEBUG returning figure..
2025-03-30 20:07:36 DEBUG Finished plotting (required time 0:00:00.494016; total time 0:00:00.502331).

2025-03-30 20:07:36 DEBUG using plot object 'VS_CW01'
2025-03-30 20:07:36 DEBUG 	figure size (800, 600) in pixels
2025-03-30 20:07:36 DEBUG 	requested initialisation time 2012-10-17 12:00:00
2025-03-30 20:07:36 DEBUG 	requested forecast valid time 2012-10-17 12:00:00
2025-03-30 20:07:36 DEBUG 	variable 'air_pressure' requires input file '20121017_12_ecmwf_forecast.P_derived.EUR_LL015.036.ml.nc'
2025-03-30 20:07:36 DEBUG 	variable 'air_temperature' requires input file '20121017_12_ecmwf_forecast.T.EUR_LL015.036.ml.nc'
2025-03-30 20:07:36 DEBUG 	variable 'cloud_area_fraction_in_atmosphere_layer' requires input file '20121017_12_ecmwf_forecast.CC.EUR_LL015.036.ml.nc'
2025-03-30 20:07:36 DEBUG 	variable 'eastward_wind' requires input file '20121017_12_ecmwf_forecast.U.EUR_LL015.036.ml.nc'
2025-03-30 20:07:36 DEBUG 	variable 'northward_wind' requires input file '20121017_12_ecmwf_forecast.V.EUR_LL015.036.ml.nc'
2025-03-30 20:07:36 DEBUG opening datasets.
2025-03-30 20:07:36 DEBUG 	identified variable <air_pressure> for field <air_pressure>
2025-03-30 20:07:36 DEBUG 	identified variable <air_temperature> for field <air_temperature>
2025-03-30 20:07:36 DEBUG 	identified variable <cloud_area_fraction_in_atmosphere_layer> for field <cloud_area_fraction_in_atmosphere_layer>
2025-03-30 20:07:36 DEBUG 	identified variable <eastward_wind> for field <eastward_wind>
2025-03-30 20:07:36 DEBUG 	identified variable <northward_wind> for field <northward_wind>
2025-03-30 20:07:36 DEBUG computing 101 interpolation points, connection: greatcircle
2025-03-30 20:07:36 DEBUG loading data for time step 0 (2012-10-17 12:00:00)
2025-03-30 20:07:36 DEBUG shifting data grid to gridpoint west of westmost longitude in path: 7.00 (path 8.00).
2025-03-30 20:07:36 DEBUG 	Loaded 0.27 Mbytes from data field <air_pressure> at timestep 0.
2025-03-30 20:07:36 DEBUG 	Vertical dimension direction is up.
2025-03-30 20:07:36 DEBUG 	Interpolating to cross-section path.
2025-03-30 20:07:36 DEBUG 	setting jump data to NaN at [42]
2025-03-30 20:07:36 DEBUG 	Loaded 0.27 Mbytes from data field <air_temperature> at timestep 0.
2025-03-30 20:07:36 DEBUG 	Vertical dimension direction is up.
2025-03-30 20:07:36 DEBUG 	Interpolating to cross-section path.
2025-03-30 20:07:36 DEBUG 	setting jump data to NaN at [42]
2025-03-30 20:07:36 DEBUG 	Loaded 0.27 Mbytes from data field <cloud_area_fraction_in_atmosphere_layer> at timestep 0.
2025-03-30 20:07:36 DEBUG 	Vertical dimension direction is up.
2025-03-30 20:07:36 DEBUG 	Interpolating to cross-section path.
2025-03-30 20:07:36 DEBUG 	setting jump data to NaN at [42]
2025-03-30 20:07:36 DEBUG 	Loaded 0.27 Mbytes from data field <eastward_wind> at timestep 0.
2025-03-30 20:07:36 DEBUG 	Vertical dimension direction is up.
2025-03-30 20:07:36 DEBUG 	Interpolating to cross-section path.
2025-03-30 20:07:36 DEBUG 	setting jump data to NaN at [42]
2025-03-30 20:07:36 DEBUG 	Loaded 0.27 Mbytes from data field <northward_wind> at timestep 0.
2025-03-30 20:07:36 DEBUG 	Vertical dimension direction is up.
2025-03-30 20:07:36 DEBUG 	Interpolating to cross-section path.
2025-03-30 20:07:36 DEBUG 	setting jump data to NaN at [42]
2025-03-30 20:07:36 DEBUG Loaded and interpolated data (required time 0:00:00.009773).
2025-03-30 20:07:36 DEBUG Plotting interpolated curtain.
2025-03-30 20:07:36 DEBUG creating figure..
2025-03-30 20:07:36 DEBUG 	without frame
2025-03-30 20:07:36 DEBUG converting image to indexed palette.
2025-03-30 20:07:36 DEBUG saving figure as non-transparent PNG.
2025-03-30 20:07:36 DEBUG returning figure..
2025-03-30 20:07:36 DEBUG Finished plotting (required time 0:00:00.581913; total time 0:00:00.591686).

2025-03-30 20:07:36 DEBUG No user settings found, using default settings
2025-03-30 20:07:36 INFO Files identified for domain 'EUR_LL015': ['20121017_12_ecmwf_forecast.ALTITUDE_LEVELS.EUR_LL015.036.al.nc', '20121017_12_ecmwf_forecast.CC.EUR_LL015.036.ml.nc', '20121017_12_ecmwf_forecast.CIWC.EUR_LL015.036.ml.nc', '20121017_12_ecmwf_forecast.CLWC.EUR_LL015.036.ml.nc', '20121017_12_ecmwf_forecast.DIV.EUR_LL015.036.ml.nc', '20121017_12_ecmwf_forecast.EMAC.EUR_LL015.036.ml.nc', '20121017_12_ecmwf_forecast.GPH.EUR_LL015.036.ml.nc', '20121017_12_ecmwf_forecast.O3.EUR_LL015.036.ml.nc', '20121017_12_ecmwf_forecast.PRESSURE_LEVELS.EUR_LL015.036.pl.nc', '20121017_12_ecmwf_forecast.PVU.EUR_LL015.036.pv.nc', '20121017_12_ecmwf_forecast.PV_derived.EUR_LL015.036.ml.nc', '20121017_12_ecmwf_forecast.P_derived.EUR_LL015.036.ml.nc', '20121017_12_ecmwf_forecast.ProbWCB_LAGRANTO_derived.EUR_LL015.036.ml.nc', '20121017_12_ecmwf_forecast.ProbWCB_LAGRANTO_derived.EUR_LL015.036.sfc.nc', '20121017_12_ecmwf_forecast.Q.EUR_LL015.036.ml.nc', '20121017_12_ecmwf_forecast.SEA.EUR_LL015.036.sfc.nc', '20121017_12_ecmwf_forecast.SFC.EUR_LL015.036.sfc.nc', '20121017_12_ecmwf_forecast.T.EUR_LL015.036.ml.nc', '20121017_12_ecmwf_forecast.THETA.EUR_LL015.036.ml.nc', '20121017_12_ecmwf_forecast.THETA_LEVELS.EUR_LL015.036.tl.nc', '20121017_12_ecmwf_forecast.U.EUR_LL015.036.ml.nc', '20121017_12_ecmwf_forecast.V.EUR_LL015.036.ml.nc', '20121017_12_ecmwf_forecast.W.EUR_LL015.036.ml.nc']
2025-03-30 20:07:36 INFO Opening candidate '20121017_12_ecmwf_forecast.ALTITUDE_LEVELS.EUR_LL015.036.al.nc'
2025-03-30 20:07:36 INFO File '20121017_12_ecmwf_forecast.ALTITUDE_LEVELS.EUR_LL015.036.al.nc' identified as 'al' type
2025-03-30 20:07:36 INFO Found init time '2012-10-17 12:00:00', 7 valid_times and 3 standard_names
2025-03-30 20:07:36 DEBUG valid_times='[cftime.DatetimeGregorian(2012, 10, 17, 12, 0, 0, 0, has_year_zero=False)
 cftime.DatetimeGregorian(2012, 10, 17, 18, 0, 0, 0, has_year_zero=False)
 cftime.DatetimeGregorian(2012, 10, 18, 0, 0, 0, 0, has_year_zero=False)
 cftime.DatetimeGregorian(2012, 10, 18, 6, 0, 0, 0, has_year_zero=False)
 cftime.DatetimeGregorian(2012, 10, 18, 12, 0, 0, 0, has_year_zero=False)
 cftime.DatetimeGregorian(2012, 10, 18, 18, 0, 0, 0, has_year_zero=False)
 cftime.DatetimeGregorian(2012, 10, 19, 0, 0, 0, 0, has_year_zero=False)]' standard_names='['air_pressure', 'ertel_potential_vorticity', 'mole_fraction_of_ozone_in_air']'
2025-03-30 20:07:36 INFO Opening candidate '20121017_12_ecmwf_forecast.CC.EUR_LL015.036.ml.nc'
2025-03-30 20:07:36 INFO File '20121017_12_ecmwf_forecast.CC.EUR_LL015.036.ml.nc' identified as 'ml' type
2025-03-30 20:07:36 INFO Found init time '2012-10-17 12:00:00', 7 valid_times and 1 standard_names
2025-03-30 20:07:36 DEBUG valid_times='[cftime.DatetimeGregorian(2012, 10, 17, 12, 0, 0, 0, has_year_zero=False)
 cftime.DatetimeGregorian(2012, 10, 17, 18, 0, 0, 0, has_year_zero=False)
 cftime.DatetimeGregorian(2012, 10, 18, 0, 0, 0, 0, has_year_zero=False)
 cftime.DatetimeGregorian(2012, 10, 18, 6, 0, 0, 0, has_year_zero=False)
 cftime.DatetimeGregorian(2012, 10, 18, 12, 0, 0, 0, has_year_zero=False)
 cftime.DatetimeGregorian(2012, 10, 18, 18, 0, 0, 0, has_year_zero=False)
 cftime.DatetimeGregorian(2012, 10, 19, 0, 0, 0, 0, has_year_zero=False)]' standard_names='['cloud_area_fraction_in_atmosphere_layer']'
2025-03-30 20:07:36 INFO Opening candidate '20121017_12_ecmwf_forecast.CIWC.EUR_LL015.036.ml.nc'
2025-03-30 20:07:36 INFO File '20121017_12_ecmwf_forecast.CIWC.EUR_LL015.036.ml.nc' identified as 'ml' type
2025-03-30 20:07:36 INFO Found init time '2012-10-17 12:00:00', 7 valid_times and 1 standard_names
2025-03-30 20:07:36 DEBUG valid_times='[cftime.DatetimeGregorian(2012, 10, 17, 12, 0, 0, 0, has_year_zero=False)
 cftime.DatetimeGregorian(2012, 10, 17, 18, 0, 0, 0, has_year_zero=False)
 cftime.DatetimeGregorian(2012, 10, 18, 0, 0, 0, 0, has_year_zero=False)
 cftime.DatetimeGregorian(2012, 10, 18, 6, 0, 0, 0, has_year_zero=False)
 cftime.DatetimeGregorian(2012, 10, 18, 12, 0, 0, 0, has_year_zero=False)
 cftime.DatetimeGregorian(2012, 10, 18, 18, 0, 0, 0, has_year_zero=False)
 cftime.DatetimeGregorian(2012, 10, 19, 0, 0, 0, 0, has_year_zero=False)]' standard_names='['specific_cloud_ice_water_content']'
2025-03-30 20:07:36 INFO Opening candidate '20121017_12_ecmwf_forecast.CLWC.EUR_LL015.036.ml.nc'
2025-03-30 20:07:36 INFO File '20121017_12_ecmwf_forecast.CLWC.EUR_LL015.036.ml.nc' identified as 'ml' type
2025-03-30 20:07:36 INFO Found init time '2012-10-17 12:00:00', 7 valid_times and 1 standard_names
2025-03-30 20:07:36 DEBUG valid_times='[cftime.DatetimeGregorian(2012, 10, 17, 12, 0, 0, 0, has_year_zero=False)
 cftime.DatetimeGregorian(2012, 10, 17, 18, 0, 0, 0, has_year_zero=False)
 cftime.DatetimeGregorian(2012, 10, 18, 0, 0, 0, 0, has_year_zero=False)
 cftime.DatetimeGregorian(2012, 10, 18, 6, 0, 0, 0, has_year_zero=False)
 cftime.DatetimeGregorian(2012, 10, 18, 12, 0, 0, 0, has_year_zero=False)
 cftime.DatetimeGregorian(2012, 10, 18, 18, 0, 0, 0, has_year_zero=False)
 cftime.DatetimeGregorian(2012, 10, 19, 0, 0, 0, 0, has_year_zero=False)]' standard_names='['specific_cloud_liquid_water_content']'
2025-03-30 20:07:36 INFO Opening candidate '20121017_12_ecmwf_forecast.DIV.EUR_LL015.036.ml.nc'
2025-03-30 20:07:36 INFO File '20121017_12_ecmwf_forecast.DIV.EUR_LL015.036.ml.nc' identified as 'ml' type
2025-03-30 20:07:36 INFO Found init time '2012-10-17 12:00:00', 7 valid_times and 1 standard_names
2025-03-30 20:07:36 DEBUG valid_times='[cftime.DatetimeGregorian(2012, 10, 17, 12, 0, 0, 0, has_year_zero=False)
 cftime.DatetimeGregorian(2012, 10, 17, 18, 0, 0, 0, has_year_zero=False)
 cftime.DatetimeGregorian(2012, 10, 18, 0, 0, 0, 0, has_year_zero=False)
 cftime.DatetimeGregorian(2012, 10, 18, 6, 0, 0, 0, has_year_zero=False)
 cftime.DatetimeGregorian(2012, 10, 18, 12, 0, 0, 0, has_year_zero=False)
 cftime.DatetimeGregorian(2012, 10, 18, 18, 0, 0, 0, has_year_zero=False)
 cftime.DatetimeGregorian(2012, 10, 19, 0, 0, 0, 0, has_year_zero=False)]' standard_names='['divergence_of_wind']'
2025-03-30 20:07:36 INFO Opening candidate '20121017_12_ecmwf_forecast.EMAC.EUR_LL015.036.ml.nc'
2025-03-30 20:07:36 INFO File '20121017_12_ecmwf_forecast.EMAC.EUR_LL015.036.ml.nc' identified as 'ml' type
2025-03-30 20:07:36 INFO Found init time '2012-10-17 12:00:00', 7 valid_times and 1 standard_names
2025-03-30 20:07:36 DEBUG valid_times='[cftime.DatetimeGregorian(2012, 10, 17, 12, 0, 0, 0, has_year_zero=False)
 cftime.DatetimeGregorian(2012, 10, 17, 18, 0, 0, 0, has_year_zero=False)
 cftime.DatetimeGregorian(2012, 10, 18, 0, 0, 0, 0, has_year_zero=False)
 cftime.DatetimeGregorian(2012, 10, 18, 6, 0, 0, 0, has_year_zero=False)
 cftime.DatetimeGregorian(2012, 10, 18, 12, 0, 0, 0, has_year_zero=False)
 cftime.DatetimeGregorian(2012, 10, 18, 18, 0, 0, 0, has_year_zero=False)
 cftime.DatetimeGregorian(2012, 10, 19, 0, 0, 0, 0, has_year_zero=False)]' standard_names='['emac_R12']'
2025-03-30 20:07:36 INFO Opening candidate '20121017_12_ecmwf_forecast.GPH.EUR_LL015.036.ml.nc'
2025-03-30 20:07:36 INFO File '20121017_12_ecmwf_forecast.GPH.EUR_LL015.036.ml.nc' identified as 'ml' type
2025-03-30 20:07:36 INFO Found init time '2012-10-17 12:00:00', 7 valid_times and 1 standard_names
2025-03-30 20:07:36 DEBUG valid_times='[cftime.DatetimeGregorian(2012, 10, 17, 12, 0, 0, 0, has_year_zero=False)
 cftime.DatetimeGregorian(2012, 10, 17, 18, 0, 0, 0, has_year_zero=False)
 cftime.DatetimeGregorian(2012, 10, 18, 0, 0, 0, 0, has_year_zero=False)
 cftime.DatetimeGregorian(2012, 10, 18, 6, 0, 0, 0, has_year_zero=False)
 cftime.DatetimeGregorian(2012, 10, 18, 12, 0, 0, 0, has_year_zero=False)
 cftime.DatetimeGregorian(2012, 10, 18, 18, 0, 0, 0, has_year_zero=False)
 cftime.DatetimeGregorian(2012, 10, 19, 0, 0, 0, 0, has_year_zero=False)]' standard_names='['geopotential_height']'
2025-03-30 20:07:36 INFO Opening candidate '20121017_12_ecmwf_forecast.O3.EUR_LL015.036.ml.nc'
2025-03-30 20:07:36 INFO File '20121017_12_ecmwf_forecast.O3.EUR_LL015.036.ml.nc' identified as 'ml' type
2025-03-30 20:07:36 INFO Found init time '2012-10-17 12:00:00', 7 valid_times and 1 standard_names
2025-03-30 20:07:36 DEBUG valid_times='[cftime.DatetimeGregorian(2012, 10, 17, 12, 0, 0, 0, has_year_zero=False)
 cftime.DatetimeGregorian(2012, 10, 17, 18, 0, 0, 0, has_year_zero=False)
 cftime.DatetimeGregorian(2012, 10, 18, 0, 0, 0, 0, has_year_zero=False)
 cftime.DatetimeGregorian(2012, 10, 18, 6, 0, 0, 0, has_year_zero=False)
 cftime.DatetimeGregorian(2012, 10, 18, 12, 0, 0, 0, has_year_zero=False)
 cftime.DatetimeGregorian(2012, 10, 18, 18, 0, 0, 0, has_year_zero=False)
 cftime.DatetimeGregorian(2012, 10, 19, 0, 0, 0, 0, has_year_zero=False)]' standard_names='['mole_fraction_of_ozone_in_air']'
2025-03-30 20:07:36 INFO Opening candidate '20121017_12_ecmwf_forecast.PRESSURE_LEVELS.EUR_LL015.036.pl.nc'
2025-03-30 20:07:37 INFO File '20121017_12_ecmwf_forecast.PRESSURE_LEVELS.EUR_LL015.036.pl.nc' identified as 'pl' type
2025-03-30 20:07:37 INFO Found init time '2012-10-17 12:00:00', 7 valid_times and 16 standard_names
2025-03-30 20:07:37 DEBUG valid_times='[cftime.DatetimeGregorian(2012, 10, 17, 12, 0, 0, 0, has_year_zero=False)
 cftime.DatetimeGregorian(2012, 10, 17, 18, 0, 0, 0, has_year_zero=False)
 cftime.DatetimeGregorian(2012, 10, 18, 0, 0, 0, 0, has_year_zero=False)
 cftime.DatetimeGregorian(2012, 10, 18, 6, 0, 0, 0, has_year_zero=False)
 cftime.DatetimeGregorian(2012, 10, 18, 12, 0, 0, 0, has_year_zero=False)
 cftime.DatetimeGregorian(2012, 10, 18, 18, 0, 0, 0, has_year_zero=False)
 cftime.DatetimeGregorian(2012, 10, 19, 0, 0, 0, 0, has_year_zero=False)]' standard_names='['air_potential_temperature', 'air_pressure', 'air_temperature', 'eastward_wind', 'ertel_potential_vorticity', 'geopotential_height', 'northward_wind', 'specific_humidity', 'lagrangian_tendency_of_air_pressure', 'divergence_of_wind', 'mass_fraction_of_ozone_in_air', 'mole_fraction_of_ozone_in_air', 'equivalent_latitude', 'number_of_wcb_trajectories', 'number_of_insitu_trajectories', 'number_of_mix_trajectories']'
2025-03-30 20:07:37 INFO Opening candidate '20121017_12_ecmwf_forecast.PVU.EUR_LL015.036.pv.nc'
2025-03-30 20:07:37 INFO File '20121017_12_ecmwf_forecast.PVU.EUR_LL015.036.pv.nc' identified as 'pv' type
2025-03-30 20:07:37 INFO Found init time '2012-10-17 12:00:00', 7 valid_times and 3 standard_names
2025-03-30 20:07:37 DEBUG valid_times='[cftime.DatetimeGregorian(2012, 10, 17, 12, 0, 0, 0, has_year_zero=False)
 cftime.DatetimeGregorian(2012, 10, 17, 18, 0, 0, 0, has_year_zero=False)
 cftime.DatetimeGregorian(2012, 10, 18, 0, 0, 0, 0, has_year_zero=False)
 cftime.DatetimeGregorian(2012, 10, 18, 6, 0, 0, 0, has_year_zero=False)
 cftime.DatetimeGregorian(2012, 10, 18, 12, 0, 0, 0, has_year_zero=False)
 cftime.DatetimeGregorian(2012, 10, 18, 18, 0, 0, 0, has_year_zero=False)
 cftime.DatetimeGregorian(2012, 10, 19, 0, 0, 0, 0, has_year_zero=False)]' standard_names='['air_potential_temperature', 'geopotential_height', 'air_pressure']'
2025-03-30 20:07:37 INFO Opening candidate '20121017_12_ecmwf_forecast.PV_derived.EUR_LL015.036.ml.nc'
2025-03-30 20:07:37 INFO File '20121017_12_ecmwf_forecast.PV_derived.EUR_LL015.036.ml.nc' identified as 'ml' type
2025-03-30 20:07:37 INFO Found init time '2012-10-17 12:00:00', 7 valid_times and 1 standard_names
2025-03-30 20:07:37 DEBUG valid_times='[cftime.DatetimeGregorian(2012, 10, 17, 12, 0, 0, 0, has_year_zero=False)
 cftime.DatetimeGregorian(2012, 10, 17, 18, 0, 0, 0, has_year_zero=False)
 cftime.DatetimeGregorian(2012, 10, 18, 0, 0, 0, 0, has_year_zero=False)
 cftime.DatetimeGregorian(2012, 10, 18, 6, 0, 0, 0, has_year_zero=False)
 cftime.DatetimeGregorian(2012, 10, 18, 12, 0, 0, 0, has_year_zero=False)
 cftime.DatetimeGregorian(2012, 10, 18, 18, 0, 0, 0, has_year_zero=False)
 cftime.DatetimeGregorian(2012, 10, 19, 0, 0, 0, 0, has_year_zero=False)]' standard_names='['ertel_potential_vorticity']'
2025-03-30 20:07:37 INFO Opening candidate '20121017_12_ecmwf_forecast.P_derived.EUR_LL015.036.ml.nc'
2025-03-30 20:07:37 INFO File '20121017_12_ecmwf_forecast.P_derived.EUR_LL015.036.ml.nc' identified as 'ml' type
2025-03-30 20:07:37 INFO Found init time '2012-10-17 12:00:00', 7 valid_times and 1 standard_names
2025-03-30 20:07:37 DEBUG valid_times='[cftime.DatetimeGregorian(2012, 10, 17, 12, 0, 0, 0, has_year_zero=False)
 cftime.DatetimeGregorian(2012, 10, 17, 18, 0, 0, 0, has_year_zero=False)
 cftime.DatetimeGregorian(2012, 10, 18, 0, 0, 0, 0, has_year_zero=False)
 cftime.DatetimeGregorian(2012, 10, 18, 6, 0, 0, 0, has_year_zero=False)
 cftime.DatetimeGregorian(2012, 10, 18, 12, 0, 0, 0, has_year_zero=False)
 cftime.DatetimeGregorian(2012, 10, 18, 18, 0, 0, 0, has_year_zero=False)
 cftime.DatetimeGregorian(2012, 10, 19, 0, 0, 0, 0, has_year_zero=False)]' standard_names='['air_pressure']'
2025-03-30 20:07:37 INFO Opening candidate '20121017_12_ecmwf_forecast.ProbWCB_LAGRANTO_derived.EUR_LL015.036.ml.nc'
2025-03-30 20:07:37 INFO File '20121017_12_ecmwf_forecast.ProbWCB_LAGRANTO_derived.EUR_LL015.036.ml.nc' identified as 'ml' type
2025-03-30 20:07:37 INFO Found init time '2012-10-17 12:00:00', 7 valid_times and 1 standard_names
2025-03-30 20:07:37 DEBUG valid_times='[cftime.DatetimeGregorian(2012, 10, 17, 12, 0, 0, 0, has_year_zero=False)
 cftime.DatetimeGregorian(2012, 10, 17, 18, 0, 0, 0, has_year_zero=False)
 cftime.DatetimeGregorian(2012, 10, 18, 0, 0, 0, 0, has_year_zero=False)
 cftime.DatetimeGregorian(2012, 10, 18, 6, 0, 0, 0, has_year_zero=False)
 cftime.DatetimeGregorian(2012, 10, 18, 12, 0, 0, 0, has_year_zero=False)
 cftime.DatetimeGregorian(2012, 10, 18, 18, 0, 0, 0, has_year_zero=False)
 cftime.DatetimeGregorian(2012, 10, 19, 0, 0, 0, 0, has_year_zero=False)]' standard_names='['probability_of_wcb_occurrence']'
2025-03-30 20:07:37 INFO Opening candidate '20121017_12_ecmwf_forecast.ProbWCB_LAGRANTO_derived.EUR_LL015.036.sfc.nc'
2025-03-30 20:07:37 INFO File '20121017_12_ecmwf_forecast.ProbWCB_LAGRANTO_derived.EUR_LL015.036.sfc.nc' identified as 'sfc' type
2025-03-30 20:07:37 INFO Found init time '2012-10-17 12:00:00', 7 valid_times and 1 standard_names
2025-03-30 20:07:37 DEBUG valid_times='[cftime.DatetimeGregorian(2012, 10, 17, 12, 0, 0, 0, has_year_zero=False)
 cftime.DatetimeGregorian(2012, 10, 17, 18, 0, 0, 0, has_year_zero=False)
 cftime.DatetimeGregorian(2012, 10, 18, 0, 0, 0, 0, has_year_zero=False)
 cftime.DatetimeGregorian(2012, 10, 18, 6, 0, 0, 0, has_year_zero=False)
 cftime.DatetimeGregorian(2012, 10, 18, 12, 0, 0, 0, has_year_zero=False)
 cftime.DatetimeGregorian(2012, 10, 18, 18, 0, 0, 0, has_year_zero=False)
 cftime.DatetimeGregorian(2012, 10, 19, 0, 0, 0, 0, has_year_zero=False)]' standard_names='['vertically_integrated_probability_of_wcb_occurrence']'
2025-03-30 20:07:37 INFO Opening candidate '20121017_12_ecmwf_forecast.Q.EUR_LL015.036.ml.nc'
2025-03-30 20:07:37 INFO File '20121017_12_ecmwf_forecast.Q.EUR_LL015.036.ml.nc' identified as 'ml' type
2025-03-30 20:07:37 INFO Found init time '2012-10-17 12:00:00', 7 valid_times and 1 standard_names
2025-03-30 20:07:37 DEBUG valid_times='[cftime.DatetimeGregorian(2012, 10, 17, 12, 0, 0, 0, has_year_zero=False)
 cftime.DatetimeGregorian(2012, 10, 17, 18, 0, 0, 0, has_year_zero=False)
 cftime.DatetimeGregorian(2012, 10, 18, 0, 0, 0, 0, has_year_zero=False)
 cftime.DatetimeGregorian(2012, 10, 18, 6, 0, 0, 0, has_year_zero=False)
 cftime.DatetimeGregorian(2012, 10, 18, 12, 0, 0, 0, has_year_zero=False)
 cftime.DatetimeGregorian(2012, 10, 18, 18, 0, 0, 0, has_year_zero=False)
 cftime.DatetimeGregorian(2012, 10, 19, 0, 0, 0, 0, has_year_zero=False)]' standard_names='['specific_humidity']'
2025-03-30 20:07:37 INFO Opening candidate '20121017_12_ecmwf_forecast.SEA.EUR_LL015.036.sfc.nc'
2025-03-30 20:07:37 INFO File '20121017_12_ecmwf_forecast.SEA.EUR_LL015.036.sfc.nc' identified as 'sfc' type
2025-03-30 20:07:37 INFO Found init time '2012-10-17 12:00:00', 7 valid_times and 1 standard_names
2025-03-30 20:07:37 DEBUG valid_times='[cftime.DatetimeGregorian(2012, 10, 17, 12, 0, 0, 0, has_year_zero=False)
 cftime.DatetimeGregorian(2012, 10, 17, 18, 0, 0, 0, has_year_zero=False)
 cftime.DatetimeGregorian(2012, 10, 18, 0, 0, 0, 0, has_year_zero=False)
 cftime.DatetimeGregorian(2012, 10, 18, 6, 0, 0, 0, has_year_zero=False)
 cftime.DatetimeGregorian(2012, 10, 18, 12, 0, 0, 0, has_year_zero=False)
 cftime.DatetimeGregorian(2012, 10, 18, 18, 0, 0, 0, has_year_zero=False)
 cftime.DatetimeGregorian(2012, 10, 19, 0, 0, 0, 0, has_year_zero=False)]' standard_names='['solar_elevation_angle']'
2025-03-30 20:07:37 INFO Opening candidate '20121017_12_ecmwf_forecast.SFC.EUR_LL015.036.sfc.nc'
2025-03-30 20:07:37 INFO File '20121017_12_ecmwf_forecast.SFC.EUR_LL015.036.sfc.nc' identified as 'sfc' type
2025-03-30 20:07:37 INFO Found init time '2012-10-17 12:00:00', 7 valid_times and 15 standard_names
2025-03-30 20:07:37 DEBUG valid_times='[cftime.DatetimeGregorian(2012, 10, 17, 12, 0, 0, 0, has_year_zero=False)
 cftime.DatetimeGregorian(2012, 10, 17, 18, 0, 0, 0, has_year_zero=False)
 cftime.DatetimeGregorian(2012, 10, 18, 0, 0, 0, 0, has_year_zero=False)
 cftime.DatetimeGregorian(2012, 10, 18, 6, 0, 0, 0, has_year_zero=False)
 cftime.DatetimeGregorian(2012, 10, 18, 12, 0, 0, 0, has_year_zero=False)
 cftime.DatetimeGregorian(2012, 10, 18, 18, 0, 0, 0, has_year_zero=False)
 cftime.DatetimeGregorian(2012, 10, 19, 0, 0, 0, 0, has_year_zero=False)]' standard_names='['surface_geopotential', 'air_pressure_at_sea_level', 'total_cloud_cover', 'land_binary_mask', 'low_cloud_area_fraction', 'medium_cloud_area_fraction', 'high_cloud_area_fraction', 'surface_eastward_wind', 'surface_northward_wind', 'sea_ice_area_fraction', 'msg_brightness_temperature_108', 'atmosphere_boundary_layer_thickness', 'emac_column_density', 'tropopause_altitude', 'secondary_tropopause_altitude']'
2025-03-30 20:07:37 INFO Opening candidate '20121017_12_ecmwf_forecast.T.EUR_LL015.036.ml.nc'
2025-03-30 20:07:37 INFO File '20121017_12_ecmwf_forecast.T.EUR_LL015.036.ml.nc' identified as 'ml' type
2025-03-30 20:07:37 INFO Found init time '2012-10-17 12:00:00', 7 valid_times and 1 standard_names
2025-03-30 20:07:37 DEBUG valid_times='[cftime.DatetimeGregorian(2012, 10, 17, 12, 0, 0, 0, has_year_zero=False)
 cftime.DatetimeGregorian(2012, 10, 17, 18, 0, 0, 0, has_year_zero=False)
 cftime.DatetimeGregorian(2012, 10, 18, 0, 0, 0, 0, has_year_zero=False)
 cftime.DatetimeGregorian(2012, 10, 18, 6, 0, 0, 0, has_year_zero=False)
 cftime.DatetimeGregorian(2012, 10, 18, 12, 0, 0, 0, has_year_zero=False)
 cftime.DatetimeGregorian(2012, 10, 18, 18, 0, 0, 0, has_year_zero=False)
 cftime.DatetimeGregorian(2012, 10, 19, 0, 0, 0, 0, has_year_zero=False)]' standard_names='['air_temperature']'
2025-03-30 20:07:37 INFO Opening candidate '20121017_12_ecmwf_forecast.THETA.EUR_LL015.036.ml.nc'
2025-03-30 20:07:37 INFO File '20121017_12_ecmwf_forecast.THETA.EUR_LL015.036.ml.nc' identified as 'ml' type
2025-03-30 20:07:37 INFO Found init time '2012-10-17 12:00:00', 7 valid_times and 1 standard_names
2025-03-30 20:07:37 DEBUG valid_times='[cftime.DatetimeGregorian(2012, 10, 17, 12, 0, 0, 0, has_year_zero=False)
 cftime.DatetimeGregorian(2012, 10, 17, 18, 0, 0, 0, has_year_zero=False)
 cftime.DatetimeGregorian(2012, 10, 18, 0, 0, 0, 0, has_year_zero=False)
 cftime.DatetimeGregorian(2012, 10, 18, 6, 0, 0, 0, has_year_zero=False)
 cftime.DatetimeGregorian(2012, 10, 18, 12, 0, 0, 0, has_year_zero=False)
 cftime.DatetimeGregorian(2012, 10, 18, 18, 0, 0, 0, has_year_zero=False)
 cftime.DatetimeGregorian(2012, 10, 19, 0, 0, 0, 0, has_year_zero=False)]' standard_names='['air_potential_temperature']'
2025-03-30 20:07:37 INFO Opening candidate '20121017_12_ecmwf_forecast.THETA_LEVELS.EUR_LL015.036.tl.nc'
2025-03-30 20:07:37 INFO File '20121017_12_ecmwf_forecast.THETA_LEVELS.EUR_LL015.036.tl.nc' identified as 'tl' type
2025-03-30 20:07:37 INFO Found init time '2012-10-17 12:00:00', 7 valid_times and 3 standard_names
2025-03-30 20:07:37 DEBUG valid_times='[cftime.DatetimeGregorian(2012, 10, 17, 12, 0, 0, 0, has_year_zero=False)
 cftime.DatetimeGregorian(2012, 10, 17, 18, 0, 0, 0, has_year_zero=False)
 cftime.DatetimeGregorian(2012, 10, 18, 0, 0, 0, 0, has_year_zero=False)
 cftime.DatetimeGregorian(2012, 10, 18, 6, 0, 0, 0, has_year_zero=False)
 cftime.DatetimeGregorian(2012, 10, 18, 12, 0, 0, 0, has_year_zero=False)
 cftime.DatetimeGregorian(2012, 10, 18, 18, 0, 0, 0, has_year_zero=False)
 cftime.DatetimeGregorian(2012, 10, 19, 0, 0, 0, 0, has_year_zero=False)]' standard_names='['air_pressure', 'ertel_potential_vorticity', 'mole_fraction_of_ozone_in_air']'
2025-03-30 20:07:37 INFO Opening candidate '20121017_12_ecmwf_forecast.U.EUR_LL015.036.ml.nc'
2025-03-30 20:07:37 INFO File '20121017_12_ecmwf_forecast.U.EUR_LL015.036.ml.nc' identified as 'ml' type
2025-03-30 20:07:37 INFO Found init time '2012-10-17 12:00:00', 7 valid_times and 1 standard_names
2025-03-30 20:07:37 DEBUG valid_times='[cftime.DatetimeGregorian(2012, 10, 17, 12, 0, 0, 0, has_year_zero=False)
 cftime.DatetimeGregorian(2012, 10, 17, 18, 0, 0, 0, has_year_zero=False)
 cftime.DatetimeGregorian(2012, 10, 18, 0, 0, 0, 0, has_year_zero=False)
 cftime.DatetimeGregorian(2012, 10, 18, 6, 0, 0, 0, has_year_zero=False)
 cftime.DatetimeGregorian(2012, 10, 18, 12, 0, 0, 0, has_year_zero=False)
 cftime.DatetimeGregorian(2012, 10, 18, 18, 0, 0, 0, has_year_zero=False)
 cftime.DatetimeGregorian(2012, 10, 19, 0, 0, 0, 0, has_year_zero=False)]' standard_names='['eastward_wind']'
2025-03-30 20:07:37 INFO Opening candidate '20121017_12_ecmwf_forecast.V.EUR_LL015.036.ml.nc'
2025-03-30 20:07:37 INFO File '20121017_12_ecmwf_forecast.V.EUR_LL015.036.ml.nc' identified as 'ml' type
2025-03-30 20:07:37 INFO Found init time '2012-10-17 12:00:00', 7 valid_times and 1 standard_names
2025-03-30 20:07:37 DEBUG valid_times='[cftime.DatetimeGregorian(2012, 10, 17, 12, 0, 0, 0, has_year_zero=False)
 cftime.DatetimeGregorian(2012, 10, 17, 18, 0, 0, 0, has_year_zero=False)
 cftime.DatetimeGregorian(2012, 10, 18, 0, 0, 0, 0, has_year_zero=False)
 cftime.DatetimeGregorian(2012, 10, 18, 6, 0, 0, 0, has_year_zero=False)
 cftime.DatetimeGregorian(2012, 10, 18, 12, 0, 0, 0, has_year_zero=False)
 cftime.DatetimeGregorian(2012, 10, 18, 18, 0, 0, 0, has_year_zero=False)
 cftime.DatetimeGregorian(2012, 10, 19, 0, 0, 0, 0, has_year_zero=False)]' standard_names='['northward_wind']'
2025-03-30 20:07:37 INFO Opening candidate '20121017_12_ecmwf_forecast.W.EUR_LL015.036.ml.nc'
2025-03-30 20:07:37 INFO File '20121017_12_ecmwf_forecast.W.EUR_LL015.036.ml.nc' identified as 'ml' type
2025-03-30 20:07:37 INFO Found init time '2012-10-17 12:00:00', 7 valid_times and 1 standard_names
2025-03-30 20:07:37 DEBUG valid_times='[cftime.DatetimeGregorian(2012, 10, 17, 12, 0, 0, 0, has_year_zero=False)
 cftime.DatetimeGregorian(2012, 10, 17, 18, 0, 0, 0, has_year_zero=False)
 cftime.DatetimeGregorian(2012, 10, 18, 0, 0, 0, 0, has_year_zero=False)
 cftime.DatetimeGregorian(2012, 10, 18, 6, 0, 0, 0, has_year_zero=False)
 cftime.DatetimeGregorian(2012, 10, 18, 12, 0, 0, 0, has_year_zero=False)
 cftime.DatetimeGregorian(2012, 10, 18, 18, 0, 0, 0, has_year_zero=False)
 cftime.DatetimeGregorian(2012, 10, 19, 0, 0, 0, 0, has_year_zero=False)]' standard_names='['lagrangian_tendency_of_air_pressure']'
2025-03-30 20:07:37 DEBUG using plot object 'VS_T01'
2025-03-30 20:07:37 DEBUG 	figure size (800, 600) in pixels
2025-03-30 20:07:37 DEBUG 	requested initialisation time 2012-10-17 12:00:00
2025-03-30 20:07:37 DEBUG 	requested forecast valid time 2012-10-17 12:00:00
2025-03-30 20:07:37 DEBUG 	variable 'air_pressure' requires input file '20121017_12_ecmwf_forecast.P_derived.EUR_LL015.036.ml.nc'
2025-03-30 20:07:37 DEBUG 	variable 'air_temperature' requires input file '20121017_12_ecmwf_forecast.T.EUR_LL015.036.ml.nc'
2025-03-30 20:07:37 DEBUG opening datasets.
2025-03-30 20:07:37 DEBUG 	identified variable <air_pressure> for field <air_pressure>
2025-03-30 20:07:37 DEBUG 	identified variable <air_temperature> for field <air_temperature>
2025-03-30 20:07:37 DEBUG computing 101 interpolation points, connection: greatcircle
2025-03-30 20:07:37 DEBUG loading data for time step 0 (2012-10-17 12:00:00)
2025-03-30 20:07:37 DEBUG shifting data grid to gridpoint west of westmost longitude in path: 7.00 (path 8.00).
2025-03-30 20:07:37 DEBUG 	Loaded 0.27 Mbytes from data field <air_pressure> at timestep 0.
2025-03-30 20:07:37 DEBUG 	Vertical dimension direction is up.
2025-03-30 20:07:37 DEBUG 	Interpolating to cross-section path.
2025-03-30 20:07:37 DEBUG 	setting jump data to NaN at [42]
2025-03-30 20:07:37 DEBUG 	Loaded 0.27 Mbytes from data field <air_temperature> at timestep 0.
2025-03-30 20:07:37 DEBUG 	Vertical dimension direction is up.
2025-03-30 20:07:37 DEBUG 	Interpolating to cross-section path.
2025-03-30 20:07:37 DEBUG 	setting jump data to NaN at [42]
2025-03-30 20:07:37 DEBUG Loaded and interpolated data (required time 0:00:00.008255).
2025-03-30 20:07:37 DEBUG Plotting interpolated curtain.
2025-03-30 20:07:37 DEBUG creating figure..
2025-03-30 20:07:37 DEBUG 	with frame and legends
2025-03-30 20:07:37 DEBUG converting image to indexed palette.
2025-03-30 20:07:37 DEBUG saving figure as non-transparent PNG.
2025-03-30 20:07:37 DEBUG returning figure..
2025-03-30 20:07:37 DEBUG Finished plotting (required time 0:00:00.834059; total time 0:00:00.842314).

2025-03-30 20:07:37 DEBUG using plot object 'VS_T01'
2025-03-30 20:07:37 DEBUG 	figure size (800, 600) in pixels
2025-03-30 20:07:37 DEBUG 	requested initialisation time 2012-10-17 12:00:00
2025-03-30 20:07:37 DEBUG 	requested forecast valid time 2012-10-17 12:00:00
2025-03-30 20:07:37 DEBUG 	variable 'air_pressure' requires input file '20121017_12_ecmwf_forecast.P_derived.EUR_LL015.036.ml.nc'
2025-03-30 20:07:37 DEBUG 	variable 'air_temperature' requires input file '20121017_12_ecmwf_forecast.T.EUR_LL015.036.ml.nc'
2025-03-30 20:07:37 DEBUG opening datasets.
2025-03-30 20:07:37 DEBUG 	identified variable <air_pressure> for field <air_pressure>
2025-03-30 20:07:37 DEBUG 	identified variable <air_temperature> for field <air_temperature>
2025-03-30 20:07:37 DEBUG computing 101 interpolation points, connection: greatcircle
2025-03-30 20:07:37 DEBUG loading data for time step 0 (2012-10-17 12:00:00)
2025-03-30 20:07:37 DEBUG shifting data grid to gridpoint west of westmost longitude in path: 7.00 (path 8.00).
2025-03-30 20:07:37 DEBUG 	Loaded 0.27 Mbytes from data field <air_pressure> at timestep 0.
2025-03-30 20:07:37 DEBUG 	Vertical dimension direction is up.
2025-03-30 20:07:37 DEBUG 	Interpolating to cross-section path.
2025-03-30 20:07:37 DEBUG 	setting jump data to NaN at [42]
2025-03-30 20:07:37 DEBUG 	Loaded 0.27 Mbytes from data field <air_temperature> at timestep 0.
2025-03-30 20:07:37 DEBUG 	Vertical dimension direction is up.
2025-03-30 20:07:37 DEBUG 	Interpolating to cross-section path.
2025-03-30 20:07:37 DEBUG 	setting jump data to NaN at [42]
2025-03-30 20:07:38 DEBUG Loaded and interpolated data (required time 0:00:00.004086).
2025-03-30 20:07:38 DEBUG Plotting interpolated curtain.
2025-03-30 20:07:38 DEBUG creating figure..
2025-03-30 20:07:38 DEBUG 	with frame and legends
2025-03-30 20:07:38 DEBUG converting image to indexed palette.
2025-03-30 20:07:38 DEBUG saving figure as non-transparent PNG.
2025-03-30 20:07:38 DEBUG returning figure..
2025-03-30 20:07:38 DEBUG Finished plotting (required time 0:00:00.829255; total time 0:00:00.833341).

2025-03-30 20:07:38 DEBUG using plot object 'VS_T01'
2025-03-30 20:07:38 DEBUG 	figure size (800, 600) in pixels
2025-03-30 20:07:38 DEBUG 	requested initialisation time 2012-10-17 12:00:00
2025-03-30 20:07:38 DEBUG 	requested forecast valid time 2012-10-17 12:00:00
2025-03-30 20:07:38 DEBUG 	variable 'air_pressure' requires input file '20121017_12_ecmwf_forecast.P_derived.EUR_LL015.036.ml.nc'
2025-03-30 20:07:38 DEBUG 	variable 'air_temperature' requires input file '20121017_12_ecmwf_forecast.T.EUR_LL015.036.ml.nc'
2025-03-30 20:07:38 DEBUG opening datasets.
2025-03-30 20:07:38 DEBUG 	identified variable <air_pressure> for field <air_pressure>
2025-03-30 20:07:38 DEBUG 	identified variable <air_temperature> for field <air_temperature>
2025-03-30 20:07:38 DEBUG computing 101 interpolation points, connection: greatcircle
2025-03-30 20:07:38 DEBUG loading data for time step 0 (2012-10-17 12:00:00)
2025-03-30 20:07:38 DEBUG shifting data grid to gridpoint west of westmost longitude in path: 7.00 (path 8.00).
2025-03-30 20:07:38 DEBUG 	Loaded 0.27 Mbytes from data field <air_pressure> at timestep 0.
2025-03-30 20:07:38 DEBUG 	Vertical dimension direction is up.
2025-03-30 20:07:38 DEBUG 	Interpolating to cross-section path.
2025-03-30 20:07:38 DEBUG 	setting jump data to NaN at [42]
2025-03-30 20:07:38 DEBUG 	Loaded 0.27 Mbytes from data field <air_temperature> at timestep 0.
2025-03-30 20:07:38 DEBUG 	Vertical dimension direction is up.
2025-03-30 20:07:38 DEBUG 	Interpolating to cross-section path.
2025-03-30 20:07:38 DEBUG 	setting jump data to NaN at [42]
2025-03-30 20:07:38 DEBUG Loaded and interpolated data (required time 0:00:00.004503).
2025-03-30 20:07:38 DEBUG Plotting interpolated curtain.
2025-03-30 20:07:38 DEBUG creating figure..
2025-03-30 20:07:38 DEBUG 	with frame and legends
2025-03-30 20:07:39 DEBUG converting image to indexed palette.
2025-03-30 20:07:39 DEBUG saving figure as non-transparent PNG.
2025-03-30 20:07:39 DEBUG returning figure..
2025-03-30 20:07:39 DEBUG Finished plotting (required time 0:00:00.711236; total time 0:00:00.715739).

2025-03-30 20:07:39 DEBUG No user settings found, using default settings
2025-03-30 20:07:39 INFO Files identified for domain 'EUR_LL015': ['20121017_12_ecmwf_forecast.ALTITUDE_LEVELS.EUR_LL015.036.al.nc', '20121017_12_ecmwf_forecast.CC.EUR_LL015.036.ml.nc', '20121017_12_ecmwf_forecast.CIWC.EUR_LL015.036.ml.nc', '20121017_12_ecmwf_forecast.CLWC.EUR_LL015.036.ml.nc', '20121017_12_ecmwf_forecast.DIV.EUR_LL015.036.ml.nc', '20121017_12_ecmwf_forecast.EMAC.EUR_LL015.036.ml.nc', '20121017_12_ecmwf_forecast.GPH.EUR_LL015.036.ml.nc', '20121017_12_ecmwf_forecast.O3.EUR_LL015.036.ml.nc', '20121017_12_ecmwf_forecast.PRESSURE_LEVELS.EUR_LL015.036.pl.nc', '20121017_12_ecmwf_forecast.PVU.EUR_LL015.036.pv.nc', '20121017_12_ecmwf_forecast.PV_derived.EUR_LL015.036.ml.nc', '20121017_12_ecmwf_forecast.P_derived.EUR_LL015.036.ml.nc', '20121017_12_ecmwf_forecast.ProbWCB_LAGRANTO_derived.EUR_LL015.036.ml.nc', '20121017_12_ecmwf_forecast.ProbWCB_LAGRANTO_derived.EUR_LL015.036.sfc.nc', '20121017_12_ecmwf_forecast.Q.EUR_LL015.036.ml.nc', '20121017_12_ecmwf_forecast.SEA.EUR_LL015.036.sfc.nc', '20121017_12_ecmwf_forecast.SFC.EUR_LL015.036.sfc.nc', '20121017_12_ecmwf_forecast.T.EUR_LL015.036.ml.nc', '20121017_12_ecmwf_forecast.THETA.EUR_LL015.036.ml.nc', '20121017_12_ecmwf_forecast.THETA_LEVELS.EUR_LL015.036.tl.nc', '20121017_12_ecmwf_forecast.U.EUR_LL015.036.ml.nc', '20121017_12_ecmwf_forecast.V.EUR_LL015.036.ml.nc', '20121017_12_ecmwf_forecast.W.EUR_LL015.036.ml.nc']
2025-03-30 20:07:39 INFO Opening candidate '20121017_12_ecmwf_forecast.ALTITUDE_LEVELS.EUR_LL015.036.al.nc'
2025-03-30 20:07:39 INFO File '20121017_12_ecmwf_forecast.ALTITUDE_LEVELS.EUR_LL015.036.al.nc' identified as 'al' type
2025-03-30 20:07:39 INFO Found init time '2012-10-17 12:00:00', 7 valid_times and 3 standard_names
2025-03-30 20:07:39 DEBUG valid_times='[cftime.DatetimeGregorian(2012, 10, 17, 12, 0, 0, 0, has_year_zero=False)
 cftime.DatetimeGregorian(2012, 10, 17, 18, 0, 0, 0, has_year_zero=False)
 cftime.DatetimeGregorian(2012, 10, 18, 0, 0, 0, 0, has_year_zero=False)
 cftime.DatetimeGregorian(2012, 10, 18, 6, 0, 0, 0, has_year_zero=False)
 cftime.DatetimeGregorian(2012, 10, 18, 12, 0, 0, 0, has_year_zero=False)
 cftime.DatetimeGregorian(2012, 10, 18, 18, 0, 0, 0, has_year_zero=False)
 cftime.DatetimeGregorian(2012, 10, 19, 0, 0, 0, 0, has_year_zero=False)]' standard_names='['air_pressure', 'ertel_potential_vorticity', 'mole_fraction_of_ozone_in_air']'
2025-03-30 20:07:39 INFO Opening candidate '20121017_12_ecmwf_forecast.CC.EUR_LL015.036.ml.nc'
2025-03-30 20:07:39 INFO File '20121017_12_ecmwf_forecast.CC.EUR_LL015.036.ml.nc' identified as 'ml' type
2025-03-30 20:07:39 INFO Found init time '2012-10-17 12:00:00', 7 valid_times and 1 standard_names
2025-03-30 20:07:39 DEBUG valid_times='[cftime.DatetimeGregorian(2012, 10, 17, 12, 0, 0, 0, has_year_zero=False)
 cftime.DatetimeGregorian(2012, 10, 17, 18, 0, 0, 0, has_year_zero=False)
 cftime.DatetimeGregorian(2012, 10, 18, 0, 0, 0, 0, has_year_zero=False)
 cftime.DatetimeGregorian(2012, 10, 18, 6, 0, 0, 0, has_year_zero=False)
 cftime.DatetimeGregorian(2012, 10, 18, 12, 0, 0, 0, has_year_zero=False)
 cftime.DatetimeGregorian(2012, 10, 18, 18, 0, 0, 0, has_year_zero=False)
 cftime.DatetimeGregorian(2012, 10, 19, 0, 0, 0, 0, has_year_zero=False)]' standard_names='['cloud_area_fraction_in_atmosphere_layer']'
2025-03-30 20:07:39 INFO Opening candidate '20121017_12_ecmwf_forecast.CIWC.EUR_LL015.036.ml.nc'
2025-03-30 20:07:39 INFO File '20121017_12_ecmwf_forecast.CIWC.EUR_LL015.036.ml.nc' identified as 'ml' type
2025-03-30 20:07:39 INFO Found init time '2012-10-17 12:00:00', 7 valid_times and 1 standard_names
2025-03-30 20:07:39 DEBUG valid_times='[cftime.DatetimeGregorian(2012, 10, 17, 12, 0, 0, 0, has_year_zero=False)
 cftime.DatetimeGregorian(2012, 10, 17, 18, 0, 0, 0, has_year_zero=False)
 cftime.DatetimeGregorian(2012, 10, 18, 0, 0, 0, 0, has_year_zero=False)
 cftime.DatetimeGregorian(2012, 10, 18, 6, 0, 0, 0, has_year_zero=False)
 cftime.DatetimeGregorian(2012, 10, 18, 12, 0, 0, 0, has_year_zero=False)
 cftime.DatetimeGregorian(2012, 10, 18, 18, 0, 0, 0, has_year_zero=False)
 cftime.DatetimeGregorian(2012, 10, 19, 0, 0, 0, 0, has_year_zero=False)]' standard_names='['specific_cloud_ice_water_content']'
2025-03-30 20:07:39 INFO Opening candidate '20121017_12_ecmwf_forecast.CLWC.EUR_LL015.036.ml.nc'
2025-03-30 20:07:39 INFO File '20121017_12_ecmwf_forecast.CLWC.EUR_LL015.036.ml.nc' identified as 'ml' type
2025-03-30 20:07:39 INFO Found init time '2012-10-17 12:00:00', 7 valid_times and 1 standard_names
2025-03-30 20:07:39 DEBUG valid_times='[cftime.DatetimeGregorian(2012, 10, 17, 12, 0, 0, 0, has_year_zero=False)
 cftime.DatetimeGregorian(2012, 10, 17, 18, 0, 0, 0, has_year_zero=False)
 cftime.DatetimeGregorian(2012, 10, 18, 0, 0, 0, 0, has_year_zero=False)
 cftime.DatetimeGregorian(2012, 10, 18, 6, 0, 0, 0, has_year_zero=False)
 cftime.DatetimeGregorian(2012, 10, 18, 12, 0, 0, 0, has_year_zero=False)
 cftime.DatetimeGregorian(2012, 10, 18, 18, 0, 0, 0, has_year_zero=False)
 cftime.DatetimeGregorian(2012, 10, 19, 0, 0, 0, 0, has_year_zero=False)]' standard_names='['specific_cloud_liquid_water_content']'
2025-03-30 20:07:39 INFO Opening candidate '20121017_12_ecmwf_forecast.DIV.EUR_LL015.036.ml.nc'
2025-03-30 20:07:39 INFO File '20121017_12_ecmwf_forecast.DIV.EUR_LL015.036.ml.nc' identified as 'ml' type
2025-03-30 20:07:39 INFO Found init time '2012-10-17 12:00:00', 7 valid_times and 1 standard_names
2025-03-30 20:07:39 DEBUG valid_times='[cftime.DatetimeGregorian(2012, 10, 17, 12, 0, 0, 0, has_year_zero=False)
 cftime.DatetimeGregorian(2012, 10, 17, 18, 0, 0, 0, has_year_zero=False)
 cftime.DatetimeGregorian(2012, 10, 18, 0, 0, 0, 0, has_year_zero=False)
 cftime.DatetimeGregorian(2012, 10, 18, 6, 0, 0, 0, has_year_zero=False)
 cftime.DatetimeGregorian(2012, 10, 18, 12, 0, 0, 0, has_year_zero=False)
 cftime.DatetimeGregorian(2012, 10, 18, 18, 0, 0, 0, has_year_zero=False)
 cftime.DatetimeGregorian(2012, 10, 19, 0, 0, 0, 0, has_year_zero=False)]' standard_names='['divergence_of_wind']'
2025-03-30 20:07:39 INFO Opening candidate '20121017_12_ecmwf_forecast.EMAC.EUR_LL015.036.ml.nc'
2025-03-30 20:07:39 INFO File '20121017_12_ecmwf_forecast.EMAC.EUR_LL015.036.ml.nc' identified as 'ml' type
2025-03-30 20:07:39 INFO Found init time '2012-10-17 12:00:00', 7 valid_times and 1 standard_names
2025-03-30 20:07:39 DEBUG valid_times='[cftime.DatetimeGregorian(2012, 10, 17, 12, 0, 0, 0, has_year_zero=False)
 cftime.DatetimeGregorian(2012, 10, 17, 18, 0, 0, 0, has_year_zero=False)
 cftime.DatetimeGregorian(2012, 10, 18, 0, 0, 0, 0, has_year_zero=False)
 cftime.DatetimeGregorian(2012, 10, 18, 6, 0, 0, 0, has_year_zero=False)
 cftime.DatetimeGregorian(2012, 10, 18, 12, 0, 0, 0, has_year_zero=False)
 cftime.DatetimeGregorian(2012, 10, 18, 18, 0, 0, 0, has_year_zero=False)
 cftime.DatetimeGregorian(2012, 10, 19, 0, 0, 0, 0, has_year_zero=False)]' standard_names='['emac_R12']'
2025-03-30 20:07:39 INFO Opening candidate '20121017_12_ecmwf_forecast.GPH.EUR_LL015.036.ml.nc'
2025-03-30 20:07:39 INFO File '20121017_12_ecmwf_forecast.GPH.EUR_LL015.036.ml.nc' identified as 'ml' type
2025-03-30 20:07:39 INFO Found init time '2012-10-17 12:00:00', 7 valid_times and 1 standard_names
2025-03-30 20:07:39 DEBUG valid_times='[cftime.DatetimeGregorian(2012, 10, 17, 12, 0, 0, 0, has_year_zero=False)
 cftime.DatetimeGregorian(2012, 10, 17, 18, 0, 0, 0, has_year_zero=False)
 cftime.DatetimeGregorian(2012, 10, 18, 0, 0, 0, 0, has_year_zero=False)
 cftime.DatetimeGregorian(2012, 10, 18, 6, 0, 0, 0, has_year_zero=False)
 cftime.DatetimeGregorian(2012, 10, 18, 12, 0, 0, 0, has_year_zero=False)
 cftime.DatetimeGregorian(2012, 10, 18, 18, 0, 0, 0, has_year_zero=False)
 cftime.DatetimeGregorian(2012, 10, 19, 0, 0, 0, 0, has_year_zero=False)]' standard_names='['geopotential_height']'
2025-03-30 20:07:39 INFO Opening candidate '20121017_12_ecmwf_forecast.O3.EUR_LL015.036.ml.nc'
2025-03-30 20:07:39 INFO File '20121017_12_ecmwf_forecast.O3.EUR_LL015.036.ml.nc' identified as 'ml' type
2025-03-30 20:07:39 INFO Found init time '2012-10-17 12:00:00', 7 valid_times and 1 standard_names
2025-03-30 20:07:39 DEBUG valid_times='[cftime.DatetimeGregorian(2012, 10, 17, 12, 0, 0, 0, has_year_zero=False)
 cftime.DatetimeGregorian(2012, 10, 17, 18, 0, 0, 0, has_year_zero=False)
 cftime.DatetimeGregorian(2012, 10, 18, 0, 0, 0, 0, has_year_zero=False)
 cftime.DatetimeGregorian(2012, 10, 18, 6, 0, 0, 0, has_year_zero=False)
 cftime.DatetimeGregorian(2012, 10, 18, 12, 0, 0, 0, has_year_zero=False)
 cftime.DatetimeGregorian(2012, 10, 18, 18, 0, 0, 0, has_year_zero=False)
 cftime.DatetimeGregorian(2012, 10, 19, 0, 0, 0, 0, has_year_zero=False)]' standard_names='['mole_fraction_of_ozone_in_air']'
2025-03-30 20:07:39 INFO Opening candidate '20121017_12_ecmwf_forecast.PRESSURE_LEVELS.EUR_LL015.036.pl.nc'
2025-03-30 20:07:39 INFO File '20121017_12_ecmwf_forecast.PRESSURE_LEVELS.EUR_LL015.036.pl.nc' identified as 'pl' type
2025-03-30 20:07:39 INFO Found init time '2012-10-17 12:00:00', 7 valid_times and 16 standard_names
2025-03-30 20:07:39 DEBUG valid_times='[cftime.DatetimeGregorian(2012, 10, 17, 12, 0, 0, 0, has_year_zero=False)
 cftime.DatetimeGregorian(2012, 10, 17, 18, 0, 0, 0, has_year_zero=False)
 cftime.DatetimeGregorian(2012, 10, 18, 0, 0, 0, 0, has_year_zero=False)
 cftime.DatetimeGregorian(2012, 10, 18, 6, 0, 0, 0, has_year_zero=False)
 cftime.DatetimeGregorian(2012, 10, 18, 12, 0, 0, 0, has_year_zero=False)
 cftime.DatetimeGregorian(2012, 10, 18, 18, 0, 0, 0, has_year_zero=False)
 cftime.DatetimeGregorian(2012, 10, 19, 0, 0, 0, 0, has_year_zero=False)]' standard_names='['air_potential_temperature', 'air_pressure', 'air_temperature', 'eastward_wind', 'ertel_potential_vorticity', 'geopotential_height', 'northward_wind', 'specific_humidity', 'lagrangian_tendency_of_air_pressure', 'divergence_of_wind', 'mass_fraction_of_ozone_in_air', 'mole_fraction_of_ozone_in_air', 'equivalent_latitude', 'number_of_wcb_trajectories', 'number_of_insitu_trajectories', 'number_of_mix_trajectories']'
2025-03-30 20:07:39 INFO Opening candidate '20121017_12_ecmwf_forecast.PVU.EUR_LL015.036.pv.nc'
2025-03-30 20:07:39 INFO File '20121017_12_ecmwf_forecast.PVU.EUR_LL015.036.pv.nc' identified as 'pv' type
2025-03-30 20:07:39 INFO Found init time '2012-10-17 12:00:00', 7 valid_times and 3 standard_names
2025-03-30 20:07:39 DEBUG valid_times='[cftime.DatetimeGregorian(2012, 10, 17, 12, 0, 0, 0, has_year_zero=False)
 cftime.DatetimeGregorian(2012, 10, 17, 18, 0, 0, 0, has_year_zero=False)
 cftime.DatetimeGregorian(2012, 10, 18, 0, 0, 0, 0, has_year_zero=False)
 cftime.DatetimeGregorian(2012, 10, 18, 6, 0, 0, 0, has_year_zero=False)
 cftime.DatetimeGregorian(2012, 10, 18, 12, 0, 0, 0, has_year_zero=False)
 cftime.DatetimeGregorian(2012, 10, 18, 18, 0, 0, 0, has_year_zero=False)
 cftime.DatetimeGregorian(2012, 10, 19, 0, 0, 0, 0, has_year_zero=False)]' standard_names='['air_potential_temperature', 'geopotential_height', 'air_pressure']'
2025-03-30 20:07:39 INFO Opening candidate '20121017_12_ecmwf_forecast.PV_derived.EUR_LL015.036.ml.nc'
2025-03-30 20:07:39 INFO File '20121017_12_ecmwf_forecast.PV_derived.EUR_LL015.036.ml.nc' identified as 'ml' type
2025-03-30 20:07:39 INFO Found init time '2012-10-17 12:00:00', 7 valid_times and 1 standard_names
2025-03-30 20:07:39 DEBUG valid_times='[cftime.DatetimeGregorian(2012, 10, 17, 12, 0, 0, 0, has_year_zero=False)
 cftime.DatetimeGregorian(2012, 10, 17, 18, 0, 0, 0, has_year_zero=False)
 cftime.DatetimeGregorian(2012, 10, 18, 0, 0, 0, 0, has_year_zero=False)
 cftime.DatetimeGregorian(2012, 10, 18, 6, 0, 0, 0, has_year_zero=False)
 cftime.DatetimeGregorian(2012, 10, 18, 12, 0, 0, 0, has_year_zero=False)
 cftime.DatetimeGregorian(2012, 10, 18, 18, 0, 0, 0, has_year_zero=False)
 cftime.DatetimeGregorian(2012, 10, 19, 0, 0, 0, 0, has_year_zero=False)]' standard_names='['ertel_potential_vorticity']'
2025-03-30 20:07:39 INFO Opening candidate '20121017_12_ecmwf_forecast.P_derived.EUR_LL015.036.ml.nc'
2025-03-30 20:07:39 INFO File '20121017_12_ecmwf_forecast.P_derived.EUR_LL015.036.ml.nc' identified as 'ml' type
2025-03-30 20:07:39 INFO Found init time '2012-10-17 12:00:00', 7 valid_times and 1 standard_names
2025-03-30 20:07:39 DEBUG valid_times='[cftime.DatetimeGregorian(2012, 10, 17, 12, 0, 0, 0, has_year_zero=False)
 cftime.DatetimeGregorian(2012, 10, 17, 18, 0, 0, 0, has_year_zero=False)
 cftime.DatetimeGregorian(2012, 10, 18, 0, 0, 0, 0, has_year_zero=False)
 cftime.DatetimeGregorian(2012, 10, 18, 6, 0, 0, 0, has_year_zero=False)
 cftime.DatetimeGregorian(2012, 10, 18, 12, 0, 0, 0, has_year_zero=False)
 cftime.DatetimeGregorian(2012, 10, 18, 18, 0, 0, 0, has_year_zero=False)
 cftime.DatetimeGregorian(2012, 10, 19, 0, 0, 0, 0, has_year_zero=False)]' standard_names='['air_pressure']'
2025-03-30 20:07:39 INFO Opening candidate '20121017_12_ecmwf_forecast.ProbWCB_LAGRANTO_derived.EUR_LL015.036.ml.nc'
2025-03-30 20:07:39 INFO File '20121017_12_ecmwf_forecast.ProbWCB_LAGRANTO_derived.EUR_LL015.036.ml.nc' identified as 'ml' type
2025-03-30 20:07:39 INFO Found init time '2012-10-17 12:00:00', 7 valid_times and 1 standard_names
2025-03-30 20:07:39 DEBUG valid_times='[cftime.DatetimeGregorian(2012, 10, 17, 12, 0, 0, 0, has_year_zero=False)
 cftime.DatetimeGregorian(2012, 10, 17, 18, 0, 0, 0, has_year_zero=False)
 cftime.DatetimeGregorian(2012, 10, 18, 0, 0, 0, 0, has_year_zero=False)
 cftime.DatetimeGregorian(2012, 10, 18, 6, 0, 0, 0, has_year_zero=False)
 cftime.DatetimeGregorian(2012, 10, 18, 12, 0, 0, 0, has_year_zero=False)
 cftime.DatetimeGregorian(2012, 10, 18, 18, 0, 0, 0, has_year_zero=False)
 cftime.DatetimeGregorian(2012, 10, 19, 0, 0, 0, 0, has_year_zero=False)]' standard_names='['probability_of_wcb_occurrence']'
2025-03-30 20:07:39 INFO Opening candidate '20121017_12_ecmwf_forecast.ProbWCB_LAGRANTO_derived.EUR_LL015.036.sfc.nc'
2025-03-30 20:07:39 INFO File '20121017_12_ecmwf_forecast.ProbWCB_LAGRANTO_derived.EUR_LL015.036.sfc.nc' identified as 'sfc' type
2025-03-30 20:07:39 INFO Found init time '2012-10-17 12:00:00', 7 valid_times and 1 standard_names
2025-03-30 20:07:39 DEBUG valid_times='[cftime.DatetimeGregorian(2012, 10, 17, 12, 0, 0, 0, has_year_zero=False)
 cftime.DatetimeGregorian(2012, 10, 17, 18, 0, 0, 0, has_year_zero=False)
 cftime.DatetimeGregorian(2012, 10, 18, 0, 0, 0, 0, has_year_zero=False)
 cftime.DatetimeGregorian(2012, 10, 18, 6, 0, 0, 0, has_year_zero=False)
 cftime.DatetimeGregorian(2012, 10, 18, 12, 0, 0, 0, has_year_zero=False)
 cftime.DatetimeGregorian(2012, 10, 18, 18, 0, 0, 0, has_year_zero=False)
 cftime.DatetimeGregorian(2012, 10, 19, 0, 0, 0, 0, has_year_zero=False)]' standard_names='['vertically_integrated_probability_of_wcb_occurrence']'
2025-03-30 20:07:39 INFO Opening candidate '20121017_12_ecmwf_forecast.Q.EUR_LL015.036.ml.nc'
2025-03-30 20:07:39 INFO File '20121017_12_ecmwf_forecast.Q.EUR_LL015.036.ml.nc' identified as 'ml' type
2025-03-30 20:07:39 INFO Found init time '2012-10-17 12:00:00', 7 valid_times and 1 standard_names
2025-03-30 20:07:39 DEBUG valid_times='[cftime.DatetimeGregorian(2012, 10, 17, 12, 0, 0, 0, has_year_zero=False)
 cftime.DatetimeGregorian(2012, 10, 17, 18, 0, 0, 0, has_year_zero=False)
 cftime.DatetimeGregorian(2012, 10, 18, 0, 0, 0, 0, has_year_zero=False)
 cftime.DatetimeGregorian(2012, 10, 18, 6, 0, 0, 0, has_year_zero=False)
 cftime.DatetimeGregorian(2012, 10, 18, 12, 0, 0, 0, has_year_zero=False)
 cftime.DatetimeGregorian(2012, 10, 18, 18, 0, 0, 0, has_year_zero=False)
 cftime.DatetimeGregorian(2012, 10, 19, 0, 0, 0, 0, has_year_zero=False)]' standard_names='['specific_humidity']'
2025-03-30 20:07:39 INFO Opening candidate '20121017_12_ecmwf_forecast.SEA.EUR_LL015.036.sfc.nc'
2025-03-30 20:07:39 INFO File '20121017_12_ecmwf_forecast.SEA.EUR_LL015.036.sfc.nc' identified as 'sfc' type
2025-03-30 20:07:39 INFO Found init time '2012-10-17 12:00:00', 7 valid_times and 1 standard_names
2025-03-30 20:07:39 DEBUG valid_times='[cftime.DatetimeGregorian(2012, 10, 17, 12, 0, 0, 0, has_year_zero=False)
 cftime.DatetimeGregorian(2012, 10, 17, 18, 0, 0, 0, has_year_zero=False)
 cftime.DatetimeGregorian(2012, 10, 18, 0, 0, 0, 0, has_year_zero=False)
 cftime.DatetimeGregorian(2012, 10, 18, 6, 0, 0, 0, has_year_zero=False)
 cftime.DatetimeGregorian(2012, 10, 18, 12, 0, 0, 0, has_year_zero=False)
 cftime.DatetimeGregorian(2012, 10, 18, 18, 0, 0, 0, has_year_zero=False)
 cftime.DatetimeGregorian(2012, 10, 19, 0, 0, 0, 0, has_year_zero=False)]' standard_names='['solar_elevation_angle']'
2025-03-30 20:07:39 INFO Opening candidate '20121017_12_ecmwf_forecast.SFC.EUR_LL015.036.sfc.nc'
2025-03-30 20:07:39 INFO File '20121017_12_ecmwf_forecast.SFC.EUR_LL015.036.sfc.nc' identified as 'sfc' type
2025-03-30 20:07:39 INFO Found init time '2012-10-17 12:00:00', 7 valid_times and 15 standard_names
2025-03-30 20:07:39 DEBUG valid_times='[cftime.DatetimeGregorian(2012, 10, 17, 12, 0, 0, 0, has_year_zero=False)
 cftime.DatetimeGregorian(2012, 10, 17, 18, 0, 0, 0, has_year_zero=False)
 cftime.DatetimeGregorian(2012, 10, 18, 0, 0, 0, 0, has_year_zero=False)
 cftime.DatetimeGregorian(2012, 10, 18, 6, 0, 0, 0, has_year_zero=False)
 cftime.DatetimeGregorian(2012, 10, 18, 12, 0, 0, 0, has_year_zero=False)
 cftime.DatetimeGregorian(2012, 10, 18, 18, 0, 0, 0, has_year_zero=False)
 cftime.DatetimeGregorian(2012, 10, 19, 0, 0, 0, 0, has_year_zero=False)]' standard_names='['surface_geopotential', 'air_pressure_at_sea_level', 'total_cloud_cover', 'land_binary_mask', 'low_cloud_area_fraction', 'medium_cloud_area_fraction', 'high_cloud_area_fraction', 'surface_eastward_wind', 'surface_northward_wind', 'sea_ice_area_fraction', 'msg_brightness_temperature_108', 'atmosphere_boundary_layer_thickness', 'emac_column_density', 'tropopause_altitude', 'secondary_tropopause_altitude']'
2025-03-30 20:07:39 INFO Opening candidate '20121017_12_ecmwf_forecast.T.EUR_LL015.036.ml.nc'
2025-03-30 20:07:39 INFO File '20121017_12_ecmwf_forecast.T.EUR_LL015.036.ml.nc' identified as 'ml' type
2025-03-30 20:07:39 INFO Found init time '2012-10-17 12:00:00', 7 valid_times and 1 standard_names
2025-03-30 20:07:39 DEBUG valid_times='[cftime.DatetimeGregorian(2012, 10, 17, 12, 0, 0, 0, has_year_zero=False)
 cftime.DatetimeGregorian(2012, 10, 17, 18, 0, 0, 0, has_year_zero=False)
 cftime.DatetimeGregorian(2012, 10, 18, 0, 0, 0, 0, has_year_zero=False)
 cftime.DatetimeGregorian(2012, 10, 18, 6, 0, 0, 0, has_year_zero=False)
 cftime.DatetimeGregorian(2012, 10, 18, 12, 0, 0, 0, has_year_zero=False)
 cftime.DatetimeGregorian(2012, 10, 18, 18, 0, 0, 0, has_year_zero=False)
 cftime.DatetimeGregorian(2012, 10, 19, 0, 0, 0, 0, has_year_zero=False)]' standard_names='['air_temperature']'
2025-03-30 20:07:39 INFO Opening candidate '20121017_12_ecmwf_forecast.THETA.EUR_LL015.036.ml.nc'
2025-03-30 20:07:40 INFO File '20121017_12_ecmwf_forecast.THETA.EUR_LL015.036.ml.nc' identified as 'ml' type
2025-03-30 20:07:40 INFO Found init time '2012-10-17 12:00:00', 7 valid_times and 1 standard_names
2025-03-30 20:07:40 DEBUG valid_times='[cftime.DatetimeGregorian(2012, 10, 17, 12, 0, 0, 0, has_year_zero=False)
 cftime.DatetimeGregorian(2012, 10, 17, 18, 0, 0, 0, has_year_zero=False)
 cftime.DatetimeGregorian(2012, 10, 18, 0, 0, 0, 0, has_year_zero=False)
 cftime.DatetimeGregorian(2012, 10, 18, 6, 0, 0, 0, has_year_zero=False)
 cftime.DatetimeGregorian(2012, 10, 18, 12, 0, 0, 0, has_year_zero=False)
 cftime.DatetimeGregorian(2012, 10, 18, 18, 0, 0, 0, has_year_zero=False)
 cftime.DatetimeGregorian(2012, 10, 19, 0, 0, 0, 0, has_year_zero=False)]' standard_names='['air_potential_temperature']'
2025-03-30 20:07:40 INFO Opening candidate '20121017_12_ecmwf_forecast.THETA_LEVELS.EUR_LL015.036.tl.nc'
2025-03-30 20:07:40 INFO File '20121017_12_ecmwf_forecast.THETA_LEVELS.EUR_LL015.036.tl.nc' identified as 'tl' type
2025-03-30 20:07:40 INFO Found init time '2012-10-17 12:00:00', 7 valid_times and 3 standard_names
2025-03-30 20:07:40 DEBUG valid_times='[cftime.DatetimeGregorian(2012, 10, 17, 12, 0, 0, 0, has_year_zero=False)
 cftime.DatetimeGregorian(2012, 10, 17, 18, 0, 0, 0, has_year_zero=False)
 cftime.DatetimeGregorian(2012, 10, 18, 0, 0, 0, 0, has_year_zero=False)
 cftime.DatetimeGregorian(2012, 10, 18, 6, 0, 0, 0, has_year_zero=False)
 cftime.DatetimeGregorian(2012, 10, 18, 12, 0, 0, 0, has_year_zero=False)
 cftime.DatetimeGregorian(2012, 10, 18, 18, 0, 0, 0, has_year_zero=False)
 cftime.DatetimeGregorian(2012, 10, 19, 0, 0, 0, 0, has_year_zero=False)]' standard_names='['air_pressure', 'ertel_potential_vorticity', 'mole_fraction_of_ozone_in_air']'
2025-03-30 20:07:40 INFO Opening candidate '20121017_12_ecmwf_forecast.U.EUR_LL015.036.ml.nc'
2025-03-30 20:07:40 INFO File '20121017_12_ecmwf_forecast.U.EUR_LL015.036.ml.nc' identified as 'ml' type
2025-03-30 20:07:40 INFO Found init time '2012-10-17 12:00:00', 7 valid_times and 1 standard_names
2025-03-30 20:07:40 DEBUG valid_times='[cftime.DatetimeGregorian(2012, 10, 17, 12, 0, 0, 0, has_year_zero=False)
 cftime.DatetimeGregorian(2012, 10, 17, 18, 0, 0, 0, has_year_zero=False)
 cftime.DatetimeGregorian(2012, 10, 18, 0, 0, 0, 0, has_year_zero=False)
 cftime.DatetimeGregorian(2012, 10, 18, 6, 0, 0, 0, has_year_zero=False)
 cftime.DatetimeGregorian(2012, 10, 18, 12, 0, 0, 0, has_year_zero=False)
 cftime.DatetimeGregorian(2012, 10, 18, 18, 0, 0, 0, has_year_zero=False)
 cftime.DatetimeGregorian(2012, 10, 19, 0, 0, 0, 0, has_year_zero=False)]' standard_names='['eastward_wind']'
2025-03-30 20:07:40 INFO Opening candidate '20121017_12_ecmwf_forecast.V.EUR_LL015.036.ml.nc'
2025-03-30 20:07:40 INFO File '20121017_12_ecmwf_forecast.V.EUR_LL015.036.ml.nc' identified as 'ml' type
2025-03-30 20:07:40 INFO Found init time '2012-10-17 12:00:00', 7 valid_times and 1 standard_names
2025-03-30 20:07:40 DEBUG valid_times='[cftime.DatetimeGregorian(2012, 10, 17, 12, 0, 0, 0, has_year_zero=False)
 cftime.DatetimeGregorian(2012, 10, 17, 18, 0, 0, 0, has_year_zero=False)
 cftime.DatetimeGregorian(2012, 10, 18, 0, 0, 0, 0, has_year_zero=False)
 cftime.DatetimeGregorian(2012, 10, 18, 6, 0, 0, 0, has_year_zero=False)
 cftime.DatetimeGregorian(2012, 10, 18, 12, 0, 0, 0, has_year_zero=False)
 cftime.DatetimeGregorian(2012, 10, 18, 18, 0, 0, 0, has_year_zero=False)
 cftime.DatetimeGregorian(2012, 10, 19, 0, 0, 0, 0, has_year_zero=False)]' standard_names='['northward_wind']'
2025-03-30 20:07:40 INFO Opening candidate '20121017_12_ecmwf_forecast.W.EUR_LL015.036.ml.nc'
2025-03-30 20:07:40 INFO File '20121017_12_ecmwf_forecast.W.EUR_LL015.036.ml.nc' identified as 'ml' type
2025-03-30 20:07:40 INFO Found init time '2012-10-17 12:00:00', 7 valid_times and 1 standard_names
2025-03-30 20:07:40 DEBUG valid_times='[cftime.DatetimeGregorian(2012, 10, 17, 12, 0, 0, 0, has_year_zero=False)
 cftime.DatetimeGregorian(2012, 10, 17, 18, 0, 0, 0, has_year_zero=False)
 cftime.DatetimeGregorian(2012, 10, 18, 0, 0, 0, 0, has_year_zero=False)
 cftime.DatetimeGregorian(2012, 10, 18, 6, 0, 0, 0, has_year_zero=False)
 cftime.DatetimeGregorian(2012, 10, 18, 12, 0, 0, 0, has_year_zero=False)
 cftime.DatetimeGregorian(2012, 10, 18, 18, 0, 0, 0, has_year_zero=False)
 cftime.DatetimeGregorian(2012, 10, 19, 0, 0, 0, 0, has_year_zero=False)]' standard_names='['lagrangian_tendency_of_air_pressure']'
2025-03-30 20:07:40 DEBUG using plot object 'VSTemplate'
2025-03-30 20:07:40 DEBUG 	figure size (800, 600) in pixels
2025-03-30 20:07:40 DEBUG 	requested initialisation time 2012-10-17 12:00:00
2025-03-30 20:07:40 DEBUG 	requested forecast valid time 2012-10-17 12:00:00
2025-03-30 20:07:40 DEBUG 	variable 'air_pressure' requires input file '20121017_12_ecmwf_forecast.PRESSURE_LEVELS.EUR_LL015.036.pl.nc'
2025-03-30 20:07:40 DEBUG 	variable 'air_temperature' requires input file '20121017_12_ecmwf_forecast.PRESSURE_LEVELS.EUR_LL015.036.pl.nc'
2025-03-30 20:07:40 DEBUG opening datasets.
2025-03-30 20:07:40 DEBUG 	identified variable <air_pressure> for field <air_pressure>
2025-03-30 20:07:40 DEBUG 	identified variable <air_temperature> for field <air_temperature>
2025-03-30 20:07:40 DEBUG computing 101 interpolation points, connection: greatcircle
2025-03-30 20:07:40 DEBUG loading data for time step 0 (2012-10-17 12:00:00)
2025-03-30 20:07:40 DEBUG shifting data grid to gridpoint west of westmost longitude in path: 7.00 (path 8.00).
2025-03-30 20:07:40 DEBUG 	Loaded 0.21 Mbytes from data field <air_pressure> at timestep 0.
2025-03-30 20:07:40 DEBUG 	Vertical dimension direction is up.
2025-03-30 20:07:40 DEBUG 	Interpolating to cross-section path.
2025-03-30 20:07:40 DEBUG 	setting jump data to NaN at [42]
2025-03-30 20:07:40 DEBUG 	Loaded 0.21 Mbytes from data field <air_temperature> at timestep 0.
2025-03-30 20:07:40 DEBUG 	Vertical dimension direction is up.
2025-03-30 20:07:40 DEBUG 	Interpolating to cross-section path.
2025-03-30 20:07:40 DEBUG 	setting jump data to NaN at [42]
2025-03-30 20:07:40 DEBUG Loaded and interpolated data (required time 0:00:00.008066).
2025-03-30 20:07:40 DEBUG Plotting interpolated curtain.
2025-03-30 20:07:40 DEBUG creating figure..
2025-03-30 20:07:40 DEBUG 	with frame and legends
2025-03-30 20:07:40 DEBUG converting image to indexed palette.
2025-03-30 20:07:40 DEBUG saving figure as non-transparent PNG.
2025-03-30 20:07:40 DEBUG returning figure..
2025-03-30 20:07:40 DEBUG Finished plotting (required time 0:00:00.725471; total time 0:00:00.733537).

2025-03-30 20:07:41 DEBUG No user settings found, using default settings
2025-03-30 20:07:41 INFO Files identified for domain 'EUR_LL015': ['20121017_12_ecmwf_forecast.ALTITUDE_LEVELS.EUR_LL015.036.al.nc', '20121017_12_ecmwf_forecast.CC.EUR_LL015.036.ml.nc', '20121017_12_ecmwf_forecast.CIWC.EUR_LL015.036.ml.nc', '20121017_12_ecmwf_forecast.CLWC.EUR_LL015.036.ml.nc', '20121017_12_ecmwf_forecast.DIV.EUR_LL015.036.ml.nc', '20121017_12_ecmwf_forecast.EMAC.EUR_LL015.036.ml.nc', '20121017_12_ecmwf_forecast.GPH.EUR_LL015.036.ml.nc', '20121017_12_ecmwf_forecast.O3.EUR_LL015.036.ml.nc', '20121017_12_ecmwf_forecast.PRESSURE_LEVELS.EUR_LL015.036.pl.nc', '20121017_12_ecmwf_forecast.PVU.EUR_LL015.036.pv.nc', '20121017_12_ecmwf_forecast.PV_derived.EUR_LL015.036.ml.nc', '20121017_12_ecmwf_forecast.P_derived.EUR_LL015.036.ml.nc', '20121017_12_ecmwf_forecast.ProbWCB_LAGRANTO_derived.EUR_LL015.036.ml.nc', '20121017_12_ecmwf_forecast.ProbWCB_LAGRANTO_derived.EUR_LL015.036.sfc.nc', '20121017_12_ecmwf_forecast.Q.EUR_LL015.036.ml.nc', '20121017_12_ecmwf_forecast.SEA.EUR_LL015.036.sfc.nc', '20121017_12_ecmwf_forecast.SFC.EUR_LL015.036.sfc.nc', '20121017_12_ecmwf_forecast.T.EUR_LL015.036.ml.nc', '20121017_12_ecmwf_forecast.THETA.EUR_LL015.036.ml.nc', '20121017_12_ecmwf_forecast.THETA_LEVELS.EUR_LL015.036.tl.nc', '20121017_12_ecmwf_forecast.U.EUR_LL015.036.ml.nc', '20121017_12_ecmwf_forecast.V.EUR_LL015.036.ml.nc', '20121017_12_ecmwf_forecast.W.EUR_LL015.036.ml.nc']
2025-03-30 20:07:41 INFO Opening candidate '20121017_12_ecmwf_forecast.ALTITUDE_LEVELS.EUR_LL015.036.al.nc'
2025-03-30 20:07:41 INFO File '20121017_12_ecmwf_forecast.ALTITUDE_LEVELS.EUR_LL015.036.al.nc' identified as 'al' type
2025-03-30 20:07:41 INFO Found init time '2012-10-17 12:00:00', 7 valid_times and 3 standard_names
2025-03-30 20:07:41 DEBUG valid_times='[cftime.DatetimeGregorian(2012, 10, 17, 12, 0, 0, 0, has_year_zero=False)
 cftime.DatetimeGregorian(2012, 10, 17, 18, 0, 0, 0, has_year_zero=False)
 cftime.DatetimeGregorian(2012, 10, 18, 0, 0, 0, 0, has_year_zero=False)
 cftime.DatetimeGregorian(2012, 10, 18, 6, 0, 0, 0, has_year_zero=False)
 cftime.DatetimeGregorian(2012, 10, 18, 12, 0, 0, 0, has_year_zero=False)
 cftime.DatetimeGregorian(2012, 10, 18, 18, 0, 0, 0, has_year_zero=False)
 cftime.DatetimeGregorian(2012, 10, 19, 0, 0, 0, 0, has_year_zero=False)]' standard_names='['air_pressure', 'ertel_potential_vorticity', 'mole_fraction_of_ozone_in_air']'
2025-03-30 20:07:41 INFO Opening candidate '20121017_12_ecmwf_forecast.CC.EUR_LL015.036.ml.nc'
2025-03-30 20:07:41 INFO File '20121017_12_ecmwf_forecast.CC.EUR_LL015.036.ml.nc' identified as 'ml' type
2025-03-30 20:07:41 INFO Found init time '2012-10-17 12:00:00', 7 valid_times and 1 standard_names
2025-03-30 20:07:41 DEBUG valid_times='[cftime.DatetimeGregorian(2012, 10, 17, 12, 0, 0, 0, has_year_zero=False)
 cftime.DatetimeGregorian(2012, 10, 17, 18, 0, 0, 0, has_year_zero=False)
 cftime.DatetimeGregorian(2012, 10, 18, 0, 0, 0, 0, has_year_zero=False)
 cftime.DatetimeGregorian(2012, 10, 18, 6, 0, 0, 0, has_year_zero=False)
 cftime.DatetimeGregorian(2012, 10, 18, 12, 0, 0, 0, has_year_zero=False)
 cftime.DatetimeGregorian(2012, 10, 18, 18, 0, 0, 0, has_year_zero=False)
 cftime.DatetimeGregorian(2012, 10, 19, 0, 0, 0, 0, has_year_zero=False)]' standard_names='['cloud_area_fraction_in_atmosphere_layer']'
2025-03-30 20:07:41 INFO Opening candidate '20121017_12_ecmwf_forecast.CIWC.EUR_LL015.036.ml.nc'
2025-03-30 20:07:41 INFO File '20121017_12_ecmwf_forecast.CIWC.EUR_LL015.036.ml.nc' identified as 'ml' type
2025-03-30 20:07:41 INFO Found init time '2012-10-17 12:00:00', 7 valid_times and 1 standard_names
2025-03-30 20:07:41 DEBUG valid_times='[cftime.DatetimeGregorian(2012, 10, 17, 12, 0, 0, 0, has_year_zero=False)
 cftime.DatetimeGregorian(2012, 10, 17, 18, 0, 0, 0, has_year_zero=False)
 cftime.DatetimeGregorian(2012, 10, 18, 0, 0, 0, 0, has_year_zero=False)
 cftime.DatetimeGregorian(2012, 10, 18, 6, 0, 0, 0, has_year_zero=False)
 cftime.DatetimeGregorian(2012, 10, 18, 12, 0, 0, 0, has_year_zero=False)
 cftime.DatetimeGregorian(2012, 10, 18, 18, 0, 0, 0, has_year_zero=False)
 cftime.DatetimeGregorian(2012, 10, 19, 0, 0, 0, 0, has_year_zero=False)]' standard_names='['specific_cloud_ice_water_content']'
2025-03-30 20:07:41 INFO Opening candidate '20121017_12_ecmwf_forecast.CLWC.EUR_LL015.036.ml.nc'
2025-03-30 20:07:41 INFO File '20121017_12_ecmwf_forecast.CLWC.EUR_LL015.036.ml.nc' identified as 'ml' type
2025-03-30 20:07:41 INFO Found init time '2012-10-17 12:00:00', 7 valid_times and 1 standard_names
2025-03-30 20:07:41 DEBUG valid_times='[cftime.DatetimeGregorian(2012, 10, 17, 12, 0, 0, 0, has_year_zero=False)
 cftime.DatetimeGregorian(2012, 10, 17, 18, 0, 0, 0, has_year_zero=False)
 cftime.DatetimeGregorian(2012, 10, 18, 0, 0, 0, 0, has_year_zero=False)
 cftime.DatetimeGregorian(2012, 10, 18, 6, 0, 0, 0, has_year_zero=False)
 cftime.DatetimeGregorian(2012, 10, 18, 12, 0, 0, 0, has_year_zero=False)
 cftime.DatetimeGregorian(2012, 10, 18, 18, 0, 0, 0, has_year_zero=False)
 cftime.DatetimeGregorian(2012, 10, 19, 0, 0, 0, 0, has_year_zero=False)]' standard_names='['specific_cloud_liquid_water_content']'
2025-03-30 20:07:41 INFO Opening candidate '20121017_12_ecmwf_forecast.DIV.EUR_LL015.036.ml.nc'
2025-03-30 20:07:41 INFO File '20121017_12_ecmwf_forecast.DIV.EUR_LL015.036.ml.nc' identified as 'ml' type
2025-03-30 20:07:41 INFO Found init time '2012-10-17 12:00:00', 7 valid_times and 1 standard_names
2025-03-30 20:07:41 DEBUG valid_times='[cftime.DatetimeGregorian(2012, 10, 17, 12, 0, 0, 0, has_year_zero=False)
 cftime.DatetimeGregorian(2012, 10, 17, 18, 0, 0, 0, has_year_zero=False)
 cftime.DatetimeGregorian(2012, 10, 18, 0, 0, 0, 0, has_year_zero=False)
 cftime.DatetimeGregorian(2012, 10, 18, 6, 0, 0, 0, has_year_zero=False)
 cftime.DatetimeGregorian(2012, 10, 18, 12, 0, 0, 0, has_year_zero=False)
 cftime.DatetimeGregorian(2012, 10, 18, 18, 0, 0, 0, has_year_zero=False)
 cftime.DatetimeGregorian(2012, 10, 19, 0, 0, 0, 0, has_year_zero=False)]' standard_names='['divergence_of_wind']'
2025-03-30 20:07:41 INFO Opening candidate '20121017_12_ecmwf_forecast.EMAC.EUR_LL015.036.ml.nc'
2025-03-30 20:07:41 INFO File '20121017_12_ecmwf_forecast.EMAC.EUR_LL015.036.ml.nc' identified as 'ml' type
2025-03-30 20:07:41 INFO Found init time '2012-10-17 12:00:00', 7 valid_times and 1 standard_names
2025-03-30 20:07:41 DEBUG valid_times='[cftime.DatetimeGregorian(2012, 10, 17, 12, 0, 0, 0, has_year_zero=False)
 cftime.DatetimeGregorian(2012, 10, 17, 18, 0, 0, 0, has_year_zero=False)
 cftime.DatetimeGregorian(2012, 10, 18, 0, 0, 0, 0, has_year_zero=False)
 cftime.DatetimeGregorian(2012, 10, 18, 6, 0, 0, 0, has_year_zero=False)
 cftime.DatetimeGregorian(2012, 10, 18, 12, 0, 0, 0, has_year_zero=False)
 cftime.DatetimeGregorian(2012, 10, 18, 18, 0, 0, 0, has_year_zero=False)
 cftime.DatetimeGregorian(2012, 10, 19, 0, 0, 0, 0, has_year_zero=False)]' standard_names='['emac_R12']'
2025-03-30 20:07:41 INFO Opening candidate '20121017_12_ecmwf_forecast.GPH.EUR_LL015.036.ml.nc'
2025-03-30 20:07:41 INFO File '20121017_12_ecmwf_forecast.GPH.EUR_LL015.036.ml.nc' identified as 'ml' type
2025-03-30 20:07:41 INFO Found init time '2012-10-17 12:00:00', 7 valid_times and 1 standard_names
2025-03-30 20:07:41 DEBUG valid_times='[cftime.DatetimeGregorian(2012, 10, 17, 12, 0, 0, 0, has_year_zero=False)
 cftime.DatetimeGregorian(2012, 10, 17, 18, 0, 0, 0, has_year_zero=False)
 cftime.DatetimeGregorian(2012, 10, 18, 0, 0, 0, 0, has_year_zero=False)
 cftime.DatetimeGregorian(2012, 10, 18, 6, 0, 0, 0, has_year_zero=False)
 cftime.DatetimeGregorian(2012, 10, 18, 12, 0, 0, 0, has_year_zero=False)
 cftime.DatetimeGregorian(2012, 10, 18, 18, 0, 0, 0, has_year_zero=False)
 cftime.DatetimeGregorian(2012, 10, 19, 0, 0, 0, 0, has_year_zero=False)]' standard_names='['geopotential_height']'
2025-03-30 20:07:41 INFO Opening candidate '20121017_12_ecmwf_forecast.O3.EUR_LL015.036.ml.nc'
2025-03-30 20:07:41 INFO File '20121017_12_ecmwf_forecast.O3.EUR_LL015.036.ml.nc' identified as 'ml' type
2025-03-30 20:07:41 INFO Found init time '2012-10-17 12:00:00', 7 valid_times and 1 standard_names
2025-03-30 20:07:41 DEBUG valid_times='[cftime.DatetimeGregorian(2012, 10, 17, 12, 0, 0, 0, has_year_zero=False)
 cftime.DatetimeGregorian(2012, 10, 17, 18, 0, 0, 0, has_year_zero=False)
 cftime.DatetimeGregorian(2012, 10, 18, 0, 0, 0, 0, has_year_zero=False)
 cftime.DatetimeGregorian(2012, 10, 18, 6, 0, 0, 0, has_year_zero=False)
 cftime.DatetimeGregorian(2012, 10, 18, 12, 0, 0, 0, has_year_zero=False)
 cftime.DatetimeGregorian(2012, 10, 18, 18, 0, 0, 0, has_year_zero=False)
 cftime.DatetimeGregorian(2012, 10, 19, 0, 0, 0, 0, has_year_zero=False)]' standard_names='['mole_fraction_of_ozone_in_air']'
2025-03-30 20:07:41 INFO Opening candidate '20121017_12_ecmwf_forecast.PRESSURE_LEVELS.EUR_LL015.036.pl.nc'
2025-03-30 20:07:41 INFO File '20121017_12_ecmwf_forecast.PRESSURE_LEVELS.EUR_LL015.036.pl.nc' identified as 'pl' type
2025-03-30 20:07:41 INFO Found init time '2012-10-17 12:00:00', 7 valid_times and 16 standard_names
2025-03-30 20:07:41 DEBUG valid_times='[cftime.DatetimeGregorian(2012, 10, 17, 12, 0, 0, 0, has_year_zero=False)
 cftime.DatetimeGregorian(2012, 10, 17, 18, 0, 0, 0, has_year_zero=False)
 cftime.DatetimeGregorian(2012, 10, 18, 0, 0, 0, 0, has_year_zero=False)
 cftime.DatetimeGregorian(2012, 10, 18, 6, 0, 0, 0, has_year_zero=False)
 cftime.DatetimeGregorian(2012, 10, 18, 12, 0, 0, 0, has_year_zero=False)
 cftime.DatetimeGregorian(2012, 10, 18, 18, 0, 0, 0, has_year_zero=False)
 cftime.DatetimeGregorian(2012, 10, 19, 0, 0, 0, 0, has_year_zero=False)]' standard_names='['air_potential_temperature', 'air_pressure', 'air_temperature', 'eastward_wind', 'ertel_potential_vorticity', 'geopotential_height', 'northward_wind', 'specific_humidity', 'lagrangian_tendency_of_air_pressure', 'divergence_of_wind', 'mass_fraction_of_ozone_in_air', 'mole_fraction_of_ozone_in_air', 'equivalent_latitude', 'number_of_wcb_trajectories', 'number_of_insitu_trajectories', 'number_of_mix_trajectories']'
2025-03-30 20:07:41 INFO Opening candidate '20121017_12_ecmwf_forecast.PVU.EUR_LL015.036.pv.nc'
2025-03-30 20:07:41 INFO File '20121017_12_ecmwf_forecast.PVU.EUR_LL015.036.pv.nc' identified as 'pv' type
2025-03-30 20:07:41 INFO Found init time '2012-10-17 12:00:00', 7 valid_times and 3 standard_names
2025-03-30 20:07:41 DEBUG valid_times='[cftime.DatetimeGregorian(2012, 10, 17, 12, 0, 0, 0, has_year_zero=False)
 cftime.DatetimeGregorian(2012, 10, 17, 18, 0, 0, 0, has_year_zero=False)
 cftime.DatetimeGregorian(2012, 10, 18, 0, 0, 0, 0, has_year_zero=False)
 cftime.DatetimeGregorian(2012, 10, 18, 6, 0, 0, 0, has_year_zero=False)
 cftime.DatetimeGregorian(2012, 10, 18, 12, 0, 0, 0, has_year_zero=False)
 cftime.DatetimeGregorian(2012, 10, 18, 18, 0, 0, 0, has_year_zero=False)
 cftime.DatetimeGregorian(2012, 10, 19, 0, 0, 0, 0, has_year_zero=False)]' standard_names='['air_potential_temperature', 'geopotential_height', 'air_pressure']'
2025-03-30 20:07:41 INFO Opening candidate '20121017_12_ecmwf_forecast.PV_derived.EUR_LL015.036.ml.nc'
2025-03-30 20:07:41 INFO File '20121017_12_ecmwf_forecast.PV_derived.EUR_LL015.036.ml.nc' identified as 'ml' type
2025-03-30 20:07:41 INFO Found init time '2012-10-17 12:00:00', 7 valid_times and 1 standard_names
2025-03-30 20:07:41 DEBUG valid_times='[cftime.DatetimeGregorian(2012, 10, 17, 12, 0, 0, 0, has_year_zero=False)
 cftime.DatetimeGregorian(2012, 10, 17, 18, 0, 0, 0, has_year_zero=False)
 cftime.DatetimeGregorian(2012, 10, 18, 0, 0, 0, 0, has_year_zero=False)
 cftime.DatetimeGregorian(2012, 10, 18, 6, 0, 0, 0, has_year_zero=False)
 cftime.DatetimeGregorian(2012, 10, 18, 12, 0, 0, 0, has_year_zero=False)
 cftime.DatetimeGregorian(2012, 10, 18, 18, 0, 0, 0, has_year_zero=False)
 cftime.DatetimeGregorian(2012, 10, 19, 0, 0, 0, 0, has_year_zero=False)]' standard_names='['ertel_potential_vorticity']'
2025-03-30 20:07:41 INFO Opening candidate '20121017_12_ecmwf_forecast.P_derived.EUR_LL015.036.ml.nc'
2025-03-30 20:07:41 INFO File '20121017_12_ecmwf_forecast.P_derived.EUR_LL015.036.ml.nc' identified as 'ml' type
2025-03-30 20:07:41 INFO Found init time '2012-10-17 12:00:00', 7 valid_times and 1 standard_names
2025-03-30 20:07:41 DEBUG valid_times='[cftime.DatetimeGregorian(2012, 10, 17, 12, 0, 0, 0, has_year_zero=False)
 cftime.DatetimeGregorian(2012, 10, 17, 18, 0, 0, 0, has_year_zero=False)
 cftime.DatetimeGregorian(2012, 10, 18, 0, 0, 0, 0, has_year_zero=False)
 cftime.DatetimeGregorian(2012, 10, 18, 6, 0, 0, 0, has_year_zero=False)
 cftime.DatetimeGregorian(2012, 10, 18, 12, 0, 0, 0, has_year_zero=False)
 cftime.DatetimeGregorian(2012, 10, 18, 18, 0, 0, 0, has_year_zero=False)
 cftime.DatetimeGregorian(2012, 10, 19, 0, 0, 0, 0, has_year_zero=False)]' standard_names='['air_pressure']'
2025-03-30 20:07:41 INFO Opening candidate '20121017_12_ecmwf_forecast.ProbWCB_LAGRANTO_derived.EUR_LL015.036.ml.nc'
2025-03-30 20:07:41 INFO File '20121017_12_ecmwf_forecast.ProbWCB_LAGRANTO_derived.EUR_LL015.036.ml.nc' identified as 'ml' type
2025-03-30 20:07:41 INFO Found init time '2012-10-17 12:00:00', 7 valid_times and 1 standard_names
2025-03-30 20:07:41 DEBUG valid_times='[cftime.DatetimeGregorian(2012, 10, 17, 12, 0, 0, 0, has_year_zero=False)
 cftime.DatetimeGregorian(2012, 10, 17, 18, 0, 0, 0, has_year_zero=False)
 cftime.DatetimeGregorian(2012, 10, 18, 0, 0, 0, 0, has_year_zero=False)
 cftime.DatetimeGregorian(2012, 10, 18, 6, 0, 0, 0, has_year_zero=False)
 cftime.DatetimeGregorian(2012, 10, 18, 12, 0, 0, 0, has_year_zero=False)
 cftime.DatetimeGregorian(2012, 10, 18, 18, 0, 0, 0, has_year_zero=False)
 cftime.DatetimeGregorian(2012, 10, 19, 0, 0, 0, 0, has_year_zero=False)]' standard_names='['probability_of_wcb_occurrence']'
2025-03-30 20:07:41 INFO Opening candidate '20121017_12_ecmwf_forecast.ProbWCB_LAGRANTO_derived.EUR_LL015.036.sfc.nc'
2025-03-30 20:07:41 INFO File '20121017_12_ecmwf_forecast.ProbWCB_LAGRANTO_derived.EUR_LL015.036.sfc.nc' identified as 'sfc' type
2025-03-30 20:07:41 INFO Found init time '2012-10-17 12:00:00', 7 valid_times and 1 standard_names
2025-03-30 20:07:41 DEBUG valid_times='[cftime.DatetimeGregorian(2012, 10, 17, 12, 0, 0, 0, has_year_zero=False)
 cftime.DatetimeGregorian(2012, 10, 17, 18, 0, 0, 0, has_year_zero=False)
 cftime.DatetimeGregorian(2012, 10, 18, 0, 0, 0, 0, has_year_zero=False)
 cftime.DatetimeGregorian(2012, 10, 18, 6, 0, 0, 0, has_year_zero=False)
 cftime.DatetimeGregorian(2012, 10, 18, 12, 0, 0, 0, has_year_zero=False)
 cftime.DatetimeGregorian(2012, 10, 18, 18, 0, 0, 0, has_year_zero=False)
 cftime.DatetimeGregorian(2012, 10, 19, 0, 0, 0, 0, has_year_zero=False)]' standard_names='['vertically_integrated_probability_of_wcb_occurrence']'
2025-03-30 20:07:41 INFO Opening candidate '20121017_12_ecmwf_forecast.Q.EUR_LL015.036.ml.nc'
2025-03-30 20:07:41 INFO File '20121017_12_ecmwf_forecast.Q.EUR_LL015.036.ml.nc' identified as 'ml' type
2025-03-30 20:07:41 INFO Found init time '2012-10-17 12:00:00', 7 valid_times and 1 standard_names
2025-03-30 20:07:41 DEBUG valid_times='[cftime.DatetimeGregorian(2012, 10, 17, 12, 0, 0, 0, has_year_zero=False)
 cftime.DatetimeGregorian(2012, 10, 17, 18, 0, 0, 0, has_year_zero=False)
 cftime.DatetimeGregorian(2012, 10, 18, 0, 0, 0, 0, has_year_zero=False)
 cftime.DatetimeGregorian(2012, 10, 18, 6, 0, 0, 0, has_year_zero=False)
 cftime.DatetimeGregorian(2012, 10, 18, 12, 0, 0, 0, has_year_zero=False)
 cftime.DatetimeGregorian(2012, 10, 18, 18, 0, 0, 0, has_year_zero=False)
 cftime.DatetimeGregorian(2012, 10, 19, 0, 0, 0, 0, has_year_zero=False)]' standard_names='['specific_humidity']'
2025-03-30 20:07:41 INFO Opening candidate '20121017_12_ecmwf_forecast.SEA.EUR_LL015.036.sfc.nc'
2025-03-30 20:07:41 INFO File '20121017_12_ecmwf_forecast.SEA.EUR_LL015.036.sfc.nc' identified as 'sfc' type
2025-03-30 20:07:41 INFO Found init time '2012-10-17 12:00:00', 7 valid_times and 1 standard_names
2025-03-30 20:07:41 DEBUG valid_times='[cftime.DatetimeGregorian(2012, 10, 17, 12, 0, 0, 0, has_year_zero=False)
 cftime.DatetimeGregorian(2012, 10, 17, 18, 0, 0, 0, has_year_zero=False)
 cftime.DatetimeGregorian(2012, 10, 18, 0, 0, 0, 0, has_year_zero=False)
 cftime.DatetimeGregorian(2012, 10, 18, 6, 0, 0, 0, has_year_zero=False)
 cftime.DatetimeGregorian(2012, 10, 18, 12, 0, 0, 0, has_year_zero=False)
 cftime.DatetimeGregorian(2012, 10, 18, 18, 0, 0, 0, has_year_zero=False)
 cftime.DatetimeGregorian(2012, 10, 19, 0, 0, 0, 0, has_year_zero=False)]' standard_names='['solar_elevation_angle']'
2025-03-30 20:07:41 INFO Opening candidate '20121017_12_ecmwf_forecast.SFC.EUR_LL015.036.sfc.nc'
2025-03-30 20:07:41 INFO File '20121017_12_ecmwf_forecast.SFC.EUR_LL015.036.sfc.nc' identified as 'sfc' type
2025-03-30 20:07:41 INFO Found init time '2012-10-17 12:00:00', 7 valid_times and 15 standard_names
2025-03-30 20:07:41 DEBUG valid_times='[cftime.DatetimeGregorian(2012, 10, 17, 12, 0, 0, 0, has_year_zero=False)
 cftime.DatetimeGregorian(2012, 10, 17, 18, 0, 0, 0, has_year_zero=False)
 cftime.DatetimeGregorian(2012, 10, 18, 0, 0, 0, 0, has_year_zero=False)
 cftime.DatetimeGregorian(2012, 10, 18, 6, 0, 0, 0, has_year_zero=False)
 cftime.DatetimeGregorian(2012, 10, 18, 12, 0, 0, 0, has_year_zero=False)
 cftime.DatetimeGregorian(2012, 10, 18, 18, 0, 0, 0, has_year_zero=False)
 cftime.DatetimeGregorian(2012, 10, 19, 0, 0, 0, 0, has_year_zero=False)]' standard_names='['surface_geopotential', 'air_pressure_at_sea_level', 'total_cloud_cover', 'land_binary_mask', 'low_cloud_area_fraction', 'medium_cloud_area_fraction', 'high_cloud_area_fraction', 'surface_eastward_wind', 'surface_northward_wind', 'sea_ice_area_fraction', 'msg_brightness_temperature_108', 'atmosphere_boundary_layer_thickness', 'emac_column_density', 'tropopause_altitude', 'secondary_tropopause_altitude']'
2025-03-30 20:07:41 INFO Opening candidate '20121017_12_ecmwf_forecast.T.EUR_LL015.036.ml.nc'
2025-03-30 20:07:41 INFO File '20121017_12_ecmwf_forecast.T.EUR_LL015.036.ml.nc' identified as 'ml' type
2025-03-30 20:07:41 INFO Found init time '2012-10-17 12:00:00', 7 valid_times and 1 standard_names
2025-03-30 20:07:41 DEBUG valid_times='[cftime.DatetimeGregorian(2012, 10, 17, 12, 0, 0, 0, has_year_zero=False)
 cftime.DatetimeGregorian(2012, 10, 17, 18, 0, 0, 0, has_year_zero=False)
 cftime.DatetimeGregorian(2012, 10, 18, 0, 0, 0, 0, has_year_zero=False)
 cftime.DatetimeGregorian(2012, 10, 18, 6, 0, 0, 0, has_year_zero=False)
 cftime.DatetimeGregorian(2012, 10, 18, 12, 0, 0, 0, has_year_zero=False)
 cftime.DatetimeGregorian(2012, 10, 18, 18, 0, 0, 0, has_year_zero=False)
 cftime.DatetimeGregorian(2012, 10, 19, 0, 0, 0, 0, has_year_zero=False)]' standard_names='['air_temperature']'
2025-03-30 20:07:41 INFO Opening candidate '20121017_12_ecmwf_forecast.THETA.EUR_LL015.036.ml.nc'
2025-03-30 20:07:41 INFO File '20121017_12_ecmwf_forecast.THETA.EUR_LL015.036.ml.nc' identified as 'ml' type
2025-03-30 20:07:41 INFO Found init time '2012-10-17 12:00:00', 7 valid_times and 1 standard_names
2025-03-30 20:07:41 DEBUG valid_times='[cftime.DatetimeGregorian(2012, 10, 17, 12, 0, 0, 0, has_year_zero=False)
 cftime.DatetimeGregorian(2012, 10, 17, 18, 0, 0, 0, has_year_zero=False)
 cftime.DatetimeGregorian(2012, 10, 18, 0, 0, 0, 0, has_year_zero=False)
 cftime.DatetimeGregorian(2012, 10, 18, 6, 0, 0, 0, has_year_zero=False)
 cftime.DatetimeGregorian(2012, 10, 18, 12, 0, 0, 0, has_year_zero=False)
 cftime.DatetimeGregorian(2012, 10, 18, 18, 0, 0, 0, has_year_zero=False)
 cftime.DatetimeGregorian(2012, 10, 19, 0, 0, 0, 0, has_year_zero=False)]' standard_names='['air_potential_temperature']'
2025-03-30 20:07:41 INFO Opening candidate '20121017_12_ecmwf_forecast.THETA_LEVELS.EUR_LL015.036.tl.nc'
2025-03-30 20:07:41 INFO File '20121017_12_ecmwf_forecast.THETA_LEVELS.EUR_LL015.036.tl.nc' identified as 'tl' type
2025-03-30 20:07:41 INFO Found init time '2012-10-17 12:00:00', 7 valid_times and 3 standard_names
2025-03-30 20:07:41 DEBUG valid_times='[cftime.DatetimeGregorian(2012, 10, 17, 12, 0, 0, 0, has_year_zero=False)
 cftime.DatetimeGregorian(2012, 10, 17, 18, 0, 0, 0, has_year_zero=False)
 cftime.DatetimeGregorian(2012, 10, 18, 0, 0, 0, 0, has_year_zero=False)
 cftime.DatetimeGregorian(2012, 10, 18, 6, 0, 0, 0, has_year_zero=False)
 cftime.DatetimeGregorian(2012, 10, 18, 12, 0, 0, 0, has_year_zero=False)
 cftime.DatetimeGregorian(2012, 10, 18, 18, 0, 0, 0, has_year_zero=False)
 cftime.DatetimeGregorian(2012, 10, 19, 0, 0, 0, 0, has_year_zero=False)]' standard_names='['air_pressure', 'ertel_potential_vorticity', 'mole_fraction_of_ozone_in_air']'
2025-03-30 20:07:41 INFO Opening candidate '20121017_12_ecmwf_forecast.U.EUR_LL015.036.ml.nc'
2025-03-30 20:07:41 INFO File '20121017_12_ecmwf_forecast.U.EUR_LL015.036.ml.nc' identified as 'ml' type
2025-03-30 20:07:41 INFO Found init time '2012-10-17 12:00:00', 7 valid_times and 1 standard_names
2025-03-30 20:07:41 DEBUG valid_times='[cftime.DatetimeGregorian(2012, 10, 17, 12, 0, 0, 0, has_year_zero=False)
 cftime.DatetimeGregorian(2012, 10, 17, 18, 0, 0, 0, has_year_zero=False)
 cftime.DatetimeGregorian(2012, 10, 18, 0, 0, 0, 0, has_year_zero=False)
 cftime.DatetimeGregorian(2012, 10, 18, 6, 0, 0, 0, has_year_zero=False)
 cftime.DatetimeGregorian(2012, 10, 18, 12, 0, 0, 0, has_year_zero=False)
 cftime.DatetimeGregorian(2012, 10, 18, 18, 0, 0, 0, has_year_zero=False)
 cftime.DatetimeGregorian(2012, 10, 19, 0, 0, 0, 0, has_year_zero=False)]' standard_names='['eastward_wind']'
2025-03-30 20:07:41 INFO Opening candidate '20121017_12_ecmwf_forecast.V.EUR_LL015.036.ml.nc'
2025-03-30 20:07:41 INFO File '20121017_12_ecmwf_forecast.V.EUR_LL015.036.ml.nc' identified as 'ml' type
2025-03-30 20:07:41 INFO Found init time '2012-10-17 12:00:00', 7 valid_times and 1 standard_names
2025-03-30 20:07:41 DEBUG valid_times='[cftime.DatetimeGregorian(2012, 10, 17, 12, 0, 0, 0, has_year_zero=False)
 cftime.DatetimeGregorian(2012, 10, 17, 18, 0, 0, 0, has_year_zero=False)
 cftime.DatetimeGregorian(2012, 10, 18, 0, 0, 0, 0, has_year_zero=False)
 cftime.DatetimeGregorian(2012, 10, 18, 6, 0, 0, 0, has_year_zero=False)
 cftime.DatetimeGregorian(2012, 10, 18, 12, 0, 0, 0, has_year_zero=False)
 cftime.DatetimeGregorian(2012, 10, 18, 18, 0, 0, 0, has_year_zero=False)
 cftime.DatetimeGregorian(2012, 10, 19, 0, 0, 0, 0, has_year_zero=False)]' standard_names='['northward_wind']'
2025-03-30 20:07:41 INFO Opening candidate '20121017_12_ecmwf_forecast.W.EUR_LL015.036.ml.nc'
2025-03-30 20:07:41 INFO File '20121017_12_ecmwf_forecast.W.EUR_LL015.036.ml.nc' identified as 'ml' type
2025-03-30 20:07:41 INFO Found init time '2012-10-17 12:00:00', 7 valid_times and 1 standard_names
2025-03-30 20:07:41 DEBUG valid_times='[cftime.DatetimeGregorian(2012, 10, 17, 12, 0, 0, 0, has_year_zero=False)
 cftime.DatetimeGregorian(2012, 10, 17, 18, 0, 0, 0, has_year_zero=False)
 cftime.DatetimeGregorian(2012, 10, 18, 0, 0, 0, 0, has_year_zero=False)
 cftime.DatetimeGregorian(2012, 10, 18, 6, 0, 0, 0, has_year_zero=False)
 cftime.DatetimeGregorian(2012, 10, 18, 12, 0, 0, 0, has_year_zero=False)
 cftime.DatetimeGregorian(2012, 10, 18, 18, 0, 0, 0, has_year_zero=False)
 cftime.DatetimeGregorian(2012, 10, 19, 0, 0, 0, 0, has_year_zero=False)]' standard_names='['lagrangian_tendency_of_air_pressure']'
2025-03-30 20:07:41 DEBUG using plot object 'VS_HV01'
2025-03-30 20:07:41 DEBUG 	figure size (800, 600) in pixels
2025-03-30 20:07:41 DEBUG 	requested initialisation time 2012-10-17 12:00:00
2025-03-30 20:07:41 DEBUG 	requested forecast valid time 2012-10-17 12:00:00
2025-03-30 20:07:41 DEBUG 	variable 'air_pressure' requires input file '20121017_12_ecmwf_forecast.P_derived.EUR_LL015.036.ml.nc'
2025-03-30 20:07:41 DEBUG 	variable 'air_temperature' requires input file '20121017_12_ecmwf_forecast.T.EUR_LL015.036.ml.nc'
2025-03-30 20:07:41 DEBUG 	variable 'eastward_wind' requires input file '20121017_12_ecmwf_forecast.U.EUR_LL015.036.ml.nc'
2025-03-30 20:07:41 DEBUG 	variable 'northward_wind' requires input file '20121017_12_ecmwf_forecast.V.EUR_LL015.036.ml.nc'
2025-03-30 20:07:41 DEBUG opening datasets.
2025-03-30 20:07:41 DEBUG 	identified variable <air_pressure> for field <air_pressure>
2025-03-30 20:07:41 DEBUG 	identified variable <air_temperature> for field <air_temperature>
2025-03-30 20:07:41 DEBUG 	identified variable <eastward_wind> for field <eastward_wind>
2025-03-30 20:07:41 DEBUG 	identified variable <northward_wind> for field <northward_wind>
2025-03-30 20:07:41 DEBUG computing 101 interpolation points, connection: greatcircle
2025-03-30 20:07:41 DEBUG loading data for time step 0 (2012-10-17 12:00:00)
2025-03-30 20:07:41 DEBUG shifting data grid to gridpoint west of westmost longitude in path: 7.00 (path 8.00).
2025-03-30 20:07:41 DEBUG 	Loaded 0.27 Mbytes from data field <air_pressure> at timestep 0.
2025-03-30 20:07:41 DEBUG 	Vertical dimension direction is up.
2025-03-30 20:07:41 DEBUG 	Interpolating to cross-section path.
2025-03-30 20:07:41 DEBUG 	setting jump data to NaN at [42]
2025-03-30 20:07:41 DEBUG 	Loaded 0.27 Mbytes from data field <air_temperature> at timestep 0.
2025-03-30 20:07:41 DEBUG 	Vertical dimension direction is up.
2025-03-30 20:07:41 DEBUG 	Interpolating to cross-section path.
2025-03-30 20:07:41 DEBUG 	setting jump data to NaN at [42]
2025-03-30 20:07:41 DEBUG 	Loaded 0.27 Mbytes from data field <eastward_wind> at timestep 0.
2025-03-30 20:07:41 DEBUG 	Vertical dimension direction is up.
2025-03-30 20:07:41 DEBUG 	Interpolating to cross-section path.
2025-03-30 20:07:41 DEBUG 	setting jump data to NaN at [42]
2025-03-30 20:07:41 DEBUG 	Loaded 0.27 Mbytes from data field <northward_wind> at timestep 0.
2025-03-30 20:07:41 DEBUG 	Vertical dimension direction is up.
2025-03-30 20:07:41 DEBUG 	Interpolating to cross-section path.
2025-03-30 20:07:41 DEBUG 	setting jump data to NaN at [42]
2025-03-30 20:07:41 DEBUG Loaded and interpolated data (required time 0:00:00.007647).
2025-03-30 20:07:41 DEBUG Plotting interpolated curtain.
2025-03-30 20:07:41 DEBUG creating figure..
2025-03-30 20:07:41 DEBUG 	with frame and legends
2025-03-30 20:07:41 DEBUG converting image to indexed palette.
2025-03-30 20:07:42 DEBUG saving figure as non-transparent PNG.
2025-03-30 20:07:42 DEBUG returning figure..
2025-03-30 20:07:42 DEBUG Finished plotting (required time 0:00:00.879956; total time 0:00:00.887603).

2025-03-30 20:07:42 DEBUG using plot object 'VS_HV01'
2025-03-30 20:07:42 DEBUG 	figure size (800, 600) in pixels
2025-03-30 20:07:42 DEBUG 	requested initialisation time 2012-10-17 12:00:00
2025-03-30 20:07:42 DEBUG 	requested forecast valid time 2012-10-17 12:00:00
2025-03-30 20:07:42 DEBUG 	variable 'air_pressure' requires input file '20121017_12_ecmwf_forecast.P_derived.EUR_LL015.036.ml.nc'
2025-03-30 20:07:42 DEBUG 	variable 'air_temperature' requires input file '20121017_12_ecmwf_forecast.T.EUR_LL015.036.ml.nc'
2025-03-30 20:07:42 DEBUG 	variable 'eastward_wind' requires input file '20121017_12_ecmwf_forecast.U.EUR_LL015.036.ml.nc'
2025-03-30 20:07:42 DEBUG 	variable 'northward_wind' requires input file '20121017_12_ecmwf_forecast.V.EUR_LL015.036.ml.nc'
2025-03-30 20:07:42 DEBUG opening datasets.
2025-03-30 20:07:42 DEBUG 	identified variable <air_pressure> for field <air_pressure>
2025-03-30 20:07:42 DEBUG 	identified variable <air_temperature> for field <air_temperature>
2025-03-30 20:07:42 DEBUG 	identified variable <eastward_wind> for field <eastward_wind>
2025-03-30 20:07:42 DEBUG 	identified variable <northward_wind> for field <northward_wind>
2025-03-30 20:07:42 DEBUG computing 101 interpolation points, connection: greatcircle
2025-03-30 20:07:42 DEBUG loading data for time step 0 (2012-10-17 12:00:00)
2025-03-30 20:07:42 DEBUG shifting data grid to gridpoint west of westmost longitude in path: 7.00 (path 8.00).
2025-03-30 20:07:42 DEBUG 	Loaded 0.27 Mbytes from data field <air_pressure> at timestep 0.
2025-03-30 20:07:42 DEBUG 	Vertical dimension direction is up.
2025-03-30 20:07:42 DEBUG 	Interpolating to cross-section path.
2025-03-30 20:07:42 DEBUG 	setting jump data to NaN at [42]
2025-03-30 20:07:42 DEBUG 	Loaded 0.27 Mbytes from data field <air_temperature> at timestep 0.
2025-03-30 20:07:42 DEBUG 	Vertical dimension direction is up.
2025-03-30 20:07:42 DEBUG 	Interpolating to cross-section path.
2025-03-30 20:07:42 DEBUG 	setting jump data to NaN at [42]
2025-03-30 20:07:42 DEBUG 	Loaded 0.27 Mbytes from data field <eastward_wind> at timestep 0.
2025-03-30 20:07:42 DEBUG 	Vertical dimension direction is up.
2025-03-30 20:07:42 DEBUG 	Interpolating to cross-section path.
2025-03-30 20:07:42 DEBUG 	setting jump data to NaN at [42]
2025-03-30 20:07:42 DEBUG 	Loaded 0.27 Mbytes from data field <northward_wind> at timestep 0.
2025-03-30 20:07:42 DEBUG 	Vertical dimension direction is up.
2025-03-30 20:07:42 DEBUG 	Interpolating to cross-section path.
2025-03-30 20:07:42 DEBUG 	setting jump data to NaN at [42]
2025-03-30 20:07:42 DEBUG Loaded and interpolated data (required time 0:00:00.017111).
2025-03-30 20:07:42 DEBUG Plotting interpolated curtain.
2025-03-30 20:07:42 DEBUG creating figure..
2025-03-30 20:07:42 DEBUG 	without frame
2025-03-30 20:07:42 DEBUG converting image to indexed palette.
2025-03-30 20:07:42 DEBUG saving figure as non-transparent PNG.
2025-03-30 20:07:42 DEBUG returning figure..
2025-03-30 20:07:42 DEBUG Finished plotting (required time 0:00:00.847298; total time 0:00:00.864409).

2025-03-30 20:07:43 DEBUG No user settings found, using default settings
2025-03-30 20:07:43 INFO Files identified for domain 'EUR_LL015': ['20121017_12_ecmwf_forecast.ALTITUDE_LEVELS.EUR_LL015.036.al.nc', '20121017_12_ecmwf_forecast.CC.EUR_LL015.036.ml.nc', '20121017_12_ecmwf_forecast.CIWC.EUR_LL015.036.ml.nc', '20121017_12_ecmwf_forecast.CLWC.EUR_LL015.036.ml.nc', '20121017_12_ecmwf_forecast.DIV.EUR_LL015.036.ml.nc', '20121017_12_ecmwf_forecast.EMAC.EUR_LL015.036.ml.nc', '20121017_12_ecmwf_forecast.GPH.EUR_LL015.036.ml.nc', '20121017_12_ecmwf_forecast.O3.EUR_LL015.036.ml.nc', '20121017_12_ecmwf_forecast.PRESSURE_LEVELS.EUR_LL015.036.pl.nc', '20121017_12_ecmwf_forecast.PVU.EUR_LL015.036.pv.nc', '20121017_12_ecmwf_forecast.PV_derived.EUR_LL015.036.ml.nc', '20121017_12_ecmwf_forecast.P_derived.EUR_LL015.036.ml.nc', '20121017_12_ecmwf_forecast.ProbWCB_LAGRANTO_derived.EUR_LL015.036.ml.nc', '20121017_12_ecmwf_forecast.ProbWCB_LAGRANTO_derived.EUR_LL015.036.sfc.nc', '20121017_12_ecmwf_forecast.Q.EUR_LL015.036.ml.nc', '20121017_12_ecmwf_forecast.SEA.EUR_LL015.036.sfc.nc', '20121017_12_ecmwf_forecast.SFC.EUR_LL015.036.sfc.nc', '20121017_12_ecmwf_forecast.T.EUR_LL015.036.ml.nc', '20121017_12_ecmwf_forecast.THETA.EUR_LL015.036.ml.nc', '20121017_12_ecmwf_forecast.THETA_LEVELS.EUR_LL015.036.tl.nc', '20121017_12_ecmwf_forecast.U.EUR_LL015.036.ml.nc', '20121017_12_ecmwf_forecast.V.EUR_LL015.036.ml.nc', '20121017_12_ecmwf_forecast.W.EUR_LL015.036.ml.nc']
2025-03-30 20:07:43 INFO Opening candidate '20121017_12_ecmwf_forecast.ALTITUDE_LEVELS.EUR_LL015.036.al.nc'
2025-03-30 20:07:43 INFO File '20121017_12_ecmwf_forecast.ALTITUDE_LEVELS.EUR_LL015.036.al.nc' identified as 'al' type
2025-03-30 20:07:43 INFO Found init time '2012-10-17 12:00:00', 7 valid_times and 3 standard_names
2025-03-30 20:07:43 DEBUG valid_times='[cftime.DatetimeGregorian(2012, 10, 17, 12, 0, 0, 0, has_year_zero=False)
 cftime.DatetimeGregorian(2012, 10, 17, 18, 0, 0, 0, has_year_zero=False)
 cftime.DatetimeGregorian(2012, 10, 18, 0, 0, 0, 0, has_year_zero=False)
 cftime.DatetimeGregorian(2012, 10, 18, 6, 0, 0, 0, has_year_zero=False)
 cftime.DatetimeGregorian(2012, 10, 18, 12, 0, 0, 0, has_year_zero=False)
 cftime.DatetimeGregorian(2012, 10, 18, 18, 0, 0, 0, has_year_zero=False)
 cftime.DatetimeGregorian(2012, 10, 19, 0, 0, 0, 0, has_year_zero=False)]' standard_names='['air_pressure', 'ertel_potential_vorticity', 'mole_fraction_of_ozone_in_air']'
2025-03-30 20:07:43 INFO Opening candidate '20121017_12_ecmwf_forecast.CC.EUR_LL015.036.ml.nc'
2025-03-30 20:07:43 INFO File '20121017_12_ecmwf_forecast.CC.EUR_LL015.036.ml.nc' identified as 'ml' type
2025-03-30 20:07:43 INFO Found init time '2012-10-17 12:00:00', 7 valid_times and 1 standard_names
2025-03-30 20:07:43 DEBUG valid_times='[cftime.DatetimeGregorian(2012, 10, 17, 12, 0, 0, 0, has_year_zero=False)
 cftime.DatetimeGregorian(2012, 10, 17, 18, 0, 0, 0, has_year_zero=False)
 cftime.DatetimeGregorian(2012, 10, 18, 0, 0, 0, 0, has_year_zero=False)
 cftime.DatetimeGregorian(2012, 10, 18, 6, 0, 0, 0, has_year_zero=False)
 cftime.DatetimeGregorian(2012, 10, 18, 12, 0, 0, 0, has_year_zero=False)
 cftime.DatetimeGregorian(2012, 10, 18, 18, 0, 0, 0, has_year_zero=False)
 cftime.DatetimeGregorian(2012, 10, 19, 0, 0, 0, 0, has_year_zero=False)]' standard_names='['cloud_area_fraction_in_atmosphere_layer']'
2025-03-30 20:07:43 INFO Opening candidate '20121017_12_ecmwf_forecast.CIWC.EUR_LL015.036.ml.nc'
2025-03-30 20:07:43 INFO File '20121017_12_ecmwf_forecast.CIWC.EUR_LL015.036.ml.nc' identified as 'ml' type
2025-03-30 20:07:43 INFO Found init time '2012-10-17 12:00:00', 7 valid_times and 1 standard_names
2025-03-30 20:07:43 DEBUG valid_times='[cftime.DatetimeGregorian(2012, 10, 17, 12, 0, 0, 0, has_year_zero=False)
 cftime.DatetimeGregorian(2012, 10, 17, 18, 0, 0, 0, has_year_zero=False)
 cftime.DatetimeGregorian(2012, 10, 18, 0, 0, 0, 0, has_year_zero=False)
 cftime.DatetimeGregorian(2012, 10, 18, 6, 0, 0, 0, has_year_zero=False)
 cftime.DatetimeGregorian(2012, 10, 18, 12, 0, 0, 0, has_year_zero=False)
 cftime.DatetimeGregorian(2012, 10, 18, 18, 0, 0, 0, has_year_zero=False)
 cftime.DatetimeGregorian(2012, 10, 19, 0, 0, 0, 0, has_year_zero=False)]' standard_names='['specific_cloud_ice_water_content']'
2025-03-30 20:07:43 INFO Opening candidate '20121017_12_ecmwf_forecast.CLWC.EUR_LL015.036.ml.nc'
2025-03-30 20:07:43 INFO File '20121017_12_ecmwf_forecast.CLWC.EUR_LL015.036.ml.nc' identified as 'ml' type
2025-03-30 20:07:43 INFO Found init time '2012-10-17 12:00:00', 7 valid_times and 1 standard_names
2025-03-30 20:07:43 DEBUG valid_times='[cftime.DatetimeGregorian(2012, 10, 17, 12, 0, 0, 0, has_year_zero=False)
 cftime.DatetimeGregorian(2012, 10, 17, 18, 0, 0, 0, has_year_zero=False)
 cftime.DatetimeGregorian(2012, 10, 18, 0, 0, 0, 0, has_year_zero=False)
 cftime.DatetimeGregorian(2012, 10, 18, 6, 0, 0, 0, has_year_zero=False)
 cftime.DatetimeGregorian(2012, 10, 18, 12, 0, 0, 0, has_year_zero=False)
 cftime.DatetimeGregorian(2012, 10, 18, 18, 0, 0, 0, has_year_zero=False)
 cftime.DatetimeGregorian(2012, 10, 19, 0, 0, 0, 0, has_year_zero=False)]' standard_names='['specific_cloud_liquid_water_content']'
2025-03-30 20:07:43 INFO Opening candidate '20121017_12_ecmwf_forecast.DIV.EUR_LL015.036.ml.nc'
2025-03-30 20:07:43 INFO File '20121017_12_ecmwf_forecast.DIV.EUR_LL015.036.ml.nc' identified as 'ml' type
2025-03-30 20:07:43 INFO Found init time '2012-10-17 12:00:00', 7 valid_times and 1 standard_names
2025-03-30 20:07:43 DEBUG valid_times='[cftime.DatetimeGregorian(2012, 10, 17, 12, 0, 0, 0, has_year_zero=False)
 cftime.DatetimeGregorian(2012, 10, 17, 18, 0, 0, 0, has_year_zero=False)
 cftime.DatetimeGregorian(2012, 10, 18, 0, 0, 0, 0, has_year_zero=False)
 cftime.DatetimeGregorian(2012, 10, 18, 6, 0, 0, 0, has_year_zero=False)
 cftime.DatetimeGregorian(2012, 10, 18, 12, 0, 0, 0, has_year_zero=False)
 cftime.DatetimeGregorian(2012, 10, 18, 18, 0, 0, 0, has_year_zero=False)
 cftime.DatetimeGregorian(2012, 10, 19, 0, 0, 0, 0, has_year_zero=False)]' standard_names='['divergence_of_wind']'
2025-03-30 20:07:43 INFO Opening candidate '20121017_12_ecmwf_forecast.EMAC.EUR_LL015.036.ml.nc'
2025-03-30 20:07:43 INFO File '20121017_12_ecmwf_forecast.EMAC.EUR_LL015.036.ml.nc' identified as 'ml' type
2025-03-30 20:07:43 INFO Found init time '2012-10-17 12:00:00', 7 valid_times and 1 standard_names
2025-03-30 20:07:43 DEBUG valid_times='[cftime.DatetimeGregorian(2012, 10, 17, 12, 0, 0, 0, has_year_zero=False)
 cftime.DatetimeGregorian(2012, 10, 17, 18, 0, 0, 0, has_year_zero=False)
 cftime.DatetimeGregorian(2012, 10, 18, 0, 0, 0, 0, has_year_zero=False)
 cftime.DatetimeGregorian(2012, 10, 18, 6, 0, 0, 0, has_year_zero=False)
 cftime.DatetimeGregorian(2012, 10, 18, 12, 0, 0, 0, has_year_zero=False)
 cftime.DatetimeGregorian(2012, 10, 18, 18, 0, 0, 0, has_year_zero=False)
 cftime.DatetimeGregorian(2012, 10, 19, 0, 0, 0, 0, has_year_zero=False)]' standard_names='['emac_R12']'
2025-03-30 20:07:43 INFO Opening candidate '20121017_12_ecmwf_forecast.GPH.EUR_LL015.036.ml.nc'
2025-03-30 20:07:43 INFO File '20121017_12_ecmwf_forecast.GPH.EUR_LL015.036.ml.nc' identified as 'ml' type
2025-03-30 20:07:43 INFO Found init time '2012-10-17 12:00:00', 7 valid_times and 1 standard_names
2025-03-30 20:07:43 DEBUG valid_times='[cftime.DatetimeGregorian(2012, 10, 17, 12, 0, 0, 0, has_year_zero=False)
 cftime.DatetimeGregorian(2012, 10, 17, 18, 0, 0, 0, has_year_zero=False)
 cftime.DatetimeGregorian(2012, 10, 18, 0, 0, 0, 0, has_year_zero=False)
 cftime.DatetimeGregorian(2012, 10, 18, 6, 0, 0, 0, has_year_zero=False)
 cftime.DatetimeGregorian(2012, 10, 18, 12, 0, 0, 0, has_year_zero=False)
 cftime.DatetimeGregorian(2012, 10, 18, 18, 0, 0, 0, has_year_zero=False)
 cftime.DatetimeGregorian(2012, 10, 19, 0, 0, 0, 0, has_year_zero=False)]' standard_names='['geopotential_height']'
2025-03-30 20:07:43 INFO Opening candidate '20121017_12_ecmwf_forecast.O3.EUR_LL015.036.ml.nc'
2025-03-30 20:07:43 INFO File '20121017_12_ecmwf_forecast.O3.EUR_LL015.036.ml.nc' identified as 'ml' type
2025-03-30 20:07:43 INFO Found init time '2012-10-17 12:00:00', 7 valid_times and 1 standard_names
2025-03-30 20:07:43 DEBUG valid_times='[cftime.DatetimeGregorian(2012, 10, 17, 12, 0, 0, 0, has_year_zero=False)
 cftime.DatetimeGregorian(2012, 10, 17, 18, 0, 0, 0, has_year_zero=False)
 cftime.DatetimeGregorian(2012, 10, 18, 0, 0, 0, 0, has_year_zero=False)
 cftime.DatetimeGregorian(2012, 10, 18, 6, 0, 0, 0, has_year_zero=False)
 cftime.DatetimeGregorian(2012, 10, 18, 12, 0, 0, 0, has_year_zero=False)
 cftime.DatetimeGregorian(2012, 10, 18, 18, 0, 0, 0, has_year_zero=False)
 cftime.DatetimeGregorian(2012, 10, 19, 0, 0, 0, 0, has_year_zero=False)]' standard_names='['mole_fraction_of_ozone_in_air']'
2025-03-30 20:07:43 INFO Opening candidate '20121017_12_ecmwf_forecast.PRESSURE_LEVELS.EUR_LL015.036.pl.nc'
2025-03-30 20:07:43 INFO File '20121017_12_ecmwf_forecast.PRESSURE_LEVELS.EUR_LL015.036.pl.nc' identified as 'pl' type
2025-03-30 20:07:43 INFO Found init time '2012-10-17 12:00:00', 7 valid_times and 16 standard_names
2025-03-30 20:07:43 DEBUG valid_times='[cftime.DatetimeGregorian(2012, 10, 17, 12, 0, 0, 0, has_year_zero=False)
 cftime.DatetimeGregorian(2012, 10, 17, 18, 0, 0, 0, has_year_zero=False)
 cftime.DatetimeGregorian(2012, 10, 18, 0, 0, 0, 0, has_year_zero=False)
 cftime.DatetimeGregorian(2012, 10, 18, 6, 0, 0, 0, has_year_zero=False)
 cftime.DatetimeGregorian(2012, 10, 18, 12, 0, 0, 0, has_year_zero=False)
 cftime.DatetimeGregorian(2012, 10, 18, 18, 0, 0, 0, has_year_zero=False)
 cftime.DatetimeGregorian(2012, 10, 19, 0, 0, 0, 0, has_year_zero=False)]' standard_names='['air_potential_temperature', 'air_pressure', 'air_temperature', 'eastward_wind', 'ertel_potential_vorticity', 'geopotential_height', 'northward_wind', 'specific_humidity', 'lagrangian_tendency_of_air_pressure', 'divergence_of_wind', 'mass_fraction_of_ozone_in_air', 'mole_fraction_of_ozone_in_air', 'equivalent_latitude', 'number_of_wcb_trajectories', 'number_of_insitu_trajectories', 'number_of_mix_trajectories']'
2025-03-30 20:07:43 INFO Opening candidate '20121017_12_ecmwf_forecast.PVU.EUR_LL015.036.pv.nc'
2025-03-30 20:07:43 INFO File '20121017_12_ecmwf_forecast.PVU.EUR_LL015.036.pv.nc' identified as 'pv' type
2025-03-30 20:07:43 INFO Found init time '2012-10-17 12:00:00', 7 valid_times and 3 standard_names
2025-03-30 20:07:43 DEBUG valid_times='[cftime.DatetimeGregorian(2012, 10, 17, 12, 0, 0, 0, has_year_zero=False)
 cftime.DatetimeGregorian(2012, 10, 17, 18, 0, 0, 0, has_year_zero=False)
 cftime.DatetimeGregorian(2012, 10, 18, 0, 0, 0, 0, has_year_zero=False)
 cftime.DatetimeGregorian(2012, 10, 18, 6, 0, 0, 0, has_year_zero=False)
 cftime.DatetimeGregorian(2012, 10, 18, 12, 0, 0, 0, has_year_zero=False)
 cftime.DatetimeGregorian(2012, 10, 18, 18, 0, 0, 0, has_year_zero=False)
 cftime.DatetimeGregorian(2012, 10, 19, 0, 0, 0, 0, has_year_zero=False)]' standard_names='['air_potential_temperature', 'geopotential_height', 'air_pressure']'
2025-03-30 20:07:43 INFO Opening candidate '20121017_12_ecmwf_forecast.PV_derived.EUR_LL015.036.ml.nc'
2025-03-30 20:07:43 INFO File '20121017_12_ecmwf_forecast.PV_derived.EUR_LL015.036.ml.nc' identified as 'ml' type
2025-03-30 20:07:43 INFO Found init time '2012-10-17 12:00:00', 7 valid_times and 1 standard_names
2025-03-30 20:07:43 DEBUG valid_times='[cftime.DatetimeGregorian(2012, 10, 17, 12, 0, 0, 0, has_year_zero=False)
 cftime.DatetimeGregorian(2012, 10, 17, 18, 0, 0, 0, has_year_zero=False)
 cftime.DatetimeGregorian(2012, 10, 18, 0, 0, 0, 0, has_year_zero=False)
 cftime.DatetimeGregorian(2012, 10, 18, 6, 0, 0, 0, has_year_zero=False)
 cftime.DatetimeGregorian(2012, 10, 18, 12, 0, 0, 0, has_year_zero=False)
 cftime.DatetimeGregorian(2012, 10, 18, 18, 0, 0, 0, has_year_zero=False)
 cftime.DatetimeGregorian(2012, 10, 19, 0, 0, 0, 0, has_year_zero=False)]' standard_names='['ertel_potential_vorticity']'
2025-03-30 20:07:43 INFO Opening candidate '20121017_12_ecmwf_forecast.P_derived.EUR_LL015.036.ml.nc'
2025-03-30 20:07:43 INFO File '20121017_12_ecmwf_forecast.P_derived.EUR_LL015.036.ml.nc' identified as 'ml' type
2025-03-30 20:07:43 INFO Found init time '2012-10-17 12:00:00', 7 valid_times and 1 standard_names
2025-03-30 20:07:43 DEBUG valid_times='[cftime.DatetimeGregorian(2012, 10, 17, 12, 0, 0, 0, has_year_zero=False)
 cftime.DatetimeGregorian(2012, 10, 17, 18, 0, 0, 0, has_year_zero=False)
 cftime.DatetimeGregorian(2012, 10, 18, 0, 0, 0, 0, has_year_zero=False)
 cftime.DatetimeGregorian(2012, 10, 18, 6, 0, 0, 0, has_year_zero=False)
 cftime.DatetimeGregorian(2012, 10, 18, 12, 0, 0, 0, has_year_zero=False)
 cftime.DatetimeGregorian(2012, 10, 18, 18, 0, 0, 0, has_year_zero=False)
 cftime.DatetimeGregorian(2012, 10, 19, 0, 0, 0, 0, has_year_zero=False)]' standard_names='['air_pressure']'
2025-03-30 20:07:43 INFO Opening candidate '20121017_12_ecmwf_forecast.ProbWCB_LAGRANTO_derived.EUR_LL015.036.ml.nc'
2025-03-30 20:07:43 INFO File '20121017_12_ecmwf_forecast.ProbWCB_LAGRANTO_derived.EUR_LL015.036.ml.nc' identified as 'ml' type
2025-03-30 20:07:43 INFO Found init time '2012-10-17 12:00:00', 7 valid_times and 1 standard_names
2025-03-30 20:07:43 DEBUG valid_times='[cftime.DatetimeGregorian(2012, 10, 17, 12, 0, 0, 0, has_year_zero=False)
 cftime.DatetimeGregorian(2012, 10, 17, 18, 0, 0, 0, has_year_zero=False)
 cftime.DatetimeGregorian(2012, 10, 18, 0, 0, 0, 0, has_year_zero=False)
 cftime.DatetimeGregorian(2012, 10, 18, 6, 0, 0, 0, has_year_zero=False)
 cftime.DatetimeGregorian(2012, 10, 18, 12, 0, 0, 0, has_year_zero=False)
 cftime.DatetimeGregorian(2012, 10, 18, 18, 0, 0, 0, has_year_zero=False)
 cftime.DatetimeGregorian(2012, 10, 19, 0, 0, 0, 0, has_year_zero=False)]' standard_names='['probability_of_wcb_occurrence']'
2025-03-30 20:07:43 INFO Opening candidate '20121017_12_ecmwf_forecast.ProbWCB_LAGRANTO_derived.EUR_LL015.036.sfc.nc'
2025-03-30 20:07:43 INFO File '20121017_12_ecmwf_forecast.ProbWCB_LAGRANTO_derived.EUR_LL015.036.sfc.nc' identified as 'sfc' type
2025-03-30 20:07:43 INFO Found init time '2012-10-17 12:00:00', 7 valid_times and 1 standard_names
2025-03-30 20:07:43 DEBUG valid_times='[cftime.DatetimeGregorian(2012, 10, 17, 12, 0, 0, 0, has_year_zero=False)
 cftime.DatetimeGregorian(2012, 10, 17, 18, 0, 0, 0, has_year_zero=False)
 cftime.DatetimeGregorian(2012, 10, 18, 0, 0, 0, 0, has_year_zero=False)
 cftime.DatetimeGregorian(2012, 10, 18, 6, 0, 0, 0, has_year_zero=False)
 cftime.DatetimeGregorian(2012, 10, 18, 12, 0, 0, 0, has_year_zero=False)
 cftime.DatetimeGregorian(2012, 10, 18, 18, 0, 0, 0, has_year_zero=False)
 cftime.DatetimeGregorian(2012, 10, 19, 0, 0, 0, 0, has_year_zero=False)]' standard_names='['vertically_integrated_probability_of_wcb_occurrence']'
2025-03-30 20:07:43 INFO Opening candidate '20121017_12_ecmwf_forecast.Q.EUR_LL015.036.ml.nc'
2025-03-30 20:07:43 INFO File '20121017_12_ecmwf_forecast.Q.EUR_LL015.036.ml.nc' identified as 'ml' type
2025-03-30 20:07:43 INFO Found init time '2012-10-17 12:00:00', 7 valid_times and 1 standard_names
2025-03-30 20:07:43 DEBUG valid_times='[cftime.DatetimeGregorian(2012, 10, 17, 12, 0, 0, 0, has_year_zero=False)
 cftime.DatetimeGregorian(2012, 10, 17, 18, 0, 0, 0, has_year_zero=False)
 cftime.DatetimeGregorian(2012, 10, 18, 0, 0, 0, 0, has_year_zero=False)
 cftime.DatetimeGregorian(2012, 10, 18, 6, 0, 0, 0, has_year_zero=False)
 cftime.DatetimeGregorian(2012, 10, 18, 12, 0, 0, 0, has_year_zero=False)
 cftime.DatetimeGregorian(2012, 10, 18, 18, 0, 0, 0, has_year_zero=False)
 cftime.DatetimeGregorian(2012, 10, 19, 0, 0, 0, 0, has_year_zero=False)]' standard_names='['specific_humidity']'
2025-03-30 20:07:43 INFO Opening candidate '20121017_12_ecmwf_forecast.SEA.EUR_LL015.036.sfc.nc'
2025-03-30 20:07:43 INFO File '20121017_12_ecmwf_forecast.SEA.EUR_LL015.036.sfc.nc' identified as 'sfc' type
2025-03-30 20:07:43 INFO Found init time '2012-10-17 12:00:00', 7 valid_times and 1 standard_names
2025-03-30 20:07:43 DEBUG valid_times='[cftime.DatetimeGregorian(2012, 10, 17, 12, 0, 0, 0, has_year_zero=False)
 cftime.DatetimeGregorian(2012, 10, 17, 18, 0, 0, 0, has_year_zero=False)
 cftime.DatetimeGregorian(2012, 10, 18, 0, 0, 0, 0, has_year_zero=False)
 cftime.DatetimeGregorian(2012, 10, 18, 6, 0, 0, 0, has_year_zero=False)
 cftime.DatetimeGregorian(2012, 10, 18, 12, 0, 0, 0, has_year_zero=False)
 cftime.DatetimeGregorian(2012, 10, 18, 18, 0, 0, 0, has_year_zero=False)
 cftime.DatetimeGregorian(2012, 10, 19, 0, 0, 0, 0, has_year_zero=False)]' standard_names='['solar_elevation_angle']'
2025-03-30 20:07:43 INFO Opening candidate '20121017_12_ecmwf_forecast.SFC.EUR_LL015.036.sfc.nc'
2025-03-30 20:07:43 INFO File '20121017_12_ecmwf_forecast.SFC.EUR_LL015.036.sfc.nc' identified as 'sfc' type
2025-03-30 20:07:43 INFO Found init time '2012-10-17 12:00:00', 7 valid_times and 15 standard_names
2025-03-30 20:07:43 DEBUG valid_times='[cftime.DatetimeGregorian(2012, 10, 17, 12, 0, 0, 0, has_year_zero=False)
 cftime.DatetimeGregorian(2012, 10, 17, 18, 0, 0, 0, has_year_zero=False)
 cftime.DatetimeGregorian(2012, 10, 18, 0, 0, 0, 0, has_year_zero=False)
 cftime.DatetimeGregorian(2012, 10, 18, 6, 0, 0, 0, has_year_zero=False)
 cftime.DatetimeGregorian(2012, 10, 18, 12, 0, 0, 0, has_year_zero=False)
 cftime.DatetimeGregorian(2012, 10, 18, 18, 0, 0, 0, has_year_zero=False)
 cftime.DatetimeGregorian(2012, 10, 19, 0, 0, 0, 0, has_year_zero=False)]' standard_names='['surface_geopotential', 'air_pressure_at_sea_level', 'total_cloud_cover', 'land_binary_mask', 'low_cloud_area_fraction', 'medium_cloud_area_fraction', 'high_cloud_area_fraction', 'surface_eastward_wind', 'surface_northward_wind', 'sea_ice_area_fraction', 'msg_brightness_temperature_108', 'atmosphere_boundary_layer_thickness', 'emac_column_density', 'tropopause_altitude', 'secondary_tropopause_altitude']'
2025-03-30 20:07:43 INFO Opening candidate '20121017_12_ecmwf_forecast.T.EUR_LL015.036.ml.nc'
2025-03-30 20:07:43 INFO File '20121017_12_ecmwf_forecast.T.EUR_LL015.036.ml.nc' identified as 'ml' type
2025-03-30 20:07:43 INFO Found init time '2012-10-17 12:00:00', 7 valid_times and 1 standard_names
2025-03-30 20:07:43 DEBUG valid_times='[cftime.DatetimeGregorian(2012, 10, 17, 12, 0, 0, 0, has_year_zero=False)
 cftime.DatetimeGregorian(2012, 10, 17, 18, 0, 0, 0, has_year_zero=False)
 cftime.DatetimeGregorian(2012, 10, 18, 0, 0, 0, 0, has_year_zero=False)
 cftime.DatetimeGregorian(2012, 10, 18, 6, 0, 0, 0, has_year_zero=False)
 cftime.DatetimeGregorian(2012, 10, 18, 12, 0, 0, 0, has_year_zero=False)
 cftime.DatetimeGregorian(2012, 10, 18, 18, 0, 0, 0, has_year_zero=False)
 cftime.DatetimeGregorian(2012, 10, 19, 0, 0, 0, 0, has_year_zero=False)]' standard_names='['air_temperature']'
2025-03-30 20:07:43 INFO Opening candidate '20121017_12_ecmwf_forecast.THETA.EUR_LL015.036.ml.nc'
2025-03-30 20:07:43 INFO File '20121017_12_ecmwf_forecast.THETA.EUR_LL015.036.ml.nc' identified as 'ml' type
2025-03-30 20:07:43 INFO Found init time '2012-10-17 12:00:00', 7 valid_times and 1 standard_names
2025-03-30 20:07:43 DEBUG valid_times='[cftime.DatetimeGregorian(2012, 10, 17, 12, 0, 0, 0, has_year_zero=False)
 cftime.DatetimeGregorian(2012, 10, 17, 18, 0, 0, 0, has_year_zero=False)
 cftime.DatetimeGregorian(2012, 10, 18, 0, 0, 0, 0, has_year_zero=False)
 cftime.DatetimeGregorian(2012, 10, 18, 6, 0, 0, 0, has_year_zero=False)
 cftime.DatetimeGregorian(2012, 10, 18, 12, 0, 0, 0, has_year_zero=False)
 cftime.DatetimeGregorian(2012, 10, 18, 18, 0, 0, 0, has_year_zero=False)
 cftime.DatetimeGregorian(2012, 10, 19, 0, 0, 0, 0, has_year_zero=False)]' standard_names='['air_potential_temperature']'
2025-03-30 20:07:43 INFO Opening candidate '20121017_12_ecmwf_forecast.THETA_LEVELS.EUR_LL015.036.tl.nc'
2025-03-30 20:07:43 INFO File '20121017_12_ecmwf_forecast.THETA_LEVELS.EUR_LL015.036.tl.nc' identified as 'tl' type
2025-03-30 20:07:43 INFO Found init time '2012-10-17 12:00:00', 7 valid_times and 3 standard_names
2025-03-30 20:07:43 DEBUG valid_times='[cftime.DatetimeGregorian(2012, 10, 17, 12, 0, 0, 0, has_year_zero=False)
 cftime.DatetimeGregorian(2012, 10, 17, 18, 0, 0, 0, has_year_zero=False)
 cftime.DatetimeGregorian(2012, 10, 18, 0, 0, 0, 0, has_year_zero=False)
 cftime.DatetimeGregorian(2012, 10, 18, 6, 0, 0, 0, has_year_zero=False)
 cftime.DatetimeGregorian(2012, 10, 18, 12, 0, 0, 0, has_year_zero=False)
 cftime.DatetimeGregorian(2012, 10, 18, 18, 0, 0, 0, has_year_zero=False)
 cftime.DatetimeGregorian(2012, 10, 19, 0, 0, 0, 0, has_year_zero=False)]' standard_names='['air_pressure', 'ertel_potential_vorticity', 'mole_fraction_of_ozone_in_air']'
2025-03-30 20:07:43 INFO Opening candidate '20121017_12_ecmwf_forecast.U.EUR_LL015.036.ml.nc'
2025-03-30 20:07:43 INFO File '20121017_12_ecmwf_forecast.U.EUR_LL015.036.ml.nc' identified as 'ml' type
2025-03-30 20:07:43 INFO Found init time '2012-10-17 12:00:00', 7 valid_times and 1 standard_names
2025-03-30 20:07:43 DEBUG valid_times='[cftime.DatetimeGregorian(2012, 10, 17, 12, 0, 0, 0, has_year_zero=False)
 cftime.DatetimeGregorian(2012, 10, 17, 18, 0, 0, 0, has_year_zero=False)
 cftime.DatetimeGregorian(2012, 10, 18, 0, 0, 0, 0, has_year_zero=False)
 cftime.DatetimeGregorian(2012, 10, 18, 6, 0, 0, 0, has_year_zero=False)
 cftime.DatetimeGregorian(2012, 10, 18, 12, 0, 0, 0, has_year_zero=False)
 cftime.DatetimeGregorian(2012, 10, 18, 18, 0, 0, 0, has_year_zero=False)
 cftime.DatetimeGregorian(2012, 10, 19, 0, 0, 0, 0, has_year_zero=False)]' standard_names='['eastward_wind']'
2025-03-30 20:07:43 INFO Opening candidate '20121017_12_ecmwf_forecast.V.EUR_LL015.036.ml.nc'
2025-03-30 20:07:43 INFO File '20121017_12_ecmwf_forecast.V.EUR_LL015.036.ml.nc' identified as 'ml' type
2025-03-30 20:07:43 INFO Found init time '2012-10-17 12:00:00', 7 valid_times and 1 standard_names
2025-03-30 20:07:43 DEBUG valid_times='[cftime.DatetimeGregorian(2012, 10, 17, 12, 0, 0, 0, has_year_zero=False)
 cftime.DatetimeGregorian(2012, 10, 17, 18, 0, 0, 0, has_year_zero=False)
 cftime.DatetimeGregorian(2012, 10, 18, 0, 0, 0, 0, has_year_zero=False)
 cftime.DatetimeGregorian(2012, 10, 18, 6, 0, 0, 0, has_year_zero=False)
 cftime.DatetimeGregorian(2012, 10, 18, 12, 0, 0, 0, has_year_zero=False)
 cftime.DatetimeGregorian(2012, 10, 18, 18, 0, 0, 0, has_year_zero=False)
 cftime.DatetimeGregorian(2012, 10, 19, 0, 0, 0, 0, has_year_zero=False)]' standard_names='['northward_wind']'
2025-03-30 20:07:43 INFO Opening candidate '20121017_12_ecmwf_forecast.W.EUR_LL015.036.ml.nc'
2025-03-30 20:07:43 INFO File '20121017_12_ecmwf_forecast.W.EUR_LL015.036.ml.nc' identified as 'ml' type
2025-03-30 20:07:43 INFO Found init time '2012-10-17 12:00:00', 7 valid_times and 1 standard_names
2025-03-30 20:07:43 DEBUG valid_times='[cftime.DatetimeGregorian(2012, 10, 17, 12, 0, 0, 0, has_year_zero=False)
 cftime.DatetimeGregorian(2012, 10, 17, 18, 0, 0, 0, has_year_zero=False)
 cftime.DatetimeGregorian(2012, 10, 18, 0, 0, 0, 0, has_year_zero=False)
 cftime.DatetimeGregorian(2012, 10, 18, 6, 0, 0, 0, has_year_zero=False)
 cftime.DatetimeGregorian(2012, 10, 18, 12, 0, 0, 0, has_year_zero=False)
 cftime.DatetimeGregorian(2012, 10, 18, 18, 0, 0, 0, has_year_zero=False)
 cftime.DatetimeGregorian(2012, 10, 19, 0, 0, 0, 0, has_year_zero=False)]' standard_names='['lagrangian_tendency_of_air_pressure']'
2025-03-30 20:07:43 DEBUG using plot object 'VS_RH01'
2025-03-30 20:07:43 DEBUG 	figure size (800, 600) in pixels
2025-03-30 20:07:43 DEBUG 	requested initialisation time 2012-10-17 12:00:00
2025-03-30 20:07:43 DEBUG 	requested forecast valid time 2012-10-17 12:00:00
2025-03-30 20:07:43 DEBUG 	variable 'air_pressure' requires input file '20121017_12_ecmwf_forecast.P_derived.EUR_LL015.036.ml.nc'
2025-03-30 20:07:43 DEBUG 	variable 'air_temperature' requires input file '20121017_12_ecmwf_forecast.T.EUR_LL015.036.ml.nc'
2025-03-30 20:07:43 DEBUG 	variable 'specific_humidity' requires input file '20121017_12_ecmwf_forecast.Q.EUR_LL015.036.ml.nc'
2025-03-30 20:07:43 DEBUG opening datasets.
2025-03-30 20:07:43 DEBUG 	identified variable <air_pressure> for field <air_pressure>
2025-03-30 20:07:43 DEBUG 	identified variable <air_temperature> for field <air_temperature>
2025-03-30 20:07:43 DEBUG 	identified variable <specific_humidity> for field <specific_humidity>
2025-03-30 20:07:43 DEBUG computing 101 interpolation points, connection: greatcircle
2025-03-30 20:07:43 DEBUG loading data for time step 0 (2012-10-17 12:00:00)
2025-03-30 20:07:43 DEBUG shifting data grid to gridpoint west of westmost longitude in path: 7.00 (path 8.00).
2025-03-30 20:07:43 DEBUG 	Loaded 0.27 Mbytes from data field <air_pressure> at timestep 0.
2025-03-30 20:07:43 DEBUG 	Vertical dimension direction is up.
2025-03-30 20:07:43 DEBUG 	Interpolating to cross-section path.
2025-03-30 20:07:43 DEBUG 	setting jump data to NaN at [42]
2025-03-30 20:07:43 DEBUG 	Loaded 0.27 Mbytes from data field <air_temperature> at timestep 0.
2025-03-30 20:07:43 DEBUG 	Vertical dimension direction is up.
2025-03-30 20:07:43 DEBUG 	Interpolating to cross-section path.
2025-03-30 20:07:43 DEBUG 	setting jump data to NaN at [42]
2025-03-30 20:07:43 DEBUG 	Loaded 0.27 Mbytes from data field <specific_humidity> at timestep 0.
2025-03-30 20:07:43 DEBUG 	Vertical dimension direction is up.
2025-03-30 20:07:43 DEBUG 	Interpolating to cross-section path.
2025-03-30 20:07:43 DEBUG 	setting jump data to NaN at [42]
2025-03-30 20:07:43 DEBUG Loaded and interpolated data (required time 0:00:00.008120).
2025-03-30 20:07:43 DEBUG Plotting interpolated curtain.
2025-03-30 20:07:43 DEBUG creating figure..
2025-03-30 20:07:43 DEBUG 	with frame and legends
2025-03-30 20:07:44 DEBUG converting image to indexed palette.
2025-03-30 20:07:44 DEBUG saving figure as non-transparent PNG.
2025-03-30 20:07:44 DEBUG returning figure..
2025-03-30 20:07:44 DEBUG Finished plotting (required time 0:00:00.922281; total time 0:00:00.930401).

2025-03-30 20:07:44 DEBUG using plot object 'VS_RH01'
2025-03-30 20:07:44 DEBUG 	figure size (800, 600) in pixels
2025-03-30 20:07:44 DEBUG 	requested initialisation time 2012-10-17 12:00:00
2025-03-30 20:07:44 DEBUG 	requested forecast valid time 2012-10-17 12:00:00
2025-03-30 20:07:44 DEBUG 	variable 'air_pressure' requires input file '20121017_12_ecmwf_forecast.P_derived.EUR_LL015.036.ml.nc'
2025-03-30 20:07:44 DEBUG 	variable 'air_temperature' requires input file '20121017_12_ecmwf_forecast.T.EUR_LL015.036.ml.nc'
2025-03-30 20:07:44 DEBUG 	variable 'specific_humidity' requires input file '20121017_12_ecmwf_forecast.Q.EUR_LL015.036.ml.nc'
2025-03-30 20:07:44 DEBUG opening datasets.
2025-03-30 20:07:44 DEBUG 	identified variable <air_pressure> for field <air_pressure>
2025-03-30 20:07:44 DEBUG 	identified variable <air_temperature> for field <air_temperature>
2025-03-30 20:07:44 DEBUG 	identified variable <specific_humidity> for field <specific_humidity>
2025-03-30 20:07:44 DEBUG computing 101 interpolation points, connection: greatcircle
2025-03-30 20:07:44 DEBUG loading data for time step 0 (2012-10-17 12:00:00)
2025-03-30 20:07:44 DEBUG shifting data grid to gridpoint west of westmost longitude in path: 7.00 (path 8.00).
2025-03-30 20:07:44 DEBUG 	Loaded 0.27 Mbytes from data field <air_pressure> at timestep 0.
2025-03-30 20:07:44 DEBUG 	Vertical dimension direction is up.
2025-03-30 20:07:44 DEBUG 	Interpolating to cross-section path.
2025-03-30 20:07:44 DEBUG 	setting jump data to NaN at [42]
2025-03-30 20:07:44 DEBUG 	Loaded 0.27 Mbytes from data field <air_temperature> at timestep 0.
2025-03-30 20:07:44 DEBUG 	Vertical dimension direction is up.
2025-03-30 20:07:44 DEBUG 	Interpolating to cross-section path.
2025-03-30 20:07:44 DEBUG 	setting jump data to NaN at [42]
2025-03-30 20:07:44 DEBUG 	Loaded 0.27 Mbytes from data field <specific_humidity> at timestep 0.
2025-03-30 20:07:44 DEBUG 	Vertical dimension direction is up.
2025-03-30 20:07:44 DEBUG 	Interpolating to cross-section path.
2025-03-30 20:07:44 DEBUG 	setting jump data to NaN at [42]
2025-03-30 20:07:44 DEBUG Loaded and interpolated data (required time 0:00:00.005840).
2025-03-30 20:07:44 DEBUG Plotting interpolated curtain.
2025-03-30 20:07:44 DEBUG creating figure..
2025-03-30 20:07:44 DEBUG 	without frame
2025-03-30 20:07:44 DEBUG converting image to indexed palette.
2025-03-30 20:07:44 DEBUG saving figure as non-transparent PNG.
2025-03-30 20:07:45 DEBUG returning figure..
2025-03-30 20:07:45 DEBUG Finished plotting (required time 0:00:00.621373; total time 0:00:00.627213).

2025-03-30 20:07:45 DEBUG No user settings found, using default settings
2025-03-30 20:07:45 INFO Files identified for domain 'EUR_LL015': ['20121017_12_ecmwf_forecast.ALTITUDE_LEVELS.EUR_LL015.036.al.nc', '20121017_12_ecmwf_forecast.CC.EUR_LL015.036.ml.nc', '20121017_12_ecmwf_forecast.CIWC.EUR_LL015.036.ml.nc', '20121017_12_ecmwf_forecast.CLWC.EUR_LL015.036.ml.nc', '20121017_12_ecmwf_forecast.DIV.EUR_LL015.036.ml.nc', '20121017_12_ecmwf_forecast.EMAC.EUR_LL015.036.ml.nc', '20121017_12_ecmwf_forecast.GPH.EUR_LL015.036.ml.nc', '20121017_12_ecmwf_forecast.O3.EUR_LL015.036.ml.nc', '20121017_12_ecmwf_forecast.PRESSURE_LEVELS.EUR_LL015.036.pl.nc', '20121017_12_ecmwf_forecast.PVU.EUR_LL015.036.pv.nc', '20121017_12_ecmwf_forecast.PV_derived.EUR_LL015.036.ml.nc', '20121017_12_ecmwf_forecast.P_derived.EUR_LL015.036.ml.nc', '20121017_12_ecmwf_forecast.ProbWCB_LAGRANTO_derived.EUR_LL015.036.ml.nc', '20121017_12_ecmwf_forecast.ProbWCB_LAGRANTO_derived.EUR_LL015.036.sfc.nc', '20121017_12_ecmwf_forecast.Q.EUR_LL015.036.ml.nc', '20121017_12_ecmwf_forecast.SEA.EUR_LL015.036.sfc.nc', '20121017_12_ecmwf_forecast.SFC.EUR_LL015.036.sfc.nc', '20121017_12_ecmwf_forecast.T.EUR_LL015.036.ml.nc', '20121017_12_ecmwf_forecast.THETA.EUR_LL015.036.ml.nc', '20121017_12_ecmwf_forecast.THETA_LEVELS.EUR_LL015.036.tl.nc', '20121017_12_ecmwf_forecast.U.EUR_LL015.036.ml.nc', '20121017_12_ecmwf_forecast.V.EUR_LL015.036.ml.nc', '20121017_12_ecmwf_forecast.W.EUR_LL015.036.ml.nc']
2025-03-30 20:07:45 INFO Opening candidate '20121017_12_ecmwf_forecast.ALTITUDE_LEVELS.EUR_LL015.036.al.nc'
2025-03-30 20:07:45 INFO File '20121017_12_ecmwf_forecast.ALTITUDE_LEVELS.EUR_LL015.036.al.nc' identified as 'al' type
2025-03-30 20:07:45 INFO Found init time '2012-10-17 12:00:00', 7 valid_times and 3 standard_names
2025-03-30 20:07:45 DEBUG valid_times='[cftime.DatetimeGregorian(2012, 10, 17, 12, 0, 0, 0, has_year_zero=False)
 cftime.DatetimeGregorian(2012, 10, 17, 18, 0, 0, 0, has_year_zero=False)
 cftime.DatetimeGregorian(2012, 10, 18, 0, 0, 0, 0, has_year_zero=False)
 cftime.DatetimeGregorian(2012, 10, 18, 6, 0, 0, 0, has_year_zero=False)
 cftime.DatetimeGregorian(2012, 10, 18, 12, 0, 0, 0, has_year_zero=False)
 cftime.DatetimeGregorian(2012, 10, 18, 18, 0, 0, 0, has_year_zero=False)
 cftime.DatetimeGregorian(2012, 10, 19, 0, 0, 0, 0, has_year_zero=False)]' standard_names='['air_pressure', 'ertel_potential_vorticity', 'mole_fraction_of_ozone_in_air']'
2025-03-30 20:07:45 INFO Opening candidate '20121017_12_ecmwf_forecast.CC.EUR_LL015.036.ml.nc'
2025-03-30 20:07:45 INFO File '20121017_12_ecmwf_forecast.CC.EUR_LL015.036.ml.nc' identified as 'ml' type
2025-03-30 20:07:45 INFO Found init time '2012-10-17 12:00:00', 7 valid_times and 1 standard_names
2025-03-30 20:07:45 DEBUG valid_times='[cftime.DatetimeGregorian(2012, 10, 17, 12, 0, 0, 0, has_year_zero=False)
 cftime.DatetimeGregorian(2012, 10, 17, 18, 0, 0, 0, has_year_zero=False)
 cftime.DatetimeGregorian(2012, 10, 18, 0, 0, 0, 0, has_year_zero=False)
 cftime.DatetimeGregorian(2012, 10, 18, 6, 0, 0, 0, has_year_zero=False)
 cftime.DatetimeGregorian(2012, 10, 18, 12, 0, 0, 0, has_year_zero=False)
 cftime.DatetimeGregorian(2012, 10, 18, 18, 0, 0, 0, has_year_zero=False)
 cftime.DatetimeGregorian(2012, 10, 19, 0, 0, 0, 0, has_year_zero=False)]' standard_names='['cloud_area_fraction_in_atmosphere_layer']'
2025-03-30 20:07:45 INFO Opening candidate '20121017_12_ecmwf_forecast.CIWC.EUR_LL015.036.ml.nc'
2025-03-30 20:07:45 INFO File '20121017_12_ecmwf_forecast.CIWC.EUR_LL015.036.ml.nc' identified as 'ml' type
2025-03-30 20:07:45 INFO Found init time '2012-10-17 12:00:00', 7 valid_times and 1 standard_names
2025-03-30 20:07:45 DEBUG valid_times='[cftime.DatetimeGregorian(2012, 10, 17, 12, 0, 0, 0, has_year_zero=False)
 cftime.DatetimeGregorian(2012, 10, 17, 18, 0, 0, 0, has_year_zero=False)
 cftime.DatetimeGregorian(2012, 10, 18, 0, 0, 0, 0, has_year_zero=False)
 cftime.DatetimeGregorian(2012, 10, 18, 6, 0, 0, 0, has_year_zero=False)
 cftime.DatetimeGregorian(2012, 10, 18, 12, 0, 0, 0, has_year_zero=False)
 cftime.DatetimeGregorian(2012, 10, 18, 18, 0, 0, 0, has_year_zero=False)
 cftime.DatetimeGregorian(2012, 10, 19, 0, 0, 0, 0, has_year_zero=False)]' standard_names='['specific_cloud_ice_water_content']'
2025-03-30 20:07:45 INFO Opening candidate '20121017_12_ecmwf_forecast.CLWC.EUR_LL015.036.ml.nc'
2025-03-30 20:07:45 INFO File '20121017_12_ecmwf_forecast.CLWC.EUR_LL015.036.ml.nc' identified as 'ml' type
2025-03-30 20:07:45 INFO Found init time '2012-10-17 12:00:00', 7 valid_times and 1 standard_names
2025-03-30 20:07:45 DEBUG valid_times='[cftime.DatetimeGregorian(2012, 10, 17, 12, 0, 0, 0, has_year_zero=False)
 cftime.DatetimeGregorian(2012, 10, 17, 18, 0, 0, 0, has_year_zero=False)
 cftime.DatetimeGregorian(2012, 10, 18, 0, 0, 0, 0, has_year_zero=False)
 cftime.DatetimeGregorian(2012, 10, 18, 6, 0, 0, 0, has_year_zero=False)
 cftime.DatetimeGregorian(2012, 10, 18, 12, 0, 0, 0, has_year_zero=False)
 cftime.DatetimeGregorian(2012, 10, 18, 18, 0, 0, 0, has_year_zero=False)
 cftime.DatetimeGregorian(2012, 10, 19, 0, 0, 0, 0, has_year_zero=False)]' standard_names='['specific_cloud_liquid_water_content']'
2025-03-30 20:07:45 INFO Opening candidate '20121017_12_ecmwf_forecast.DIV.EUR_LL015.036.ml.nc'
2025-03-30 20:07:45 INFO File '20121017_12_ecmwf_forecast.DIV.EUR_LL015.036.ml.nc' identified as 'ml' type
2025-03-30 20:07:45 INFO Found init time '2012-10-17 12:00:00', 7 valid_times and 1 standard_names
2025-03-30 20:07:45 DEBUG valid_times='[cftime.DatetimeGregorian(2012, 10, 17, 12, 0, 0, 0, has_year_zero=False)
 cftime.DatetimeGregorian(2012, 10, 17, 18, 0, 0, 0, has_year_zero=False)
 cftime.DatetimeGregorian(2012, 10, 18, 0, 0, 0, 0, has_year_zero=False)
 cftime.DatetimeGregorian(2012, 10, 18, 6, 0, 0, 0, has_year_zero=False)
 cftime.DatetimeGregorian(2012, 10, 18, 12, 0, 0, 0, has_year_zero=False)
 cftime.DatetimeGregorian(2012, 10, 18, 18, 0, 0, 0, has_year_zero=False)
 cftime.DatetimeGregorian(2012, 10, 19, 0, 0, 0, 0, has_year_zero=False)]' standard_names='['divergence_of_wind']'
2025-03-30 20:07:45 INFO Opening candidate '20121017_12_ecmwf_forecast.EMAC.EUR_LL015.036.ml.nc'
2025-03-30 20:07:45 INFO File '20121017_12_ecmwf_forecast.EMAC.EUR_LL015.036.ml.nc' identified as 'ml' type
2025-03-30 20:07:45 INFO Found init time '2012-10-17 12:00:00', 7 valid_times and 1 standard_names
2025-03-30 20:07:45 DEBUG valid_times='[cftime.DatetimeGregorian(2012, 10, 17, 12, 0, 0, 0, has_year_zero=False)
 cftime.DatetimeGregorian(2012, 10, 17, 18, 0, 0, 0, has_year_zero=False)
 cftime.DatetimeGregorian(2012, 10, 18, 0, 0, 0, 0, has_year_zero=False)
 cftime.DatetimeGregorian(2012, 10, 18, 6, 0, 0, 0, has_year_zero=False)
 cftime.DatetimeGregorian(2012, 10, 18, 12, 0, 0, 0, has_year_zero=False)
 cftime.DatetimeGregorian(2012, 10, 18, 18, 0, 0, 0, has_year_zero=False)
 cftime.DatetimeGregorian(2012, 10, 19, 0, 0, 0, 0, has_year_zero=False)]' standard_names='['emac_R12']'
2025-03-30 20:07:45 INFO Opening candidate '20121017_12_ecmwf_forecast.GPH.EUR_LL015.036.ml.nc'
2025-03-30 20:07:45 INFO File '20121017_12_ecmwf_forecast.GPH.EUR_LL015.036.ml.nc' identified as 'ml' type
2025-03-30 20:07:45 INFO Found init time '2012-10-17 12:00:00', 7 valid_times and 1 standard_names
2025-03-30 20:07:45 DEBUG valid_times='[cftime.DatetimeGregorian(2012, 10, 17, 12, 0, 0, 0, has_year_zero=False)
 cftime.DatetimeGregorian(2012, 10, 17, 18, 0, 0, 0, has_year_zero=False)
 cftime.DatetimeGregorian(2012, 10, 18, 0, 0, 0, 0, has_year_zero=False)
 cftime.DatetimeGregorian(2012, 10, 18, 6, 0, 0, 0, has_year_zero=False)
 cftime.DatetimeGregorian(2012, 10, 18, 12, 0, 0, 0, has_year_zero=False)
 cftime.DatetimeGregorian(2012, 10, 18, 18, 0, 0, 0, has_year_zero=False)
 cftime.DatetimeGregorian(2012, 10, 19, 0, 0, 0, 0, has_year_zero=False)]' standard_names='['geopotential_height']'
2025-03-30 20:07:45 INFO Opening candidate '20121017_12_ecmwf_forecast.O3.EUR_LL015.036.ml.nc'
2025-03-30 20:07:45 INFO File '20121017_12_ecmwf_forecast.O3.EUR_LL015.036.ml.nc' identified as 'ml' type
2025-03-30 20:07:45 INFO Found init time '2012-10-17 12:00:00', 7 valid_times and 1 standard_names
2025-03-30 20:07:45 DEBUG valid_times='[cftime.DatetimeGregorian(2012, 10, 17, 12, 0, 0, 0, has_year_zero=False)
 cftime.DatetimeGregorian(2012, 10, 17, 18, 0, 0, 0, has_year_zero=False)
 cftime.DatetimeGregorian(2012, 10, 18, 0, 0, 0, 0, has_year_zero=False)
 cftime.DatetimeGregorian(2012, 10, 18, 6, 0, 0, 0, has_year_zero=False)
 cftime.DatetimeGregorian(2012, 10, 18, 12, 0, 0, 0, has_year_zero=False)
 cftime.DatetimeGregorian(2012, 10, 18, 18, 0, 0, 0, has_year_zero=False)
 cftime.DatetimeGregorian(2012, 10, 19, 0, 0, 0, 0, has_year_zero=False)]' standard_names='['mole_fraction_of_ozone_in_air']'
2025-03-30 20:07:45 INFO Opening candidate '20121017_12_ecmwf_forecast.PRESSURE_LEVELS.EUR_LL015.036.pl.nc'
2025-03-30 20:07:45 INFO File '20121017_12_ecmwf_forecast.PRESSURE_LEVELS.EUR_LL015.036.pl.nc' identified as 'pl' type
2025-03-30 20:07:45 INFO Found init time '2012-10-17 12:00:00', 7 valid_times and 16 standard_names
2025-03-30 20:07:45 DEBUG valid_times='[cftime.DatetimeGregorian(2012, 10, 17, 12, 0, 0, 0, has_year_zero=False)
 cftime.DatetimeGregorian(2012, 10, 17, 18, 0, 0, 0, has_year_zero=False)
 cftime.DatetimeGregorian(2012, 10, 18, 0, 0, 0, 0, has_year_zero=False)
 cftime.DatetimeGregorian(2012, 10, 18, 6, 0, 0, 0, has_year_zero=False)
 cftime.DatetimeGregorian(2012, 10, 18, 12, 0, 0, 0, has_year_zero=False)
 cftime.DatetimeGregorian(2012, 10, 18, 18, 0, 0, 0, has_year_zero=False)
 cftime.DatetimeGregorian(2012, 10, 19, 0, 0, 0, 0, has_year_zero=False)]' standard_names='['air_potential_temperature', 'air_pressure', 'air_temperature', 'eastward_wind', 'ertel_potential_vorticity', 'geopotential_height', 'northward_wind', 'specific_humidity', 'lagrangian_tendency_of_air_pressure', 'divergence_of_wind', 'mass_fraction_of_ozone_in_air', 'mole_fraction_of_ozone_in_air', 'equivalent_latitude', 'number_of_wcb_trajectories', 'number_of_insitu_trajectories', 'number_of_mix_trajectories']'
2025-03-30 20:07:45 INFO Opening candidate '20121017_12_ecmwf_forecast.PVU.EUR_LL015.036.pv.nc'
2025-03-30 20:07:45 INFO File '20121017_12_ecmwf_forecast.PVU.EUR_LL015.036.pv.nc' identified as 'pv' type
2025-03-30 20:07:45 INFO Found init time '2012-10-17 12:00:00', 7 valid_times and 3 standard_names
2025-03-30 20:07:45 DEBUG valid_times='[cftime.DatetimeGregorian(2012, 10, 17, 12, 0, 0, 0, has_year_zero=False)
 cftime.DatetimeGregorian(2012, 10, 17, 18, 0, 0, 0, has_year_zero=False)
 cftime.DatetimeGregorian(2012, 10, 18, 0, 0, 0, 0, has_year_zero=False)
 cftime.DatetimeGregorian(2012, 10, 18, 6, 0, 0, 0, has_year_zero=False)
 cftime.DatetimeGregorian(2012, 10, 18, 12, 0, 0, 0, has_year_zero=False)
 cftime.DatetimeGregorian(2012, 10, 18, 18, 0, 0, 0, has_year_zero=False)
 cftime.DatetimeGregorian(2012, 10, 19, 0, 0, 0, 0, has_year_zero=False)]' standard_names='['air_potential_temperature', 'geopotential_height', 'air_pressure']'
2025-03-30 20:07:45 INFO Opening candidate '20121017_12_ecmwf_forecast.PV_derived.EUR_LL015.036.ml.nc'
2025-03-30 20:07:45 INFO File '20121017_12_ecmwf_forecast.PV_derived.EUR_LL015.036.ml.nc' identified as 'ml' type
2025-03-30 20:07:45 INFO Found init time '2012-10-17 12:00:00', 7 valid_times and 1 standard_names
2025-03-30 20:07:45 DEBUG valid_times='[cftime.DatetimeGregorian(2012, 10, 17, 12, 0, 0, 0, has_year_zero=False)
 cftime.DatetimeGregorian(2012, 10, 17, 18, 0, 0, 0, has_year_zero=False)
 cftime.DatetimeGregorian(2012, 10, 18, 0, 0, 0, 0, has_year_zero=False)
 cftime.DatetimeGregorian(2012, 10, 18, 6, 0, 0, 0, has_year_zero=False)
 cftime.DatetimeGregorian(2012, 10, 18, 12, 0, 0, 0, has_year_zero=False)
 cftime.DatetimeGregorian(2012, 10, 18, 18, 0, 0, 0, has_year_zero=False)
 cftime.DatetimeGregorian(2012, 10, 19, 0, 0, 0, 0, has_year_zero=False)]' standard_names='['ertel_potential_vorticity']'
2025-03-30 20:07:45 INFO Opening candidate '20121017_12_ecmwf_forecast.P_derived.EUR_LL015.036.ml.nc'
2025-03-30 20:07:45 INFO File '20121017_12_ecmwf_forecast.P_derived.EUR_LL015.036.ml.nc' identified as 'ml' type
2025-03-30 20:07:45 INFO Found init time '2012-10-17 12:00:00', 7 valid_times and 1 standard_names
2025-03-30 20:07:45 DEBUG valid_times='[cftime.DatetimeGregorian(2012, 10, 17, 12, 0, 0, 0, has_year_zero=False)
 cftime.DatetimeGregorian(2012, 10, 17, 18, 0, 0, 0, has_year_zero=False)
 cftime.DatetimeGregorian(2012, 10, 18, 0, 0, 0, 0, has_year_zero=False)
 cftime.DatetimeGregorian(2012, 10, 18, 6, 0, 0, 0, has_year_zero=False)
 cftime.DatetimeGregorian(2012, 10, 18, 12, 0, 0, 0, has_year_zero=False)
 cftime.DatetimeGregorian(2012, 10, 18, 18, 0, 0, 0, has_year_zero=False)
 cftime.DatetimeGregorian(2012, 10, 19, 0, 0, 0, 0, has_year_zero=False)]' standard_names='['air_pressure']'
2025-03-30 20:07:45 INFO Opening candidate '20121017_12_ecmwf_forecast.ProbWCB_LAGRANTO_derived.EUR_LL015.036.ml.nc'
2025-03-30 20:07:45 INFO File '20121017_12_ecmwf_forecast.ProbWCB_LAGRANTO_derived.EUR_LL015.036.ml.nc' identified as 'ml' type
2025-03-30 20:07:45 INFO Found init time '2012-10-17 12:00:00', 7 valid_times and 1 standard_names
2025-03-30 20:07:45 DEBUG valid_times='[cftime.DatetimeGregorian(2012, 10, 17, 12, 0, 0, 0, has_year_zero=False)
 cftime.DatetimeGregorian(2012, 10, 17, 18, 0, 0, 0, has_year_zero=False)
 cftime.DatetimeGregorian(2012, 10, 18, 0, 0, 0, 0, has_year_zero=False)
 cftime.DatetimeGregorian(2012, 10, 18, 6, 0, 0, 0, has_year_zero=False)
 cftime.DatetimeGregorian(2012, 10, 18, 12, 0, 0, 0, has_year_zero=False)
 cftime.DatetimeGregorian(2012, 10, 18, 18, 0, 0, 0, has_year_zero=False)
 cftime.DatetimeGregorian(2012, 10, 19, 0, 0, 0, 0, has_year_zero=False)]' standard_names='['probability_of_wcb_occurrence']'
2025-03-30 20:07:45 INFO Opening candidate '20121017_12_ecmwf_forecast.ProbWCB_LAGRANTO_derived.EUR_LL015.036.sfc.nc'
2025-03-30 20:07:45 INFO File '20121017_12_ecmwf_forecast.ProbWCB_LAGRANTO_derived.EUR_LL015.036.sfc.nc' identified as 'sfc' type
2025-03-30 20:07:45 INFO Found init time '2012-10-17 12:00:00', 7 valid_times and 1 standard_names
2025-03-30 20:07:45 DEBUG valid_times='[cftime.DatetimeGregorian(2012, 10, 17, 12, 0, 0, 0, has_year_zero=False)
 cftime.DatetimeGregorian(2012, 10, 17, 18, 0, 0, 0, has_year_zero=False)
 cftime.DatetimeGregorian(2012, 10, 18, 0, 0, 0, 0, has_year_zero=False)
 cftime.DatetimeGregorian(2012, 10, 18, 6, 0, 0, 0, has_year_zero=False)
 cftime.DatetimeGregorian(2012, 10, 18, 12, 0, 0, 0, has_year_zero=False)
 cftime.DatetimeGregorian(2012, 10, 18, 18, 0, 0, 0, has_year_zero=False)
 cftime.DatetimeGregorian(2012, 10, 19, 0, 0, 0, 0, has_year_zero=False)]' standard_names='['vertically_integrated_probability_of_wcb_occurrence']'
2025-03-30 20:07:45 INFO Opening candidate '20121017_12_ecmwf_forecast.Q.EUR_LL015.036.ml.nc'
2025-03-30 20:07:45 INFO File '20121017_12_ecmwf_forecast.Q.EUR_LL015.036.ml.nc' identified as 'ml' type
2025-03-30 20:07:45 INFO Found init time '2012-10-17 12:00:00', 7 valid_times and 1 standard_names
2025-03-30 20:07:45 DEBUG valid_times='[cftime.DatetimeGregorian(2012, 10, 17, 12, 0, 0, 0, has_year_zero=False)
 cftime.DatetimeGregorian(2012, 10, 17, 18, 0, 0, 0, has_year_zero=False)
 cftime.DatetimeGregorian(2012, 10, 18, 0, 0, 0, 0, has_year_zero=False)
 cftime.DatetimeGregorian(2012, 10, 18, 6, 0, 0, 0, has_year_zero=False)
 cftime.DatetimeGregorian(2012, 10, 18, 12, 0, 0, 0, has_year_zero=False)
 cftime.DatetimeGregorian(2012, 10, 18, 18, 0, 0, 0, has_year_zero=False)
 cftime.DatetimeGregorian(2012, 10, 19, 0, 0, 0, 0, has_year_zero=False)]' standard_names='['specific_humidity']'
2025-03-30 20:07:45 INFO Opening candidate '20121017_12_ecmwf_forecast.SEA.EUR_LL015.036.sfc.nc'
2025-03-30 20:07:45 INFO File '20121017_12_ecmwf_forecast.SEA.EUR_LL015.036.sfc.nc' identified as 'sfc' type
2025-03-30 20:07:45 INFO Found init time '2012-10-17 12:00:00', 7 valid_times and 1 standard_names
2025-03-30 20:07:45 DEBUG valid_times='[cftime.DatetimeGregorian(2012, 10, 17, 12, 0, 0, 0, has_year_zero=False)
 cftime.DatetimeGregorian(2012, 10, 17, 18, 0, 0, 0, has_year_zero=False)
 cftime.DatetimeGregorian(2012, 10, 18, 0, 0, 0, 0, has_year_zero=False)
 cftime.DatetimeGregorian(2012, 10, 18, 6, 0, 0, 0, has_year_zero=False)
 cftime.DatetimeGregorian(2012, 10, 18, 12, 0, 0, 0, has_year_zero=False)
 cftime.DatetimeGregorian(2012, 10, 18, 18, 0, 0, 0, has_year_zero=False)
 cftime.DatetimeGregorian(2012, 10, 19, 0, 0, 0, 0, has_year_zero=False)]' standard_names='['solar_elevation_angle']'
2025-03-30 20:07:45 INFO Opening candidate '20121017_12_ecmwf_forecast.SFC.EUR_LL015.036.sfc.nc'
2025-03-30 20:07:45 INFO File '20121017_12_ecmwf_forecast.SFC.EUR_LL015.036.sfc.nc' identified as 'sfc' type
2025-03-30 20:07:45 INFO Found init time '2012-10-17 12:00:00', 7 valid_times and 15 standard_names
2025-03-30 20:07:45 DEBUG valid_times='[cftime.DatetimeGregorian(2012, 10, 17, 12, 0, 0, 0, has_year_zero=False)
 cftime.DatetimeGregorian(2012, 10, 17, 18, 0, 0, 0, has_year_zero=False)
 cftime.DatetimeGregorian(2012, 10, 18, 0, 0, 0, 0, has_year_zero=False)
 cftime.DatetimeGregorian(2012, 10, 18, 6, 0, 0, 0, has_year_zero=False)
 cftime.DatetimeGregorian(2012, 10, 18, 12, 0, 0, 0, has_year_zero=False)
 cftime.DatetimeGregorian(2012, 10, 18, 18, 0, 0, 0, has_year_zero=False)
 cftime.DatetimeGregorian(2012, 10, 19, 0, 0, 0, 0, has_year_zero=False)]' standard_names='['surface_geopotential', 'air_pressure_at_sea_level', 'total_cloud_cover', 'land_binary_mask', 'low_cloud_area_fraction', 'medium_cloud_area_fraction', 'high_cloud_area_fraction', 'surface_eastward_wind', 'surface_northward_wind', 'sea_ice_area_fraction', 'msg_brightness_temperature_108', 'atmosphere_boundary_layer_thickness', 'emac_column_density', 'tropopause_altitude', 'secondary_tropopause_altitude']'
2025-03-30 20:07:45 INFO Opening candidate '20121017_12_ecmwf_forecast.T.EUR_LL015.036.ml.nc'
2025-03-30 20:07:45 INFO File '20121017_12_ecmwf_forecast.T.EUR_LL015.036.ml.nc' identified as 'ml' type
2025-03-30 20:07:45 INFO Found init time '2012-10-17 12:00:00', 7 valid_times and 1 standard_names
2025-03-30 20:07:45 DEBUG valid_times='[cftime.DatetimeGregorian(2012, 10, 17, 12, 0, 0, 0, has_year_zero=False)
 cftime.DatetimeGregorian(2012, 10, 17, 18, 0, 0, 0, has_year_zero=False)
 cftime.DatetimeGregorian(2012, 10, 18, 0, 0, 0, 0, has_year_zero=False)
 cftime.DatetimeGregorian(2012, 10, 18, 6, 0, 0, 0, has_year_zero=False)
 cftime.DatetimeGregorian(2012, 10, 18, 12, 0, 0, 0, has_year_zero=False)
 cftime.DatetimeGregorian(2012, 10, 18, 18, 0, 0, 0, has_year_zero=False)
 cftime.DatetimeGregorian(2012, 10, 19, 0, 0, 0, 0, has_year_zero=False)]' standard_names='['air_temperature']'
2025-03-30 20:07:45 INFO Opening candidate '20121017_12_ecmwf_forecast.THETA.EUR_LL015.036.ml.nc'
2025-03-30 20:07:45 INFO File '20121017_12_ecmwf_forecast.THETA.EUR_LL015.036.ml.nc' identified as 'ml' type
2025-03-30 20:07:45 INFO Found init time '2012-10-17 12:00:00', 7 valid_times and 1 standard_names
2025-03-30 20:07:45 DEBUG valid_times='[cftime.DatetimeGregorian(2012, 10, 17, 12, 0, 0, 0, has_year_zero=False)
 cftime.DatetimeGregorian(2012, 10, 17, 18, 0, 0, 0, has_year_zero=False)
 cftime.DatetimeGregorian(2012, 10, 18, 0, 0, 0, 0, has_year_zero=False)
 cftime.DatetimeGregorian(2012, 10, 18, 6, 0, 0, 0, has_year_zero=False)
 cftime.DatetimeGregorian(2012, 10, 18, 12, 0, 0, 0, has_year_zero=False)
 cftime.DatetimeGregorian(2012, 10, 18, 18, 0, 0, 0, has_year_zero=False)
 cftime.DatetimeGregorian(2012, 10, 19, 0, 0, 0, 0, has_year_zero=False)]' standard_names='['air_potential_temperature']'
2025-03-30 20:07:45 INFO Opening candidate '20121017_12_ecmwf_forecast.THETA_LEVELS.EUR_LL015.036.tl.nc'
2025-03-30 20:07:45 INFO File '20121017_12_ecmwf_forecast.THETA_LEVELS.EUR_LL015.036.tl.nc' identified as 'tl' type
2025-03-30 20:07:45 INFO Found init time '2012-10-17 12:00:00', 7 valid_times and 3 standard_names
2025-03-30 20:07:45 DEBUG valid_times='[cftime.DatetimeGregorian(2012, 10, 17, 12, 0, 0, 0, has_year_zero=False)
 cftime.DatetimeGregorian(2012, 10, 17, 18, 0, 0, 0, has_year_zero=False)
 cftime.DatetimeGregorian(2012, 10, 18, 0, 0, 0, 0, has_year_zero=False)
 cftime.DatetimeGregorian(2012, 10, 18, 6, 0, 0, 0, has_year_zero=False)
 cftime.DatetimeGregorian(2012, 10, 18, 12, 0, 0, 0, has_year_zero=False)
 cftime.DatetimeGregorian(2012, 10, 18, 18, 0, 0, 0, has_year_zero=False)
 cftime.DatetimeGregorian(2012, 10, 19, 0, 0, 0, 0, has_year_zero=False)]' standard_names='['air_pressure', 'ertel_potential_vorticity', 'mole_fraction_of_ozone_in_air']'
2025-03-30 20:07:45 INFO Opening candidate '20121017_12_ecmwf_forecast.U.EUR_LL015.036.ml.nc'
2025-03-30 20:07:45 INFO File '20121017_12_ecmwf_forecast.U.EUR_LL015.036.ml.nc' identified as 'ml' type
2025-03-30 20:07:45 INFO Found init time '2012-10-17 12:00:00', 7 valid_times and 1 standard_names
2025-03-30 20:07:45 DEBUG valid_times='[cftime.DatetimeGregorian(2012, 10, 17, 12, 0, 0, 0, has_year_zero=False)
 cftime.DatetimeGregorian(2012, 10, 17, 18, 0, 0, 0, has_year_zero=False)
 cftime.DatetimeGregorian(2012, 10, 18, 0, 0, 0, 0, has_year_zero=False)
 cftime.DatetimeGregorian(2012, 10, 18, 6, 0, 0, 0, has_year_zero=False)
 cftime.DatetimeGregorian(2012, 10, 18, 12, 0, 0, 0, has_year_zero=False)
 cftime.DatetimeGregorian(2012, 10, 18, 18, 0, 0, 0, has_year_zero=False)
 cftime.DatetimeGregorian(2012, 10, 19, 0, 0, 0, 0, has_year_zero=False)]' standard_names='['eastward_wind']'
2025-03-30 20:07:45 INFO Opening candidate '20121017_12_ecmwf_forecast.V.EUR_LL015.036.ml.nc'
2025-03-30 20:07:45 INFO File '20121017_12_ecmwf_forecast.V.EUR_LL015.036.ml.nc' identified as 'ml' type
2025-03-30 20:07:45 INFO Found init time '2012-10-17 12:00:00', 7 valid_times and 1 standard_names
2025-03-30 20:07:45 DEBUG valid_times='[cftime.DatetimeGregorian(2012, 10, 17, 12, 0, 0, 0, has_year_zero=False)
 cftime.DatetimeGregorian(2012, 10, 17, 18, 0, 0, 0, has_year_zero=False)
 cftime.DatetimeGregorian(2012, 10, 18, 0, 0, 0, 0, has_year_zero=False)
 cftime.DatetimeGregorian(2012, 10, 18, 6, 0, 0, 0, has_year_zero=False)
 cftime.DatetimeGregorian(2012, 10, 18, 12, 0, 0, 0, has_year_zero=False)
 cftime.DatetimeGregorian(2012, 10, 18, 18, 0, 0, 0, has_year_zero=False)
 cftime.DatetimeGregorian(2012, 10, 19, 0, 0, 0, 0, has_year_zero=False)]' standard_names='['northward_wind']'
2025-03-30 20:07:45 INFO Opening candidate '20121017_12_ecmwf_forecast.W.EUR_LL015.036.ml.nc'
2025-03-30 20:07:45 INFO File '20121017_12_ecmwf_forecast.W.EUR_LL015.036.ml.nc' identified as 'ml' type
2025-03-30 20:07:45 INFO Found init time '2012-10-17 12:00:00', 7 valid_times and 1 standard_names
2025-03-30 20:07:45 DEBUG valid_times='[cftime.DatetimeGregorian(2012, 10, 17, 12, 0, 0, 0, has_year_zero=False)
 cftime.DatetimeGregorian(2012, 10, 17, 18, 0, 0, 0, has_year_zero=False)
 cftime.DatetimeGregorian(2012, 10, 18, 0, 0, 0, 0, has_year_zero=False)
 cftime.DatetimeGregorian(2012, 10, 18, 6, 0, 0, 0, has_year_zero=False)
 cftime.DatetimeGregorian(2012, 10, 18, 12, 0, 0, 0, has_year_zero=False)
 cftime.DatetimeGregorian(2012, 10, 18, 18, 0, 0, 0, has_year_zero=False)
 cftime.DatetimeGregorian(2012, 10, 19, 0, 0, 0, 0, has_year_zero=False)]' standard_names='['lagrangian_tendency_of_air_pressure']'
2025-03-30 20:07:45 DEBUG using plot object 'VS_PWCB01'
2025-03-30 20:07:45 DEBUG 	figure size (800, 600) in pixels
2025-03-30 20:07:45 DEBUG 	requested initialisation time 2012-10-17 12:00:00
2025-03-30 20:07:45 DEBUG 	requested forecast valid time 2012-10-17 12:00:00
2025-03-30 20:07:45 DEBUG 	variable 'air_pressure' requires input file '20121017_12_ecmwf_forecast.P_derived.EUR_LL015.036.ml.nc'
2025-03-30 20:07:45 DEBUG 	variable 'air_temperature' requires input file '20121017_12_ecmwf_forecast.T.EUR_LL015.036.ml.nc'
2025-03-30 20:07:45 DEBUG 	variable 'eastward_wind' requires input file '20121017_12_ecmwf_forecast.U.EUR_LL015.036.ml.nc'
2025-03-30 20:07:45 DEBUG 	variable 'northward_wind' requires input file '20121017_12_ecmwf_forecast.V.EUR_LL015.036.ml.nc'
2025-03-30 20:07:45 DEBUG 	variable 'specific_cloud_liquid_water_content' requires input file '20121017_12_ecmwf_forecast.CLWC.EUR_LL015.036.ml.nc'
2025-03-30 20:07:45 DEBUG 	variable 'specific_cloud_ice_water_content' requires input file '20121017_12_ecmwf_forecast.CIWC.EUR_LL015.036.ml.nc'
2025-03-30 20:07:45 DEBUG 	variable 'probability_of_wcb_occurrence' requires input file '20121017_12_ecmwf_forecast.ProbWCB_LAGRANTO_derived.EUR_LL015.036.ml.nc'
2025-03-30 20:07:45 DEBUG opening datasets.
2025-03-30 20:07:45 DEBUG 	identified variable <air_pressure> for field <air_pressure>
2025-03-30 20:07:45 DEBUG 	identified variable <air_temperature> for field <air_temperature>
2025-03-30 20:07:45 DEBUG 	identified variable <eastward_wind> for field <eastward_wind>
2025-03-30 20:07:45 DEBUG 	identified variable <northward_wind> for field <northward_wind>
2025-03-30 20:07:45 DEBUG 	identified variable <specific_cloud_liquid_water_content> for field <specific_cloud_liquid_water_content>
2025-03-30 20:07:45 DEBUG 	identified variable <specific_cloud_ice_water_content> for field <specific_cloud_ice_water_content>
2025-03-30 20:07:45 DEBUG 	identified variable <probability_of_wcb_occurrence> for field <probability_of_wcb_occurrence>
2025-03-30 20:07:45 DEBUG computing 101 interpolation points, connection: greatcircle
2025-03-30 20:07:45 DEBUG loading data for time step 0 (2012-10-17 12:00:00)
2025-03-30 20:07:45 DEBUG shifting data grid to gridpoint west of westmost longitude in path: 7.00 (path 8.00).
2025-03-30 20:07:45 DEBUG 	Loaded 0.27 Mbytes from data field <air_pressure> at timestep 0.
2025-03-30 20:07:45 DEBUG 	Vertical dimension direction is up.
2025-03-30 20:07:45 DEBUG 	Interpolating to cross-section path.
2025-03-30 20:07:45 DEBUG 	setting jump data to NaN at [42]
2025-03-30 20:07:45 DEBUG 	Loaded 0.27 Mbytes from data field <air_temperature> at timestep 0.
2025-03-30 20:07:45 DEBUG 	Vertical dimension direction is up.
2025-03-30 20:07:45 DEBUG 	Interpolating to cross-section path.
2025-03-30 20:07:45 DEBUG 	setting jump data to NaN at [42]
2025-03-30 20:07:45 DEBUG 	Loaded 0.27 Mbytes from data field <eastward_wind> at timestep 0.
2025-03-30 20:07:45 DEBUG 	Vertical dimension direction is up.
2025-03-30 20:07:45 DEBUG 	Interpolating to cross-section path.
2025-03-30 20:07:45 DEBUG 	setting jump data to NaN at [42]
2025-03-30 20:07:45 DEBUG 	Loaded 0.27 Mbytes from data field <northward_wind> at timestep 0.
2025-03-30 20:07:45 DEBUG 	Vertical dimension direction is up.
2025-03-30 20:07:45 DEBUG 	Interpolating to cross-section path.
2025-03-30 20:07:45 DEBUG 	setting jump data to NaN at [42]
2025-03-30 20:07:45 DEBUG 	Loaded 0.27 Mbytes from data field <specific_cloud_liquid_water_content> at timestep 0.
2025-03-30 20:07:45 DEBUG 	Vertical dimension direction is up.
2025-03-30 20:07:45 DEBUG 	Interpolating to cross-section path.
2025-03-30 20:07:45 DEBUG 	setting jump data to NaN at [42]
2025-03-30 20:07:45 DEBUG 	Loaded 0.27 Mbytes from data field <specific_cloud_ice_water_content> at timestep 0.
2025-03-30 20:07:45 DEBUG 	Vertical dimension direction is up.
2025-03-30 20:07:45 DEBUG 	Interpolating to cross-section path.
2025-03-30 20:07:45 DEBUG 	setting jump data to NaN at [42]
2025-03-30 20:07:45 DEBUG 	Loaded 0.27 Mbytes from data field <probability_of_wcb_occurrence> at timestep 0.
2025-03-30 20:07:45 DEBUG 	Vertical dimension direction is up.
2025-03-30 20:07:45 DEBUG 	Interpolating to cross-section path.
2025-03-30 20:07:45 DEBUG 	setting jump data to NaN at [42]
2025-03-30 20:07:45 DEBUG Loaded and interpolated data (required time 0:00:00.016650).
2025-03-30 20:07:45 DEBUG Plotting interpolated curtain.
2025-03-30 20:07:45 DEBUG creating figure..
2025-03-30 20:07:45 DEBUG 	with frame and legends
2025-03-30 20:07:46 DEBUG converting image to indexed palette.
2025-03-30 20:07:46 DEBUG saving figure as non-transparent PNG.
2025-03-30 20:07:46 DEBUG returning figure..
2025-03-30 20:07:46 DEBUG Finished plotting (required time 0:00:00.688385; total time 0:00:00.705035).

2025-03-30 20:07:46 DEBUG using plot object 'VS_PWCB01'
2025-03-30 20:07:46 DEBUG 	figure size (800, 600) in pixels
2025-03-30 20:07:46 DEBUG 	requested initialisation time 2012-10-17 12:00:00
2025-03-30 20:07:46 DEBUG 	requested forecast valid time 2012-10-17 12:00:00
2025-03-30 20:07:46 DEBUG 	variable 'air_pressure' requires input file '20121017_12_ecmwf_forecast.P_derived.EUR_LL015.036.ml.nc'
2025-03-30 20:07:46 DEBUG 	variable 'air_temperature' requires input file '20121017_12_ecmwf_forecast.T.EUR_LL015.036.ml.nc'
2025-03-30 20:07:46 DEBUG 	variable 'eastward_wind' requires input file '20121017_12_ecmwf_forecast.U.EUR_LL015.036.ml.nc'
2025-03-30 20:07:46 DEBUG 	variable 'northward_wind' requires input file '20121017_12_ecmwf_forecast.V.EUR_LL015.036.ml.nc'
2025-03-30 20:07:46 DEBUG 	variable 'specific_cloud_liquid_water_content' requires input file '20121017_12_ecmwf_forecast.CLWC.EUR_LL015.036.ml.nc'
2025-03-30 20:07:46 DEBUG 	variable 'specific_cloud_ice_water_content' requires input file '20121017_12_ecmwf_forecast.CIWC.EUR_LL015.036.ml.nc'
2025-03-30 20:07:46 DEBUG 	variable 'probability_of_wcb_occurrence' requires input file '20121017_12_ecmwf_forecast.ProbWCB_LAGRANTO_derived.EUR_LL015.036.ml.nc'
2025-03-30 20:07:46 DEBUG opening datasets.
2025-03-30 20:07:46 DEBUG 	identified variable <air_pressure> for field <air_pressure>
2025-03-30 20:07:46 DEBUG 	identified variable <air_temperature> for field <air_temperature>
2025-03-30 20:07:46 DEBUG 	identified variable <eastward_wind> for field <eastward_wind>
2025-03-30 20:07:46 DEBUG 	identified variable <northward_wind> for field <northward_wind>
2025-03-30 20:07:46 DEBUG 	identified variable <specific_cloud_liquid_water_content> for field <specific_cloud_liquid_water_content>
2025-03-30 20:07:46 DEBUG 	identified variable <specific_cloud_ice_water_content> for field <specific_cloud_ice_water_content>
2025-03-30 20:07:46 DEBUG 	identified variable <probability_of_wcb_occurrence> for field <probability_of_wcb_occurrence>
2025-03-30 20:07:46 DEBUG computing 101 interpolation points, connection: greatcircle
2025-03-30 20:07:46 DEBUG loading data for time step 0 (2012-10-17 12:00:00)
2025-03-30 20:07:46 DEBUG shifting data grid to gridpoint west of westmost longitude in path: 7.00 (path 8.00).
2025-03-30 20:07:46 DEBUG 	Loaded 0.27 Mbytes from data field <air_pressure> at timestep 0.
2025-03-30 20:07:46 DEBUG 	Vertical dimension direction is up.
2025-03-30 20:07:46 DEBUG 	Interpolating to cross-section path.
2025-03-30 20:07:46 DEBUG 	setting jump data to NaN at [42]
2025-03-30 20:07:46 DEBUG 	Loaded 0.27 Mbytes from data field <air_temperature> at timestep 0.
2025-03-30 20:07:46 DEBUG 	Vertical dimension direction is up.
2025-03-30 20:07:46 DEBUG 	Interpolating to cross-section path.
2025-03-30 20:07:46 DEBUG 	setting jump data to NaN at [42]
2025-03-30 20:07:46 DEBUG 	Loaded 0.27 Mbytes from data field <eastward_wind> at timestep 0.
2025-03-30 20:07:46 DEBUG 	Vertical dimension direction is up.
2025-03-30 20:07:46 DEBUG 	Interpolating to cross-section path.
2025-03-30 20:07:46 DEBUG 	setting jump data to NaN at [42]
2025-03-30 20:07:46 DEBUG 	Loaded 0.27 Mbytes from data field <northward_wind> at timestep 0.
2025-03-30 20:07:46 DEBUG 	Vertical dimension direction is up.
2025-03-30 20:07:46 DEBUG 	Interpolating to cross-section path.
2025-03-30 20:07:46 DEBUG 	setting jump data to NaN at [42]
2025-03-30 20:07:46 DEBUG 	Loaded 0.27 Mbytes from data field <specific_cloud_liquid_water_content> at timestep 0.
2025-03-30 20:07:46 DEBUG 	Vertical dimension direction is up.
2025-03-30 20:07:46 DEBUG 	Interpolating to cross-section path.
2025-03-30 20:07:46 DEBUG 	setting jump data to NaN at [42]
2025-03-30 20:07:46 DEBUG 	Loaded 0.27 Mbytes from data field <specific_cloud_ice_water_content> at timestep 0.
2025-03-30 20:07:46 DEBUG 	Vertical dimension direction is up.
2025-03-30 20:07:46 DEBUG 	Interpolating to cross-section path.
2025-03-30 20:07:46 DEBUG 	setting jump data to NaN at [42]
2025-03-30 20:07:46 DEBUG 	Loaded 0.27 Mbytes from data field <probability_of_wcb_occurrence> at timestep 0.
2025-03-30 20:07:46 DEBUG 	Vertical dimension direction is up.
2025-03-30 20:07:46 DEBUG 	Interpolating to cross-section path.
2025-03-30 20:07:46 DEBUG 	setting jump data to NaN at [42]
2025-03-30 20:07:46 DEBUG Loaded and interpolated data (required time 0:00:00.015746).
2025-03-30 20:07:46 DEBUG Plotting interpolated curtain.
2025-03-30 20:07:46 DEBUG creating figure..
2025-03-30 20:07:46 DEBUG 	without frame
2025-03-30 20:07:46 DEBUG converting image to indexed palette.
2025-03-30 20:07:46 DEBUG saving figure as non-transparent PNG.
2025-03-30 20:07:46 DEBUG returning figure..
2025-03-30 20:07:46 DEBUG Finished plotting (required time 0:00:00.702394; total time 0:00:00.718140).

2025-03-30 20:07:47 DEBUG No user settings found, using default settings
2025-03-30 20:07:47 INFO Files identified for domain 'EUR_LL015': ['20121017_12_ecmwf_forecast.ALTITUDE_LEVELS.EUR_LL015.036.al.nc', '20121017_12_ecmwf_forecast.CC.EUR_LL015.036.ml.nc', '20121017_12_ecmwf_forecast.CIWC.EUR_LL015.036.ml.nc', '20121017_12_ecmwf_forecast.CLWC.EUR_LL015.036.ml.nc', '20121017_12_ecmwf_forecast.DIV.EUR_LL015.036.ml.nc', '20121017_12_ecmwf_forecast.EMAC.EUR_LL015.036.ml.nc', '20121017_12_ecmwf_forecast.GPH.EUR_LL015.036.ml.nc', '20121017_12_ecmwf_forecast.O3.EUR_LL015.036.ml.nc', '20121017_12_ecmwf_forecast.PRESSURE_LEVELS.EUR_LL015.036.pl.nc', '20121017_12_ecmwf_forecast.PVU.EUR_LL015.036.pv.nc', '20121017_12_ecmwf_forecast.PV_derived.EUR_LL015.036.ml.nc', '20121017_12_ecmwf_forecast.P_derived.EUR_LL015.036.ml.nc', '20121017_12_ecmwf_forecast.ProbWCB_LAGRANTO_derived.EUR_LL015.036.ml.nc', '20121017_12_ecmwf_forecast.ProbWCB_LAGRANTO_derived.EUR_LL015.036.sfc.nc', '20121017_12_ecmwf_forecast.Q.EUR_LL015.036.ml.nc', '20121017_12_ecmwf_forecast.SEA.EUR_LL015.036.sfc.nc', '20121017_12_ecmwf_forecast.SFC.EUR_LL015.036.sfc.nc', '20121017_12_ecmwf_forecast.T.EUR_LL015.036.ml.nc', '20121017_12_ecmwf_forecast.THETA.EUR_LL015.036.ml.nc', '20121017_12_ecmwf_forecast.THETA_LEVELS.EUR_LL015.036.tl.nc', '20121017_12_ecmwf_forecast.U.EUR_LL015.036.ml.nc', '20121017_12_ecmwf_forecast.V.EUR_LL015.036.ml.nc', '20121017_12_ecmwf_forecast.W.EUR_LL015.036.ml.nc']
2025-03-30 20:07:47 INFO Opening candidate '20121017_12_ecmwf_forecast.ALTITUDE_LEVELS.EUR_LL015.036.al.nc'
2025-03-30 20:07:47 INFO File '20121017_12_ecmwf_forecast.ALTITUDE_LEVELS.EUR_LL015.036.al.nc' identified as 'al' type
2025-03-30 20:07:47 INFO Found init time '2012-10-17 12:00:00', 7 valid_times and 3 standard_names
2025-03-30 20:07:47 DEBUG valid_times='[cftime.DatetimeGregorian(2012, 10, 17, 12, 0, 0, 0, has_year_zero=False)
 cftime.DatetimeGregorian(2012, 10, 17, 18, 0, 0, 0, has_year_zero=False)
 cftime.DatetimeGregorian(2012, 10, 18, 0, 0, 0, 0, has_year_zero=False)
 cftime.DatetimeGregorian(2012, 10, 18, 6, 0, 0, 0, has_year_zero=False)
 cftime.DatetimeGregorian(2012, 10, 18, 12, 0, 0, 0, has_year_zero=False)
 cftime.DatetimeGregorian(2012, 10, 18, 18, 0, 0, 0, has_year_zero=False)
 cftime.DatetimeGregorian(2012, 10, 19, 0, 0, 0, 0, has_year_zero=False)]' standard_names='['air_pressure', 'ertel_potential_vorticity', 'mole_fraction_of_ozone_in_air']'
2025-03-30 20:07:47 INFO Opening candidate '20121017_12_ecmwf_forecast.CC.EUR_LL015.036.ml.nc'
2025-03-30 20:07:47 INFO File '20121017_12_ecmwf_forecast.CC.EUR_LL015.036.ml.nc' identified as 'ml' type
2025-03-30 20:07:47 INFO Found init time '2012-10-17 12:00:00', 7 valid_times and 1 standard_names
2025-03-30 20:07:47 DEBUG valid_times='[cftime.DatetimeGregorian(2012, 10, 17, 12, 0, 0, 0, has_year_zero=False)
 cftime.DatetimeGregorian(2012, 10, 17, 18, 0, 0, 0, has_year_zero=False)
 cftime.DatetimeGregorian(2012, 10, 18, 0, 0, 0, 0, has_year_zero=False)
 cftime.DatetimeGregorian(2012, 10, 18, 6, 0, 0, 0, has_year_zero=False)
 cftime.DatetimeGregorian(2012, 10, 18, 12, 0, 0, 0, has_year_zero=False)
 cftime.DatetimeGregorian(2012, 10, 18, 18, 0, 0, 0, has_year_zero=False)
 cftime.DatetimeGregorian(2012, 10, 19, 0, 0, 0, 0, has_year_zero=False)]' standard_names='['cloud_area_fraction_in_atmosphere_layer']'
2025-03-30 20:07:47 INFO Opening candidate '20121017_12_ecmwf_forecast.CIWC.EUR_LL015.036.ml.nc'
2025-03-30 20:07:47 INFO File '20121017_12_ecmwf_forecast.CIWC.EUR_LL015.036.ml.nc' identified as 'ml' type
2025-03-30 20:07:47 INFO Found init time '2012-10-17 12:00:00', 7 valid_times and 1 standard_names
2025-03-30 20:07:47 DEBUG valid_times='[cftime.DatetimeGregorian(2012, 10, 17, 12, 0, 0, 0, has_year_zero=False)
 cftime.DatetimeGregorian(2012, 10, 17, 18, 0, 0, 0, has_year_zero=False)
 cftime.DatetimeGregorian(2012, 10, 18, 0, 0, 0, 0, has_year_zero=False)
 cftime.DatetimeGregorian(2012, 10, 18, 6, 0, 0, 0, has_year_zero=False)
 cftime.DatetimeGregorian(2012, 10, 18, 12, 0, 0, 0, has_year_zero=False)
 cftime.DatetimeGregorian(2012, 10, 18, 18, 0, 0, 0, has_year_zero=False)
 cftime.DatetimeGregorian(2012, 10, 19, 0, 0, 0, 0, has_year_zero=False)]' standard_names='['specific_cloud_ice_water_content']'
2025-03-30 20:07:47 INFO Opening candidate '20121017_12_ecmwf_forecast.CLWC.EUR_LL015.036.ml.nc'
2025-03-30 20:07:47 INFO File '20121017_12_ecmwf_forecast.CLWC.EUR_LL015.036.ml.nc' identified as 'ml' type
2025-03-30 20:07:47 INFO Found init time '2012-10-17 12:00:00', 7 valid_times and 1 standard_names
2025-03-30 20:07:47 DEBUG valid_times='[cftime.DatetimeGregorian(2012, 10, 17, 12, 0, 0, 0, has_year_zero=False)
 cftime.DatetimeGregorian(2012, 10, 17, 18, 0, 0, 0, has_year_zero=False)
 cftime.DatetimeGregorian(2012, 10, 18, 0, 0, 0, 0, has_year_zero=False)
 cftime.DatetimeGregorian(2012, 10, 18, 6, 0, 0, 0, has_year_zero=False)
 cftime.DatetimeGregorian(2012, 10, 18, 12, 0, 0, 0, has_year_zero=False)
 cftime.DatetimeGregorian(2012, 10, 18, 18, 0, 0, 0, has_year_zero=False)
 cftime.DatetimeGregorian(2012, 10, 19, 0, 0, 0, 0, has_year_zero=False)]' standard_names='['specific_cloud_liquid_water_content']'
2025-03-30 20:07:47 INFO Opening candidate '20121017_12_ecmwf_forecast.DIV.EUR_LL015.036.ml.nc'
2025-03-30 20:07:47 INFO File '20121017_12_ecmwf_forecast.DIV.EUR_LL015.036.ml.nc' identified as 'ml' type
2025-03-30 20:07:47 INFO Found init time '2012-10-17 12:00:00', 7 valid_times and 1 standard_names
2025-03-30 20:07:47 DEBUG valid_times='[cftime.DatetimeGregorian(2012, 10, 17, 12, 0, 0, 0, has_year_zero=False)
 cftime.DatetimeGregorian(2012, 10, 17, 18, 0, 0, 0, has_year_zero=False)
 cftime.DatetimeGregorian(2012, 10, 18, 0, 0, 0, 0, has_year_zero=False)
 cftime.DatetimeGregorian(2012, 10, 18, 6, 0, 0, 0, has_year_zero=False)
 cftime.DatetimeGregorian(2012, 10, 18, 12, 0, 0, 0, has_year_zero=False)
 cftime.DatetimeGregorian(2012, 10, 18, 18, 0, 0, 0, has_year_zero=False)
 cftime.DatetimeGregorian(2012, 10, 19, 0, 0, 0, 0, has_year_zero=False)]' standard_names='['divergence_of_wind']'
2025-03-30 20:07:47 INFO Opening candidate '20121017_12_ecmwf_forecast.EMAC.EUR_LL015.036.ml.nc'
2025-03-30 20:07:47 INFO File '20121017_12_ecmwf_forecast.EMAC.EUR_LL015.036.ml.nc' identified as 'ml' type
2025-03-30 20:07:47 INFO Found init time '2012-10-17 12:00:00', 7 valid_times and 1 standard_names
2025-03-30 20:07:47 DEBUG valid_times='[cftime.DatetimeGregorian(2012, 10, 17, 12, 0, 0, 0, has_year_zero=False)
 cftime.DatetimeGregorian(2012, 10, 17, 18, 0, 0, 0, has_year_zero=False)
 cftime.DatetimeGregorian(2012, 10, 18, 0, 0, 0, 0, has_year_zero=False)
 cftime.DatetimeGregorian(2012, 10, 18, 6, 0, 0, 0, has_year_zero=False)
 cftime.DatetimeGregorian(2012, 10, 18, 12, 0, 0, 0, has_year_zero=False)
 cftime.DatetimeGregorian(2012, 10, 18, 18, 0, 0, 0, has_year_zero=False)
 cftime.DatetimeGregorian(2012, 10, 19, 0, 0, 0, 0, has_year_zero=False)]' standard_names='['emac_R12']'
2025-03-30 20:07:47 INFO Opening candidate '20121017_12_ecmwf_forecast.GPH.EUR_LL015.036.ml.nc'
2025-03-30 20:07:47 INFO File '20121017_12_ecmwf_forecast.GPH.EUR_LL015.036.ml.nc' identified as 'ml' type
2025-03-30 20:07:47 INFO Found init time '2012-10-17 12:00:00', 7 valid_times and 1 standard_names
2025-03-30 20:07:47 DEBUG valid_times='[cftime.DatetimeGregorian(2012, 10, 17, 12, 0, 0, 0, has_year_zero=False)
 cftime.DatetimeGregorian(2012, 10, 17, 18, 0, 0, 0, has_year_zero=False)
 cftime.DatetimeGregorian(2012, 10, 18, 0, 0, 0, 0, has_year_zero=False)
 cftime.DatetimeGregorian(2012, 10, 18, 6, 0, 0, 0, has_year_zero=False)
 cftime.DatetimeGregorian(2012, 10, 18, 12, 0, 0, 0, has_year_zero=False)
 cftime.DatetimeGregorian(2012, 10, 18, 18, 0, 0, 0, has_year_zero=False)
 cftime.DatetimeGregorian(2012, 10, 19, 0, 0, 0, 0, has_year_zero=False)]' standard_names='['geopotential_height']'
2025-03-30 20:07:47 INFO Opening candidate '20121017_12_ecmwf_forecast.O3.EUR_LL015.036.ml.nc'
2025-03-30 20:07:47 INFO File '20121017_12_ecmwf_forecast.O3.EUR_LL015.036.ml.nc' identified as 'ml' type
2025-03-30 20:07:47 INFO Found init time '2012-10-17 12:00:00', 7 valid_times and 1 standard_names
2025-03-30 20:07:47 DEBUG valid_times='[cftime.DatetimeGregorian(2012, 10, 17, 12, 0, 0, 0, has_year_zero=False)
 cftime.DatetimeGregorian(2012, 10, 17, 18, 0, 0, 0, has_year_zero=False)
 cftime.DatetimeGregorian(2012, 10, 18, 0, 0, 0, 0, has_year_zero=False)
 cftime.DatetimeGregorian(2012, 10, 18, 6, 0, 0, 0, has_year_zero=False)
 cftime.DatetimeGregorian(2012, 10, 18, 12, 0, 0, 0, has_year_zero=False)
 cftime.DatetimeGregorian(2012, 10, 18, 18, 0, 0, 0, has_year_zero=False)
 cftime.DatetimeGregorian(2012, 10, 19, 0, 0, 0, 0, has_year_zero=False)]' standard_names='['mole_fraction_of_ozone_in_air']'
2025-03-30 20:07:47 INFO Opening candidate '20121017_12_ecmwf_forecast.PRESSURE_LEVELS.EUR_LL015.036.pl.nc'
2025-03-30 20:07:47 INFO File '20121017_12_ecmwf_forecast.PRESSURE_LEVELS.EUR_LL015.036.pl.nc' identified as 'pl' type
2025-03-30 20:07:47 INFO Found init time '2012-10-17 12:00:00', 7 valid_times and 16 standard_names
2025-03-30 20:07:47 DEBUG valid_times='[cftime.DatetimeGregorian(2012, 10, 17, 12, 0, 0, 0, has_year_zero=False)
 cftime.DatetimeGregorian(2012, 10, 17, 18, 0, 0, 0, has_year_zero=False)
 cftime.DatetimeGregorian(2012, 10, 18, 0, 0, 0, 0, has_year_zero=False)
 cftime.DatetimeGregorian(2012, 10, 18, 6, 0, 0, 0, has_year_zero=False)
 cftime.DatetimeGregorian(2012, 10, 18, 12, 0, 0, 0, has_year_zero=False)
 cftime.DatetimeGregorian(2012, 10, 18, 18, 0, 0, 0, has_year_zero=False)
 cftime.DatetimeGregorian(2012, 10, 19, 0, 0, 0, 0, has_year_zero=False)]' standard_names='['air_potential_temperature', 'air_pressure', 'air_temperature', 'eastward_wind', 'ertel_potential_vorticity', 'geopotential_height', 'northward_wind', 'specific_humidity', 'lagrangian_tendency_of_air_pressure', 'divergence_of_wind', 'mass_fraction_of_ozone_in_air', 'mole_fraction_of_ozone_in_air', 'equivalent_latitude', 'number_of_wcb_trajectories', 'number_of_insitu_trajectories', 'number_of_mix_trajectories']'
2025-03-30 20:07:47 INFO Opening candidate '20121017_12_ecmwf_forecast.PVU.EUR_LL015.036.pv.nc'
2025-03-30 20:07:47 INFO File '20121017_12_ecmwf_forecast.PVU.EUR_LL015.036.pv.nc' identified as 'pv' type
2025-03-30 20:07:47 INFO Found init time '2012-10-17 12:00:00', 7 valid_times and 3 standard_names
2025-03-30 20:07:47 DEBUG valid_times='[cftime.DatetimeGregorian(2012, 10, 17, 12, 0, 0, 0, has_year_zero=False)
 cftime.DatetimeGregorian(2012, 10, 17, 18, 0, 0, 0, has_year_zero=False)
 cftime.DatetimeGregorian(2012, 10, 18, 0, 0, 0, 0, has_year_zero=False)
 cftime.DatetimeGregorian(2012, 10, 18, 6, 0, 0, 0, has_year_zero=False)
 cftime.DatetimeGregorian(2012, 10, 18, 12, 0, 0, 0, has_year_zero=False)
 cftime.DatetimeGregorian(2012, 10, 18, 18, 0, 0, 0, has_year_zero=False)
 cftime.DatetimeGregorian(2012, 10, 19, 0, 0, 0, 0, has_year_zero=False)]' standard_names='['air_potential_temperature', 'geopotential_height', 'air_pressure']'
2025-03-30 20:07:47 INFO Opening candidate '20121017_12_ecmwf_forecast.PV_derived.EUR_LL015.036.ml.nc'
2025-03-30 20:07:47 INFO File '20121017_12_ecmwf_forecast.PV_derived.EUR_LL015.036.ml.nc' identified as 'ml' type
2025-03-30 20:07:47 INFO Found init time '2012-10-17 12:00:00', 7 valid_times and 1 standard_names
2025-03-30 20:07:47 DEBUG valid_times='[cftime.DatetimeGregorian(2012, 10, 17, 12, 0, 0, 0, has_year_zero=False)
 cftime.DatetimeGregorian(2012, 10, 17, 18, 0, 0, 0, has_year_zero=False)
 cftime.DatetimeGregorian(2012, 10, 18, 0, 0, 0, 0, has_year_zero=False)
 cftime.DatetimeGregorian(2012, 10, 18, 6, 0, 0, 0, has_year_zero=False)
 cftime.DatetimeGregorian(2012, 10, 18, 12, 0, 0, 0, has_year_zero=False)
 cftime.DatetimeGregorian(2012, 10, 18, 18, 0, 0, 0, has_year_zero=False)
 cftime.DatetimeGregorian(2012, 10, 19, 0, 0, 0, 0, has_year_zero=False)]' standard_names='['ertel_potential_vorticity']'
2025-03-30 20:07:47 INFO Opening candidate '20121017_12_ecmwf_forecast.P_derived.EUR_LL015.036.ml.nc'
2025-03-30 20:07:47 INFO File '20121017_12_ecmwf_forecast.P_derived.EUR_LL015.036.ml.nc' identified as 'ml' type
2025-03-30 20:07:47 INFO Found init time '2012-10-17 12:00:00', 7 valid_times and 1 standard_names
2025-03-30 20:07:47 DEBUG valid_times='[cftime.DatetimeGregorian(2012, 10, 17, 12, 0, 0, 0, has_year_zero=False)
 cftime.DatetimeGregorian(2012, 10, 17, 18, 0, 0, 0, has_year_zero=False)
 cftime.DatetimeGregorian(2012, 10, 18, 0, 0, 0, 0, has_year_zero=False)
 cftime.DatetimeGregorian(2012, 10, 18, 6, 0, 0, 0, has_year_zero=False)
 cftime.DatetimeGregorian(2012, 10, 18, 12, 0, 0, 0, has_year_zero=False)
 cftime.DatetimeGregorian(2012, 10, 18, 18, 0, 0, 0, has_year_zero=False)
 cftime.DatetimeGregorian(2012, 10, 19, 0, 0, 0, 0, has_year_zero=False)]' standard_names='['air_pressure']'
2025-03-30 20:07:47 INFO Opening candidate '20121017_12_ecmwf_forecast.ProbWCB_LAGRANTO_derived.EUR_LL015.036.ml.nc'
2025-03-30 20:07:47 INFO File '20121017_12_ecmwf_forecast.ProbWCB_LAGRANTO_derived.EUR_LL015.036.ml.nc' identified as 'ml' type
2025-03-30 20:07:47 INFO Found init time '2012-10-17 12:00:00', 7 valid_times and 1 standard_names
2025-03-30 20:07:47 DEBUG valid_times='[cftime.DatetimeGregorian(2012, 10, 17, 12, 0, 0, 0, has_year_zero=False)
 cftime.DatetimeGregorian(2012, 10, 17, 18, 0, 0, 0, has_year_zero=False)
 cftime.DatetimeGregorian(2012, 10, 18, 0, 0, 0, 0, has_year_zero=False)
 cftime.DatetimeGregorian(2012, 10, 18, 6, 0, 0, 0, has_year_zero=False)
 cftime.DatetimeGregorian(2012, 10, 18, 12, 0, 0, 0, has_year_zero=False)
 cftime.DatetimeGregorian(2012, 10, 18, 18, 0, 0, 0, has_year_zero=False)
 cftime.DatetimeGregorian(2012, 10, 19, 0, 0, 0, 0, has_year_zero=False)]' standard_names='['probability_of_wcb_occurrence']'
2025-03-30 20:07:47 INFO Opening candidate '20121017_12_ecmwf_forecast.ProbWCB_LAGRANTO_derived.EUR_LL015.036.sfc.nc'
2025-03-30 20:07:47 INFO File '20121017_12_ecmwf_forecast.ProbWCB_LAGRANTO_derived.EUR_LL015.036.sfc.nc' identified as 'sfc' type
2025-03-30 20:07:47 INFO Found init time '2012-10-17 12:00:00', 7 valid_times and 1 standard_names
2025-03-30 20:07:47 DEBUG valid_times='[cftime.DatetimeGregorian(2012, 10, 17, 12, 0, 0, 0, has_year_zero=False)
 cftime.DatetimeGregorian(2012, 10, 17, 18, 0, 0, 0, has_year_zero=False)
 cftime.DatetimeGregorian(2012, 10, 18, 0, 0, 0, 0, has_year_zero=False)
 cftime.DatetimeGregorian(2012, 10, 18, 6, 0, 0, 0, has_year_zero=False)
 cftime.DatetimeGregorian(2012, 10, 18, 12, 0, 0, 0, has_year_zero=False)
 cftime.DatetimeGregorian(2012, 10, 18, 18, 0, 0, 0, has_year_zero=False)
 cftime.DatetimeGregorian(2012, 10, 19, 0, 0, 0, 0, has_year_zero=False)]' standard_names='['vertically_integrated_probability_of_wcb_occurrence']'
2025-03-30 20:07:47 INFO Opening candidate '20121017_12_ecmwf_forecast.Q.EUR_LL015.036.ml.nc'
2025-03-30 20:07:47 INFO File '20121017_12_ecmwf_forecast.Q.EUR_LL015.036.ml.nc' identified as 'ml' type
2025-03-30 20:07:47 INFO Found init time '2012-10-17 12:00:00', 7 valid_times and 1 standard_names
2025-03-30 20:07:47 DEBUG valid_times='[cftime.DatetimeGregorian(2012, 10, 17, 12, 0, 0, 0, has_year_zero=False)
 cftime.DatetimeGregorian(2012, 10, 17, 18, 0, 0, 0, has_year_zero=False)
 cftime.DatetimeGregorian(2012, 10, 18, 0, 0, 0, 0, has_year_zero=False)
 cftime.DatetimeGregorian(2012, 10, 18, 6, 0, 0, 0, has_year_zero=False)
 cftime.DatetimeGregorian(2012, 10, 18, 12, 0, 0, 0, has_year_zero=False)
 cftime.DatetimeGregorian(2012, 10, 18, 18, 0, 0, 0, has_year_zero=False)
 cftime.DatetimeGregorian(2012, 10, 19, 0, 0, 0, 0, has_year_zero=False)]' standard_names='['specific_humidity']'
2025-03-30 20:07:47 INFO Opening candidate '20121017_12_ecmwf_forecast.SEA.EUR_LL015.036.sfc.nc'
2025-03-30 20:07:47 INFO File '20121017_12_ecmwf_forecast.SEA.EUR_LL015.036.sfc.nc' identified as 'sfc' type
2025-03-30 20:07:47 INFO Found init time '2012-10-17 12:00:00', 7 valid_times and 1 standard_names
2025-03-30 20:07:47 DEBUG valid_times='[cftime.DatetimeGregorian(2012, 10, 17, 12, 0, 0, 0, has_year_zero=False)
 cftime.DatetimeGregorian(2012, 10, 17, 18, 0, 0, 0, has_year_zero=False)
 cftime.DatetimeGregorian(2012, 10, 18, 0, 0, 0, 0, has_year_zero=False)
 cftime.DatetimeGregorian(2012, 10, 18, 6, 0, 0, 0, has_year_zero=False)
 cftime.DatetimeGregorian(2012, 10, 18, 12, 0, 0, 0, has_year_zero=False)
 cftime.DatetimeGregorian(2012, 10, 18, 18, 0, 0, 0, has_year_zero=False)
 cftime.DatetimeGregorian(2012, 10, 19, 0, 0, 0, 0, has_year_zero=False)]' standard_names='['solar_elevation_angle']'
2025-03-30 20:07:47 INFO Opening candidate '20121017_12_ecmwf_forecast.SFC.EUR_LL015.036.sfc.nc'
2025-03-30 20:07:47 INFO File '20121017_12_ecmwf_forecast.SFC.EUR_LL015.036.sfc.nc' identified as 'sfc' type
2025-03-30 20:07:47 INFO Found init time '2012-10-17 12:00:00', 7 valid_times and 15 standard_names
2025-03-30 20:07:47 DEBUG valid_times='[cftime.DatetimeGregorian(2012, 10, 17, 12, 0, 0, 0, has_year_zero=False)
 cftime.DatetimeGregorian(2012, 10, 17, 18, 0, 0, 0, has_year_zero=False)
 cftime.DatetimeGregorian(2012, 10, 18, 0, 0, 0, 0, has_year_zero=False)
 cftime.DatetimeGregorian(2012, 10, 18, 6, 0, 0, 0, has_year_zero=False)
 cftime.DatetimeGregorian(2012, 10, 18, 12, 0, 0, 0, has_year_zero=False)
 cftime.DatetimeGregorian(2012, 10, 18, 18, 0, 0, 0, has_year_zero=False)
 cftime.DatetimeGregorian(2012, 10, 19, 0, 0, 0, 0, has_year_zero=False)]' standard_names='['surface_geopotential', 'air_pressure_at_sea_level', 'total_cloud_cover', 'land_binary_mask', 'low_cloud_area_fraction', 'medium_cloud_area_fraction', 'high_cloud_area_fraction', 'surface_eastward_wind', 'surface_northward_wind', 'sea_ice_area_fraction', 'msg_brightness_temperature_108', 'atmosphere_boundary_layer_thickness', 'emac_column_density', 'tropopause_altitude', 'secondary_tropopause_altitude']'
2025-03-30 20:07:47 INFO Opening candidate '20121017_12_ecmwf_forecast.T.EUR_LL015.036.ml.nc'
2025-03-30 20:07:47 INFO File '20121017_12_ecmwf_forecast.T.EUR_LL015.036.ml.nc' identified as 'ml' type
2025-03-30 20:07:47 INFO Found init time '2012-10-17 12:00:00', 7 valid_times and 1 standard_names
2025-03-30 20:07:47 DEBUG valid_times='[cftime.DatetimeGregorian(2012, 10, 17, 12, 0, 0, 0, has_year_zero=False)
 cftime.DatetimeGregorian(2012, 10, 17, 18, 0, 0, 0, has_year_zero=False)
 cftime.DatetimeGregorian(2012, 10, 18, 0, 0, 0, 0, has_year_zero=False)
 cftime.DatetimeGregorian(2012, 10, 18, 6, 0, 0, 0, has_year_zero=False)
 cftime.DatetimeGregorian(2012, 10, 18, 12, 0, 0, 0, has_year_zero=False)
 cftime.DatetimeGregorian(2012, 10, 18, 18, 0, 0, 0, has_year_zero=False)
 cftime.DatetimeGregorian(2012, 10, 19, 0, 0, 0, 0, has_year_zero=False)]' standard_names='['air_temperature']'
2025-03-30 20:07:47 INFO Opening candidate '20121017_12_ecmwf_forecast.THETA.EUR_LL015.036.ml.nc'
2025-03-30 20:07:47 INFO File '20121017_12_ecmwf_forecast.THETA.EUR_LL015.036.ml.nc' identified as 'ml' type
2025-03-30 20:07:47 INFO Found init time '2012-10-17 12:00:00', 7 valid_times and 1 standard_names
2025-03-30 20:07:47 DEBUG valid_times='[cftime.DatetimeGregorian(2012, 10, 17, 12, 0, 0, 0, has_year_zero=False)
 cftime.DatetimeGregorian(2012, 10, 17, 18, 0, 0, 0, has_year_zero=False)
 cftime.DatetimeGregorian(2012, 10, 18, 0, 0, 0, 0, has_year_zero=False)
 cftime.DatetimeGregorian(2012, 10, 18, 6, 0, 0, 0, has_year_zero=False)
 cftime.DatetimeGregorian(2012, 10, 18, 12, 0, 0, 0, has_year_zero=False)
 cftime.DatetimeGregorian(2012, 10, 18, 18, 0, 0, 0, has_year_zero=False)
 cftime.DatetimeGregorian(2012, 10, 19, 0, 0, 0, 0, has_year_zero=False)]' standard_names='['air_potential_temperature']'
2025-03-30 20:07:47 INFO Opening candidate '20121017_12_ecmwf_forecast.THETA_LEVELS.EUR_LL015.036.tl.nc'
2025-03-30 20:07:47 INFO File '20121017_12_ecmwf_forecast.THETA_LEVELS.EUR_LL015.036.tl.nc' identified as 'tl' type
2025-03-30 20:07:47 INFO Found init time '2012-10-17 12:00:00', 7 valid_times and 3 standard_names
2025-03-30 20:07:47 DEBUG valid_times='[cftime.DatetimeGregorian(2012, 10, 17, 12, 0, 0, 0, has_year_zero=False)
 cftime.DatetimeGregorian(2012, 10, 17, 18, 0, 0, 0, has_year_zero=False)
 cftime.DatetimeGregorian(2012, 10, 18, 0, 0, 0, 0, has_year_zero=False)
 cftime.DatetimeGregorian(2012, 10, 18, 6, 0, 0, 0, has_year_zero=False)
 cftime.DatetimeGregorian(2012, 10, 18, 12, 0, 0, 0, has_year_zero=False)
 cftime.DatetimeGregorian(2012, 10, 18, 18, 0, 0, 0, has_year_zero=False)
 cftime.DatetimeGregorian(2012, 10, 19, 0, 0, 0, 0, has_year_zero=False)]' standard_names='['air_pressure', 'ertel_potential_vorticity', 'mole_fraction_of_ozone_in_air']'
2025-03-30 20:07:47 INFO Opening candidate '20121017_12_ecmwf_forecast.U.EUR_LL015.036.ml.nc'
2025-03-30 20:07:47 INFO File '20121017_12_ecmwf_forecast.U.EUR_LL015.036.ml.nc' identified as 'ml' type
2025-03-30 20:07:47 INFO Found init time '2012-10-17 12:00:00', 7 valid_times and 1 standard_names
2025-03-30 20:07:47 DEBUG valid_times='[cftime.DatetimeGregorian(2012, 10, 17, 12, 0, 0, 0, has_year_zero=False)
 cftime.DatetimeGregorian(2012, 10, 17, 18, 0, 0, 0, has_year_zero=False)
 cftime.DatetimeGregorian(2012, 10, 18, 0, 0, 0, 0, has_year_zero=False)
 cftime.DatetimeGregorian(2012, 10, 18, 6, 0, 0, 0, has_year_zero=False)
 cftime.DatetimeGregorian(2012, 10, 18, 12, 0, 0, 0, has_year_zero=False)
 cftime.DatetimeGregorian(2012, 10, 18, 18, 0, 0, 0, has_year_zero=False)
 cftime.DatetimeGregorian(2012, 10, 19, 0, 0, 0, 0, has_year_zero=False)]' standard_names='['eastward_wind']'
2025-03-30 20:07:47 INFO Opening candidate '20121017_12_ecmwf_forecast.V.EUR_LL015.036.ml.nc'
2025-03-30 20:07:47 INFO File '20121017_12_ecmwf_forecast.V.EUR_LL015.036.ml.nc' identified as 'ml' type
2025-03-30 20:07:47 INFO Found init time '2012-10-17 12:00:00', 7 valid_times and 1 standard_names
2025-03-30 20:07:47 DEBUG valid_times='[cftime.DatetimeGregorian(2012, 10, 17, 12, 0, 0, 0, has_year_zero=False)
 cftime.DatetimeGregorian(2012, 10, 17, 18, 0, 0, 0, has_year_zero=False)
 cftime.DatetimeGregorian(2012, 10, 18, 0, 0, 0, 0, has_year_zero=False)
 cftime.DatetimeGregorian(2012, 10, 18, 6, 0, 0, 0, has_year_zero=False)
 cftime.DatetimeGregorian(2012, 10, 18, 12, 0, 0, 0, has_year_zero=False)
 cftime.DatetimeGregorian(2012, 10, 18, 18, 0, 0, 0, has_year_zero=False)
 cftime.DatetimeGregorian(2012, 10, 19, 0, 0, 0, 0, has_year_zero=False)]' standard_names='['northward_wind']'
2025-03-30 20:07:47 INFO Opening candidate '20121017_12_ecmwf_forecast.W.EUR_LL015.036.ml.nc'
2025-03-30 20:07:47 INFO File '20121017_12_ecmwf_forecast.W.EUR_LL015.036.ml.nc' identified as 'ml' type
2025-03-30 20:07:47 INFO Found init time '2012-10-17 12:00:00', 7 valid_times and 1 standard_names
2025-03-30 20:07:47 DEBUG valid_times='[cftime.DatetimeGregorian(2012, 10, 17, 12, 0, 0, 0, has_year_zero=False)
 cftime.DatetimeGregorian(2012, 10, 17, 18, 0, 0, 0, has_year_zero=False)
 cftime.DatetimeGregorian(2012, 10, 18, 0, 0, 0, 0, has_year_zero=False)
 cftime.DatetimeGregorian(2012, 10, 18, 6, 0, 0, 0, has_year_zero=False)
 cftime.DatetimeGregorian(2012, 10, 18, 12, 0, 0, 0, has_year_zero=False)
 cftime.DatetimeGregorian(2012, 10, 18, 18, 0, 0, 0, has_year_zero=False)
 cftime.DatetimeGregorian(2012, 10, 19, 0, 0, 0, 0, has_year_zero=False)]' standard_names='['lagrangian_tendency_of_air_pressure']'
2025-03-30 20:07:47 DEBUG using plot object 'VS_EMAC_Eyja_01'
2025-03-30 20:07:47 DEBUG 	figure size (800, 600) in pixels
2025-03-30 20:07:47 DEBUG 	requested initialisation time 2012-10-17 12:00:00
2025-03-30 20:07:47 DEBUG 	requested forecast valid time 2012-10-17 12:00:00
2025-03-30 20:07:47 DEBUG 	variable 'air_pressure' requires input file '20121017_12_ecmwf_forecast.P_derived.EUR_LL015.036.ml.nc'
2025-03-30 20:07:47 DEBUG 	variable 'air_temperature' requires input file '20121017_12_ecmwf_forecast.T.EUR_LL015.036.ml.nc'
2025-03-30 20:07:47 DEBUG 	variable 'emac_R12' requires input file '20121017_12_ecmwf_forecast.EMAC.EUR_LL015.036.ml.nc'
2025-03-30 20:07:47 DEBUG opening datasets.
2025-03-30 20:07:47 DEBUG 	identified variable <air_pressure> for field <air_pressure>
2025-03-30 20:07:47 DEBUG 	identified variable <air_temperature> for field <air_temperature>
2025-03-30 20:07:47 DEBUG 	identified variable <emac_R12> for field <emac_R12>
2025-03-30 20:07:47 DEBUG computing 101 interpolation points, connection: greatcircle
2025-03-30 20:07:47 DEBUG loading data for time step 0 (2012-10-17 12:00:00)
2025-03-30 20:07:47 DEBUG shifting data grid to gridpoint west of westmost longitude in path: 7.00 (path 8.00).
2025-03-30 20:07:47 DEBUG 	Loaded 0.27 Mbytes from data field <air_pressure> at timestep 0.
2025-03-30 20:07:47 DEBUG 	Vertical dimension direction is up.
2025-03-30 20:07:47 DEBUG 	Interpolating to cross-section path.
2025-03-30 20:07:47 DEBUG 	setting jump data to NaN at [42]
2025-03-30 20:07:47 DEBUG 	Loaded 0.27 Mbytes from data field <air_temperature> at timestep 0.
2025-03-30 20:07:47 DEBUG 	Vertical dimension direction is up.
2025-03-30 20:07:47 DEBUG 	Interpolating to cross-section path.
2025-03-30 20:07:47 DEBUG 	setting jump data to NaN at [42]
2025-03-30 20:07:47 DEBUG 	Loaded 0.27 Mbytes from data field <emac_R12> at timestep 0.
2025-03-30 20:07:47 DEBUG 	Vertical dimension direction is up.
2025-03-30 20:07:47 DEBUG 	Interpolating to cross-section path.
2025-03-30 20:07:47 DEBUG 	setting jump data to NaN at [42]
2025-03-30 20:07:47 DEBUG Loaded and interpolated data (required time 0:00:00.007188).
2025-03-30 20:07:47 DEBUG Plotting interpolated curtain.
2025-03-30 20:07:47 DEBUG creating figure..
2025-03-30 20:07:47 DEBUG 	with frame and legends
2025-03-30 20:07:48 DEBUG converting image to indexed palette.
2025-03-30 20:07:48 DEBUG saving figure as non-transparent PNG.
2025-03-30 20:07:48 DEBUG returning figure..
2025-03-30 20:07:48 DEBUG Finished plotting (required time 0:00:00.705078; total time 0:00:00.712266).

2025-03-30 20:07:48 DEBUG using plot object 'VS_EMAC_Eyja_01'
2025-03-30 20:07:48 DEBUG 	figure size (800, 600) in pixels
2025-03-30 20:07:48 DEBUG 	requested initialisation time 2012-10-17 12:00:00
2025-03-30 20:07:48 DEBUG 	requested forecast valid time 2012-10-17 12:00:00
2025-03-30 20:07:48 DEBUG 	variable 'air_pressure' requires input file '20121017_12_ecmwf_forecast.P_derived.EUR_LL015.036.ml.nc'
2025-03-30 20:07:48 DEBUG 	variable 'air_temperature' requires input file '20121017_12_ecmwf_forecast.T.EUR_LL015.036.ml.nc'
2025-03-30 20:07:48 DEBUG 	variable 'emac_R12' requires input file '20121017_12_ecmwf_forecast.EMAC.EUR_LL015.036.ml.nc'
2025-03-30 20:07:48 DEBUG opening datasets.
2025-03-30 20:07:48 DEBUG 	identified variable <air_pressure> for field <air_pressure>
2025-03-30 20:07:48 DEBUG 	identified variable <air_temperature> for field <air_temperature>
2025-03-30 20:07:48 DEBUG 	identified variable <emac_R12> for field <emac_R12>
2025-03-30 20:07:48 DEBUG computing 101 interpolation points, connection: greatcircle
2025-03-30 20:07:48 DEBUG loading data for time step 0 (2012-10-17 12:00:00)
2025-03-30 20:07:48 DEBUG shifting data grid to gridpoint west of westmost longitude in path: 7.00 (path 8.00).
2025-03-30 20:07:48 DEBUG 	Loaded 0.27 Mbytes from data field <air_pressure> at timestep 0.
2025-03-30 20:07:48 DEBUG 	Vertical dimension direction is up.
2025-03-30 20:07:48 DEBUG 	Interpolating to cross-section path.
2025-03-30 20:07:48 DEBUG 	setting jump data to NaN at [42]
2025-03-30 20:07:48 DEBUG 	Loaded 0.27 Mbytes from data field <air_temperature> at timestep 0.
2025-03-30 20:07:48 DEBUG 	Vertical dimension direction is up.
2025-03-30 20:07:48 DEBUG 	Interpolating to cross-section path.
2025-03-30 20:07:48 DEBUG 	setting jump data to NaN at [42]
2025-03-30 20:07:48 DEBUG 	Loaded 0.27 Mbytes from data field <emac_R12> at timestep 0.
2025-03-30 20:07:48 DEBUG 	Vertical dimension direction is up.
2025-03-30 20:07:48 DEBUG 	Interpolating to cross-section path.
2025-03-30 20:07:48 DEBUG 	setting jump data to NaN at [42]
2025-03-30 20:07:48 DEBUG Loaded and interpolated data (required time 0:00:00.007265).
2025-03-30 20:07:48 DEBUG Plotting interpolated curtain.
2025-03-30 20:07:48 DEBUG creating figure..
2025-03-30 20:07:48 DEBUG 	without frame
2025-03-30 20:07:49 DEBUG converting image to indexed palette.
2025-03-30 20:07:49 DEBUG saving figure as non-transparent PNG.
2025-03-30 20:07:49 DEBUG returning figure..
2025-03-30 20:07:49 DEBUG Finished plotting (required time 0:00:01.027773; total time 0:00:01.035038).

2025-03-30 20:07:49 DEBUG No user settings found, using default settings
s_year_zero=False)
 cftime.DatetimeGregorian(2012, 10, 19, 0, 0, 0, 0, has_year_zero=False)]' standard_names='['geopotential_height']'
2025-03-30 20:07:40 INFO Opening candidate '20121017_12_ecmwf_forecast.O3.EUR_LL015.036.ml.nc'
2025-03-30 20:07:40 INFO File '20121017_12_ecmwf_forecast.O3.EUR_LL015.036.ml.nc' identified as 'ml' type
2025-03-30 20:07:40 INFO Found init time '2012-10-17 12:00:00', 7 valid_times and 1 standard_names
2025-03-30 20:07:40 DEBUG valid_times='[cftime.DatetimeGregorian(2012, 10, 17, 12, 0, 0, 0, has_year_zero=False)
 cftime.DatetimeGregorian(2012, 10, 17, 18, 0, 0, 0, has_year_zero=False)
 cftime.DatetimeGregorian(2012, 10, 18, 0, 0, 0, 0, has_year_zero=False)
 cftime.DatetimeGregorian(2012, 10, 18, 6, 0, 0, 0, has_year_zero=False)
 cftime.DatetimeGregorian(2012, 10, 18, 12, 0, 0, 0, has_year_zero=False)
 cftime.DatetimeGregorian(2012, 10, 18, 18, 0, 0, 0, has_year_zero=False)
 cftime.DatetimeGregorian(2012, 10, 19, 0, 0, 0, 0, has_year_zero=False)]' standard_names='['mole_fraction_of_ozone_in_air']'
2025-03-30 20:07:40 INFO Opening candidate '20121017_12_ecmwf_forecast.PRESSURE_LEVELS.EUR_LL015.036.pl.nc'
2025-03-30 20:07:40 INFO File '20121017_12_ecmwf_forecast.PRESSURE_LEVELS.EUR_LL015.036.pl.nc' identified as 'pl' type
2025-03-30 20:07:40 INFO Found init time '2012-10-17 12:00:00', 7 valid_times and 16 standard_names
2025-03-30 20:07:40 DEBUG valid_times='[cftime.DatetimeGregorian(2012, 10, 17, 12, 0, 0, 0, has_year_zero=False)
 cftime.DatetimeGregorian(2012, 10, 17, 18, 0, 0, 0, has_year_zero=False)
 cftime.DatetimeGregorian(2012, 10, 18, 0, 0, 0, 0, has_year_zero=False)
 cftime.DatetimeGregorian(2012, 10, 18, 6, 0, 0, 0, has_year_zero=False)
 cftime.DatetimeGregorian(2012, 10, 18, 12, 0, 0, 0, has_year_zero=False)
 cftime.DatetimeGregorian(2012, 10, 18, 18, 0, 0, 0, has_year_zero=False)
 cftime.DatetimeGregorian(2012, 10, 19, 0, 0, 0, 0, has_year_zero=False)]' standard_names='['air_potential_temperature', 'air_pressure', 'air_temperature', 'eastward_wind', 'ertel_potential_vorticity', 'geopotential_height', 'northward_wind', 'specific_humidity', 'lagrangian_tendency_of_air_pressure', 'divergence_of_wind', 'mass_fraction_of_ozone_in_air', 'mole_fraction_of_ozone_in_air', 'equivalent_latitude', 'number_of_wcb_trajectories', 'number_of_insitu_trajectories', 'number_of_mix_trajectories']'
2025-03-30 20:07:40 INFO Opening candidate '20121017_12_ecmwf_forecast.PVU.EUR_LL015.036.pv.nc'
2025-03-30 20:07:40 INFO File '20121017_12_ecmwf_forecast.PVU.EUR_LL015.036.pv.nc' identified as 'pv' type
2025-03-30 20:07:40 INFO Found init time '2012-10-17 12:00:00', 7 valid_times and 3 standard_names
2025-03-30 20:07:40 DEBUG valid_times='[cftime.DatetimeGregorian(2012, 10, 17, 12, 0, 0, 0, has_year_zero=False)
 cftime.DatetimeGregorian(2012, 10, 17, 18, 0, 0, 0, has_year_zero=False)
 cftime.DatetimeGregorian(2012, 10, 18, 0, 0, 0, 0, has_year_zero=False)
 cftime.DatetimeGregorian(2012, 10, 18, 6, 0, 0, 0, has_year_zero=False)
 cftime.DatetimeGregorian(2012, 10, 18, 12, 0, 0, 0, has_year_zero=False)
 cftime.DatetimeGregorian(2012, 10, 18, 18, 0, 0, 0, has_year_zero=False)
 cftime.DatetimeGregorian(2012, 10, 19, 0, 0, 0, 0, has_year_zero=False)]' standard_names='['air_potential_temperature', 'geopotential_height', 'air_pressure']'
2025-03-30 20:07:40 INFO Opening candidate '20121017_12_ecmwf_forecast.PV_derived.EUR_LL015.036.ml.nc'
2025-03-30 20:07:40 INFO File '20121017_12_ecmwf_forecast.PV_derived.EUR_LL015.036.ml.nc' identified as 'ml' type
2025-03-30 20:07:40 INFO Found init time '2012-10-17 12:00:00', 7 valid_times and 1 standard_names
2025-03-30 20:07:40 DEBUG valid_times='[cftime.DatetimeGregorian(2012, 10, 17, 12, 0, 0, 0, has_year_zero=False)
 cftime.DatetimeGregorian(2012, 10, 17, 18, 0, 0, 0, has_year_zero=False)
 cftime.DatetimeGregorian(2012, 10, 18, 0, 0, 0, 0, has_year_zero=False)
 cftime.DatetimeGregorian(2012, 10, 18, 6, 0, 0, 0, has_year_zero=False)
 cftime.DatetimeGregorian(2012, 10, 18, 12, 0, 0, 0, has_year_zero=False)
 cftime.DatetimeGregorian(2012, 10, 18, 18, 0, 0, 0, has_year_zero=False)
 cftime.DatetimeGregorian(2012, 10, 19, 0, 0, 0, 0, has_year_zero=False)]' standard_names='['ertel_potential_vorticity']'
2025-03-30 20:07:40 INFO Opening candidate '20121017_12_ecmwf_forecast.P_derived.EUR_LL015.036.ml.nc'
2025-03-30 20:07:40 INFO File '20121017_12_ecmwf_forecast.P_derived.EUR_LL015.036.ml.nc' identified as 'ml' type
2025-03-30 20:07:40 INFO Found init time '2012-10-17 12:00:00', 7 valid_times and 1 standard_names
2025-03-30 20:07:40 DEBUG valid_times='[cftime.DatetimeGregorian(2012, 10, 17, 12, 0, 0, 0, has_year_zero=False)
 cftime.DatetimeGregorian(2012, 10, 17, 18, 0, 0, 0, has_year_zero=False)
 cftime.DatetimeGregorian(2012, 10, 18, 0, 0, 0, 0, has_year_zero=False)
 cftime.DatetimeGregorian(2012, 10, 18, 6, 0, 0, 0, has_year_zero=False)
 cftime.DatetimeGregorian(2012, 10, 18, 12, 0, 0, 0, has_year_zero=False)
 cftime.DatetimeGregorian(2012, 10, 18, 18, 0, 0, 0, has_year_zero=False)
 cftime.DatetimeGregorian(2012, 10, 19, 0, 0, 0, 0, has_year_zero=False)]' standard_names='['air_pressure']'
2025-03-30 20:07:40 INFO Opening candidate '20121017_12_ecmwf_forecast.ProbWCB_LAGRANTO_derived.EUR_LL015.036.ml.nc'
2025-03-30 20:07:40 INFO File '20121017_12_ecmwf_forecast.ProbWCB_LAGRANTO_derived.EUR_LL015.036.ml.nc' identified as 'ml' type
2025-03-30 20:07:40 INFO Found init time '2012-10-17 12:00:00', 7 valid_times and 1 standard_names
2025-03-30 20:07:40 DEBUG valid_times='[cftime.DatetimeGregorian(2012, 10, 17, 12, 0, 0, 0, has_year_zero=False)
 cftime.DatetimeGregorian(2012, 10, 17, 18, 0, 0, 0, has_year_zero=False)
 cftime.DatetimeGregorian(2012, 10, 18, 0, 0, 0, 0, has_year_zero=False)
 cftime.DatetimeGregorian(2012, 10, 18, 6, 0, 0, 0, has_year_zero=False)
 cftime.DatetimeGregorian(2012, 10, 18, 12, 0, 0, 0, has_year_zero=False)
 cftime.DatetimeGregorian(2012, 10, 18, 18, 0, 0, 0, has_year_zero=False)
 cftime.DatetimeGregorian(2012, 10, 19, 0, 0, 0, 0, has_year_zero=False)]' standard_names='['probability_of_wcb_occurrence']'
2025-03-30 20:07:40 INFO Opening candidate '20121017_12_ecmwf_forecast.ProbWCB_LAGRANTO_derived.EUR_LL015.036.sfc.nc'
2025-03-30 20:07:40 INFO File '20121017_12_ecmwf_forecast.ProbWCB_LAGRANTO_derived.EUR_LL015.036.sfc.nc' identified as 'sfc' type
2025-03-30 20:07:40 INFO Found init time '2012-10-17 12:00:00', 7 valid_times and 1 standard_names
2025-03-30 20:07:40 DEBUG valid_times='[cftime.DatetimeGregorian(2012, 10, 17, 12, 0, 0, 0, has_year_zero=False)
 cftime.DatetimeGregorian(2012, 10, 17, 18, 0, 0, 0, has_year_zero=False)
 cftime.DatetimeGregorian(2012, 10, 18, 0, 0, 0, 0, has_year_zero=False)
 cftime.DatetimeGregorian(2012, 10, 18, 6, 0, 0, 0, has_year_zero=False)
 cftime.DatetimeGregorian(2012, 10, 18, 12, 0, 0, 0, has_year_zero=False)
 cftime.DatetimeGregorian(2012, 10, 18, 18, 0, 0, 0, has_year_zero=False)
 cftime.DatetimeGregorian(2012, 10, 19, 0, 0, 0, 0, has_year_zero=False)]' standard_names='['vertically_integrated_probability_of_wcb_occurrence']'
2025-03-30 20:07:40 INFO Opening candidate '20121017_12_ecmwf_forecast.Q.EUR_LL015.036.ml.nc'
2025-03-30 20:07:40 INFO File '20121017_12_ecmwf_forecast.Q.EUR_LL015.036.ml.nc' identified as 'ml' type
2025-03-30 20:07:40 INFO Found init time '2012-10-17 12:00:00', 7 valid_times and 1 standard_names
2025-03-30 20:07:40 DEBUG valid_times='[cftime.DatetimeGregorian(2012, 10, 17, 12, 0, 0, 0, has_year_zero=False)
 cftime.DatetimeGregorian(2012, 10, 17, 18, 0, 0, 0, has_year_zero=False)
 cftime.DatetimeGregorian(2012, 10, 18, 0, 0, 0, 0, has_year_zero=False)
 cftime.DatetimeGregorian(2012, 10, 18, 6, 0, 0, 0, has_year_zero=False)
 cftime.DatetimeGregorian(2012, 10, 18, 12, 0, 0, 0, has_year_zero=False)
 cftime.DatetimeGregorian(2012, 10, 18, 18, 0, 0, 0, has_year_zero=False)
 cftime.DatetimeGregorian(2012, 10, 19, 0, 0, 0, 0, has_year_zero=False)]' standard_names='['specific_humidity']'
2025-03-30 20:07:40 INFO Opening candidate '20121017_12_ecmwf_forecast.SEA.EUR_LL015.036.sfc.nc'
2025-03-30 20:07:40 INFO File '20121017_12_ecmwf_forecast.SEA.EUR_LL015.036.sfc.nc' identified as 'sfc' type
2025-03-30 20:07:40 INFO Found init time '2012-10-17 12:00:00', 7 valid_times and 1 standard_names
2025-03-30 20:07:40 DEBUG valid_times='[cftime.DatetimeGregorian(2012, 10, 17, 12, 0, 0, 0, has_year_zero=False)
 cftime.DatetimeGregorian(2012, 10, 17, 18, 0, 0, 0, has_year_zero=False)
 cftime.DatetimeGregorian(2012, 10, 18, 0, 0, 0, 0, has_year_zero=False)
 cftime.DatetimeGregorian(2012, 10, 18, 6, 0, 0, 0, has_year_zero=False)
 cftime.DatetimeGregorian(2012, 10, 18, 12, 0, 0, 0, has_year_zero=False)
 cftime.DatetimeGregorian(2012, 10, 18, 18, 0, 0, 0, has_year_zero=False)
 cftime.DatetimeGregorian(2012, 10, 19, 0, 0, 0, 0, has_year_zero=False)]' standard_names='['solar_elevation_angle']'
2025-03-30 20:07:40 INFO Opening candidate '20121017_12_ecmwf_forecast.SFC.EUR_LL015.036.sfc.nc'
2025-03-30 20:07:40 INFO File '20121017_12_ecmwf_forecast.SFC.EUR_LL015.036.sfc.nc' identified as 'sfc' type
2025-03-30 20:07:40 INFO Found init time '2012-10-17 12:00:00', 7 valid_times and 15 standard_names
2025-03-30 20:07:40 DEBUG valid_times='[cftime.DatetimeGregorian(2012, 10, 17, 12, 0, 0, 0, has_year_zero=False)
 cftime.DatetimeGregorian(2012, 10, 17, 18, 0, 0, 0, has_year_zero=False)
 cftime.DatetimeGregorian(2012, 10, 18, 0, 0, 0, 0, has_year_zero=False)
 cftime.DatetimeGregorian(2012, 10, 18, 6, 0, 0, 0, has_year_zero=False)
 cftime.DatetimeGregorian(2012, 10, 18, 12, 0, 0, 0, has_year_zero=False)
 cftime.DatetimeGregorian(2012, 10, 18, 18, 0, 0, 0, has_year_zero=False)
 cftime.DatetimeGregorian(2012, 10, 19, 0, 0, 0, 0, has_year_zero=False)]' standard_names='['surface_geopotential', 'air_pressure_at_sea_level', 'total_cloud_cover', 'land_binary_mask', 'low_cloud_area_fraction', 'medium_cloud_area_fraction', 'high_cloud_area_fraction', 'surface_eastward_wind', 'surface_northward_wind', 'sea_ice_area_fraction', 'msg_brightness_temperature_108', 'atmosphere_boundary_layer_thickness', 'emac_column_density', 'tropopause_altitude', 'secondary_tropopause_altitude']'
2025-03-30 20:07:40 INFO Opening candidate '20121017_12_ecmwf_forecast.T.EUR_LL015.036.ml.nc'
2025-03-30 20:07:40 INFO File '20121017_12_ecmwf_forecast.T.EUR_LL015.036.ml.nc' identified as 'ml' type
2025-03-30 20:07:40 INFO Found init time '2012-10-17 12:00:00', 7 valid_times and 1 standard_names
2025-03-30 20:07:40 DEBUG valid_times='[cftime.DatetimeGregorian(2012, 10, 17, 12, 0, 0, 0, has_year_zero=False)
 cftime.DatetimeGregorian(2012, 10, 17, 18, 0, 0, 0, has_year_zero=False)
 cftime.DatetimeGregorian(2012, 10, 18, 0, 0, 0, 0, has_year_zero=False)
 cftime.DatetimeGregorian(2012, 10, 18, 6, 0, 0, 0, has_year_zero=False)
 cftime.DatetimeGregorian(2012, 10, 18, 12, 0, 0, 0, has_year_zero=False)
 cftime.DatetimeGregorian(2012, 10, 18, 18, 0, 0, 0, has_year_zero=False)
 cftime.DatetimeGregorian(2012, 10, 19, 0, 0, 0, 0, has_year_zero=False)]' standard_names='['air_temperature']'
2025-03-30 20:07:40 INFO Opening candidate '20121017_12_ecmwf_forecast.THETA.EUR_LL015.036.ml.nc'
2025-03-30 20:07:40 INFO File '20121017_12_ecmwf_forecast.THETA.EUR_LL015.036.ml.nc' identified as 'ml' type
2025-03-30 20:07:40 INFO Found init time '2012-10-17 12:00:00', 7 valid_times and 1 standard_names
2025-03-30 20:07:40 DEBUG valid_times='[cftime.DatetimeGregorian(2012, 10, 17, 12, 0, 0, 0, has_year_zero=False)
 cftime.DatetimeGregorian(2012, 10, 17, 18, 0, 0, 0, has_year_zero=False)
 cftime.DatetimeGregorian(2012, 10, 18, 0, 0, 0, 0, has_year_zero=False)
 cftime.DatetimeGregorian(2012, 10, 18, 6, 0, 0, 0, has_year_zero=False)
 cftime.DatetimeGregorian(2012, 10, 18, 12, 0, 0, 0, has_year_zero=False)
 cftime.DatetimeGregorian(2012, 10, 18, 18, 0, 0, 0, has_year_zero=False)
 cftime.DatetimeGregorian(2012, 10, 19, 0, 0, 0, 0, has_year_zero=False)]' standard_names='['air_potential_temperature']'
2025-03-30 20:07:40 INFO Opening candidate '20121017_12_ecmwf_forecast.THETA_LEVELS.EUR_LL015.036.tl.nc'
2025-03-30 20:07:40 INFO File '20121017_12_ecmwf_forecast.THETA_LEVELS.EUR_LL015.036.tl.nc' identified as 'tl' type
2025-03-30 20:07:40 INFO Found init time '2012-10-17 12:00:00', 7 valid_times and 3 standard_names
2025-03-30 20:07:40 DEBUG valid_times='[cftime.DatetimeGregorian(2012, 10, 17, 12, 0, 0, 0, has_year_zero=False)
 cftime.DatetimeGregorian(2012, 10, 17, 18, 0, 0, 0, has_year_zero=False)
 cftime.DatetimeGregorian(2012, 10, 18, 0, 0, 0, 0, has_year_zero=False)
 cftime.DatetimeGregorian(2012, 10, 18, 6, 0, 0, 0, has_year_zero=False)
 cftime.DatetimeGregorian(2012, 10, 18, 12, 0, 0, 0, has_year_zero=False)
 cftime.DatetimeGregorian(2012, 10, 18, 18, 0, 0, 0, has_year_zero=False)
 cftime.DatetimeGregorian(2012, 10, 19, 0, 0, 0, 0, has_year_zero=False)]' standard_names='['air_pressure', 'ertel_potential_vorticity', 'mole_fraction_of_ozone_in_air']'
2025-03-30 20:07:40 INFO Opening candidate '20121017_12_ecmwf_forecast.U.EUR_LL015.036.ml.nc'
2025-03-30 20:07:40 INFO File '20121017_12_ecmwf_forecast.U.EUR_LL015.036.ml.nc' identified as 'ml' type
2025-03-30 20:07:40 INFO Found init time '2012-10-17 12:00:00', 7 valid_times and 1 standard_names
2025-03-30 20:07:40 DEBUG valid_times='[cftime.DatetimeGregorian(2012, 10, 17, 12, 0, 0, 0, has_year_zero=False)
 cftime.DatetimeGregorian(2012, 10, 17, 18, 0, 0, 0, has_year_zero=False)
 cftime.DatetimeGregorian(2012, 10, 18, 0, 0, 0, 0, has_year_zero=False)
 cftime.DatetimeGregorian(2012, 10, 18, 6, 0, 0, 0, has_year_zero=False)
 cftime.DatetimeGregorian(2012, 10, 18, 12, 0, 0, 0, has_year_zero=False)
 cftime.DatetimeGregorian(2012, 10, 18, 18, 0, 0, 0, has_year_zero=False)
 cftime.DatetimeGregorian(2012, 10, 19, 0, 0, 0, 0, has_year_zero=False)]' standard_names='['eastward_wind']'
2025-03-30 20:07:40 INFO Opening candidate '20121017_12_ecmwf_forecast.V.EUR_LL015.036.ml.nc'
2025-03-30 20:07:40 INFO File '20121017_12_ecmwf_forecast.V.EUR_LL015.036.ml.nc' identified as 'ml' type
2025-03-30 20:07:40 INFO Found init time '2012-10-17 12:00:00', 7 valid_times and 1 standard_names
2025-03-30 20:07:40 DEBUG valid_times='[cftime.DatetimeGregorian(2012, 10, 17, 12, 0, 0, 0, has_year_zero=False)
 cftime.DatetimeGregorian(2012, 10, 17, 18, 0, 0, 0, has_year_zero=False)
 cftime.DatetimeGregorian(2012, 10, 18, 0, 0, 0, 0, has_year_zero=False)
 cftime.DatetimeGregorian(2012, 10, 18, 6, 0, 0, 0, has_year_zero=False)
 cftime.DatetimeGregorian(2012, 10, 18, 12, 0, 0, 0, has_year_zero=False)
 cftime.DatetimeGregorian(2012, 10, 18, 18, 0, 0, 0, has_year_zero=False)
 cftime.DatetimeGregorian(2012, 10, 19, 0, 0, 0, 0, has_year_zero=False)]' standard_names='['northward_wind']'
2025-03-30 20:07:40 INFO Opening candidate '20121017_12_ecmwf_forecast.W.EUR_LL015.036.ml.nc'
2025-03-30 20:07:40 INFO File '20121017_12_ecmwf_forecast.W.EUR_LL015.036.ml.nc' identified as 'ml' type
2025-03-30 20:07:40 INFO Found init time '2012-10-17 12:00:00', 7 valid_times and 1 standard_names
2025-03-30 20:07:40 DEBUG valid_times='[cftime.DatetimeGregorian(2012, 10, 17, 12, 0, 0, 0, has_year_zero=False)
 cftime.DatetimeGregorian(2012, 10, 17, 18, 0, 0, 0, has_year_zero=False)
 cftime.DatetimeGregorian(2012, 10, 18, 0, 0, 0, 0, has_year_zero=False)
 cftime.DatetimeGregorian(2012, 10, 18, 6, 0, 0, 0, has_year_zero=False)
 cftime.DatetimeGregorian(2012, 10, 18, 12, 0, 0, 0, has_year_zero=False)
 cftime.DatetimeGregorian(2012, 10, 18, 18, 0, 0, 0, has_year_zero=False)
 cftime.DatetimeGregorian(2012, 10, 19, 0, 0, 0, 0, has_year_zero=False)]' standard_names='['lagrangian_tendency_of_air_pressure']'
2025-03-30 20:07:40 DEBUG using plot object 'MLTemp01'
2025-03-30 20:07:40 DEBUG 	figure size (800, 600) in pixels
2025-03-30 20:07:40 DEBUG 	requested initialisation time 2012-10-17 12:00:00
2025-03-30 20:07:40 DEBUG 	requested forecast valid time 2012-10-17 12:00:00
2025-03-30 20:07:40 DEBUG 	variable 'air_temperature' requires input file '20121017_12_ecmwf_forecast.T.EUR_LL015.036.ml.nc'
2025-03-30 20:07:40 DEBUG opening datasets.
2025-03-30 20:07:40 DEBUG 	identified variable <air_temperature> for field <air_temperature>
2025-03-30 20:07:40 DEBUG loading data for time step 0 (2012-10-17 12:00:00), level index 10 (level 10.0)
2025-03-30 20:07:40 DEBUG 	Loaded 0.02 Mbytes from data field <air_temperature>.
2025-03-30 20:07:40 DEBUG Loaded data (required time 0:00:00.000998).
2025-03-30 20:07:40 DEBUG Plotting horizontal section.
2025-03-30 20:07:40 DEBUG Identified CRS 'epsg:4326' as '{'basemap': {'epsg': '4326'}, 'bbox': 'degree'}'
2025-03-30 20:07:40 DEBUG Identified CRS 'epsg:4326' as '{'basemap': {'epsg': '4326'}, 'bbox': 'degree'}'
2025-03-30 20:07:40 DEBUG plotting data..
2025-03-30 20:07:40 DEBUG preparing additional data fields..
2025-03-30 20:07:40 DEBUG creating figure..
2025-03-30 20:07:40 DEBUG 	with frame and legends
2025-03-30 20:07:41 DEBUG shifting data grid to leftmost longitude in map -22..
2025-03-30 20:07:41 DEBUG converting image to indexed palette.
2025-03-30 20:07:41 DEBUG saving figure as non-transparent PNG.
2025-03-30 20:07:41 DEBUG returning figure..
2025-03-30 20:07:41 DEBUG Finished plotting (required time 0:00:00.521491; total time 0:00:00.522489).

2025-03-30 20:07:41 DEBUG using plot object 'MLTemp01'
2025-03-30 20:07:41 DEBUG 	figure size (800, 600) in pixels
2025-03-30 20:07:41 DEBUG 	requested initialisation time 2012-10-17 12:00:00
2025-03-30 20:07:41 DEBUG 	requested forecast valid time 2012-10-17 12:00:00
2025-03-30 20:07:41 DEBUG 	variable 'air_temperature' requires input file '20121017_12_ecmwf_forecast.T.EUR_LL015.036.ml.nc'
2025-03-30 20:07:41 DEBUG opening datasets.
2025-03-30 20:07:41 DEBUG 	identified variable <air_temperature> for field <air_temperature>
2025-03-30 20:07:41 DEBUG loading data for time step 0 (2012-10-17 12:00:00), level index 10 (level 10.0)
2025-03-30 20:07:41 DEBUG 	Loaded 0.02 Mbytes from data field <air_temperature>.
2025-03-30 20:07:41 DEBUG Loaded data (required time 0:00:00.000933).
2025-03-30 20:07:41 DEBUG Plotting horizontal section.
2025-03-30 20:07:41 DEBUG Identified CRS 'epsg:4326' as '{'basemap': {'epsg': '4326'}, 'bbox': 'degree'}'
2025-03-30 20:07:41 DEBUG Identified CRS 'epsg:4326' as '{'basemap': {'epsg': '4326'}, 'bbox': 'degree'}'
2025-03-30 20:07:41 DEBUG plotting data..
2025-03-30 20:07:41 DEBUG preparing additional data fields..
2025-03-30 20:07:41 DEBUG creating figure..
2025-03-30 20:07:41 DEBUG 	with frame and legends
2025-03-30 20:07:41 DEBUG Loaded '({'epsg': '4326'}, [-22.5, 27.5, 55, 62.5], 'degree')' from basemap cache
2025-03-30 20:07:41 DEBUG shifting data grid to leftmost longitude in map -22..
2025-03-30 20:07:41 DEBUG converting image to indexed palette.
2025-03-30 20:07:41 DEBUG saving figure as non-transparent PNG.
2025-03-30 20:07:41 DEBUG returning figure..
2025-03-30 20:07:41 DEBUG Finished plotting (required time 0:00:00.343297; total time 0:00:00.344230).

2025-03-30 20:07:41 DEBUG using plot object 'MLTemp01'
2025-03-30 20:07:41 DEBUG 	figure size (800, 600) in pixels
2025-03-30 20:07:41 DEBUG 	requested initialisation time 2012-10-17 12:00:00
2025-03-30 20:07:41 DEBUG 	requested forecast valid time 2012-10-17 12:00:00
2025-03-30 20:07:41 DEBUG 	variable 'air_temperature' requires input file '20121017_12_ecmwf_forecast.T.EUR_LL015.036.ml.nc'
2025-03-30 20:07:41 DEBUG opening datasets.
2025-03-30 20:07:41 DEBUG 	identified variable <air_temperature> for field <air_temperature>
2025-03-30 20:07:41 DEBUG loading data for time step 0 (2012-10-17 12:00:00), level index 10 (level 10.0)
2025-03-30 20:07:41 DEBUG 	Loaded 0.02 Mbytes from data field <air_temperature>.
2025-03-30 20:07:41 DEBUG Loaded data (required time 0:00:00.000860).
2025-03-30 20:07:41 DEBUG Plotting horizontal section.
2025-03-30 20:07:41 DEBUG Identified CRS 'epsg:4326' as '{'basemap': {'epsg': '4326'}, 'bbox': 'degree'}'
2025-03-30 20:07:41 DEBUG Identified CRS 'epsg:4326' as '{'basemap': {'epsg': '4326'}, 'bbox': 'degree'}'
2025-03-30 20:07:41 DEBUG plotting data..
2025-03-30 20:07:41 DEBUG preparing additional data fields..
2025-03-30 20:07:41 DEBUG creating figure..
2025-03-30 20:07:41 DEBUG 	with frame and legends
2025-03-30 20:07:41 DEBUG Loaded '({'epsg': '4326'}, [-22.5, 27.5, 55, 62.5], 'degree')' from basemap cache
2025-03-30 20:07:41 DEBUG shifting data grid to leftmost longitude in map -22..
2025-03-30 20:07:42 DEBUG converting image to indexed palette.
2025-03-30 20:07:42 DEBUG saving figure as non-transparent PNG.
2025-03-30 20:07:42 DEBUG returning figure..
2025-03-30 20:07:42 DEBUG Finished plotting (required time 0:00:00.358132; total time 0:00:00.358992).

2025-03-30 20:07:42 DEBUG No user settings found, using default settings
2025-03-30 20:07:42 INFO Files identified for domain 'EUR_LL015': ['20121017_12_ecmwf_forecast.ALTITUDE_LEVELS.EUR_LL015.036.al.nc', '20121017_12_ecmwf_forecast.CC.EUR_LL015.036.ml.nc', '20121017_12_ecmwf_forecast.CIWC.EUR_LL015.036.ml.nc', '20121017_12_ecmwf_forecast.CLWC.EUR_LL015.036.ml.nc', '20121017_12_ecmwf_forecast.DIV.EUR_LL015.036.ml.nc', '20121017_12_ecmwf_forecast.EMAC.EUR_LL015.036.ml.nc', '20121017_12_ecmwf_forecast.GPH.EUR_LL015.036.ml.nc', '20121017_12_ecmwf_forecast.O3.EUR_LL015.036.ml.nc', '20121017_12_ecmwf_forecast.PRESSURE_LEVELS.EUR_LL015.036.pl.nc', '20121017_12_ecmwf_forecast.PVU.EUR_LL015.036.pv.nc', '20121017_12_ecmwf_forecast.PV_derived.EUR_LL015.036.ml.nc', '20121017_12_ecmwf_forecast.P_derived.EUR_LL015.036.ml.nc', '20121017_12_ecmwf_forecast.ProbWCB_LAGRANTO_derived.EUR_LL015.036.ml.nc', '20121017_12_ecmwf_forecast.ProbWCB_LAGRANTO_derived.EUR_LL015.036.sfc.nc', '20121017_12_ecmwf_forecast.Q.EUR_LL015.036.ml.nc', '20121017_12_ecmwf_forecast.SEA.EUR_LL015.036.sfc.nc', '20121017_12_ecmwf_forecast.SFC.EUR_LL015.036.sfc.nc', '20121017_12_ecmwf_forecast.T.EUR_LL015.036.ml.nc', '20121017_12_ecmwf_forecast.THETA.EUR_LL015.036.ml.nc', '20121017_12_ecmwf_forecast.THETA_LEVELS.EUR_LL015.036.tl.nc', '20121017_12_ecmwf_forecast.U.EUR_LL015.036.ml.nc', '20121017_12_ecmwf_forecast.V.EUR_LL015.036.ml.nc', '20121017_12_ecmwf_forecast.W.EUR_LL015.036.ml.nc']
2025-03-30 20:07:42 INFO Opening candidate '20121017_12_ecmwf_forecast.ALTITUDE_LEVELS.EUR_LL015.036.al.nc'
2025-03-30 20:07:42 INFO File '20121017_12_ecmwf_forecast.ALTITUDE_LEVELS.EUR_LL015.036.al.nc' identified as 'al' type
2025-03-30 20:07:42 INFO Found init time '2012-10-17 12:00:00', 7 valid_times and 3 standard_names
2025-03-30 20:07:42 DEBUG valid_times='[cftime.DatetimeGregorian(2012, 10, 17, 12, 0, 0, 0, has_year_zero=False)
 cftime.DatetimeGregorian(2012, 10, 17, 18, 0, 0, 0, has_year_zero=False)
 cftime.DatetimeGregorian(2012, 10, 18, 0, 0, 0, 0, has_year_zero=False)
 cftime.DatetimeGregorian(2012, 10, 18, 6, 0, 0, 0, has_year_zero=False)
 cftime.DatetimeGregorian(2012, 10, 18, 12, 0, 0, 0, has_year_zero=False)
 cftime.DatetimeGregorian(2012, 10, 18, 18, 0, 0, 0, has_year_zero=False)
 cftime.DatetimeGregorian(2012, 10, 19, 0, 0, 0, 0, has_year_zero=False)]' standard_names='['air_pressure', 'ertel_potential_vorticity', 'mole_fraction_of_ozone_in_air']'
2025-03-30 20:07:42 INFO Opening candidate '20121017_12_ecmwf_forecast.CC.EUR_LL015.036.ml.nc'
2025-03-30 20:07:42 INFO File '20121017_12_ecmwf_forecast.CC.EUR_LL015.036.ml.nc' identified as 'ml' type
2025-03-30 20:07:42 INFO Found init time '2012-10-17 12:00:00', 7 valid_times and 1 standard_names
2025-03-30 20:07:42 DEBUG valid_times='[cftime.DatetimeGregorian(2012, 10, 17, 12, 0, 0, 0, has_year_zero=False)
 cftime.DatetimeGregorian(2012, 10, 17, 18, 0, 0, 0, has_year_zero=False)
 cftime.DatetimeGregorian(2012, 10, 18, 0, 0, 0, 0, has_year_zero=False)
 cftime.DatetimeGregorian(2012, 10, 18, 6, 0, 0, 0, has_year_zero=False)
 cftime.DatetimeGregorian(2012, 10, 18, 12, 0, 0, 0, has_year_zero=False)
 cftime.DatetimeGregorian(2012, 10, 18, 18, 0, 0, 0, has_year_zero=False)
 cftime.DatetimeGregorian(2012, 10, 19, 0, 0, 0, 0, has_year_zero=False)]' standard_names='['cloud_area_fraction_in_atmosphere_layer']'
2025-03-30 20:07:42 INFO Opening candidate '20121017_12_ecmwf_forecast.CIWC.EUR_LL015.036.ml.nc'
2025-03-30 20:07:42 INFO File '20121017_12_ecmwf_forecast.CIWC.EUR_LL015.036.ml.nc' identified as 'ml' type
2025-03-30 20:07:42 INFO Found init time '2012-10-17 12:00:00', 7 valid_times and 1 standard_names
2025-03-30 20:07:42 DEBUG valid_times='[cftime.DatetimeGregorian(2012, 10, 17, 12, 0, 0, 0, has_year_zero=False)
 cftime.DatetimeGregorian(2012, 10, 17, 18, 0, 0, 0, has_year_zero=False)
 cftime.DatetimeGregorian(2012, 10, 18, 0, 0, 0, 0, has_year_zero=False)
 cftime.DatetimeGregorian(2012, 10, 18, 6, 0, 0, 0, has_year_zero=False)
 cftime.DatetimeGregorian(2012, 10, 18, 12, 0, 0, 0, has_year_zero=False)
 cftime.DatetimeGregorian(2012, 10, 18, 18, 0, 0, 0, has_year_zero=False)
 cftime.DatetimeGregorian(2012, 10, 19, 0, 0, 0, 0, has_year_zero=False)]' standard_names='['specific_cloud_ice_water_content']'
2025-03-30 20:07:42 INFO Opening candidate '20121017_12_ecmwf_forecast.CLWC.EUR_LL015.036.ml.nc'
2025-03-30 20:07:42 INFO File '20121017_12_ecmwf_forecast.CLWC.EUR_LL015.036.ml.nc' identified as 'ml' type
2025-03-30 20:07:42 INFO Found init time '2012-10-17 12:00:00', 7 valid_times and 1 standard_names
2025-03-30 20:07:42 DEBUG valid_times='[cftime.DatetimeGregorian(2012, 10, 17, 12, 0, 0, 0, has_year_zero=False)
 cftime.DatetimeGregorian(2012, 10, 17, 18, 0, 0, 0, has_year_zero=False)
 cftime.DatetimeGregorian(2012, 10, 18, 0, 0, 0, 0, has_year_zero=False)
 cftime.DatetimeGregorian(2012, 10, 18, 6, 0, 0, 0, has_year_zero=False)
 cftime.DatetimeGregorian(2012, 10, 18, 12, 0, 0, 0, has_year_zero=False)
 cftime.DatetimeGregorian(2012, 10, 18, 18, 0, 0, 0, has_year_zero=False)
 cftime.DatetimeGregorian(2012, 10, 19, 0, 0, 0, 0, has_year_zero=False)]' standard_names='['specific_cloud_liquid_water_content']'
2025-03-30 20:07:42 INFO Opening candidate '20121017_12_ecmwf_forecast.DIV.EUR_LL015.036.ml.nc'
2025-03-30 20:07:42 INFO File '20121017_12_ecmwf_forecast.DIV.EUR_LL015.036.ml.nc' identified as 'ml' type
2025-03-30 20:07:42 INFO Found init time '2012-10-17 12:00:00', 7 valid_times and 1 standard_names
2025-03-30 20:07:42 DEBUG valid_times='[cftime.DatetimeGregorian(2012, 10, 17, 12, 0, 0, 0, has_year_zero=False)
 cftime.DatetimeGregorian(2012, 10, 17, 18, 0, 0, 0, has_year_zero=False)
 cftime.DatetimeGregorian(2012, 10, 18, 0, 0, 0, 0, has_year_zero=False)
 cftime.DatetimeGregorian(2012, 10, 18, 6, 0, 0, 0, has_year_zero=False)
 cftime.DatetimeGregorian(2012, 10, 18, 12, 0, 0, 0, has_year_zero=False)
 cftime.DatetimeGregorian(2012, 10, 18, 18, 0, 0, 0, has_year_zero=False)
 cftime.DatetimeGregorian(2012, 10, 19, 0, 0, 0, 0, has_year_zero=False)]' standard_names='['divergence_of_wind']'
2025-03-30 20:07:42 INFO Opening candidate '20121017_12_ecmwf_forecast.EMAC.EUR_LL015.036.ml.nc'
2025-03-30 20:07:42 INFO File '20121017_12_ecmwf_forecast.EMAC.EUR_LL015.036.ml.nc' identified as 'ml' type
2025-03-30 20:07:42 INFO Found init time '2012-10-17 12:00:00', 7 valid_times and 1 standard_names
2025-03-30 20:07:42 DEBUG valid_times='[cftime.DatetimeGregorian(2012, 10, 17, 12, 0, 0, 0, has_year_zero=False)
 cftime.DatetimeGregorian(2012, 10, 17, 18, 0, 0, 0, has_year_zero=False)
 cftime.DatetimeGregorian(2012, 10, 18, 0, 0, 0, 0, has_year_zero=False)
 cftime.DatetimeGregorian(2012, 10, 18, 6, 0, 0, 0, has_year_zero=False)
 cftime.DatetimeGregorian(2012, 10, 18, 12, 0, 0, 0, has_year_zero=False)
 cftime.DatetimeGregorian(2012, 10, 18, 18, 0, 0, 0, has_year_zero=False)
 cftime.DatetimeGregorian(2012, 10, 19, 0, 0, 0, 0, has_year_zero=False)]' standard_names='['emac_R12']'
2025-03-30 20:07:42 INFO Opening candidate '20121017_12_ecmwf_forecast.GPH.EUR_LL015.036.ml.nc'
2025-03-30 20:07:42 INFO File '20121017_12_ecmwf_forecast.GPH.EUR_LL015.036.ml.nc' identified as 'ml' type
2025-03-30 20:07:42 INFO Found init time '2012-10-17 12:00:00', 7 valid_times and 1 standard_names
2025-03-30 20:07:42 DEBUG valid_times='[cftime.DatetimeGregorian(2012, 10, 17, 12, 0, 0, 0, has_year_zero=False)
 cftime.DatetimeGregorian(2012, 10, 17, 18, 0, 0, 0, has_year_zero=False)
 cftime.DatetimeGregorian(2012, 10, 18, 0, 0, 0, 0, has_year_zero=False)
 cftime.DatetimeGregorian(2012, 10, 18, 6, 0, 0, 0, has_year_zero=False)
 cftime.DatetimeGregorian(2012, 10, 18, 12, 0, 0, 0, has_year_zero=False)
 cftime.DatetimeGregorian(2012, 10, 18, 18, 0, 0, 0, has_year_zero=False)
 cftime.DatetimeGregorian(2012, 10, 19, 0, 0, 0, 0, has_year_zero=False)]' standard_names='['geopotential_height']'
2025-03-30 20:07:42 INFO Opening candidate '20121017_12_ecmwf_forecast.O3.EUR_LL015.036.ml.nc'
2025-03-30 20:07:42 INFO File '20121017_12_ecmwf_forecast.O3.EUR_LL015.036.ml.nc' identified as 'ml' type
2025-03-30 20:07:42 INFO Found init time '2012-10-17 12:00:00', 7 valid_times and 1 standard_names
2025-03-30 20:07:42 DEBUG valid_times='[cftime.DatetimeGregorian(2012, 10, 17, 12, 0, 0, 0, has_year_zero=False)
 cftime.DatetimeGregorian(2012, 10, 17, 18, 0, 0, 0, has_year_zero=False)
 cftime.DatetimeGregorian(2012, 10, 18, 0, 0, 0, 0, has_year_zero=False)
 cftime.DatetimeGregorian(2012, 10, 18, 6, 0, 0, 0, has_year_zero=False)
 cftime.DatetimeGregorian(2012, 10, 18, 12, 0, 0, 0, has_year_zero=False)
 cftime.DatetimeGregorian(2012, 10, 18, 18, 0, 0, 0, has_year_zero=False)
 cftime.DatetimeGregorian(2012, 10, 19, 0, 0, 0, 0, has_year_zero=False)]' standard_names='['mole_fraction_of_ozone_in_air']'
2025-03-30 20:07:42 INFO Opening candidate '20121017_12_ecmwf_forecast.PRESSURE_LEVELS.EUR_LL015.036.pl.nc'
2025-03-30 20:07:42 INFO File '20121017_12_ecmwf_forecast.PRESSURE_LEVELS.EUR_LL015.036.pl.nc' identified as 'pl' type
2025-03-30 20:07:42 INFO Found init time '2012-10-17 12:00:00', 7 valid_times and 16 standard_names
2025-03-30 20:07:42 DEBUG valid_times='[cftime.DatetimeGregorian(2012, 10, 17, 12, 0, 0, 0, has_year_zero=False)
 cftime.DatetimeGregorian(2012, 10, 17, 18, 0, 0, 0, has_year_zero=False)
 cftime.DatetimeGregorian(2012, 10, 18, 0, 0, 0, 0, has_year_zero=False)
 cftime.DatetimeGregorian(2012, 10, 18, 6, 0, 0, 0, has_year_zero=False)
 cftime.DatetimeGregorian(2012, 10, 18, 12, 0, 0, 0, has_year_zero=False)
 cftime.DatetimeGregorian(2012, 10, 18, 18, 0, 0, 0, has_year_zero=False)
 cftime.DatetimeGregorian(2012, 10, 19, 0, 0, 0, 0, has_year_zero=False)]' standard_names='['air_potential_temperature', 'air_pressure', 'air_temperature', 'eastward_wind', 'ertel_potential_vorticity', 'geopotential_height', 'northward_wind', 'specific_humidity', 'lagrangian_tendency_of_air_pressure', 'divergence_of_wind', 'mass_fraction_of_ozone_in_air', 'mole_fraction_of_ozone_in_air', 'equivalent_latitude', 'number_of_wcb_trajectories', 'number_of_insitu_trajectories', 'number_of_mix_trajectories']'
2025-03-30 20:07:42 INFO Opening candidate '20121017_12_ecmwf_forecast.PVU.EUR_LL015.036.pv.nc'
2025-03-30 20:07:42 INFO File '20121017_12_ecmwf_forecast.PVU.EUR_LL015.036.pv.nc' identified as 'pv' type
2025-03-30 20:07:42 INFO Found init time '2012-10-17 12:00:00', 7 valid_times and 3 standard_names
2025-03-30 20:07:42 DEBUG valid_times='[cftime.DatetimeGregorian(2012, 10, 17, 12, 0, 0, 0, has_year_zero=False)
 cftime.DatetimeGregorian(2012, 10, 17, 18, 0, 0, 0, has_year_zero=False)
 cftime.DatetimeGregorian(2012, 10, 18, 0, 0, 0, 0, has_year_zero=False)
 cftime.DatetimeGregorian(2012, 10, 18, 6, 0, 0, 0, has_year_zero=False)
 cftime.DatetimeGregorian(2012, 10, 18, 12, 0, 0, 0, has_year_zero=False)
 cftime.DatetimeGregorian(2012, 10, 18, 18, 0, 0, 0, has_year_zero=False)
 cftime.DatetimeGregorian(2012, 10, 19, 0, 0, 0, 0, has_year_zero=False)]' standard_names='['air_potential_temperature', 'geopotential_height', 'air_pressure']'
2025-03-30 20:07:42 INFO Opening candidate '20121017_12_ecmwf_forecast.PV_derived.EUR_LL015.036.ml.nc'
2025-03-30 20:07:42 INFO File '20121017_12_ecmwf_forecast.PV_derived.EUR_LL015.036.ml.nc' identified as 'ml' type
2025-03-30 20:07:42 INFO Found init time '2012-10-17 12:00:00', 7 valid_times and 1 standard_names
2025-03-30 20:07:42 DEBUG valid_times='[cftime.DatetimeGregorian(2012, 10, 17, 12, 0, 0, 0, has_year_zero=False)
 cftime.DatetimeGregorian(2012, 10, 17, 18, 0, 0, 0, has_year_zero=False)
 cftime.DatetimeGregorian(2012, 10, 18, 0, 0, 0, 0, has_year_zero=False)
 cftime.DatetimeGregorian(2012, 10, 18, 6, 0, 0, 0, has_year_zero=False)
 cftime.DatetimeGregorian(2012, 10, 18, 12, 0, 0, 0, has_year_zero=False)
 cftime.DatetimeGregorian(2012, 10, 18, 18, 0, 0, 0, has_year_zero=False)
 cftime.DatetimeGregorian(2012, 10, 19, 0, 0, 0, 0, has_year_zero=False)]' standard_names='['ertel_potential_vorticity']'
2025-03-30 20:07:42 INFO Opening candidate '20121017_12_ecmwf_forecast.P_derived.EUR_LL015.036.ml.nc'
2025-03-30 20:07:42 INFO File '20121017_12_ecmwf_forecast.P_derived.EUR_LL015.036.ml.nc' identified as 'ml' type
2025-03-30 20:07:42 INFO Found init time '2012-10-17 12:00:00', 7 valid_times and 1 standard_names
2025-03-30 20:07:42 DEBUG valid_times='[cftime.DatetimeGregorian(2012, 10, 17, 12, 0, 0, 0, has_year_zero=False)
 cftime.DatetimeGregorian(2012, 10, 17, 18, 0, 0, 0, has_year_zero=False)
 cftime.DatetimeGregorian(2012, 10, 18, 0, 0, 0, 0, has_year_zero=False)
 cftime.DatetimeGregorian(2012, 10, 18, 6, 0, 0, 0, has_year_zero=False)
 cftime.DatetimeGregorian(2012, 10, 18, 12, 0, 0, 0, has_year_zero=False)
 cftime.DatetimeGregorian(2012, 10, 18, 18, 0, 0, 0, has_year_zero=False)
 cftime.DatetimeGregorian(2012, 10, 19, 0, 0, 0, 0, has_year_zero=False)]' standard_names='['air_pressure']'
2025-03-30 20:07:42 INFO Opening candidate '20121017_12_ecmwf_forecast.ProbWCB_LAGRANTO_derived.EUR_LL015.036.ml.nc'
2025-03-30 20:07:42 INFO File '20121017_12_ecmwf_forecast.ProbWCB_LAGRANTO_derived.EUR_LL015.036.ml.nc' identified as 'ml' type
2025-03-30 20:07:42 INFO Found init time '2012-10-17 12:00:00', 7 valid_times and 1 standard_names
2025-03-30 20:07:42 DEBUG valid_times='[cftime.DatetimeGregorian(2012, 10, 17, 12, 0, 0, 0, has_year_zero=False)
 cftime.DatetimeGregorian(2012, 10, 17, 18, 0, 0, 0, has_year_zero=False)
 cftime.DatetimeGregorian(2012, 10, 18, 0, 0, 0, 0, has_year_zero=False)
 cftime.DatetimeGregorian(2012, 10, 18, 6, 0, 0, 0, has_year_zero=False)
 cftime.DatetimeGregorian(2012, 10, 18, 12, 0, 0, 0, has_year_zero=False)
 cftime.DatetimeGregorian(2012, 10, 18, 18, 0, 0, 0, has_year_zero=False)
 cftime.DatetimeGregorian(2012, 10, 19, 0, 0, 0, 0, has_year_zero=False)]' standard_names='['probability_of_wcb_occurrence']'
2025-03-30 20:07:42 INFO Opening candidate '20121017_12_ecmwf_forecast.ProbWCB_LAGRANTO_derived.EUR_LL015.036.sfc.nc'
2025-03-30 20:07:42 INFO File '20121017_12_ecmwf_forecast.ProbWCB_LAGRANTO_derived.EUR_LL015.036.sfc.nc' identified as 'sfc' type
2025-03-30 20:07:42 INFO Found init time '2012-10-17 12:00:00', 7 valid_times and 1 standard_names
2025-03-30 20:07:42 DEBUG valid_times='[cftime.DatetimeGregorian(2012, 10, 17, 12, 0, 0, 0, has_year_zero=False)
 cftime.DatetimeGregorian(2012, 10, 17, 18, 0, 0, 0, has_year_zero=False)
 cftime.DatetimeGregorian(2012, 10, 18, 0, 0, 0, 0, has_year_zero=False)
 cftime.DatetimeGregorian(2012, 10, 18, 6, 0, 0, 0, has_year_zero=False)
 cftime.DatetimeGregorian(2012, 10, 18, 12, 0, 0, 0, has_year_zero=False)
 cftime.DatetimeGregorian(2012, 10, 18, 18, 0, 0, 0, has_year_zero=False)
 cftime.DatetimeGregorian(2012, 10, 19, 0, 0, 0, 0, has_year_zero=False)]' standard_names='['vertically_integrated_probability_of_wcb_occurrence']'
2025-03-30 20:07:42 INFO Opening candidate '20121017_12_ecmwf_forecast.Q.EUR_LL015.036.ml.nc'
2025-03-30 20:07:42 INFO File '20121017_12_ecmwf_forecast.Q.EUR_LL015.036.ml.nc' identified as 'ml' type
2025-03-30 20:07:42 INFO Found init time '2012-10-17 12:00:00', 7 valid_times and 1 standard_names
2025-03-30 20:07:42 DEBUG valid_times='[cftime.DatetimeGregorian(2012, 10, 17, 12, 0, 0, 0, has_year_zero=False)
 cftime.DatetimeGregorian(2012, 10, 17, 18, 0, 0, 0, has_year_zero=False)
 cftime.DatetimeGregorian(2012, 10, 18, 0, 0, 0, 0, has_year_zero=False)
 cftime.DatetimeGregorian(2012, 10, 18, 6, 0, 0, 0, has_year_zero=False)
 cftime.DatetimeGregorian(2012, 10, 18, 12, 0, 0, 0, has_year_zero=False)
 cftime.DatetimeGregorian(2012, 10, 18, 18, 0, 0, 0, has_year_zero=False)
 cftime.DatetimeGregorian(2012, 10, 19, 0, 0, 0, 0, has_year_zero=False)]' standard_names='['specific_humidity']'
2025-03-30 20:07:42 INFO Opening candidate '20121017_12_ecmwf_forecast.SEA.EUR_LL015.036.sfc.nc'
2025-03-30 20:07:42 INFO File '20121017_12_ecmwf_forecast.SEA.EUR_LL015.036.sfc.nc' identified as 'sfc' type
2025-03-30 20:07:42 INFO Found init time '2012-10-17 12:00:00', 7 valid_times and 1 standard_names
2025-03-30 20:07:42 DEBUG valid_times='[cftime.DatetimeGregorian(2012, 10, 17, 12, 0, 0, 0, has_year_zero=False)
 cftime.DatetimeGregorian(2012, 10, 17, 18, 0, 0, 0, has_year_zero=False)
 cftime.DatetimeGregorian(2012, 10, 18, 0, 0, 0, 0, has_year_zero=False)
 cftime.DatetimeGregorian(2012, 10, 18, 6, 0, 0, 0, has_year_zero=False)
 cftime.DatetimeGregorian(2012, 10, 18, 12, 0, 0, 0, has_year_zero=False)
 cftime.DatetimeGregorian(2012, 10, 18, 18, 0, 0, 0, has_year_zero=False)
 cftime.DatetimeGregorian(2012, 10, 19, 0, 0, 0, 0, has_year_zero=False)]' standard_names='['solar_elevation_angle']'
2025-03-30 20:07:42 INFO Opening candidate '20121017_12_ecmwf_forecast.SFC.EUR_LL015.036.sfc.nc'
2025-03-30 20:07:42 INFO File '20121017_12_ecmwf_forecast.SFC.EUR_LL015.036.sfc.nc' identified as 'sfc' type
2025-03-30 20:07:42 INFO Found init time '2012-10-17 12:00:00', 7 valid_times and 15 standard_names
2025-03-30 20:07:42 DEBUG valid_times='[cftime.DatetimeGregorian(2012, 10, 17, 12, 0, 0, 0, has_year_zero=False)
 cftime.DatetimeGregorian(2012, 10, 17, 18, 0, 0, 0, has_year_zero=False)
 cftime.DatetimeGregorian(2012, 10, 18, 0, 0, 0, 0, has_year_zero=False)
 cftime.DatetimeGregorian(2012, 10, 18, 6, 0, 0, 0, has_year_zero=False)
 cftime.DatetimeGregorian(2012, 10, 18, 12, 0, 0, 0, has_year_zero=False)
 cftime.DatetimeGregorian(2012, 10, 18, 18, 0, 0, 0, has_year_zero=False)
 cftime.DatetimeGregorian(2012, 10, 19, 0, 0, 0, 0, has_year_zero=False)]' standard_names='['surface_geopotential', 'air_pressure_at_sea_level', 'total_cloud_cover', 'land_binary_mask', 'low_cloud_area_fraction', 'medium_cloud_area_fraction', 'high_cloud_area_fraction', 'surface_eastward_wind', 'surface_northward_wind', 'sea_ice_area_fraction', 'msg_brightness_temperature_108', 'atmosphere_boundary_layer_thickness', 'emac_column_density', 'tropopause_altitude', 'secondary_tropopause_altitude']'
2025-03-30 20:07:42 INFO Opening candidate '20121017_12_ecmwf_forecast.T.EUR_LL015.036.ml.nc'
2025-03-30 20:07:42 INFO File '20121017_12_ecmwf_forecast.T.EUR_LL015.036.ml.nc' identified as 'ml' type
2025-03-30 20:07:42 INFO Found init time '2012-10-17 12:00:00', 7 valid_times and 1 standard_names
2025-03-30 20:07:42 DEBUG valid_times='[cftime.DatetimeGregorian(2012, 10, 17, 12, 0, 0, 0, has_year_zero=False)
 cftime.DatetimeGregorian(2012, 10, 17, 18, 0, 0, 0, has_year_zero=False)
 cftime.DatetimeGregorian(2012, 10, 18, 0, 0, 0, 0, has_year_zero=False)
 cftime.DatetimeGregorian(2012, 10, 18, 6, 0, 0, 0, has_year_zero=False)
 cftime.DatetimeGregorian(2012, 10, 18, 12, 0, 0, 0, has_year_zero=False)
 cftime.DatetimeGregorian(2012, 10, 18, 18, 0, 0, 0, has_year_zero=False)
 cftime.DatetimeGregorian(2012, 10, 19, 0, 0, 0, 0, has_year_zero=False)]' standard_names='['air_temperature']'
2025-03-30 20:07:42 INFO Opening candidate '20121017_12_ecmwf_forecast.THETA.EUR_LL015.036.ml.nc'
2025-03-30 20:07:42 INFO File '20121017_12_ecmwf_forecast.THETA.EUR_LL015.036.ml.nc' identified as 'ml' type
2025-03-30 20:07:42 INFO Found init time '2012-10-17 12:00:00', 7 valid_times and 1 standard_names
2025-03-30 20:07:42 DEBUG valid_times='[cftime.DatetimeGregorian(2012, 10, 17, 12, 0, 0, 0, has_year_zero=False)
 cftime.DatetimeGregorian(2012, 10, 17, 18, 0, 0, 0, has_year_zero=False)
 cftime.DatetimeGregorian(2012, 10, 18, 0, 0, 0, 0, has_year_zero=False)
 cftime.DatetimeGregorian(2012, 10, 18, 6, 0, 0, 0, has_year_zero=False)
 cftime.DatetimeGregorian(2012, 10, 18, 12, 0, 0, 0, has_year_zero=False)
 cftime.DatetimeGregorian(2012, 10, 18, 18, 0, 0, 0, has_year_zero=False)
 cftime.DatetimeGregorian(2012, 10, 19, 0, 0, 0, 0, has_year_zero=False)]' standard_names='['air_potential_temperature']'
2025-03-30 20:07:42 INFO Opening candidate '20121017_12_ecmwf_forecast.THETA_LEVELS.EUR_LL015.036.tl.nc'
2025-03-30 20:07:42 INFO File '20121017_12_ecmwf_forecast.THETA_LEVELS.EUR_LL015.036.tl.nc' identified as 'tl' type
2025-03-30 20:07:42 INFO Found init time '2012-10-17 12:00:00', 7 valid_times and 3 standard_names
2025-03-30 20:07:42 DEBUG valid_times='[cftime.DatetimeGregorian(2012, 10, 17, 12, 0, 0, 0, has_year_zero=False)
 cftime.DatetimeGregorian(2012, 10, 17, 18, 0, 0, 0, has_year_zero=False)
 cftime.DatetimeGregorian(2012, 10, 18, 0, 0, 0, 0, has_year_zero=False)
 cftime.DatetimeGregorian(2012, 10, 18, 6, 0, 0, 0, has_year_zero=False)
 cftime.DatetimeGregorian(2012, 10, 18, 12, 0, 0, 0, has_year_zero=False)
 cftime.DatetimeGregorian(2012, 10, 18, 18, 0, 0, 0, has_year_zero=False)
 cftime.DatetimeGregorian(2012, 10, 19, 0, 0, 0, 0, has_year_zero=False)]' standard_names='['air_pressure', 'ertel_potential_vorticity', 'mole_fraction_of_ozone_in_air']'
2025-03-30 20:07:42 INFO Opening candidate '20121017_12_ecmwf_forecast.U.EUR_LL015.036.ml.nc'
2025-03-30 20:07:42 INFO File '20121017_12_ecmwf_forecast.U.EUR_LL015.036.ml.nc' identified as 'ml' type
2025-03-30 20:07:42 INFO Found init time '2012-10-17 12:00:00', 7 valid_times and 1 standard_names
2025-03-30 20:07:42 DEBUG valid_times='[cftime.DatetimeGregorian(2012, 10, 17, 12, 0, 0, 0, has_year_zero=False)
 cftime.DatetimeGregorian(2012, 10, 17, 18, 0, 0, 0, has_year_zero=False)
 cftime.DatetimeGregorian(2012, 10, 18, 0, 0, 0, 0, has_year_zero=False)
 cftime.DatetimeGregorian(2012, 10, 18, 6, 0, 0, 0, has_year_zero=False)
 cftime.DatetimeGregorian(2012, 10, 18, 12, 0, 0, 0, has_year_zero=False)
 cftime.DatetimeGregorian(2012, 10, 18, 18, 0, 0, 0, has_year_zero=False)
 cftime.DatetimeGregorian(2012, 10, 19, 0, 0, 0, 0, has_year_zero=False)]' standard_names='['eastward_wind']'
2025-03-30 20:07:42 INFO Opening candidate '20121017_12_ecmwf_forecast.V.EUR_LL015.036.ml.nc'
2025-03-30 20:07:42 INFO File '20121017_12_ecmwf_forecast.V.EUR_LL015.036.ml.nc' identified as 'ml' type
2025-03-30 20:07:42 INFO Found init time '2012-10-17 12:00:00', 7 valid_times and 1 standard_names
2025-03-30 20:07:42 DEBUG valid_times='[cftime.DatetimeGregorian(2012, 10, 17, 12, 0, 0, 0, has_year_zero=False)
 cftime.DatetimeGregorian(2012, 10, 17, 18, 0, 0, 0, has_year_zero=False)
 cftime.DatetimeGregorian(2012, 10, 18, 0, 0, 0, 0, has_year_zero=False)
 cftime.DatetimeGregorian(2012, 10, 18, 6, 0, 0, 0, has_year_zero=False)
 cftime.DatetimeGregorian(2012, 10, 18, 12, 0, 0, 0, has_year_zero=False)
 cftime.DatetimeGregorian(2012, 10, 18, 18, 0, 0, 0, has_year_zero=False)
 cftime.DatetimeGregorian(2012, 10, 19, 0, 0, 0, 0, has_year_zero=False)]' standard_names='['northward_wind']'
2025-03-30 20:07:42 INFO Opening candidate '20121017_12_ecmwf_forecast.W.EUR_LL015.036.ml.nc'
2025-03-30 20:07:42 INFO File '20121017_12_ecmwf_forecast.W.EUR_LL015.036.ml.nc' identified as 'ml' type
2025-03-30 20:07:42 INFO Found init time '2012-10-17 12:00:00', 7 valid_times and 1 standard_names
2025-03-30 20:07:42 DEBUG valid_times='[cftime.DatetimeGregorian(2012, 10, 17, 12, 0, 0, 0, has_year_zero=False)
 cftime.DatetimeGregorian(2012, 10, 17, 18, 0, 0, 0, has_year_zero=False)
 cftime.DatetimeGregorian(2012, 10, 18, 0, 0, 0, 0, has_year_zero=False)
 cftime.DatetimeGregorian(2012, 10, 18, 6, 0, 0, 0, has_year_zero=False)
 cftime.DatetimeGregorian(2012, 10, 18, 12, 0, 0, 0, has_year_zero=False)
 cftime.DatetimeGregorian(2012, 10, 18, 18, 0, 0, 0, has_year_zero=False)
 cftime.DatetimeGregorian(2012, 10, 19, 0, 0, 0, 0, has_year_zero=False)]' standard_names='['lagrangian_tendency_of_air_pressure']'
2025-03-30 20:07:42 DEBUG using plot object 'MSLP'
2025-03-30 20:07:42 DEBUG 	figure size (800, 600) in pixels
2025-03-30 20:07:42 DEBUG 	requested initialisation time 2012-10-17 12:00:00
2025-03-30 20:07:42 DEBUG 	requested forecast valid time 2012-10-17 12:00:00
2025-03-30 20:07:42 DEBUG 	variable 'air_pressure_at_sea_level' requires input file '20121017_12_ecmwf_forecast.SFC.EUR_LL015.036.sfc.nc'
2025-03-30 20:07:42 DEBUG 	variable 'surface_eastward_wind' requires input file '20121017_12_ecmwf_forecast.SFC.EUR_LL015.036.sfc.nc'
2025-03-30 20:07:42 DEBUG 	variable 'surface_northward_wind' requires input file '20121017_12_ecmwf_forecast.SFC.EUR_LL015.036.sfc.nc'
2025-03-30 20:07:42 DEBUG opening datasets.
2025-03-30 20:07:42 DEBUG 	identified variable <air_pressure_at_sea_level> for field <air_pressure_at_sea_level>
2025-03-30 20:07:42 DEBUG 	identified variable <surface_eastward_wind> for field <surface_eastward_wind>
2025-03-30 20:07:42 DEBUG 	identified variable <surface_northward_wind> for field <surface_northward_wind>
2025-03-30 20:07:42 DEBUG loading data for time step 0 (2012-10-17 12:00:00), level index None (level None)
2025-03-30 20:07:42 DEBUG 	Loaded 0.02 Mbytes from data field <air_pressure_at_sea_level>.
2025-03-30 20:07:42 DEBUG 	Loaded 0.02 Mbytes from data field <surface_eastward_wind>.
2025-03-30 20:07:42 DEBUG 	Loaded 0.02 Mbytes from data field <surface_northward_wind>.
2025-03-30 20:07:42 DEBUG Loaded data (required time 0:00:00.001251).
2025-03-30 20:07:42 DEBUG Plotting horizontal section.
2025-03-30 20:07:42 DEBUG Identified CRS 'mss:merc,40' as '{'basemap': {'projection': 'merc', 'lat_ts': '40'}, 'bbox': 'degree'}'
2025-03-30 20:07:42 DEBUG Identified CRS 'mss:merc,40' as '{'basemap': {'projection': 'merc', 'lat_ts': '40'}, 'bbox': 'degree'}'
2025-03-30 20:07:42 DEBUG plotting data..
2025-03-30 20:07:42 DEBUG preparing additional data fields..
2025-03-30 20:07:42 DEBUG creating figure..
2025-03-30 20:07:42 DEBUG 	with frame and legends
2025-03-30 20:07:42 DEBUG shifting data grid to leftmost longitude in map -22..
2025-03-30 20:07:42 DEBUG converting image to indexed palette.
2025-03-30 20:07:42 DEBUG saving figure as non-transparent PNG.
2025-03-30 20:07:43 DEBUG returning figure..
2025-03-30 20:07:43 DEBUG Finished plotting (required time 0:00:00.489259; total time 0:00:00.490510).

2025-03-30 20:07:43 DEBUG No user settings found, using default settings
2025-03-30 20:07:43 INFO Files identified for domain 'EUR_LL015': ['20121017_12_ecmwf_forecast.ALTITUDE_LEVELS.EUR_LL015.036.al.nc', '20121017_12_ecmwf_forecast.CC.EUR_LL015.036.ml.nc', '20121017_12_ecmwf_forecast.CIWC.EUR_LL015.036.ml.nc', '20121017_12_ecmwf_forecast.CLWC.EUR_LL015.036.ml.nc', '20121017_12_ecmwf_forecast.DIV.EUR_LL015.036.ml.nc', '20121017_12_ecmwf_forecast.EMAC.EUR_LL015.036.ml.nc', '20121017_12_ecmwf_forecast.GPH.EUR_LL015.036.ml.nc', '20121017_12_ecmwf_forecast.O3.EUR_LL015.036.ml.nc', '20121017_12_ecmwf_forecast.PRESSURE_LEVELS.EUR_LL015.036.pl.nc', '20121017_12_ecmwf_forecast.PVU.EUR_LL015.036.pv.nc', '20121017_12_ecmwf_forecast.PV_derived.EUR_LL015.036.ml.nc', '20121017_12_ecmwf_forecast.P_derived.EUR_LL015.036.ml.nc', '20121017_12_ecmwf_forecast.ProbWCB_LAGRANTO_derived.EUR_LL015.036.ml.nc', '20121017_12_ecmwf_forecast.ProbWCB_LAGRANTO_derived.EUR_LL015.036.sfc.nc', '20121017_12_ecmwf_forecast.Q.EUR_LL015.036.ml.nc', '20121017_12_ecmwf_forecast.SEA.EUR_LL015.036.sfc.nc', '20121017_12_ecmwf_forecast.SFC.EUR_LL015.036.sfc.nc', '20121017_12_ecmwf_forecast.T.EUR_LL015.036.ml.nc', '20121017_12_ecmwf_forecast.THETA.EUR_LL015.036.ml.nc', '20121017_12_ecmwf_forecast.THETA_LEVELS.EUR_LL015.036.tl.nc', '20121017_12_ecmwf_forecast.U.EUR_LL015.036.ml.nc', '20121017_12_ecmwf_forecast.V.EUR_LL015.036.ml.nc', '20121017_12_ecmwf_forecast.W.EUR_LL015.036.ml.nc']
2025-03-30 20:07:43 INFO Opening candidate '20121017_12_ecmwf_forecast.ALTITUDE_LEVELS.EUR_LL015.036.al.nc'
2025-03-30 20:07:43 INFO File '20121017_12_ecmwf_forecast.ALTITUDE_LEVELS.EUR_LL015.036.al.nc' identified as 'al' type
2025-03-30 20:07:43 INFO Found init time '2012-10-17 12:00:00', 7 valid_times and 3 standard_names
2025-03-30 20:07:43 DEBUG valid_times='[cftime.DatetimeGregorian(2012, 10, 17, 12, 0, 0, 0, has_year_zero=False)
 cftime.DatetimeGregorian(2012, 10, 17, 18, 0, 0, 0, has_year_zero=False)
 cftime.DatetimeGregorian(2012, 10, 18, 0, 0, 0, 0, has_year_zero=False)
 cftime.DatetimeGregorian(2012, 10, 18, 6, 0, 0, 0, has_year_zero=False)
 cftime.DatetimeGregorian(2012, 10, 18, 12, 0, 0, 0, has_year_zero=False)
 cftime.DatetimeGregorian(2012, 10, 18, 18, 0, 0, 0, has_year_zero=False)
 cftime.DatetimeGregorian(2012, 10, 19, 0, 0, 0, 0, has_year_zero=False)]' standard_names='['air_pressure', 'ertel_potential_vorticity', 'mole_fraction_of_ozone_in_air']'
2025-03-30 20:07:43 INFO Opening candidate '20121017_12_ecmwf_forecast.CC.EUR_LL015.036.ml.nc'
2025-03-30 20:07:43 INFO File '20121017_12_ecmwf_forecast.CC.EUR_LL015.036.ml.nc' identified as 'ml' type
2025-03-30 20:07:43 INFO Found init time '2012-10-17 12:00:00', 7 valid_times and 1 standard_names
2025-03-30 20:07:43 DEBUG valid_times='[cftime.DatetimeGregorian(2012, 10, 17, 12, 0, 0, 0, has_year_zero=False)
 cftime.DatetimeGregorian(2012, 10, 17, 18, 0, 0, 0, has_year_zero=False)
 cftime.DatetimeGregorian(2012, 10, 18, 0, 0, 0, 0, has_year_zero=False)
 cftime.DatetimeGregorian(2012, 10, 18, 6, 0, 0, 0, has_year_zero=False)
 cftime.DatetimeGregorian(2012, 10, 18, 12, 0, 0, 0, has_year_zero=False)
 cftime.DatetimeGregorian(2012, 10, 18, 18, 0, 0, 0, has_year_zero=False)
 cftime.DatetimeGregorian(2012, 10, 19, 0, 0, 0, 0, has_year_zero=False)]' standard_names='['cloud_area_fraction_in_atmosphere_layer']'
2025-03-30 20:07:43 INFO Opening candidate '20121017_12_ecmwf_forecast.CIWC.EUR_LL015.036.ml.nc'
2025-03-30 20:07:43 INFO File '20121017_12_ecmwf_forecast.CIWC.EUR_LL015.036.ml.nc' identified as 'ml' type
2025-03-30 20:07:43 INFO Found init time '2012-10-17 12:00:00', 7 valid_times and 1 standard_names
2025-03-30 20:07:43 DEBUG valid_times='[cftime.DatetimeGregorian(2012, 10, 17, 12, 0, 0, 0, has_year_zero=False)
 cftime.DatetimeGregorian(2012, 10, 17, 18, 0, 0, 0, has_year_zero=False)
 cftime.DatetimeGregorian(2012, 10, 18, 0, 0, 0, 0, has_year_zero=False)
 cftime.DatetimeGregorian(2012, 10, 18, 6, 0, 0, 0, has_year_zero=False)
 cftime.DatetimeGregorian(2012, 10, 18, 12, 0, 0, 0, has_year_zero=False)
 cftime.DatetimeGregorian(2012, 10, 18, 18, 0, 0, 0, has_year_zero=False)
 cftime.DatetimeGregorian(2012, 10, 19, 0, 0, 0, 0, has_year_zero=False)]' standard_names='['specific_cloud_ice_water_content']'
2025-03-30 20:07:43 INFO Opening candidate '20121017_12_ecmwf_forecast.CLWC.EUR_LL015.036.ml.nc'
2025-03-30 20:07:43 INFO File '20121017_12_ecmwf_forecast.CLWC.EUR_LL015.036.ml.nc' identified as 'ml' type
2025-03-30 20:07:43 INFO Found init time '2012-10-17 12:00:00', 7 valid_times and 1 standard_names
2025-03-30 20:07:43 DEBUG valid_times='[cftime.DatetimeGregorian(2012, 10, 17, 12, 0, 0, 0, has_year_zero=False)
 cftime.DatetimeGregorian(2012, 10, 17, 18, 0, 0, 0, has_year_zero=False)
 cftime.DatetimeGregorian(2012, 10, 18, 0, 0, 0, 0, has_year_zero=False)
 cftime.DatetimeGregorian(2012, 10, 18, 6, 0, 0, 0, has_year_zero=False)
 cftime.DatetimeGregorian(2012, 10, 18, 12, 0, 0, 0, has_year_zero=False)
 cftime.DatetimeGregorian(2012, 10, 18, 18, 0, 0, 0, has_year_zero=False)
 cftime.DatetimeGregorian(2012, 10, 19, 0, 0, 0, 0, has_year_zero=False)]' standard_names='['specific_cloud_liquid_water_content']'
2025-03-30 20:07:43 INFO Opening candidate '20121017_12_ecmwf_forecast.DIV.EUR_LL015.036.ml.nc'
2025-03-30 20:07:43 INFO File '20121017_12_ecmwf_forecast.DIV.EUR_LL015.036.ml.nc' identified as 'ml' type
2025-03-30 20:07:43 INFO Found init time '2012-10-17 12:00:00', 7 valid_times and 1 standard_names
2025-03-30 20:07:43 DEBUG valid_times='[cftime.DatetimeGregorian(2012, 10, 17, 12, 0, 0, 0, has_year_zero=False)
 cftime.DatetimeGregorian(2012, 10, 17, 18, 0, 0, 0, has_year_zero=False)
 cftime.DatetimeGregorian(2012, 10, 18, 0, 0, 0, 0, has_year_zero=False)
 cftime.DatetimeGregorian(2012, 10, 18, 6, 0, 0, 0, has_year_zero=False)
 cftime.DatetimeGregorian(2012, 10, 18, 12, 0, 0, 0, has_year_zero=False)
 cftime.DatetimeGregorian(2012, 10, 18, 18, 0, 0, 0, has_year_zero=False)
 cftime.DatetimeGregorian(2012, 10, 19, 0, 0, 0, 0, has_year_zero=False)]' standard_names='['divergence_of_wind']'
2025-03-30 20:07:43 INFO Opening candidate '20121017_12_ecmwf_forecast.EMAC.EUR_LL015.036.ml.nc'
2025-03-30 20:07:43 INFO File '20121017_12_ecmwf_forecast.EMAC.EUR_LL015.036.ml.nc' identified as 'ml' type
2025-03-30 20:07:43 INFO Found init time '2012-10-17 12:00:00', 7 valid_times and 1 standard_names
2025-03-30 20:07:43 DEBUG valid_times='[cftime.DatetimeGregorian(2012, 10, 17, 12, 0, 0, 0, has_year_zero=False)
 cftime.DatetimeGregorian(2012, 10, 17, 18, 0, 0, 0, has_year_zero=False)
 cftime.DatetimeGregorian(2012, 10, 18, 0, 0, 0, 0, has_year_zero=False)
 cftime.DatetimeGregorian(2012, 10, 18, 6, 0, 0, 0, has_year_zero=False)
 cftime.DatetimeGregorian(2012, 10, 18, 12, 0, 0, 0, has_year_zero=False)
 cftime.DatetimeGregorian(2012, 10, 18, 18, 0, 0, 0, has_year_zero=False)
 cftime.DatetimeGregorian(2012, 10, 19, 0, 0, 0, 0, has_year_zero=False)]' standard_names='['emac_R12']'
2025-03-30 20:07:43 INFO Opening candidate '20121017_12_ecmwf_forecast.GPH.EUR_LL015.036.ml.nc'
2025-03-30 20:07:43 INFO File '20121017_12_ecmwf_forecast.GPH.EUR_LL015.036.ml.nc' identified as 'ml' type
2025-03-30 20:07:43 INFO Found init time '2012-10-17 12:00:00', 7 valid_times and 1 standard_names
2025-03-30 20:07:43 DEBUG valid_times='[cftime.DatetimeGregorian(2012, 10, 17, 12, 0, 0, 0, has_year_zero=False)
 cftime.DatetimeGregorian(2012, 10, 17, 18, 0, 0, 0, has_year_zero=False)
 cftime.DatetimeGregorian(2012, 10, 18, 0, 0, 0, 0, has_year_zero=False)
 cftime.DatetimeGregorian(2012, 10, 18, 6, 0, 0, 0, has_year_zero=False)
 cftime.DatetimeGregorian(2012, 10, 18, 12, 0, 0, 0, has_year_zero=False)
 cftime.DatetimeGregorian(2012, 10, 18, 18, 0, 0, 0, has_year_zero=False)
 cftime.DatetimeGregorian(2012, 10, 19, 0, 0, 0, 0, has_year_zero=False)]' standard_names='['geopotential_height']'
2025-03-30 20:07:43 INFO Opening candidate '20121017_12_ecmwf_forecast.O3.EUR_LL015.036.ml.nc'
2025-03-30 20:07:43 INFO File '20121017_12_ecmwf_forecast.O3.EUR_LL015.036.ml.nc' identified as 'ml' type
2025-03-30 20:07:43 INFO Found init time '2012-10-17 12:00:00', 7 valid_times and 1 standard_names
2025-03-30 20:07:43 DEBUG valid_times='[cftime.DatetimeGregorian(2012, 10, 17, 12, 0, 0, 0, has_year_zero=False)
 cftime.DatetimeGregorian(2012, 10, 17, 18, 0, 0, 0, has_year_zero=False)
 cftime.DatetimeGregorian(2012, 10, 18, 0, 0, 0, 0, has_year_zero=False)
 cftime.DatetimeGregorian(2012, 10, 18, 6, 0, 0, 0, has_year_zero=False)
 cftime.DatetimeGregorian(2012, 10, 18, 12, 0, 0, 0, has_year_zero=False)
 cftime.DatetimeGregorian(2012, 10, 18, 18, 0, 0, 0, has_year_zero=False)
 cftime.DatetimeGregorian(2012, 10, 19, 0, 0, 0, 0, has_year_zero=False)]' standard_names='['mole_fraction_of_ozone_in_air']'
2025-03-30 20:07:43 INFO Opening candidate '20121017_12_ecmwf_forecast.PRESSURE_LEVELS.EUR_LL015.036.pl.nc'
2025-03-30 20:07:43 INFO File '20121017_12_ecmwf_forecast.PRESSURE_LEVELS.EUR_LL015.036.pl.nc' identified as 'pl' type
2025-03-30 20:07:43 INFO Found init time '2012-10-17 12:00:00', 7 valid_times and 16 standard_names
2025-03-30 20:07:43 DEBUG valid_times='[cftime.DatetimeGregorian(2012, 10, 17, 12, 0, 0, 0, has_year_zero=False)
 cftime.DatetimeGregorian(2012, 10, 17, 18, 0, 0, 0, has_year_zero=False)
 cftime.DatetimeGregorian(2012, 10, 18, 0, 0, 0, 0, has_year_zero=False)
 cftime.DatetimeGregorian(2012, 10, 18, 6, 0, 0, 0, has_year_zero=False)
 cftime.DatetimeGregorian(2012, 10, 18, 12, 0, 0, 0, has_year_zero=False)
 cftime.DatetimeGregorian(2012, 10, 18, 18, 0, 0, 0, has_year_zero=False)
 cftime.DatetimeGregorian(2012, 10, 19, 0, 0, 0, 0, has_year_zero=False)]' standard_names='['air_potential_temperature', 'air_pressure', 'air_temperature', 'eastward_wind', 'ertel_potential_vorticity', 'geopotential_height', 'northward_wind', 'specific_humidity', 'lagrangian_tendency_of_air_pressure', 'divergence_of_wind', 'mass_fraction_of_ozone_in_air', 'mole_fraction_of_ozone_in_air', 'equivalent_latitude', 'number_of_wcb_trajectories', 'number_of_insitu_trajectories', 'number_of_mix_trajectories']'
2025-03-30 20:07:43 INFO Opening candidate '20121017_12_ecmwf_forecast.PVU.EUR_LL015.036.pv.nc'
2025-03-30 20:07:43 INFO File '20121017_12_ecmwf_forecast.PVU.EUR_LL015.036.pv.nc' identified as 'pv' type
2025-03-30 20:07:43 INFO Found init time '2012-10-17 12:00:00', 7 valid_times and 3 standard_names
2025-03-30 20:07:43 DEBUG valid_times='[cftime.DatetimeGregorian(2012, 10, 17, 12, 0, 0, 0, has_year_zero=False)
 cftime.DatetimeGregorian(2012, 10, 17, 18, 0, 0, 0, has_year_zero=False)
 cftime.DatetimeGregorian(2012, 10, 18, 0, 0, 0, 0, has_year_zero=False)
 cftime.DatetimeGregorian(2012, 10, 18, 6, 0, 0, 0, has_year_zero=False)
 cftime.DatetimeGregorian(2012, 10, 18, 12, 0, 0, 0, has_year_zero=False)
 cftime.DatetimeGregorian(2012, 10, 18, 18, 0, 0, 0, has_year_zero=False)
 cftime.DatetimeGregorian(2012, 10, 19, 0, 0, 0, 0, has_year_zero=False)]' standard_names='['air_potential_temperature', 'geopotential_height', 'air_pressure']'
2025-03-30 20:07:43 INFO Opening candidate '20121017_12_ecmwf_forecast.PV_derived.EUR_LL015.036.ml.nc'
2025-03-30 20:07:43 INFO File '20121017_12_ecmwf_forecast.PV_derived.EUR_LL015.036.ml.nc' identified as 'ml' type
2025-03-30 20:07:43 INFO Found init time '2012-10-17 12:00:00', 7 valid_times and 1 standard_names
2025-03-30 20:07:43 DEBUG valid_times='[cftime.DatetimeGregorian(2012, 10, 17, 12, 0, 0, 0, has_year_zero=False)
 cftime.DatetimeGregorian(2012, 10, 17, 18, 0, 0, 0, has_year_zero=False)
 cftime.DatetimeGregorian(2012, 10, 18, 0, 0, 0, 0, has_year_zero=False)
 cftime.DatetimeGregorian(2012, 10, 18, 6, 0, 0, 0, has_year_zero=False)
 cftime.DatetimeGregorian(2012, 10, 18, 12, 0, 0, 0, has_year_zero=False)
 cftime.DatetimeGregorian(2012, 10, 18, 18, 0, 0, 0, has_year_zero=False)
 cftime.DatetimeGregorian(2012, 10, 19, 0, 0, 0, 0, has_year_zero=False)]' standard_names='['ertel_potential_vorticity']'
2025-03-30 20:07:43 INFO Opening candidate '20121017_12_ecmwf_forecast.P_derived.EUR_LL015.036.ml.nc'
2025-03-30 20:07:43 INFO File '20121017_12_ecmwf_forecast.P_derived.EUR_LL015.036.ml.nc' identified as 'ml' type
2025-03-30 20:07:43 INFO Found init time '2012-10-17 12:00:00', 7 valid_times and 1 standard_names
2025-03-30 20:07:43 DEBUG valid_times='[cftime.DatetimeGregorian(2012, 10, 17, 12, 0, 0, 0, has_year_zero=False)
 cftime.DatetimeGregorian(2012, 10, 17, 18, 0, 0, 0, has_year_zero=False)
 cftime.DatetimeGregorian(2012, 10, 18, 0, 0, 0, 0, has_year_zero=False)
 cftime.DatetimeGregorian(2012, 10, 18, 6, 0, 0, 0, has_year_zero=False)
 cftime.DatetimeGregorian(2012, 10, 18, 12, 0, 0, 0, has_year_zero=False)
 cftime.DatetimeGregorian(2012, 10, 18, 18, 0, 0, 0, has_year_zero=False)
 cftime.DatetimeGregorian(2012, 10, 19, 0, 0, 0, 0, has_year_zero=False)]' standard_names='['air_pressure']'
2025-03-30 20:07:43 INFO Opening candidate '20121017_12_ecmwf_forecast.ProbWCB_LAGRANTO_derived.EUR_LL015.036.ml.nc'
2025-03-30 20:07:43 INFO File '20121017_12_ecmwf_forecast.ProbWCB_LAGRANTO_derived.EUR_LL015.036.ml.nc' identified as 'ml' type
2025-03-30 20:07:43 INFO Found init time '2012-10-17 12:00:00', 7 valid_times and 1 standard_names
2025-03-30 20:07:43 DEBUG valid_times='[cftime.DatetimeGregorian(2012, 10, 17, 12, 0, 0, 0, has_year_zero=False)
 cftime.DatetimeGregorian(2012, 10, 17, 18, 0, 0, 0, has_year_zero=False)
 cftime.DatetimeGregorian(2012, 10, 18, 0, 0, 0, 0, has_year_zero=False)
 cftime.DatetimeGregorian(2012, 10, 18, 6, 0, 0, 0, has_year_zero=False)
 cftime.DatetimeGregorian(2012, 10, 18, 12, 0, 0, 0, has_year_zero=False)
 cftime.DatetimeGregorian(2012, 10, 18, 18, 0, 0, 0, has_year_zero=False)
 cftime.DatetimeGregorian(2012, 10, 19, 0, 0, 0, 0, has_year_zero=False)]' standard_names='['probability_of_wcb_occurrence']'
2025-03-30 20:07:43 INFO Opening candidate '20121017_12_ecmwf_forecast.ProbWCB_LAGRANTO_derived.EUR_LL015.036.sfc.nc'
2025-03-30 20:07:43 INFO File '20121017_12_ecmwf_forecast.ProbWCB_LAGRANTO_derived.EUR_LL015.036.sfc.nc' identified as 'sfc' type
2025-03-30 20:07:43 INFO Found init time '2012-10-17 12:00:00', 7 valid_times and 1 standard_names
2025-03-30 20:07:43 DEBUG valid_times='[cftime.DatetimeGregorian(2012, 10, 17, 12, 0, 0, 0, has_year_zero=False)
 cftime.DatetimeGregorian(2012, 10, 17, 18, 0, 0, 0, has_year_zero=False)
 cftime.DatetimeGregorian(2012, 10, 18, 0, 0, 0, 0, has_year_zero=False)
 cftime.DatetimeGregorian(2012, 10, 18, 6, 0, 0, 0, has_year_zero=False)
 cftime.DatetimeGregorian(2012, 10, 18, 12, 0, 0, 0, has_year_zero=False)
 cftime.DatetimeGregorian(2012, 10, 18, 18, 0, 0, 0, has_year_zero=False)
 cftime.DatetimeGregorian(2012, 10, 19, 0, 0, 0, 0, has_year_zero=False)]' standard_names='['vertically_integrated_probability_of_wcb_occurrence']'
2025-03-30 20:07:43 INFO Opening candidate '20121017_12_ecmwf_forecast.Q.EUR_LL015.036.ml.nc'
2025-03-30 20:07:43 INFO File '20121017_12_ecmwf_forecast.Q.EUR_LL015.036.ml.nc' identified as 'ml' type
2025-03-30 20:07:43 INFO Found init time '2012-10-17 12:00:00', 7 valid_times and 1 standard_names
2025-03-30 20:07:43 DEBUG valid_times='[cftime.DatetimeGregorian(2012, 10, 17, 12, 0, 0, 0, has_year_zero=False)
 cftime.DatetimeGregorian(2012, 10, 17, 18, 0, 0, 0, has_year_zero=False)
 cftime.DatetimeGregorian(2012, 10, 18, 0, 0, 0, 0, has_year_zero=False)
 cftime.DatetimeGregorian(2012, 10, 18, 6, 0, 0, 0, has_year_zero=False)
 cftime.DatetimeGregorian(2012, 10, 18, 12, 0, 0, 0, has_year_zero=False)
 cftime.DatetimeGregorian(2012, 10, 18, 18, 0, 0, 0, has_year_zero=False)
 cftime.DatetimeGregorian(2012, 10, 19, 0, 0, 0, 0, has_year_zero=False)]' standard_names='['specific_humidity']'
2025-03-30 20:07:43 INFO Opening candidate '20121017_12_ecmwf_forecast.SEA.EUR_LL015.036.sfc.nc'
2025-03-30 20:07:43 INFO File '20121017_12_ecmwf_forecast.SEA.EUR_LL015.036.sfc.nc' identified as 'sfc' type
2025-03-30 20:07:43 INFO Found init time '2012-10-17 12:00:00', 7 valid_times and 1 standard_names
2025-03-30 20:07:43 DEBUG valid_times='[cftime.DatetimeGregorian(2012, 10, 17, 12, 0, 0, 0, has_year_zero=False)
 cftime.DatetimeGregorian(2012, 10, 17, 18, 0, 0, 0, has_year_zero=False)
 cftime.DatetimeGregorian(2012, 10, 18, 0, 0, 0, 0, has_year_zero=False)
 cftime.DatetimeGregorian(2012, 10, 18, 6, 0, 0, 0, has_year_zero=False)
 cftime.DatetimeGregorian(2012, 10, 18, 12, 0, 0, 0, has_year_zero=False)
 cftime.DatetimeGregorian(2012, 10, 18, 18, 0, 0, 0, has_year_zero=False)
 cftime.DatetimeGregorian(2012, 10, 19, 0, 0, 0, 0, has_year_zero=False)]' standard_names='['solar_elevation_angle']'
2025-03-30 20:07:43 INFO Opening candidate '20121017_12_ecmwf_forecast.SFC.EUR_LL015.036.sfc.nc'
2025-03-30 20:07:43 INFO File '20121017_12_ecmwf_forecast.SFC.EUR_LL015.036.sfc.nc' identified as 'sfc' type
2025-03-30 20:07:43 INFO Found init time '2012-10-17 12:00:00', 7 valid_times and 15 standard_names
2025-03-30 20:07:43 DEBUG valid_times='[cftime.DatetimeGregorian(2012, 10, 17, 12, 0, 0, 0, has_year_zero=False)
 cftime.DatetimeGregorian(2012, 10, 17, 18, 0, 0, 0, has_year_zero=False)
 cftime.DatetimeGregorian(2012, 10, 18, 0, 0, 0, 0, has_year_zero=False)
 cftime.DatetimeGregorian(2012, 10, 18, 6, 0, 0, 0, has_year_zero=False)
 cftime.DatetimeGregorian(2012, 10, 18, 12, 0, 0, 0, has_year_zero=False)
 cftime.DatetimeGregorian(2012, 10, 18, 18, 0, 0, 0, has_year_zero=False)
 cftime.DatetimeGregorian(2012, 10, 19, 0, 0, 0, 0, has_year_zero=False)]' standard_names='['surface_geopotential', 'air_pressure_at_sea_level', 'total_cloud_cover', 'land_binary_mask', 'low_cloud_area_fraction', 'medium_cloud_area_fraction', 'high_cloud_area_fraction', 'surface_eastward_wind', 'surface_northward_wind', 'sea_ice_area_fraction', 'msg_brightness_temperature_108', 'atmosphere_boundary_layer_thickness', 'emac_column_density', 'tropopause_altitude', 'secondary_tropopause_altitude']'
2025-03-30 20:07:43 INFO Opening candidate '20121017_12_ecmwf_forecast.T.EUR_LL015.036.ml.nc'
2025-03-30 20:07:43 INFO File '20121017_12_ecmwf_forecast.T.EUR_LL015.036.ml.nc' identified as 'ml' type
2025-03-30 20:07:43 INFO Found init time '2012-10-17 12:00:00', 7 valid_times and 1 standard_names
2025-03-30 20:07:43 DEBUG valid_times='[cftime.DatetimeGregorian(2012, 10, 17, 12, 0, 0, 0, has_year_zero=False)
 cftime.DatetimeGregorian(2012, 10, 17, 18, 0, 0, 0, has_year_zero=False)
 cftime.DatetimeGregorian(2012, 10, 18, 0, 0, 0, 0, has_year_zero=False)
 cftime.DatetimeGregorian(2012, 10, 18, 6, 0, 0, 0, has_year_zero=False)
 cftime.DatetimeGregorian(2012, 10, 18, 12, 0, 0, 0, has_year_zero=False)
 cftime.DatetimeGregorian(2012, 10, 18, 18, 0, 0, 0, has_year_zero=False)
 cftime.DatetimeGregorian(2012, 10, 19, 0, 0, 0, 0, has_year_zero=False)]' standard_names='['air_temperature']'
2025-03-30 20:07:43 INFO Opening candidate '20121017_12_ecmwf_forecast.THETA.EUR_LL015.036.ml.nc'
2025-03-30 20:07:43 INFO File '20121017_12_ecmwf_forecast.THETA.EUR_LL015.036.ml.nc' identified as 'ml' type
2025-03-30 20:07:43 INFO Found init time '2012-10-17 12:00:00', 7 valid_times and 1 standard_names
2025-03-30 20:07:43 DEBUG valid_times='[cftime.DatetimeGregorian(2012, 10, 17, 12, 0, 0, 0, has_year_zero=False)
 cftime.DatetimeGregorian(2012, 10, 17, 18, 0, 0, 0, has_year_zero=False)
 cftime.DatetimeGregorian(2012, 10, 18, 0, 0, 0, 0, has_year_zero=False)
 cftime.DatetimeGregorian(2012, 10, 18, 6, 0, 0, 0, has_year_zero=False)
 cftime.DatetimeGregorian(2012, 10, 18, 12, 0, 0, 0, has_year_zero=False)
 cftime.DatetimeGregorian(2012, 10, 18, 18, 0, 0, 0, has_year_zero=False)
 cftime.DatetimeGregorian(2012, 10, 19, 0, 0, 0, 0, has_year_zero=False)]' standard_names='['air_potential_temperature']'
2025-03-30 20:07:43 INFO Opening candidate '20121017_12_ecmwf_forecast.THETA_LEVELS.EUR_LL015.036.tl.nc'
2025-03-30 20:07:43 INFO File '20121017_12_ecmwf_forecast.THETA_LEVELS.EUR_LL015.036.tl.nc' identified as 'tl' type
2025-03-30 20:07:43 INFO Found init time '2012-10-17 12:00:00', 7 valid_times and 3 standard_names
2025-03-30 20:07:43 DEBUG valid_times='[cftime.DatetimeGregorian(2012, 10, 17, 12, 0, 0, 0, has_year_zero=False)
 cftime.DatetimeGregorian(2012, 10, 17, 18, 0, 0, 0, has_year_zero=False)
 cftime.DatetimeGregorian(2012, 10, 18, 0, 0, 0, 0, has_year_zero=False)
 cftime.DatetimeGregorian(2012, 10, 18, 6, 0, 0, 0, has_year_zero=False)
 cftime.DatetimeGregorian(2012, 10, 18, 12, 0, 0, 0, has_year_zero=False)
 cftime.DatetimeGregorian(2012, 10, 18, 18, 0, 0, 0, has_year_zero=False)
 cftime.DatetimeGregorian(2012, 10, 19, 0, 0, 0, 0, has_year_zero=False)]' standard_names='['air_pressure', 'ertel_potential_vorticity', 'mole_fraction_of_ozone_in_air']'
2025-03-30 20:07:43 INFO Opening candidate '20121017_12_ecmwf_forecast.U.EUR_LL015.036.ml.nc'
2025-03-30 20:07:43 INFO File '20121017_12_ecmwf_forecast.U.EUR_LL015.036.ml.nc' identified as 'ml' type
2025-03-30 20:07:43 INFO Found init time '2012-10-17 12:00:00', 7 valid_times and 1 standard_names
2025-03-30 20:07:43 DEBUG valid_times='[cftime.DatetimeGregorian(2012, 10, 17, 12, 0, 0, 0, has_year_zero=False)
 cftime.DatetimeGregorian(2012, 10, 17, 18, 0, 0, 0, has_year_zero=False)
 cftime.DatetimeGregorian(2012, 10, 18, 0, 0, 0, 0, has_year_zero=False)
 cftime.DatetimeGregorian(2012, 10, 18, 6, 0, 0, 0, has_year_zero=False)
 cftime.DatetimeGregorian(2012, 10, 18, 12, 0, 0, 0, has_year_zero=False)
 cftime.DatetimeGregorian(2012, 10, 18, 18, 0, 0, 0, has_year_zero=False)
 cftime.DatetimeGregorian(2012, 10, 19, 0, 0, 0, 0, has_year_zero=False)]' standard_names='['eastward_wind']'
2025-03-30 20:07:43 INFO Opening candidate '20121017_12_ecmwf_forecast.V.EUR_LL015.036.ml.nc'
2025-03-30 20:07:43 INFO File '20121017_12_ecmwf_forecast.V.EUR_LL015.036.ml.nc' identified as 'ml' type
2025-03-30 20:07:43 INFO Found init time '2012-10-17 12:00:00', 7 valid_times and 1 standard_names
2025-03-30 20:07:43 DEBUG valid_times='[cftime.DatetimeGregorian(2012, 10, 17, 12, 0, 0, 0, has_year_zero=False)
 cftime.DatetimeGregorian(2012, 10, 17, 18, 0, 0, 0, has_year_zero=False)
 cftime.DatetimeGregorian(2012, 10, 18, 0, 0, 0, 0, has_year_zero=False)
 cftime.DatetimeGregorian(2012, 10, 18, 6, 0, 0, 0, has_year_zero=False)
 cftime.DatetimeGregorian(2012, 10, 18, 12, 0, 0, 0, has_year_zero=False)
 cftime.DatetimeGregorian(2012, 10, 18, 18, 0, 0, 0, has_year_zero=False)
 cftime.DatetimeGregorian(2012, 10, 19, 0, 0, 0, 0, has_year_zero=False)]' standard_names='['northward_wind']'
2025-03-30 20:07:43 INFO Opening candidate '20121017_12_ecmwf_forecast.W.EUR_LL015.036.ml.nc'
2025-03-30 20:07:43 INFO File '20121017_12_ecmwf_forecast.W.EUR_LL015.036.ml.nc' identified as 'ml' type
2025-03-30 20:07:43 INFO Found init time '2012-10-17 12:00:00', 7 valid_times and 1 standard_names
2025-03-30 20:07:43 DEBUG valid_times='[cftime.DatetimeGregorian(2012, 10, 17, 12, 0, 0, 0, has_year_zero=False)
 cftime.DatetimeGregorian(2012, 10, 17, 18, 0, 0, 0, has_year_zero=False)
 cftime.DatetimeGregorian(2012, 10, 18, 0, 0, 0, 0, has_year_zero=False)
 cftime.DatetimeGregorian(2012, 10, 18, 6, 0, 0, 0, has_year_zero=False)
 cftime.DatetimeGregorian(2012, 10, 18, 12, 0, 0, 0, has_year_zero=False)
 cftime.DatetimeGregorian(2012, 10, 18, 18, 0, 0, 0, has_year_zero=False)
 cftime.DatetimeGregorian(2012, 10, 19, 0, 0, 0, 0, has_year_zero=False)]' standard_names='['lagrangian_tendency_of_air_pressure']'
2025-03-30 20:07:43 DEBUG using plot object 'MSLP'
2025-03-30 20:07:43 DEBUG 	figure size (800, 600) in pixels
2025-03-30 20:07:43 DEBUG 	requested initialisation time 2012-10-17 12:00:00
2025-03-30 20:07:43 DEBUG 	requested forecast valid time 2012-10-17 12:00:00
2025-03-30 20:07:43 DEBUG 	variable 'air_pressure_at_sea_level' requires input file '20121017_12_ecmwf_forecast.SFC.EUR_LL015.036.sfc.nc'
2025-03-30 20:07:43 DEBUG 	variable 'surface_eastward_wind' requires input file '20121017_12_ecmwf_forecast.SFC.EUR_LL015.036.sfc.nc'
2025-03-30 20:07:43 DEBUG 	variable 'surface_northward_wind' requires input file '20121017_12_ecmwf_forecast.SFC.EUR_LL015.036.sfc.nc'
2025-03-30 20:07:43 DEBUG opening datasets.
2025-03-30 20:07:43 DEBUG 	identified variable <air_pressure_at_sea_level> for field <air_pressure_at_sea_level>
2025-03-30 20:07:43 DEBUG 	identified variable <surface_eastward_wind> for field <surface_eastward_wind>
2025-03-30 20:07:43 DEBUG 	identified variable <surface_northward_wind> for field <surface_northward_wind>
2025-03-30 20:07:43 DEBUG loading data for time step 0 (2012-10-17 12:00:00), level index None (level None)
2025-03-30 20:07:43 DEBUG 	Loaded 0.02 Mbytes from data field <air_pressure_at_sea_level>.
2025-03-30 20:07:43 DEBUG 	Loaded 0.02 Mbytes from data field <surface_eastward_wind>.
2025-03-30 20:07:43 DEBUG 	Loaded 0.02 Mbytes from data field <surface_northward_wind>.
2025-03-30 20:07:43 DEBUG Loaded data (required time 0:00:00.002731).
2025-03-30 20:07:43 DEBUG Plotting horizontal section.
2025-03-30 20:07:43 DEBUG Identified CRS 'epsg:3857' as '{'basemap': {'epsg': '3857'}, 'bbox': 'meter(0,0)'}'
2025-03-30 20:07:43 DEBUG Identified CRS 'epsg:3857' as '{'basemap': {'epsg': '3857'}, 'bbox': 'meter(0,0)'}'
2025-03-30 20:07:43 DEBUG plotting data..
2025-03-30 20:07:43 DEBUG preparing additional data fields..
2025-03-30 20:07:43 DEBUG creating figure..
2025-03-30 20:07:43 DEBUG 	with frame and legends
2025-03-30 20:07:44 DEBUG shifting data grid to leftmost longitude in map -90..
2025-03-30 20:07:45 DEBUG converting image to indexed palette.
2025-03-30 20:07:45 DEBUG saving figure as non-transparent PNG.
2025-03-30 20:07:45 DEBUG returning figure..
2025-03-30 20:07:45 DEBUG Finished plotting (required time 0:00:01.460479; total time 0:00:01.463210).

2025-03-30 20:07:45 DEBUG No user settings found, using default settings
2025-03-30 20:07:45 INFO Files identified for domain 'EUR_LL015': ['20121017_12_ecmwf_forecast.ALTITUDE_LEVELS.EUR_LL015.036.al.nc', '20121017_12_ecmwf_forecast.CC.EUR_LL015.036.ml.nc', '20121017_12_ecmwf_forecast.CIWC.EUR_LL015.036.ml.nc', '20121017_12_ecmwf_forecast.CLWC.EUR_LL015.036.ml.nc', '20121017_12_ecmwf_forecast.DIV.EUR_LL015.036.ml.nc', '20121017_12_ecmwf_forecast.EMAC.EUR_LL015.036.ml.nc', '20121017_12_ecmwf_forecast.GPH.EUR_LL015.036.ml.nc', '20121017_12_ecmwf_forecast.O3.EUR_LL015.036.ml.nc', '20121017_12_ecmwf_forecast.PRESSURE_LEVELS.EUR_LL015.036.pl.nc', '20121017_12_ecmwf_forecast.PVU.EUR_LL015.036.pv.nc', '20121017_12_ecmwf_forecast.PV_derived.EUR_LL015.036.ml.nc', '20121017_12_ecmwf_forecast.P_derived.EUR_LL015.036.ml.nc', '20121017_12_ecmwf_forecast.ProbWCB_LAGRANTO_derived.EUR_LL015.036.ml.nc', '20121017_12_ecmwf_forecast.ProbWCB_LAGRANTO_derived.EUR_LL015.036.sfc.nc', '20121017_12_ecmwf_forecast.Q.EUR_LL015.036.ml.nc', '20121017_12_ecmwf_forecast.SEA.EUR_LL015.036.sfc.nc', '20121017_12_ecmwf_forecast.SFC.EUR_LL015.036.sfc.nc', '20121017_12_ecmwf_forecast.T.EUR_LL015.036.ml.nc', '20121017_12_ecmwf_forecast.THETA.EUR_LL015.036.ml.nc', '20121017_12_ecmwf_forecast.THETA_LEVELS.EUR_LL015.036.tl.nc', '20121017_12_ecmwf_forecast.U.EUR_LL015.036.ml.nc', '20121017_12_ecmwf_forecast.V.EUR_LL015.036.ml.nc', '20121017_12_ecmwf_forecast.W.EUR_LL015.036.ml.nc']
2025-03-30 20:07:45 INFO Opening candidate '20121017_12_ecmwf_forecast.ALTITUDE_LEVELS.EUR_LL015.036.al.nc'
2025-03-30 20:07:45 INFO File '20121017_12_ecmwf_forecast.ALTITUDE_LEVELS.EUR_LL015.036.al.nc' identified as 'al' type
2025-03-30 20:07:45 INFO Found init time '2012-10-17 12:00:00', 7 valid_times and 3 standard_names
2025-03-30 20:07:45 DEBUG valid_times='[cftime.DatetimeGregorian(2012, 10, 17, 12, 0, 0, 0, has_year_zero=False)
 cftime.DatetimeGregorian(2012, 10, 17, 18, 0, 0, 0, has_year_zero=False)
 cftime.DatetimeGregorian(2012, 10, 18, 0, 0, 0, 0, has_year_zero=False)
 cftime.DatetimeGregorian(2012, 10, 18, 6, 0, 0, 0, has_year_zero=False)
 cftime.DatetimeGregorian(2012, 10, 18, 12, 0, 0, 0, has_year_zero=False)
 cftime.DatetimeGregorian(2012, 10, 18, 18, 0, 0, 0, has_year_zero=False)
 cftime.DatetimeGregorian(2012, 10, 19, 0, 0, 0, 0, has_year_zero=False)]' standard_names='['air_pressure', 'ertel_potential_vorticity', 'mole_fraction_of_ozone_in_air']'
2025-03-30 20:07:45 INFO Opening candidate '20121017_12_ecmwf_forecast.CC.EUR_LL015.036.ml.nc'
2025-03-30 20:07:45 INFO File '20121017_12_ecmwf_forecast.CC.EUR_LL015.036.ml.nc' identified as 'ml' type
2025-03-30 20:07:45 INFO Found init time '2012-10-17 12:00:00', 7 valid_times and 1 standard_names
2025-03-30 20:07:45 DEBUG valid_times='[cftime.DatetimeGregorian(2012, 10, 17, 12, 0, 0, 0, has_year_zero=False)
 cftime.DatetimeGregorian(2012, 10, 17, 18, 0, 0, 0, has_year_zero=False)
 cftime.DatetimeGregorian(2012, 10, 18, 0, 0, 0, 0, has_year_zero=False)
 cftime.DatetimeGregorian(2012, 10, 18, 6, 0, 0, 0, has_year_zero=False)
 cftime.DatetimeGregorian(2012, 10, 18, 12, 0, 0, 0, has_year_zero=False)
 cftime.DatetimeGregorian(2012, 10, 18, 18, 0, 0, 0, has_year_zero=False)
 cftime.DatetimeGregorian(2012, 10, 19, 0, 0, 0, 0, has_year_zero=False)]' standard_names='['cloud_area_fraction_in_atmosphere_layer']'
2025-03-30 20:07:45 INFO Opening candidate '20121017_12_ecmwf_forecast.CIWC.EUR_LL015.036.ml.nc'
2025-03-30 20:07:45 INFO File '20121017_12_ecmwf_forecast.CIWC.EUR_LL015.036.ml.nc' identified as 'ml' type
2025-03-30 20:07:45 INFO Found init time '2012-10-17 12:00:00', 7 valid_times and 1 standard_names
2025-03-30 20:07:45 DEBUG valid_times='[cftime.DatetimeGregorian(2012, 10, 17, 12, 0, 0, 0, has_year_zero=False)
 cftime.DatetimeGregorian(2012, 10, 17, 18, 0, 0, 0, has_year_zero=False)
 cftime.DatetimeGregorian(2012, 10, 18, 0, 0, 0, 0, has_year_zero=False)
 cftime.DatetimeGregorian(2012, 10, 18, 6, 0, 0, 0, has_year_zero=False)
 cftime.DatetimeGregorian(2012, 10, 18, 12, 0, 0, 0, has_year_zero=False)
 cftime.DatetimeGregorian(2012, 10, 18, 18, 0, 0, 0, has_year_zero=False)
 cftime.DatetimeGregorian(2012, 10, 19, 0, 0, 0, 0, has_year_zero=False)]' standard_names='['specific_cloud_ice_water_content']'
2025-03-30 20:07:45 INFO Opening candidate '20121017_12_ecmwf_forecast.CLWC.EUR_LL015.036.ml.nc'
2025-03-30 20:07:45 INFO File '20121017_12_ecmwf_forecast.CLWC.EUR_LL015.036.ml.nc' identified as 'ml' type
2025-03-30 20:07:45 INFO Found init time '2012-10-17 12:00:00', 7 valid_times and 1 standard_names
2025-03-30 20:07:45 DEBUG valid_times='[cftime.DatetimeGregorian(2012, 10, 17, 12, 0, 0, 0, has_year_zero=False)
 cftime.DatetimeGregorian(2012, 10, 17, 18, 0, 0, 0, has_year_zero=False)
 cftime.DatetimeGregorian(2012, 10, 18, 0, 0, 0, 0, has_year_zero=False)
 cftime.DatetimeGregorian(2012, 10, 18, 6, 0, 0, 0, has_year_zero=False)
 cftime.DatetimeGregorian(2012, 10, 18, 12, 0, 0, 0, has_year_zero=False)
 cftime.DatetimeGregorian(2012, 10, 18, 18, 0, 0, 0, has_year_zero=False)
 cftime.DatetimeGregorian(2012, 10, 19, 0, 0, 0, 0, has_year_zero=False)]' standard_names='['specific_cloud_liquid_water_content']'
2025-03-30 20:07:45 INFO Opening candidate '20121017_12_ecmwf_forecast.DIV.EUR_LL015.036.ml.nc'
2025-03-30 20:07:45 INFO File '20121017_12_ecmwf_forecast.DIV.EUR_LL015.036.ml.nc' identified as 'ml' type
2025-03-30 20:07:45 INFO Found init time '2012-10-17 12:00:00', 7 valid_times and 1 standard_names
2025-03-30 20:07:45 DEBUG valid_times='[cftime.DatetimeGregorian(2012, 10, 17, 12, 0, 0, 0, has_year_zero=False)
 cftime.DatetimeGregorian(2012, 10, 17, 18, 0, 0, 0, has_year_zero=False)
 cftime.DatetimeGregorian(2012, 10, 18, 0, 0, 0, 0, has_year_zero=False)
 cftime.DatetimeGregorian(2012, 10, 18, 6, 0, 0, 0, has_year_zero=False)
 cftime.DatetimeGregorian(2012, 10, 18, 12, 0, 0, 0, has_year_zero=False)
 cftime.DatetimeGregorian(2012, 10, 18, 18, 0, 0, 0, has_year_zero=False)
 cftime.DatetimeGregorian(2012, 10, 19, 0, 0, 0, 0, has_year_zero=False)]' standard_names='['divergence_of_wind']'
2025-03-30 20:07:45 INFO Opening candidate '20121017_12_ecmwf_forecast.EMAC.EUR_LL015.036.ml.nc'
2025-03-30 20:07:45 INFO File '20121017_12_ecmwf_forecast.EMAC.EUR_LL015.036.ml.nc' identified as 'ml' type
2025-03-30 20:07:45 INFO Found init time '2012-10-17 12:00:00', 7 valid_times and 1 standard_names
2025-03-30 20:07:45 DEBUG valid_times='[cftime.DatetimeGregorian(2012, 10, 17, 12, 0, 0, 0, has_year_zero=False)
 cftime.DatetimeGregorian(2012, 10, 17, 18, 0, 0, 0, has_year_zero=False)
 cftime.DatetimeGregorian(2012, 10, 18, 0, 0, 0, 0, has_year_zero=False)
 cftime.DatetimeGregorian(2012, 10, 18, 6, 0, 0, 0, has_year_zero=False)
 cftime.DatetimeGregorian(2012, 10, 18, 12, 0, 0, 0, has_year_zero=False)
 cftime.DatetimeGregorian(2012, 10, 18, 18, 0, 0, 0, has_year_zero=False)
 cftime.DatetimeGregorian(2012, 10, 19, 0, 0, 0, 0, has_year_zero=False)]' standard_names='['emac_R12']'
2025-03-30 20:07:45 INFO Opening candidate '20121017_12_ecmwf_forecast.GPH.EUR_LL015.036.ml.nc'
2025-03-30 20:07:45 INFO File '20121017_12_ecmwf_forecast.GPH.EUR_LL015.036.ml.nc' identified as 'ml' type
2025-03-30 20:07:45 INFO Found init time '2012-10-17 12:00:00', 7 valid_times and 1 standard_names
2025-03-30 20:07:45 DEBUG valid_times='[cftime.DatetimeGregorian(2012, 10, 17, 12, 0, 0, 0, has_year_zero=False)
 cftime.DatetimeGregorian(2012, 10, 17, 18, 0, 0, 0, has_year_zero=False)
 cftime.DatetimeGregorian(2012, 10, 18, 0, 0, 0, 0, has_year_zero=False)
 cftime.DatetimeGregorian(2012, 10, 18, 6, 0, 0, 0, has_year_zero=False)
 cftime.DatetimeGregorian(2012, 10, 18, 12, 0, 0, 0, has_year_zero=False)
 cftime.DatetimeGregorian(2012, 10, 18, 18, 0, 0, 0, has_year_zero=False)
 cftime.DatetimeGregorian(2012, 10, 19, 0, 0, 0, 0, has_year_zero=False)]' standard_names='['geopotential_height']'
2025-03-30 20:07:45 INFO Opening candidate '20121017_12_ecmwf_forecast.O3.EUR_LL015.036.ml.nc'
2025-03-30 20:07:45 INFO File '20121017_12_ecmwf_forecast.O3.EUR_LL015.036.ml.nc' identified as 'ml' type
2025-03-30 20:07:45 INFO Found init time '2012-10-17 12:00:00', 7 valid_times and 1 standard_names
2025-03-30 20:07:45 DEBUG valid_times='[cftime.DatetimeGregorian(2012, 10, 17, 12, 0, 0, 0, has_year_zero=False)
 cftime.DatetimeGregorian(2012, 10, 17, 18, 0, 0, 0, has_year_zero=False)
 cftime.DatetimeGregorian(2012, 10, 18, 0, 0, 0, 0, has_year_zero=False)
 cftime.DatetimeGregorian(2012, 10, 18, 6, 0, 0, 0, has_year_zero=False)
 cftime.DatetimeGregorian(2012, 10, 18, 12, 0, 0, 0, has_year_zero=False)
 cftime.DatetimeGregorian(2012, 10, 18, 18, 0, 0, 0, has_year_zero=False)
 cftime.DatetimeGregorian(2012, 10, 19, 0, 0, 0, 0, has_year_zero=False)]' standard_names='['mole_fraction_of_ozone_in_air']'
2025-03-30 20:07:45 INFO Opening candidate '20121017_12_ecmwf_forecast.PRESSURE_LEVELS.EUR_LL015.036.pl.nc'
2025-03-30 20:07:45 INFO File '20121017_12_ecmwf_forecast.PRESSURE_LEVELS.EUR_LL015.036.pl.nc' identified as 'pl' type
2025-03-30 20:07:45 INFO Found init time '2012-10-17 12:00:00', 7 valid_times and 16 standard_names
2025-03-30 20:07:45 DEBUG valid_times='[cftime.DatetimeGregorian(2012, 10, 17, 12, 0, 0, 0, has_year_zero=False)
 cftime.DatetimeGregorian(2012, 10, 17, 18, 0, 0, 0, has_year_zero=False)
 cftime.DatetimeGregorian(2012, 10, 18, 0, 0, 0, 0, has_year_zero=False)
 cftime.DatetimeGregorian(2012, 10, 18, 6, 0, 0, 0, has_year_zero=False)
 cftime.DatetimeGregorian(2012, 10, 18, 12, 0, 0, 0, has_year_zero=False)
 cftime.DatetimeGregorian(2012, 10, 18, 18, 0, 0, 0, has_year_zero=False)
 cftime.DatetimeGregorian(2012, 10, 19, 0, 0, 0, 0, has_year_zero=False)]' standard_names='['air_potential_temperature', 'air_pressure', 'air_temperature', 'eastward_wind', 'ertel_potential_vorticity', 'geopotential_height', 'northward_wind', 'specific_humidity', 'lagrangian_tendency_of_air_pressure', 'divergence_of_wind', 'mass_fraction_of_ozone_in_air', 'mole_fraction_of_ozone_in_air', 'equivalent_latitude', 'number_of_wcb_trajectories', 'number_of_insitu_trajectories', 'number_of_mix_trajectories']'
2025-03-30 20:07:45 INFO Opening candidate '20121017_12_ecmwf_forecast.PVU.EUR_LL015.036.pv.nc'
2025-03-30 20:07:45 INFO File '20121017_12_ecmwf_forecast.PVU.EUR_LL015.036.pv.nc' identified as 'pv' type
2025-03-30 20:07:45 INFO Found init time '2012-10-17 12:00:00', 7 valid_times and 3 standard_names
2025-03-30 20:07:45 DEBUG valid_times='[cftime.DatetimeGregorian(2012, 10, 17, 12, 0, 0, 0, has_year_zero=False)
 cftime.DatetimeGregorian(2012, 10, 17, 18, 0, 0, 0, has_year_zero=False)
 cftime.DatetimeGregorian(2012, 10, 18, 0, 0, 0, 0, has_year_zero=False)
 cftime.DatetimeGregorian(2012, 10, 18, 6, 0, 0, 0, has_year_zero=False)
 cftime.DatetimeGregorian(2012, 10, 18, 12, 0, 0, 0, has_year_zero=False)
 cftime.DatetimeGregorian(2012, 10, 18, 18, 0, 0, 0, has_year_zero=False)
 cftime.DatetimeGregorian(2012, 10, 19, 0, 0, 0, 0, has_year_zero=False)]' standard_names='['air_potential_temperature', 'geopotential_height', 'air_pressure']'
2025-03-30 20:07:45 INFO Opening candidate '20121017_12_ecmwf_forecast.PV_derived.EUR_LL015.036.ml.nc'
2025-03-30 20:07:45 INFO File '20121017_12_ecmwf_forecast.PV_derived.EUR_LL015.036.ml.nc' identified as 'ml' type
2025-03-30 20:07:45 INFO Found init time '2012-10-17 12:00:00', 7 valid_times and 1 standard_names
2025-03-30 20:07:45 DEBUG valid_times='[cftime.DatetimeGregorian(2012, 10, 17, 12, 0, 0, 0, has_year_zero=False)
 cftime.DatetimeGregorian(2012, 10, 17, 18, 0, 0, 0, has_year_zero=False)
 cftime.DatetimeGregorian(2012, 10, 18, 0, 0, 0, 0, has_year_zero=False)
 cftime.DatetimeGregorian(2012, 10, 18, 6, 0, 0, 0, has_year_zero=False)
 cftime.DatetimeGregorian(2012, 10, 18, 12, 0, 0, 0, has_year_zero=False)
 cftime.DatetimeGregorian(2012, 10, 18, 18, 0, 0, 0, has_year_zero=False)
 cftime.DatetimeGregorian(2012, 10, 19, 0, 0, 0, 0, has_year_zero=False)]' standard_names='['ertel_potential_vorticity']'
2025-03-30 20:07:45 INFO Opening candidate '20121017_12_ecmwf_forecast.P_derived.EUR_LL015.036.ml.nc'
2025-03-30 20:07:45 INFO File '20121017_12_ecmwf_forecast.P_derived.EUR_LL015.036.ml.nc' identified as 'ml' type
2025-03-30 20:07:45 INFO Found init time '2012-10-17 12:00:00', 7 valid_times and 1 standard_names
2025-03-30 20:07:45 DEBUG valid_times='[cftime.DatetimeGregorian(2012, 10, 17, 12, 0, 0, 0, has_year_zero=False)
 cftime.DatetimeGregorian(2012, 10, 17, 18, 0, 0, 0, has_year_zero=False)
 cftime.DatetimeGregorian(2012, 10, 18, 0, 0, 0, 0, has_year_zero=False)
 cftime.DatetimeGregorian(2012, 10, 18, 6, 0, 0, 0, has_year_zero=False)
 cftime.DatetimeGregorian(2012, 10, 18, 12, 0, 0, 0, has_year_zero=False)
 cftime.DatetimeGregorian(2012, 10, 18, 18, 0, 0, 0, has_year_zero=False)
 cftime.DatetimeGregorian(2012, 10, 19, 0, 0, 0, 0, has_year_zero=False)]' standard_names='['air_pressure']'
2025-03-30 20:07:45 INFO Opening candidate '20121017_12_ecmwf_forecast.ProbWCB_LAGRANTO_derived.EUR_LL015.036.ml.nc'
2025-03-30 20:07:45 INFO File '20121017_12_ecmwf_forecast.ProbWCB_LAGRANTO_derived.EUR_LL015.036.ml.nc' identified as 'ml' type
2025-03-30 20:07:45 INFO Found init time '2012-10-17 12:00:00', 7 valid_times and 1 standard_names
2025-03-30 20:07:45 DEBUG valid_times='[cftime.DatetimeGregorian(2012, 10, 17, 12, 0, 0, 0, has_year_zero=False)
 cftime.DatetimeGregorian(2012, 10, 17, 18, 0, 0, 0, has_year_zero=False)
 cftime.DatetimeGregorian(2012, 10, 18, 0, 0, 0, 0, has_year_zero=False)
 cftime.DatetimeGregorian(2012, 10, 18, 6, 0, 0, 0, has_year_zero=False)
 cftime.DatetimeGregorian(2012, 10, 18, 12, 0, 0, 0, has_year_zero=False)
 cftime.DatetimeGregorian(2012, 10, 18, 18, 0, 0, 0, has_year_zero=False)
 cftime.DatetimeGregorian(2012, 10, 19, 0, 0, 0, 0, has_year_zero=False)]' standard_names='['probability_of_wcb_occurrence']'
2025-03-30 20:07:45 INFO Opening candidate '20121017_12_ecmwf_forecast.ProbWCB_LAGRANTO_derived.EUR_LL015.036.sfc.nc'
2025-03-30 20:07:45 INFO File '20121017_12_ecmwf_forecast.ProbWCB_LAGRANTO_derived.EUR_LL015.036.sfc.nc' identified as 'sfc' type
2025-03-30 20:07:45 INFO Found init time '2012-10-17 12:00:00', 7 valid_times and 1 standard_names
2025-03-30 20:07:45 DEBUG valid_times='[cftime.DatetimeGregorian(2012, 10, 17, 12, 0, 0, 0, has_year_zero=False)
 cftime.DatetimeGregorian(2012, 10, 17, 18, 0, 0, 0, has_year_zero=False)
 cftime.DatetimeGregorian(2012, 10, 18, 0, 0, 0, 0, has_year_zero=False)
 cftime.DatetimeGregorian(2012, 10, 18, 6, 0, 0, 0, has_year_zero=False)
 cftime.DatetimeGregorian(2012, 10, 18, 12, 0, 0, 0, has_year_zero=False)
 cftime.DatetimeGregorian(2012, 10, 18, 18, 0, 0, 0, has_year_zero=False)
 cftime.DatetimeGregorian(2012, 10, 19, 0, 0, 0, 0, has_year_zero=False)]' standard_names='['vertically_integrated_probability_of_wcb_occurrence']'
2025-03-30 20:07:45 INFO Opening candidate '20121017_12_ecmwf_forecast.Q.EUR_LL015.036.ml.nc'
2025-03-30 20:07:45 INFO File '20121017_12_ecmwf_forecast.Q.EUR_LL015.036.ml.nc' identified as 'ml' type
2025-03-30 20:07:45 INFO Found init time '2012-10-17 12:00:00', 7 valid_times and 1 standard_names
2025-03-30 20:07:45 DEBUG valid_times='[cftime.DatetimeGregorian(2012, 10, 17, 12, 0, 0, 0, has_year_zero=False)
 cftime.DatetimeGregorian(2012, 10, 17, 18, 0, 0, 0, has_year_zero=False)
 cftime.DatetimeGregorian(2012, 10, 18, 0, 0, 0, 0, has_year_zero=False)
 cftime.DatetimeGregorian(2012, 10, 18, 6, 0, 0, 0, has_year_zero=False)
 cftime.DatetimeGregorian(2012, 10, 18, 12, 0, 0, 0, has_year_zero=False)
 cftime.DatetimeGregorian(2012, 10, 18, 18, 0, 0, 0, has_year_zero=False)
 cftime.DatetimeGregorian(2012, 10, 19, 0, 0, 0, 0, has_year_zero=False)]' standard_names='['specific_humidity']'
2025-03-30 20:07:45 INFO Opening candidate '20121017_12_ecmwf_forecast.SEA.EUR_LL015.036.sfc.nc'
2025-03-30 20:07:45 INFO File '20121017_12_ecmwf_forecast.SEA.EUR_LL015.036.sfc.nc' identified as 'sfc' type
2025-03-30 20:07:45 INFO Found init time '2012-10-17 12:00:00', 7 valid_times and 1 standard_names
2025-03-30 20:07:45 DEBUG valid_times='[cftime.DatetimeGregorian(2012, 10, 17, 12, 0, 0, 0, has_year_zero=False)
 cftime.DatetimeGregorian(2012, 10, 17, 18, 0, 0, 0, has_year_zero=False)
 cftime.DatetimeGregorian(2012, 10, 18, 0, 0, 0, 0, has_year_zero=False)
 cftime.DatetimeGregorian(2012, 10, 18, 6, 0, 0, 0, has_year_zero=False)
 cftime.DatetimeGregorian(2012, 10, 18, 12, 0, 0, 0, has_year_zero=False)
 cftime.DatetimeGregorian(2012, 10, 18, 18, 0, 0, 0, has_year_zero=False)
 cftime.DatetimeGregorian(2012, 10, 19, 0, 0, 0, 0, has_year_zero=False)]' standard_names='['solar_elevation_angle']'
2025-03-30 20:07:45 INFO Opening candidate '20121017_12_ecmwf_forecast.SFC.EUR_LL015.036.sfc.nc'
2025-03-30 20:07:45 INFO File '20121017_12_ecmwf_forecast.SFC.EUR_LL015.036.sfc.nc' identified as 'sfc' type
2025-03-30 20:07:45 INFO Found init time '2012-10-17 12:00:00', 7 valid_times and 15 standard_names
2025-03-30 20:07:45 DEBUG valid_times='[cftime.DatetimeGregorian(2012, 10, 17, 12, 0, 0, 0, has_year_zero=False)
 cftime.DatetimeGregorian(2012, 10, 17, 18, 0, 0, 0, has_year_zero=False)
 cftime.DatetimeGregorian(2012, 10, 18, 0, 0, 0, 0, has_year_zero=False)
 cftime.DatetimeGregorian(2012, 10, 18, 6, 0, 0, 0, has_year_zero=False)
 cftime.DatetimeGregorian(2012, 10, 18, 12, 0, 0, 0, has_year_zero=False)
 cftime.DatetimeGregorian(2012, 10, 18, 18, 0, 0, 0, has_year_zero=False)
 cftime.DatetimeGregorian(2012, 10, 19, 0, 0, 0, 0, has_year_zero=False)]' standard_names='['surface_geopotential', 'air_pressure_at_sea_level', 'total_cloud_cover', 'land_binary_mask', 'low_cloud_area_fraction', 'medium_cloud_area_fraction', 'high_cloud_area_fraction', 'surface_eastward_wind', 'surface_northward_wind', 'sea_ice_area_fraction', 'msg_brightness_temperature_108', 'atmosphere_boundary_layer_thickness', 'emac_column_density', 'tropopause_altitude', 'secondary_tropopause_altitude']'
2025-03-30 20:07:45 INFO Opening candidate '20121017_12_ecmwf_forecast.T.EUR_LL015.036.ml.nc'
2025-03-30 20:07:45 INFO File '20121017_12_ecmwf_forecast.T.EUR_LL015.036.ml.nc' identified as 'ml' type
2025-03-30 20:07:45 INFO Found init time '2012-10-17 12:00:00', 7 valid_times and 1 standard_names
2025-03-30 20:07:45 DEBUG valid_times='[cftime.DatetimeGregorian(2012, 10, 17, 12, 0, 0, 0, has_year_zero=False)
 cftime.DatetimeGregorian(2012, 10, 17, 18, 0, 0, 0, has_year_zero=False)
 cftime.DatetimeGregorian(2012, 10, 18, 0, 0, 0, 0, has_year_zero=False)
 cftime.DatetimeGregorian(2012, 10, 18, 6, 0, 0, 0, has_year_zero=False)
 cftime.DatetimeGregorian(2012, 10, 18, 12, 0, 0, 0, has_year_zero=False)
 cftime.DatetimeGregorian(2012, 10, 18, 18, 0, 0, 0, has_year_zero=False)
 cftime.DatetimeGregorian(2012, 10, 19, 0, 0, 0, 0, has_year_zero=False)]' standard_names='['air_temperature']'
2025-03-30 20:07:45 INFO Opening candidate '20121017_12_ecmwf_forecast.THETA.EUR_LL015.036.ml.nc'
2025-03-30 20:07:45 INFO File '20121017_12_ecmwf_forecast.THETA.EUR_LL015.036.ml.nc' identified as 'ml' type
2025-03-30 20:07:45 INFO Found init time '2012-10-17 12:00:00', 7 valid_times and 1 standard_names
2025-03-30 20:07:45 DEBUG valid_times='[cftime.DatetimeGregorian(2012, 10, 17, 12, 0, 0, 0, has_year_zero=False)
 cftime.DatetimeGregorian(2012, 10, 17, 18, 0, 0, 0, has_year_zero=False)
 cftime.DatetimeGregorian(2012, 10, 18, 0, 0, 0, 0, has_year_zero=False)
 cftime.DatetimeGregorian(2012, 10, 18, 6, 0, 0, 0, has_year_zero=False)
 cftime.DatetimeGregorian(2012, 10, 18, 12, 0, 0, 0, has_year_zero=False)
 cftime.DatetimeGregorian(2012, 10, 18, 18, 0, 0, 0, has_year_zero=False)
 cftime.DatetimeGregorian(2012, 10, 19, 0, 0, 0, 0, has_year_zero=False)]' standard_names='['air_potential_temperature']'
2025-03-30 20:07:45 INFO Opening candidate '20121017_12_ecmwf_forecast.THETA_LEVELS.EUR_LL015.036.tl.nc'
2025-03-30 20:07:45 INFO File '20121017_12_ecmwf_forecast.THETA_LEVELS.EUR_LL015.036.tl.nc' identified as 'tl' type
2025-03-30 20:07:45 INFO Found init time '2012-10-17 12:00:00', 7 valid_times and 3 standard_names
2025-03-30 20:07:45 DEBUG valid_times='[cftime.DatetimeGregorian(2012, 10, 17, 12, 0, 0, 0, has_year_zero=False)
 cftime.DatetimeGregorian(2012, 10, 17, 18, 0, 0, 0, has_year_zero=False)
 cftime.DatetimeGregorian(2012, 10, 18, 0, 0, 0, 0, has_year_zero=False)
 cftime.DatetimeGregorian(2012, 10, 18, 6, 0, 0, 0, has_year_zero=False)
 cftime.DatetimeGregorian(2012, 10, 18, 12, 0, 0, 0, has_year_zero=False)
 cftime.DatetimeGregorian(2012, 10, 18, 18, 0, 0, 0, has_year_zero=False)
 cftime.DatetimeGregorian(2012, 10, 19, 0, 0, 0, 0, has_year_zero=False)]' standard_names='['air_pressure', 'ertel_potential_vorticity', 'mole_fraction_of_ozone_in_air']'
2025-03-30 20:07:45 INFO Opening candidate '20121017_12_ecmwf_forecast.U.EUR_LL015.036.ml.nc'
2025-03-30 20:07:45 INFO File '20121017_12_ecmwf_forecast.U.EUR_LL015.036.ml.nc' identified as 'ml' type
2025-03-30 20:07:45 INFO Found init time '2012-10-17 12:00:00', 7 valid_times and 1 standard_names
2025-03-30 20:07:45 DEBUG valid_times='[cftime.DatetimeGregorian(2012, 10, 17, 12, 0, 0, 0, has_year_zero=False)
 cftime.DatetimeGregorian(2012, 10, 17, 18, 0, 0, 0, has_year_zero=False)
 cftime.DatetimeGregorian(2012, 10, 18, 0, 0, 0, 0, has_year_zero=False)
 cftime.DatetimeGregorian(2012, 10, 18, 6, 0, 0, 0, has_year_zero=False)
 cftime.DatetimeGregorian(2012, 10, 18, 12, 0, 0, 0, has_year_zero=False)
 cftime.DatetimeGregorian(2012, 10, 18, 18, 0, 0, 0, has_year_zero=False)
 cftime.DatetimeGregorian(2012, 10, 19, 0, 0, 0, 0, has_year_zero=False)]' standard_names='['eastward_wind']'
2025-03-30 20:07:45 INFO Opening candidate '20121017_12_ecmwf_forecast.V.EUR_LL015.036.ml.nc'
2025-03-30 20:07:45 INFO File '20121017_12_ecmwf_forecast.V.EUR_LL015.036.ml.nc' identified as 'ml' type
2025-03-30 20:07:45 INFO Found init time '2012-10-17 12:00:00', 7 valid_times and 1 standard_names
2025-03-30 20:07:45 DEBUG valid_times='[cftime.DatetimeGregorian(2012, 10, 17, 12, 0, 0, 0, has_year_zero=False)
 cftime.DatetimeGregorian(2012, 10, 17, 18, 0, 0, 0, has_year_zero=False)
 cftime.DatetimeGregorian(2012, 10, 18, 0, 0, 0, 0, has_year_zero=False)
 cftime.DatetimeGregorian(2012, 10, 18, 6, 0, 0, 0, has_year_zero=False)
 cftime.DatetimeGregorian(2012, 10, 18, 12, 0, 0, 0, has_year_zero=False)
 cftime.DatetimeGregorian(2012, 10, 18, 18, 0, 0, 0, has_year_zero=False)
 cftime.DatetimeGregorian(2012, 10, 19, 0, 0, 0, 0, has_year_zero=False)]' standard_names='['northward_wind']'
2025-03-30 20:07:45 INFO Opening candidate '20121017_12_ecmwf_forecast.W.EUR_LL015.036.ml.nc'
2025-03-30 20:07:45 INFO File '20121017_12_ecmwf_forecast.W.EUR_LL015.036.ml.nc' identified as 'ml' type
2025-03-30 20:07:45 INFO Found init time '2012-10-17 12:00:00', 7 valid_times and 1 standard_names
2025-03-30 20:07:45 DEBUG valid_times='[cftime.DatetimeGregorian(2012, 10, 17, 12, 0, 0, 0, has_year_zero=False)
 cftime.DatetimeGregorian(2012, 10, 17, 18, 0, 0, 0, has_year_zero=False)
 cftime.DatetimeGregorian(2012, 10, 18, 0, 0, 0, 0, has_year_zero=False)
 cftime.DatetimeGregorian(2012, 10, 18, 6, 0, 0, 0, has_year_zero=False)
 cftime.DatetimeGregorian(2012, 10, 18, 12, 0, 0, 0, has_year_zero=False)
 cftime.DatetimeGregorian(2012, 10, 18, 18, 0, 0, 0, has_year_zero=False)
 cftime.DatetimeGregorian(2012, 10, 19, 0, 0, 0, 0, has_year_zero=False)]' standard_names='['lagrangian_tendency_of_air_pressure']'
2025-03-30 20:07:45 DEBUG using plot object 'mole_fraction_of_ozone_in_air_pl'
2025-03-30 20:07:45 DEBUG 	figure size (800, 600) in pixels
2025-03-30 20:07:45 DEBUG 	requested initialisation time 2012-10-17 12:00:00
2025-03-30 20:07:45 DEBUG 	requested forecast valid time 2012-10-17 12:00:00
2025-03-30 20:07:45 DEBUG 	variable 'mole_fraction_of_ozone_in_air' requires input file '20121017_12_ecmwf_forecast.PRESSURE_LEVELS.EUR_LL015.036.pl.nc'
2025-03-30 20:07:45 DEBUG 	variable 'ertel_potential_vorticity' requires input file '20121017_12_ecmwf_forecast.PRESSURE_LEVELS.EUR_LL015.036.pl.nc'
2025-03-30 20:07:45 DEBUG opening datasets.
2025-03-30 20:07:45 DEBUG 	identified variable <mole_fraction_of_ozone_in_air> for field <mole_fraction_of_ozone_in_air>
2025-03-30 20:07:45 DEBUG 	identified variable <ertel_potential_vorticity> for field <ertel_potential_vorticity>
2025-03-30 20:07:45 DEBUG loading data for time step 0 (2012-10-17 12:00:00), level index 7 (level 300.0)
2025-03-30 20:07:45 DEBUG 	Loaded 0.02 Mbytes from data field <mole_fraction_of_ozone_in_air>.
2025-03-30 20:07:45 DEBUG 	Loaded 0.02 Mbytes from data field <ertel_potential_vorticity>.
2025-03-30 20:07:45 DEBUG Loaded data (required time 0:00:00.002270).
2025-03-30 20:07:45 DEBUG Plotting horizontal section.
2025-03-30 20:07:45 DEBUG Identified CRS 'epsg:4326' as '{'basemap': {'epsg': '4326'}, 'bbox': 'degree'}'
2025-03-30 20:07:45 DEBUG Identified CRS 'epsg:4326' as '{'basemap': {'epsg': '4326'}, 'bbox': 'degree'}'
2025-03-30 20:07:45 DEBUG plotting data..
2025-03-30 20:07:45 DEBUG preparing additional data fields..
2025-03-30 20:07:45 DEBUG creating figure..
2025-03-30 20:07:45 DEBUG 	with frame and legends
2025-03-30 20:07:45 DEBUG Loaded '({'epsg': '4326'}, [-22.5, 27.5, 55, 62.5], 'degree')' from basemap cache
2025-03-30 20:07:46 DEBUG shifting data grid to leftmost longitude in map -22..
2025-03-30 20:07:46 DEBUG converting image to indexed palette.
2025-03-30 20:07:46 DEBUG saving figure as non-transparent PNG.
2025-03-30 20:07:46 DEBUG returning figure..
2025-03-30 20:07:46 DEBUG Finished plotting (required time 0:00:00.933913; total time 0:00:00.936183).

2025-03-30 20:07:46 DEBUG using plot object 'mole_fraction_of_ozone_in_air_pl'
2025-03-30 20:07:46 DEBUG 	figure size (800, 600) in pixels
2025-03-30 20:07:46 DEBUG 	requested initialisation time 2012-10-17 12:00:00
2025-03-30 20:07:46 DEBUG 	requested forecast valid time 2012-10-17 12:00:00
2025-03-30 20:07:46 DEBUG 	variable 'mole_fraction_of_ozone_in_air' requires input file '20121017_12_ecmwf_forecast.PRESSURE_LEVELS.EUR_LL015.036.pl.nc'
2025-03-30 20:07:46 DEBUG 	variable 'ertel_potential_vorticity' requires input file '20121017_12_ecmwf_forecast.PRESSURE_LEVELS.EUR_LL015.036.pl.nc'
2025-03-30 20:07:46 DEBUG opening datasets.
2025-03-30 20:07:46 DEBUG 	identified variable <mole_fraction_of_ozone_in_air> for field <mole_fraction_of_ozone_in_air>
2025-03-30 20:07:46 DEBUG 	identified variable <ertel_potential_vorticity> for field <ertel_potential_vorticity>
2025-03-30 20:07:46 DEBUG loading data for time step 0 (2012-10-17 12:00:00), level index 7 (level 300.0)
2025-03-30 20:07:46 DEBUG 	Loaded 0.02 Mbytes from data field <mole_fraction_of_ozone_in_air>.
2025-03-30 20:07:46 DEBUG 	Loaded 0.02 Mbytes from data field <ertel_potential_vorticity>.
2025-03-30 20:07:46 DEBUG Loaded data (required time 0:00:00.002417).
2025-03-30 20:07:46 DEBUG Plotting horizontal section.
2025-03-30 20:07:46 DEBUG Identified CRS 'epsg:4326' as '{'basemap': {'epsg': '4326'}, 'bbox': 'degree'}'
2025-03-30 20:07:46 DEBUG Identified CRS 'epsg:4326' as '{'basemap': {'epsg': '4326'}, 'bbox': 'degree'}'
2025-03-30 20:07:46 DEBUG plotting data..
2025-03-30 20:07:46 DEBUG preparing additional data fields..
2025-03-30 20:07:46 DEBUG creating figure..
2025-03-30 20:07:46 DEBUG 	without frame
2025-03-30 20:07:46 DEBUG Loaded '({'epsg': '4326'}, [-22.5, 27.5, 55, 62.5], 'degree')' from basemap cache
2025-03-30 20:07:47 DEBUG shifting data grid to leftmost longitude in map -22..
2025-03-30 20:07:47 DEBUG converting image to indexed palette.
2025-03-30 20:07:47 DEBUG saving figure as non-transparent PNG.
2025-03-30 20:07:47 DEBUG returning figure..
2025-03-30 20:07:47 DEBUG Finished plotting (required time 0:00:00.769330; total time 0:00:00.771747).

2025-03-30 20:07:48 DEBUG No user settings found, using default settings
2025-03-30 20:07:48 INFO Files identified for domain 'EUR_LL015': ['20121017_12_ecmwf_forecast.ALTITUDE_LEVELS.EUR_LL015.036.al.nc', '20121017_12_ecmwf_forecast.CC.EUR_LL015.036.ml.nc', '20121017_12_ecmwf_forecast.CIWC.EUR_LL015.036.ml.nc', '20121017_12_ecmwf_forecast.CLWC.EUR_LL015.036.ml.nc', '20121017_12_ecmwf_forecast.DIV.EUR_LL015.036.ml.nc', '20121017_12_ecmwf_forecast.EMAC.EUR_LL015.036.ml.nc', '20121017_12_ecmwf_forecast.GPH.EUR_LL015.036.ml.nc', '20121017_12_ecmwf_forecast.O3.EUR_LL015.036.ml.nc', '20121017_12_ecmwf_forecast.PRESSURE_LEVELS.EUR_LL015.036.pl.nc', '20121017_12_ecmwf_forecast.PVU.EUR_LL015.036.pv.nc', '20121017_12_ecmwf_forecast.PV_derived.EUR_LL015.036.ml.nc', '20121017_12_ecmwf_forecast.P_derived.EUR_LL015.036.ml.nc', '20121017_12_ecmwf_forecast.ProbWCB_LAGRANTO_derived.EUR_LL015.036.ml.nc', '20121017_12_ecmwf_forecast.ProbWCB_LAGRANTO_derived.EUR_LL015.036.sfc.nc', '20121017_12_ecmwf_forecast.Q.EUR_LL015.036.ml.nc', '20121017_12_ecmwf_forecast.SEA.EUR_LL015.036.sfc.nc', '20121017_12_ecmwf_forecast.SFC.EUR_LL015.036.sfc.nc', '20121017_12_ecmwf_forecast.T.EUR_LL015.036.ml.nc', '20121017_12_ecmwf_forecast.THETA.EUR_LL015.036.ml.nc', '20121017_12_ecmwf_forecast.THETA_LEVELS.EUR_LL015.036.tl.nc', '20121017_12_ecmwf_forecast.U.EUR_LL015.036.ml.nc', '20121017_12_ecmwf_forecast.V.EUR_LL015.036.ml.nc', '20121017_12_ecmwf_forecast.W.EUR_LL015.036.ml.nc']
2025-03-30 20:07:48 INFO Opening candidate '20121017_12_ecmwf_forecast.ALTITUDE_LEVELS.EUR_LL015.036.al.nc'
2025-03-30 20:07:48 INFO File '20121017_12_ecmwf_forecast.ALTITUDE_LEVELS.EUR_LL015.036.al.nc' identified as 'al' type
2025-03-30 20:07:48 INFO Found init time '2012-10-17 12:00:00', 7 valid_times and 3 standard_names
2025-03-30 20:07:48 DEBUG valid_times='[cftime.DatetimeGregorian(2012, 10, 17, 12, 0, 0, 0, has_year_zero=False)
 cftime.DatetimeGregorian(2012, 10, 17, 18, 0, 0, 0, has_year_zero=False)
 cftime.DatetimeGregorian(2012, 10, 18, 0, 0, 0, 0, has_year_zero=False)
 cftime.DatetimeGregorian(2012, 10, 18, 6, 0, 0, 0, has_year_zero=False)
 cftime.DatetimeGregorian(2012, 10, 18, 12, 0, 0, 0, has_year_zero=False)
 cftime.DatetimeGregorian(2012, 10, 18, 18, 0, 0, 0, has_year_zero=False)
 cftime.DatetimeGregorian(2012, 10, 19, 0, 0, 0, 0, has_year_zero=False)]' standard_names='['air_pressure', 'ertel_potential_vorticity', 'mole_fraction_of_ozone_in_air']'
2025-03-30 20:07:48 INFO Opening candidate '20121017_12_ecmwf_forecast.CC.EUR_LL015.036.ml.nc'
2025-03-30 20:07:48 INFO File '20121017_12_ecmwf_forecast.CC.EUR_LL015.036.ml.nc' identified as 'ml' type
2025-03-30 20:07:48 INFO Found init time '2012-10-17 12:00:00', 7 valid_times and 1 standard_names
2025-03-30 20:07:48 DEBUG valid_times='[cftime.DatetimeGregorian(2012, 10, 17, 12, 0, 0, 0, has_year_zero=False)
 cftime.DatetimeGregorian(2012, 10, 17, 18, 0, 0, 0, has_year_zero=False)
 cftime.DatetimeGregorian(2012, 10, 18, 0, 0, 0, 0, has_year_zero=False)
 cftime.DatetimeGregorian(2012, 10, 18, 6, 0, 0, 0, has_year_zero=False)
 cftime.DatetimeGregorian(2012, 10, 18, 12, 0, 0, 0, has_year_zero=False)
 cftime.DatetimeGregorian(2012, 10, 18, 18, 0, 0, 0, has_year_zero=False)
 cftime.DatetimeGregorian(2012, 10, 19, 0, 0, 0, 0, has_year_zero=False)]' standard_names='['cloud_area_fraction_in_atmosphere_layer']'
2025-03-30 20:07:48 INFO Opening candidate '20121017_12_ecmwf_forecast.CIWC.EUR_LL015.036.ml.nc'
2025-03-30 20:07:48 INFO File '20121017_12_ecmwf_forecast.CIWC.EUR_LL015.036.ml.nc' identified as 'ml' type
2025-03-30 20:07:48 INFO Found init time '2012-10-17 12:00:00', 7 valid_times and 1 standard_names
2025-03-30 20:07:48 DEBUG valid_times='[cftime.DatetimeGregorian(2012, 10, 17, 12, 0, 0, 0, has_year_zero=False)
 cftime.DatetimeGregorian(2012, 10, 17, 18, 0, 0, 0, has_year_zero=False)
 cftime.DatetimeGregorian(2012, 10, 18, 0, 0, 0, 0, has_year_zero=False)
 cftime.DatetimeGregorian(2012, 10, 18, 6, 0, 0, 0, has_year_zero=False)
 cftime.DatetimeGregorian(2012, 10, 18, 12, 0, 0, 0, has_year_zero=False)
 cftime.DatetimeGregorian(2012, 10, 18, 18, 0, 0, 0, has_year_zero=False)
 cftime.DatetimeGregorian(2012, 10, 19, 0, 0, 0, 0, has_year_zero=False)]' standard_names='['specific_cloud_ice_water_content']'
2025-03-30 20:07:48 INFO Opening candidate '20121017_12_ecmwf_forecast.CLWC.EUR_LL015.036.ml.nc'
2025-03-30 20:07:48 INFO File '20121017_12_ecmwf_forecast.CLWC.EUR_LL015.036.ml.nc' identified as 'ml' type
2025-03-30 20:07:48 INFO Found init time '2012-10-17 12:00:00', 7 valid_times and 1 standard_names
2025-03-30 20:07:48 DEBUG valid_times='[cftime.DatetimeGregorian(2012, 10, 17, 12, 0, 0, 0, has_year_zero=False)
 cftime.DatetimeGregorian(2012, 10, 17, 18, 0, 0, 0, has_year_zero=False)
 cftime.DatetimeGregorian(2012, 10, 18, 0, 0, 0, 0, has_year_zero=False)
 cftime.DatetimeGregorian(2012, 10, 18, 6, 0, 0, 0, has_year_zero=False)
 cftime.DatetimeGregorian(2012, 10, 18, 12, 0, 0, 0, has_year_zero=False)
 cftime.DatetimeGregorian(2012, 10, 18, 18, 0, 0, 0, has_year_zero=False)
 cftime.DatetimeGregorian(2012, 10, 19, 0, 0, 0, 0, has_year_zero=False)]' standard_names='['specific_cloud_liquid_water_content']'
2025-03-30 20:07:48 INFO Opening candidate '20121017_12_ecmwf_forecast.DIV.EUR_LL015.036.ml.nc'
2025-03-30 20:07:48 INFO File '20121017_12_ecmwf_forecast.DIV.EUR_LL015.036.ml.nc' identified as 'ml' type
2025-03-30 20:07:48 INFO Found init time '2012-10-17 12:00:00', 7 valid_times and 1 standard_names
2025-03-30 20:07:48 DEBUG valid_times='[cftime.DatetimeGregorian(2012, 10, 17, 12, 0, 0, 0, has_year_zero=False)
 cftime.DatetimeGregorian(2012, 10, 17, 18, 0, 0, 0, has_year_zero=False)
 cftime.DatetimeGregorian(2012, 10, 18, 0, 0, 0, 0, has_year_zero=False)
 cftime.DatetimeGregorian(2012, 10, 18, 6, 0, 0, 0, has_year_zero=False)
 cftime.DatetimeGregorian(2012, 10, 18, 12, 0, 0, 0, has_year_zero=False)
 cftime.DatetimeGregorian(2012, 10, 18, 18, 0, 0, 0, has_year_zero=False)
 cftime.DatetimeGregorian(2012, 10, 19, 0, 0, 0, 0, has_year_zero=False)]' standard_names='['divergence_of_wind']'
2025-03-30 20:07:48 INFO Opening candidate '20121017_12_ecmwf_forecast.EMAC.EUR_LL015.036.ml.nc'
2025-03-30 20:07:48 INFO File '20121017_12_ecmwf_forecast.EMAC.EUR_LL015.036.ml.nc' identified as 'ml' type
2025-03-30 20:07:48 INFO Found init time '2012-10-17 12:00:00', 7 valid_times and 1 standard_names
2025-03-30 20:07:48 DEBUG valid_times='[cftime.DatetimeGregorian(2012, 10, 17, 12, 0, 0, 0, has_year_zero=False)
 cftime.DatetimeGregorian(2012, 10, 17, 18, 0, 0, 0, has_year_zero=False)
 cftime.DatetimeGregorian(2012, 10, 18, 0, 0, 0, 0, has_year_zero=False)
 cftime.DatetimeGregorian(2012, 10, 18, 6, 0, 0, 0, has_year_zero=False)
 cftime.DatetimeGregorian(2012, 10, 18, 12, 0, 0, 0, has_year_zero=False)
 cftime.DatetimeGregorian(2012, 10, 18, 18, 0, 0, 0, has_year_zero=False)
 cftime.DatetimeGregorian(2012, 10, 19, 0, 0, 0, 0, has_year_zero=False)]' standard_names='['emac_R12']'
2025-03-30 20:07:48 INFO Opening candidate '20121017_12_ecmwf_forecast.GPH.EUR_LL015.036.ml.nc'
2025-03-30 20:07:48 INFO File '20121017_12_ecmwf_forecast.GPH.EUR_LL015.036.ml.nc' identified as 'ml' type
2025-03-30 20:07:48 INFO Found init time '2012-10-17 12:00:00', 7 valid_times and 1 standard_names
2025-03-30 20:07:48 DEBUG valid_times='[cftime.DatetimeGregorian(2012, 10, 17, 12, 0, 0, 0, has_year_zero=False)
 cftime.DatetimeGregorian(2012, 10, 17, 18, 0, 0, 0, has_year_zero=False)
 cftime.DatetimeGregorian(2012, 10, 18, 0, 0, 0, 0, has_year_zero=False)
 cftime.DatetimeGregorian(2012, 10, 18, 6, 0, 0, 0, has_year_zero=False)
 cftime.DatetimeGregorian(2012, 10, 18, 12, 0, 0, 0, has_year_zero=False)
 cftime.DatetimeGregorian(2012, 10, 18, 18, 0, 0, 0, has_year_zero=False)
 cftime.DatetimeGregorian(2012, 10, 19, 0, 0, 0, 0, has_year_zero=False)]' standard_names='['geopotential_height']'
2025-03-30 20:07:48 INFO Opening candidate '20121017_12_ecmwf_forecast.O3.EUR_LL015.036.ml.nc'
2025-03-30 20:07:48 INFO File '20121017_12_ecmwf_forecast.O3.EUR_LL015.036.ml.nc' identified as 'ml' type
2025-03-30 20:07:48 INFO Found init time '2012-10-17 12:00:00', 7 valid_times and 1 standard_names
2025-03-30 20:07:48 DEBUG valid_times='[cftime.DatetimeGregorian(2012, 10, 17, 12, 0, 0, 0, has_year_zero=False)
 cftime.DatetimeGregorian(2012, 10, 17, 18, 0, 0, 0, has_year_zero=False)
 cftime.DatetimeGregorian(2012, 10, 18, 0, 0, 0, 0, has_year_zero=False)
 cftime.DatetimeGregorian(2012, 10, 18, 6, 0, 0, 0, has_year_zero=False)
 cftime.DatetimeGregorian(2012, 10, 18, 12, 0, 0, 0, has_year_zero=False)
 cftime.DatetimeGregorian(2012, 10, 18, 18, 0, 0, 0, has_year_zero=False)
 cftime.DatetimeGregorian(2012, 10, 19, 0, 0, 0, 0, has_year_zero=False)]' standard_names='['mole_fraction_of_ozone_in_air']'
2025-03-30 20:07:48 INFO Opening candidate '20121017_12_ecmwf_forecast.PRESSURE_LEVELS.EUR_LL015.036.pl.nc'
2025-03-30 20:07:48 INFO File '20121017_12_ecmwf_forecast.PRESSURE_LEVELS.EUR_LL015.036.pl.nc' identified as 'pl' type
2025-03-30 20:07:48 INFO Found init time '2012-10-17 12:00:00', 7 valid_times and 16 standard_names
2025-03-30 20:07:48 DEBUG valid_times='[cftime.DatetimeGregorian(2012, 10, 17, 12, 0, 0, 0, has_year_zero=False)
 cftime.DatetimeGregorian(2012, 10, 17, 18, 0, 0, 0, has_year_zero=False)
 cftime.DatetimeGregorian(2012, 10, 18, 0, 0, 0, 0, has_year_zero=False)
 cftime.DatetimeGregorian(2012, 10, 18, 6, 0, 0, 0, has_year_zero=False)
 cftime.DatetimeGregorian(2012, 10, 18, 12, 0, 0, 0, has_year_zero=False)
 cftime.DatetimeGregorian(2012, 10, 18, 18, 0, 0, 0, has_year_zero=False)
 cftime.DatetimeGregorian(2012, 10, 19, 0, 0, 0, 0, has_year_zero=False)]' standard_names='['air_potential_temperature', 'air_pressure', 'air_temperature', 'eastward_wind', 'ertel_potential_vorticity', 'geopotential_height', 'northward_wind', 'specific_humidity', 'lagrangian_tendency_of_air_pressure', 'divergence_of_wind', 'mass_fraction_of_ozone_in_air', 'mole_fraction_of_ozone_in_air', 'equivalent_latitude', 'number_of_wcb_trajectories', 'number_of_insitu_trajectories', 'number_of_mix_trajectories']'
2025-03-30 20:07:48 INFO Opening candidate '20121017_12_ecmwf_forecast.PVU.EUR_LL015.036.pv.nc'
2025-03-30 20:07:48 INFO File '20121017_12_ecmwf_forecast.PVU.EUR_LL015.036.pv.nc' identified as 'pv' type
2025-03-30 20:07:48 INFO Found init time '2012-10-17 12:00:00', 7 valid_times and 3 standard_names
2025-03-30 20:07:48 DEBUG valid_times='[cftime.DatetimeGregorian(2012, 10, 17, 12, 0, 0, 0, has_year_zero=False)
 cftime.DatetimeGregorian(2012, 10, 17, 18, 0, 0, 0, has_year_zero=False)
 cftime.DatetimeGregorian(2012, 10, 18, 0, 0, 0, 0, has_year_zero=False)
 cftime.DatetimeGregorian(2012, 10, 18, 6, 0, 0, 0, has_year_zero=False)
 cftime.DatetimeGregorian(2012, 10, 18, 12, 0, 0, 0, has_year_zero=False)
 cftime.DatetimeGregorian(2012, 10, 18, 18, 0, 0, 0, has_year_zero=False)
 cftime.DatetimeGregorian(2012, 10, 19, 0, 0, 0, 0, has_year_zero=False)]' standard_names='['air_potential_temperature', 'geopotential_height', 'air_pressure']'
2025-03-30 20:07:48 INFO Opening candidate '20121017_12_ecmwf_forecast.PV_derived.EUR_LL015.036.ml.nc'
2025-03-30 20:07:48 INFO File '20121017_12_ecmwf_forecast.PV_derived.EUR_LL015.036.ml.nc' identified as 'ml' type
2025-03-30 20:07:48 INFO Found init time '2012-10-17 12:00:00', 7 valid_times and 1 standard_names
2025-03-30 20:07:48 DEBUG valid_times='[cftime.DatetimeGregorian(2012, 10, 17, 12, 0, 0, 0, has_year_zero=False)
 cftime.DatetimeGregorian(2012, 10, 17, 18, 0, 0, 0, has_year_zero=False)
 cftime.DatetimeGregorian(2012, 10, 18, 0, 0, 0, 0, has_year_zero=False)
 cftime.DatetimeGregorian(2012, 10, 18, 6, 0, 0, 0, has_year_zero=False)
 cftime.DatetimeGregorian(2012, 10, 18, 12, 0, 0, 0, has_year_zero=False)
 cftime.DatetimeGregorian(2012, 10, 18, 18, 0, 0, 0, has_year_zero=False)
 cftime.DatetimeGregorian(2012, 10, 19, 0, 0, 0, 0, has_year_zero=False)]' standard_names='['ertel_potential_vorticity']'
2025-03-30 20:07:48 INFO Opening candidate '20121017_12_ecmwf_forecast.P_derived.EUR_LL015.036.ml.nc'
2025-03-30 20:07:48 INFO File '20121017_12_ecmwf_forecast.P_derived.EUR_LL015.036.ml.nc' identified as 'ml' type
2025-03-30 20:07:48 INFO Found init time '2012-10-17 12:00:00', 7 valid_times and 1 standard_names
2025-03-30 20:07:48 DEBUG valid_times='[cftime.DatetimeGregorian(2012, 10, 17, 12, 0, 0, 0, has_year_zero=False)
 cftime.DatetimeGregorian(2012, 10, 17, 18, 0, 0, 0, has_year_zero=False)
 cftime.DatetimeGregorian(2012, 10, 18, 0, 0, 0, 0, has_year_zero=False)
 cftime.DatetimeGregorian(2012, 10, 18, 6, 0, 0, 0, has_year_zero=False)
 cftime.DatetimeGregorian(2012, 10, 18, 12, 0, 0, 0, has_year_zero=False)
 cftime.DatetimeGregorian(2012, 10, 18, 18, 0, 0, 0, has_year_zero=False)
 cftime.DatetimeGregorian(2012, 10, 19, 0, 0, 0, 0, has_year_zero=False)]' standard_names='['air_pressure']'
2025-03-30 20:07:48 INFO Opening candidate '20121017_12_ecmwf_forecast.ProbWCB_LAGRANTO_derived.EUR_LL015.036.ml.nc'
2025-03-30 20:07:48 INFO File '20121017_12_ecmwf_forecast.ProbWCB_LAGRANTO_derived.EUR_LL015.036.ml.nc' identified as 'ml' type
2025-03-30 20:07:48 INFO Found init time '2012-10-17 12:00:00', 7 valid_times and 1 standard_names
2025-03-30 20:07:48 DEBUG valid_times='[cftime.DatetimeGregorian(2012, 10, 17, 12, 0, 0, 0, has_year_zero=False)
 cftime.DatetimeGregorian(2012, 10, 17, 18, 0, 0, 0, has_year_zero=False)
 cftime.DatetimeGregorian(2012, 10, 18, 0, 0, 0, 0, has_year_zero=False)
 cftime.DatetimeGregorian(2012, 10, 18, 6, 0, 0, 0, has_year_zero=False)
 cftime.DatetimeGregorian(2012, 10, 18, 12, 0, 0, 0, has_year_zero=False)
 cftime.DatetimeGregorian(2012, 10, 18, 18, 0, 0, 0, has_year_zero=False)
 cftime.DatetimeGregorian(2012, 10, 19, 0, 0, 0, 0, has_year_zero=False)]' standard_names='['probability_of_wcb_occurrence']'
2025-03-30 20:07:48 INFO Opening candidate '20121017_12_ecmwf_forecast.ProbWCB_LAGRANTO_derived.EUR_LL015.036.sfc.nc'
2025-03-30 20:07:48 INFO File '20121017_12_ecmwf_forecast.ProbWCB_LAGRANTO_derived.EUR_LL015.036.sfc.nc' identified as 'sfc' type
2025-03-30 20:07:48 INFO Found init time '2012-10-17 12:00:00', 7 valid_times and 1 standard_names
2025-03-30 20:07:48 DEBUG valid_times='[cftime.DatetimeGregorian(2012, 10, 17, 12, 0, 0, 0, has_year_zero=False)
 cftime.DatetimeGregorian(2012, 10, 17, 18, 0, 0, 0, has_year_zero=False)
 cftime.DatetimeGregorian(2012, 10, 18, 0, 0, 0, 0, has_year_zero=False)
 cftime.DatetimeGregorian(2012, 10, 18, 6, 0, 0, 0, has_year_zero=False)
 cftime.DatetimeGregorian(2012, 10, 18, 12, 0, 0, 0, has_year_zero=False)
 cftime.DatetimeGregorian(2012, 10, 18, 18, 0, 0, 0, has_year_zero=False)
 cftime.DatetimeGregorian(2012, 10, 19, 0, 0, 0, 0, has_year_zero=False)]' standard_names='['vertically_integrated_probability_of_wcb_occurrence']'
2025-03-30 20:07:48 INFO Opening candidate '20121017_12_ecmwf_forecast.Q.EUR_LL015.036.ml.nc'
2025-03-30 20:07:48 INFO File '20121017_12_ecmwf_forecast.Q.EUR_LL015.036.ml.nc' identified as 'ml' type
2025-03-30 20:07:48 INFO Found init time '2012-10-17 12:00:00', 7 valid_times and 1 standard_names
2025-03-30 20:07:48 DEBUG valid_times='[cftime.DatetimeGregorian(2012, 10, 17, 12, 0, 0, 0, has_year_zero=False)
 cftime.DatetimeGregorian(2012, 10, 17, 18, 0, 0, 0, has_year_zero=False)
 cftime.DatetimeGregorian(2012, 10, 18, 0, 0, 0, 0, has_year_zero=False)
 cftime.DatetimeGregorian(2012, 10, 18, 6, 0, 0, 0, has_year_zero=False)
 cftime.DatetimeGregorian(2012, 10, 18, 12, 0, 0, 0, has_year_zero=False)
 cftime.DatetimeGregorian(2012, 10, 18, 18, 0, 0, 0, has_year_zero=False)
 cftime.DatetimeGregorian(2012, 10, 19, 0, 0, 0, 0, has_year_zero=False)]' standard_names='['specific_humidity']'
2025-03-30 20:07:48 INFO Opening candidate '20121017_12_ecmwf_forecast.SEA.EUR_LL015.036.sfc.nc'
2025-03-30 20:07:48 INFO File '20121017_12_ecmwf_forecast.SEA.EUR_LL015.036.sfc.nc' identified as 'sfc' type
2025-03-30 20:07:48 INFO Found init time '2012-10-17 12:00:00', 7 valid_times and 1 standard_names
2025-03-30 20:07:48 DEBUG valid_times='[cftime.DatetimeGregorian(2012, 10, 17, 12, 0, 0, 0, has_year_zero=False)
 cftime.DatetimeGregorian(2012, 10, 17, 18, 0, 0, 0, has_year_zero=False)
 cftime.DatetimeGregorian(2012, 10, 18, 0, 0, 0, 0, has_year_zero=False)
 cftime.DatetimeGregorian(2012, 10, 18, 6, 0, 0, 0, has_year_zero=False)
 cftime.DatetimeGregorian(2012, 10, 18, 12, 0, 0, 0, has_year_zero=False)
 cftime.DatetimeGregorian(2012, 10, 18, 18, 0, 0, 0, has_year_zero=False)
 cftime.DatetimeGregorian(2012, 10, 19, 0, 0, 0, 0, has_year_zero=False)]' standard_names='['solar_elevation_angle']'
2025-03-30 20:07:48 INFO Opening candidate '20121017_12_ecmwf_forecast.SFC.EUR_LL015.036.sfc.nc'
2025-03-30 20:07:48 INFO File '20121017_12_ecmwf_forecast.SFC.EUR_LL015.036.sfc.nc' identified as 'sfc' type
2025-03-30 20:07:48 INFO Found init time '2012-10-17 12:00:00', 7 valid_times and 15 standard_names
2025-03-30 20:07:48 DEBUG valid_times='[cftime.DatetimeGregorian(2012, 10, 17, 12, 0, 0, 0, has_year_zero=False)
 cftime.DatetimeGregorian(2012, 10, 17, 18, 0, 0, 0, has_year_zero=False)
 cftime.DatetimeGregorian(2012, 10, 18, 0, 0, 0, 0, has_year_zero=False)
 cftime.DatetimeGregorian(2012, 10, 18, 6, 0, 0, 0, has_year_zero=False)
 cftime.DatetimeGregorian(2012, 10, 18, 12, 0, 0, 0, has_year_zero=False)
 cftime.DatetimeGregorian(2012, 10, 18, 18, 0, 0, 0, has_year_zero=False)
 cftime.DatetimeGregorian(2012, 10, 19, 0, 0, 0, 0, has_year_zero=False)]' standard_names='['surface_geopotential', 'air_pressure_at_sea_level', 'total_cloud_cover', 'land_binary_mask', 'low_cloud_area_fraction', 'medium_cloud_area_fraction', 'high_cloud_area_fraction', 'surface_eastward_wind', 'surface_northward_wind', 'sea_ice_area_fraction', 'msg_brightness_temperature_108', 'atmosphere_boundary_layer_thickness', 'emac_column_density', 'tropopause_altitude', 'secondary_tropopause_altitude']'
2025-03-30 20:07:48 INFO Opening candidate '20121017_12_ecmwf_forecast.T.EUR_LL015.036.ml.nc'
2025-03-30 20:07:48 INFO File '20121017_12_ecmwf_forecast.T.EUR_LL015.036.ml.nc' identified as 'ml' type
2025-03-30 20:07:48 INFO Found init time '2012-10-17 12:00:00', 7 valid_times and 1 standard_names
2025-03-30 20:07:48 DEBUG valid_times='[cftime.DatetimeGregorian(2012, 10, 17, 12, 0, 0, 0, has_year_zero=False)
 cftime.DatetimeGregorian(2012, 10, 17, 18, 0, 0, 0, has_year_zero=False)
 cftime.DatetimeGregorian(2012, 10, 18, 0, 0, 0, 0, has_year_zero=False)
 cftime.DatetimeGregorian(2012, 10, 18, 6, 0, 0, 0, has_year_zero=False)
 cftime.DatetimeGregorian(2012, 10, 18, 12, 0, 0, 0, has_year_zero=False)
 cftime.DatetimeGregorian(2012, 10, 18, 18, 0, 0, 0, has_year_zero=False)
 cftime.DatetimeGregorian(2012, 10, 19, 0, 0, 0, 0, has_year_zero=False)]' standard_names='['air_temperature']'
2025-03-30 20:07:48 INFO Opening candidate '20121017_12_ecmwf_forecast.THETA.EUR_LL015.036.ml.nc'
2025-03-30 20:07:48 INFO File '20121017_12_ecmwf_forecast.THETA.EUR_LL015.036.ml.nc' identified as 'ml' type
2025-03-30 20:07:48 INFO Found init time '2012-10-17 12:00:00', 7 valid_times and 1 standard_names
2025-03-30 20:07:48 DEBUG valid_times='[cftime.DatetimeGregorian(2012, 10, 17, 12, 0, 0, 0, has_year_zero=False)
 cftime.DatetimeGregorian(2012, 10, 17, 18, 0, 0, 0, has_year_zero=False)
 cftime.DatetimeGregorian(2012, 10, 18, 0, 0, 0, 0, has_year_zero=False)
 cftime.DatetimeGregorian(2012, 10, 18, 6, 0, 0, 0, has_year_zero=False)
 cftime.DatetimeGregorian(2012, 10, 18, 12, 0, 0, 0, has_year_zero=False)
 cftime.DatetimeGregorian(2012, 10, 18, 18, 0, 0, 0, has_year_zero=False)
 cftime.DatetimeGregorian(2012, 10, 19, 0, 0, 0, 0, has_year_zero=False)]' standard_names='['air_potential_temperature']'
2025-03-30 20:07:48 INFO Opening candidate '20121017_12_ecmwf_forecast.THETA_LEVELS.EUR_LL015.036.tl.nc'
2025-03-30 20:07:48 INFO File '20121017_12_ecmwf_forecast.THETA_LEVELS.EUR_LL015.036.tl.nc' identified as 'tl' type
2025-03-30 20:07:48 INFO Found init time '2012-10-17 12:00:00', 7 valid_times and 3 standard_names
2025-03-30 20:07:48 DEBUG valid_times='[cftime.DatetimeGregorian(2012, 10, 17, 12, 0, 0, 0, has_year_zero=False)
 cftime.DatetimeGregorian(2012, 10, 17, 18, 0, 0, 0, has_year_zero=False)
 cftime.DatetimeGregorian(2012, 10, 18, 0, 0, 0, 0, has_year_zero=False)
 cftime.DatetimeGregorian(2012, 10, 18, 6, 0, 0, 0, has_year_zero=False)
 cftime.DatetimeGregorian(2012, 10, 18, 12, 0, 0, 0, has_year_zero=False)
 cftime.DatetimeGregorian(2012, 10, 18, 18, 0, 0, 0, has_year_zero=False)
 cftime.DatetimeGregorian(2012, 10, 19, 0, 0, 0, 0, has_year_zero=False)]' standard_names='['air_pressure', 'ertel_potential_vorticity', 'mole_fraction_of_ozone_in_air']'
2025-03-30 20:07:48 INFO Opening candidate '20121017_12_ecmwf_forecast.U.EUR_LL015.036.ml.nc'
2025-03-30 20:07:48 INFO File '20121017_12_ecmwf_forecast.U.EUR_LL015.036.ml.nc' identified as 'ml' type
2025-03-30 20:07:48 INFO Found init time '2012-10-17 12:00:00', 7 valid_times and 1 standard_names
2025-03-30 20:07:48 DEBUG valid_times='[cftime.DatetimeGregorian(2012, 10, 17, 12, 0, 0, 0, has_year_zero=False)
 cftime.DatetimeGregorian(2012, 10, 17, 18, 0, 0, 0, has_year_zero=False)
 cftime.DatetimeGregorian(2012, 10, 18, 0, 0, 0, 0, has_year_zero=False)
 cftime.DatetimeGregorian(2012, 10, 18, 6, 0, 0, 0, has_year_zero=False)
 cftime.DatetimeGregorian(2012, 10, 18, 12, 0, 0, 0, has_year_zero=False)
 cftime.DatetimeGregorian(2012, 10, 18, 18, 0, 0, 0, has_year_zero=False)
 cftime.DatetimeGregorian(2012, 10, 19, 0, 0, 0, 0, has_year_zero=False)]' standard_names='['eastward_wind']'
2025-03-30 20:07:48 INFO Opening candidate '20121017_12_ecmwf_forecast.V.EUR_LL015.036.ml.nc'
2025-03-30 20:07:48 INFO File '20121017_12_ecmwf_forecast.V.EUR_LL015.036.ml.nc' identified as 'ml' type
2025-03-30 20:07:48 INFO Found init time '2012-10-17 12:00:00', 7 valid_times and 1 standard_names
2025-03-30 20:07:48 DEBUG valid_times='[cftime.DatetimeGregorian(2012, 10, 17, 12, 0, 0, 0, has_year_zero=False)
 cftime.DatetimeGregorian(2012, 10, 17, 18, 0, 0, 0, has_year_zero=False)
 cftime.DatetimeGregorian(2012, 10, 18, 0, 0, 0, 0, has_year_zero=False)
 cftime.DatetimeGregorian(2012, 10, 18, 6, 0, 0, 0, has_year_zero=False)
 cftime.DatetimeGregorian(2012, 10, 18, 12, 0, 0, 0, has_year_zero=False)
 cftime.DatetimeGregorian(2012, 10, 18, 18, 0, 0, 0, has_year_zero=False)
 cftime.DatetimeGregorian(2012, 10, 19, 0, 0, 0, 0, has_year_zero=False)]' standard_names='['northward_wind']'
2025-03-30 20:07:48 INFO Opening candidate '20121017_12_ecmwf_forecast.W.EUR_LL015.036.ml.nc'
2025-03-30 20:07:48 INFO File '20121017_12_ecmwf_forecast.W.EUR_LL015.036.ml.nc' identified as 'ml' type
2025-03-30 20:07:48 INFO Found init time '2012-10-17 12:00:00', 7 valid_times and 1 standard_names
2025-03-30 20:07:48 DEBUG valid_times='[cftime.DatetimeGregorian(2012, 10, 17, 12, 0, 0, 0, has_year_zero=False)
 cftime.DatetimeGregorian(2012, 10, 17, 18, 0, 0, 0, has_year_zero=False)
 cftime.DatetimeGregorian(2012, 10, 18, 0, 0, 0, 0, has_year_zero=False)
 cftime.DatetimeGregorian(2012, 10, 18, 6, 0, 0, 0, has_year_zero=False)
 cftime.DatetimeGregorian(2012, 10, 18, 12, 0, 0, 0, has_year_zero=False)
 cftime.DatetimeGregorian(2012, 10, 18, 18, 0, 0, 0, has_year_zero=False)
 cftime.DatetimeGregorian(2012, 10, 19, 0, 0, 0, 0, has_year_zero=False)]' standard_names='['lagrangian_tendency_of_air_pressure']'
2025-03-30 20:07:48 DEBUG using plot object 'MSLP'
2025-03-30 20:07:48 DEBUG 	figure size (800, 600) in pixels
2025-03-30 20:07:48 DEBUG 	requested initialisation time 2012-10-17 12:00:00
2025-03-30 20:07:48 DEBUG 	requested forecast valid time 2012-10-17 12:00:00
2025-03-30 20:07:48 DEBUG 	variable 'air_pressure_at_sea_level' requires input file '20121017_12_ecmwf_forecast.SFC.EUR_LL015.036.sfc.nc'
2025-03-30 20:07:48 DEBUG 	variable 'surface_eastward_wind' requires input file '20121017_12_ecmwf_forecast.SFC.EUR_LL015.036.sfc.nc'
2025-03-30 20:07:48 DEBUG 	variable 'surface_northward_wind' requires input file '20121017_12_ecmwf_forecast.SFC.EUR_LL015.036.sfc.nc'
2025-03-30 20:07:48 DEBUG opening datasets.
2025-03-30 20:07:48 DEBUG 	identified variable <air_pressure_at_sea_level> for field <air_pressure_at_sea_level>
2025-03-30 20:07:48 DEBUG 	identified variable <surface_eastward_wind> for field <surface_eastward_wind>
2025-03-30 20:07:48 DEBUG 	identified variable <surface_northward_wind> for field <surface_northward_wind>
2025-03-30 20:07:48 DEBUG loading data for time step 0 (2012-10-17 12:00:00), level index None (level None)
2025-03-30 20:07:48 DEBUG 	Loaded 0.02 Mbytes from data field <air_pressure_at_sea_level>.
2025-03-30 20:07:48 DEBUG 	Loaded 0.02 Mbytes from data field <surface_eastward_wind>.
2025-03-30 20:07:48 DEBUG 	Loaded 0.02 Mbytes from data field <surface_northward_wind>.
2025-03-30 20:07:48 DEBUG Loaded data (required time 0:00:00.002969).
2025-03-30 20:07:48 DEBUG Plotting horizontal section.
2025-03-30 20:07:48 DEBUG Identified CRS 'epsg:4326' as '{'basemap': {'epsg': '4326'}, 'bbox': 'degree'}'
2025-03-30 20:07:48 DEBUG Identified CRS 'epsg:4326' as '{'basemap': {'epsg': '4326'}, 'bbox': 'degree'}'
2025-03-30 20:07:48 DEBUG plotting data..
2025-03-30 20:07:48 DEBUG preparing additional data fields..
2025-03-30 20:07:48 DEBUG creating figure..
2025-03-30 20:07:48 DEBUG 	with frame and legends
2025-03-30 20:07:48 DEBUG Loaded '({'epsg': '4326'}, [-22.5, 27.5, 55, 62.5], 'degree')' from basemap cache
2025-03-30 20:07:48 DEBUG shifting data grid to leftmost longitude in map -22..
2025-03-30 20:07:49 DEBUG converting image to indexed palette.
2025-03-30 20:07:49 DEBUG saving figure as non-transparent PNG.
2025-03-30 20:07:49 DEBUG returning figure..
2025-03-30 20:07:49 DEBUG Finished plotting (required time 0:00:00.665335; total time 0:00:00.668304).

2025-03-30 20:07:49 DEBUG using plot object 'MSLP'
2025-03-30 20:07:49 DEBUG 	figure size (800, 600) in pixels
2025-03-30 20:07:49 DEBUG 	requested initialisation time 2012-10-17 12:00:00
2025-03-30 20:07:49 DEBUG 	requested forecast valid time 2012-10-17 12:00:00
2025-03-30 20:07:49 DEBUG 	variable 'air_pressure_at_sea_level' requires input file '20121017_12_ecmwf_forecast.SFC.EUR_LL015.036.sfc.nc'
2025-03-30 20:07:49 DEBUG 	variable 'surface_eastward_wind' requires input file '20121017_12_ecmwf_forecast.SFC.EUR_LL015.036.sfc.nc'
2025-03-30 20:07:49 DEBUG 	variable 'surface_northward_wind' requires input file '20121017_12_ecmwf_forecast.SFC.EUR_LL015.036.sfc.nc'
2025-03-30 20:07:49 DEBUG opening datasets.
2025-03-30 20:07:49 DEBUG 	identified variable <air_pressure_at_sea_level> for field <air_pressure_at_sea_level>
2025-03-30 20:07:49 DEBUG 	identified variable <surface_eastward_wind> for field <surface_eastward_wind>
2025-03-30 20:07:49 DEBUG 	identified variable <surface_northward_wind> for field <surface_northward_wind>
2025-03-30 20:07:49 DEBUG loading data for time step 0 (2012-10-17 12:00:00), level index None (level None)
2025-03-30 20:07:49 DEBUG 	Loaded 0.02 Mbytes from data field <air_pressure_at_sea_level>.
2025-03-30 20:07:49 DEBUG 	Loaded 0.02 Mbytes from data field <surface_eastward_wind>.
2025-03-30 20:07:49 DEBUG 	Loaded 0.02 Mbytes from data field <surface_northward_wind>.
2025-03-30 20:07:49 DEBUG Loaded data (required time 0:00:00.002612).
2025-03-30 20:07:49 DEBUG Plotting horizontal section.
2025-03-30 20:07:49 DEBUG Identified CRS 'epsg:4326' as '{'basemap': {'epsg': '4326'}, 'bbox': 'degree'}'
2025-03-30 20:07:49 DEBUG Identified CRS 'epsg:4326' as '{'basemap': {'epsg': '4326'}, 'bbox': 'degree'}'
2025-03-30 20:07:49 DEBUG plotting data..
2025-03-30 20:07:49 DEBUG preparing additional data fields..
2025-03-30 20:07:49 DEBUG creating figure..
2025-03-30 20:07:49 DEBUG 	without frame
2025-03-30 20:07:49 DEBUG Loaded '({'epsg': '4326'}, [-22.5, 27.5, 55, 62.5], 'degree')' from basemap cache
2025-03-30 20:07:49 DEBUG shifting data grid to leftmost longitude in map -22..
2025-03-30 20:07:49 DEBUG converting image to indexed palette.
2025-03-30 20:07:49 DEBUG saving figure as non-transparent PNG.
2025-03-30 20:07:49 DEBUG returning figure..
2025-03-30 20:07:49 DEBUG Finished plotting (required time 0:00:00.660663; total time 0:00:00.663275).

2025-03-30 20:07:50 DEBUG No user settings found, using default settings
2025-03-30 20:07:50 INFO Files identified for domain 'EUR_LL015': ['20121017_12_ecmwf_forecast.ALTITUDE_LEVELS.EUR_LL015.036.al.nc', '20121017_12_ecmwf_forecast.CC.EUR_LL015.036.ml.nc', '20121017_12_ecmwf_forecast.CIWC.EUR_LL015.036.ml.nc', '20121017_12_ecmwf_forecast.CLWC.EUR_LL015.036.ml.nc', '20121017_12_ecmwf_forecast.DIV.EUR_LL015.036.ml.nc', '20121017_12_ecmwf_forecast.EMAC.EUR_LL015.036.ml.nc', '20121017_12_ecmwf_forecast.GPH.EUR_LL015.036.ml.nc', '20121017_12_ecmwf_forecast.O3.EUR_LL015.036.ml.nc', '20121017_12_ecmwf_forecast.PRESSURE_LEVELS.EUR_LL015.036.pl.nc', '20121017_12_ecmwf_forecast.PVU.EUR_LL015.036.pv.nc', '20121017_12_ecmwf_forecast.PV_derived.EUR_LL015.036.ml.nc', '20121017_12_ecmwf_forecast.P_derived.EUR_LL015.036.ml.nc', '20121017_12_ecmwf_forecast.ProbWCB_LAGRANTO_derived.EUR_LL015.036.ml.nc', '20121017_12_ecmwf_forecast.ProbWCB_LAGRANTO_derived.EUR_LL015.036.sfc.nc', '20121017_12_ecmwf_forecast.Q.EUR_LL015.036.ml.nc', '20121017_12_ecmwf_forecast.SEA.EUR_LL015.036.sfc.nc', '20121017_12_ecmwf_forecast.SFC.EUR_LL015.036.sfc.nc', '20121017_12_ecmwf_forecast.T.EUR_LL015.036.ml.nc', '20121017_12_ecmwf_forecast.THETA.EUR_LL015.036.ml.nc', '20121017_12_ecmwf_forecast.THETA_LEVELS.EUR_LL015.036.tl.nc', '20121017_12_ecmwf_forecast.U.EUR_LL015.036.ml.nc', '20121017_12_ecmwf_forecast.V.EUR_LL015.036.ml.nc', '20121017_12_ecmwf_forecast.W.EUR_LL015.036.ml.nc']
2025-03-30 20:07:50 INFO Opening candidate '20121017_12_ecmwf_forecast.ALTITUDE_LEVELS.EUR_LL015.036.al.nc'
2025-03-30 20:07:50 INFO File '20121017_12_ecmwf_forecast.ALTITUDE_LEVELS.EUR_LL015.036.al.nc' identified as 'al' type
2025-03-30 20:07:50 INFO Found init time '2012-10-17 12:00:00', 7 valid_times and 3 standard_names
2025-03-30 20:07:50 DEBUG valid_times='[cftime.DatetimeGregorian(2012, 10, 17, 12, 0, 0, 0, has_year_zero=False)
 cftime.DatetimeGregorian(2012, 10, 17, 18, 0, 0, 0, has_year_zero=False)
 cftime.DatetimeGregorian(2012, 10, 18, 0, 0, 0, 0, has_year_zero=False)
 cftime.DatetimeGregorian(2012, 10, 18, 6, 0, 0, 0, has_year_zero=False)
 cftime.DatetimeGregorian(2012, 10, 18, 12, 0, 0, 0, has_year_zero=False)
 cftime.DatetimeGregorian(2012, 10, 18, 18, 0, 0, 0, has_year_zero=False)
 cftime.DatetimeGregorian(2012, 10, 19, 0, 0, 0, 0, has_year_zero=False)]' standard_names='['air_pressure', 'ertel_potential_vorticity', 'mole_fraction_of_ozone_in_air']'
2025-03-30 20:07:50 INFO Opening candidate '20121017_12_ecmwf_forecast.CC.EUR_LL015.036.ml.nc'
2025-03-30 20:07:50 INFO File '20121017_12_ecmwf_forecast.CC.EUR_LL015.036.ml.nc' identified as 'ml' type
2025-03-30 20:07:50 INFO Found init time '2012-10-17 12:00:00', 7 valid_times and 1 standard_names
2025-03-30 20:07:50 DEBUG valid_times='[cftime.DatetimeGregorian(2012, 10, 17, 12, 0, 0, 0, has_year_zero=False)
 cftime.DatetimeGregorian(2012, 10, 17, 18, 0, 0, 0, has_year_zero=False)
 cftime.DatetimeGregorian(2012, 10, 18, 0, 0, 0, 0, has_year_zero=False)
 cftime.DatetimeGregorian(2012, 10, 18, 6, 0, 0, 0, has_year_zero=False)
 cftime.DatetimeGregorian(2012, 10, 18, 12, 0, 0, 0, has_year_zero=False)
 cftime.DatetimeGregorian(2012, 10, 18, 18, 0, 0, 0, has_year_zero=False)
 cftime.DatetimeGregorian(2012, 10, 19, 0, 0, 0, 0, has_year_zero=False)]' standard_names='['cloud_area_fraction_in_atmosphere_layer']'
2025-03-30 20:07:50 INFO Opening candidate '20121017_12_ecmwf_forecast.CIWC.EUR_LL015.036.ml.nc'
2025-03-30 20:07:50 INFO File '20121017_12_ecmwf_forecast.CIWC.EUR_LL015.036.ml.nc' identified as 'ml' type
2025-03-30 20:07:50 INFO Found init time '2012-10-17 12:00:00', 7 valid_times and 1 standard_names
2025-03-30 20:07:50 DEBUG valid_times='[cftime.DatetimeGregorian(2012, 10, 17, 12, 0, 0, 0, has_year_zero=False)
 cftime.DatetimeGregorian(2012, 10, 17, 18, 0, 0, 0, has_year_zero=False)
 cftime.DatetimeGregorian(2012, 10, 18, 0, 0, 0, 0, has_year_zero=False)
 cftime.DatetimeGregorian(2012, 10, 18, 6, 0, 0, 0, has_year_zero=False)
 cftime.DatetimeGregorian(2012, 10, 18, 12, 0, 0, 0, has_year_zero=False)
 cftime.DatetimeGregorian(2012, 10, 18, 18, 0, 0, 0, has_year_zero=False)
 cftime.DatetimeGregorian(2012, 10, 19, 0, 0, 0, 0, has_year_zero=False)]' standard_names='['specific_cloud_ice_water_content']'
2025-03-30 20:07:50 INFO Opening candidate '20121017_12_ecmwf_forecast.CLWC.EUR_LL015.036.ml.nc'
2025-03-30 20:07:50 INFO File '20121017_12_ecmwf_forecast.CLWC.EUR_LL015.036.ml.nc' identified as 'ml' type
2025-03-30 20:07:50 INFO Found init time '2012-10-17 12:00:00', 7 valid_times and 1 standard_names
2025-03-30 20:07:50 DEBUG valid_times='[cftime.DatetimeGregorian(2012, 10, 17, 12, 0, 0, 0, has_year_zero=False)
 cftime.DatetimeGregorian(2012, 10, 17, 18, 0, 0, 0, has_year_zero=False)
 cftime.DatetimeGregorian(2012, 10, 18, 0, 0, 0, 0, has_year_zero=False)
 cftime.DatetimeGregorian(2012, 10, 18, 6, 0, 0, 0, has_year_zero=False)
 cftime.DatetimeGregorian(2012, 10, 18, 12, 0, 0, 0, has_year_zero=False)
 cftime.DatetimeGregorian(2012, 10, 18, 18, 0, 0, 0, has_year_zero=False)
 cftime.DatetimeGregorian(2012, 10, 19, 0, 0, 0, 0, has_year_zero=False)]' standard_names='['specific_cloud_liquid_water_content']'
2025-03-30 20:07:50 INFO Opening candidate '20121017_12_ecmwf_forecast.DIV.EUR_LL015.036.ml.nc'
2025-03-30 20:07:50 INFO File '20121017_12_ecmwf_forecast.DIV.EUR_LL015.036.ml.nc' identified as 'ml' type
2025-03-30 20:07:50 INFO Found init time '2012-10-17 12:00:00', 7 valid_times and 1 standard_names
2025-03-30 20:07:50 DEBUG valid_times='[cftime.DatetimeGregorian(2012, 10, 17, 12, 0, 0, 0, has_year_zero=False)
 cftime.DatetimeGregorian(2012, 10, 17, 18, 0, 0, 0, has_year_zero=False)
 cftime.DatetimeGregorian(2012, 10, 18, 0, 0, 0, 0, has_year_zero=False)
 cftime.DatetimeGregorian(2012, 10, 18, 6, 0, 0, 0, has_year_zero=False)
 cftime.DatetimeGregorian(2012, 10, 18, 12, 0, 0, 0, has_year_zero=False)
 cftime.DatetimeGregorian(2012, 10, 18, 18, 0, 0, 0, has_year_zero=False)
 cftime.DatetimeGregorian(2012, 10, 19, 0, 0, 0, 0, has_year_zero=False)]' standard_names='['divergence_of_wind']'
2025-03-30 20:07:50 INFO Opening candidate '20121017_12_ecmwf_forecast.EMAC.EUR_LL015.036.ml.nc'
2025-03-30 20:07:50 INFO File '20121017_12_ecmwf_forecast.EMAC.EUR_LL015.036.ml.nc' identified as 'ml' type
2025-03-30 20:07:50 INFO Found init time '2012-10-17 12:00:00', 7 valid_times and 1 standard_names
2025-03-30 20:07:50 DEBUG valid_times='[cftime.DatetimeGregorian(2012, 10, 17, 12, 0, 0, 0, has_year_zero=False)
 cftime.DatetimeGregorian(2012, 10, 17, 18, 0, 0, 0, has_year_zero=False)
 cftime.DatetimeGregorian(2012, 10, 18, 0, 0, 0, 0, has_year_zero=False)
 cftime.DatetimeGregorian(2012, 10, 18, 6, 0, 0, 0, has_year_zero=False)
 cftime.DatetimeGregorian(2012, 10, 18, 12, 0, 0, 0, has_year_zero=False)
 cftime.DatetimeGregorian(2012, 10, 18, 18, 0, 0, 0, has_year_zero=False)
 cftime.DatetimeGregorian(2012, 10, 19, 0, 0, 0, 0, has_year_zero=False)]' standard_names='['emac_R12']'
2025-03-30 20:07:50 INFO Opening candidate '20121017_12_ecmwf_forecast.GPH.EUR_LL015.036.ml.nc'
2025-03-30 20:07:50 INFO File '20121017_12_ecmwf_forecast.GPH.EUR_LL015.036.ml.nc' identified as 'ml' type
2025-03-30 20:07:50 INFO Found init time '2012-10-17 12:00:00', 7 valid_times and 1 standard_names
2025-03-30 20:07:50 DEBUG valid_times='[cftime.DatetimeGregorian(2012, 10, 17, 12, 0, 0, 0, has_year_zero=False)
 cftime.DatetimeGregorian(2012, 10, 17, 18, 0, 0, 0, has_year_zero=False)
 cftime.DatetimeGregorian(2012, 10, 18, 0, 0, 0, 0, has_year_zero=False)
 cftime.DatetimeGregorian(2012, 10, 18, 6, 0, 0, 0, has_year_zero=False)
 cftime.DatetimeGregorian(2012, 10, 18, 12, 0, 0, 0, has_year_zero=False)
 cftime.DatetimeGregorian(2012, 10, 18, 18, 0, 0, 0, has_year_zero=False)
 cftime.DatetimeGregorian(2012, 10, 19, 0, 0, 0, 0, has_year_zero=False)]' standard_names='['geopotential_height']'
2025-03-30 20:07:50 INFO Opening candidate '20121017_12_ecmwf_forecast.O3.EUR_LL015.036.ml.nc'
2025-03-30 20:07:50 INFO File '20121017_12_ecmwf_forecast.O3.EUR_LL015.036.ml.nc' identified as 'ml' type
2025-03-30 20:07:50 INFO Found init time '2012-10-17 12:00:00', 7 valid_times and 1 standard_names
2025-03-30 20:07:50 DEBUG valid_times='[cftime.DatetimeGregorian(2012, 10, 17, 12, 0, 0, 0, has_year_zero=False)
 cftime.DatetimeGregorian(2012, 10, 17, 18, 0, 0, 0, has_year_zero=False)
 cftime.DatetimeGregorian(2012, 10, 18, 0, 0, 0, 0, has_year_zero=False)
 cftime.DatetimeGregorian(2012, 10, 18, 6, 0, 0, 0, has_year_zero=False)
 cftime.DatetimeGregorian(2012, 10, 18, 12, 0, 0, 0, has_year_zero=False)
 cftime.DatetimeGregorian(2012, 10, 18, 18, 0, 0, 0, has_year_zero=False)
 cftime.DatetimeGregorian(2012, 10, 19, 0, 0, 0, 0, has_year_zero=False)]' standard_names='['mole_fraction_of_ozone_in_air']'
2025-03-30 20:07:50 INFO Opening candidate '20121017_12_ecmwf_forecast.PRESSURE_LEVELS.EUR_LL015.036.pl.nc'
2025-03-30 20:07:50 INFO File '20121017_12_ecmwf_forecast.PRESSURE_LEVELS.EUR_LL015.036.pl.nc' identified as 'pl' type
2025-03-30 20:07:50 INFO Found init time '2012-10-17 12:00:00', 7 valid_times and 16 standard_names
2025-03-30 20:07:50 DEBUG valid_times='[cftime.DatetimeGregorian(2012, 10, 17, 12, 0, 0, 0, has_year_zero=False)
 cftime.DatetimeGregorian(2012, 10, 17, 18, 0, 0, 0, has_year_zero=False)
 cftime.DatetimeGregorian(2012, 10, 18, 0, 0, 0, 0, has_year_zero=False)
 cftime.DatetimeGregorian(2012, 10, 18, 6, 0, 0, 0, has_year_zero=False)
 cftime.DatetimeGregorian(2012, 10, 18, 12, 0, 0, 0, has_year_zero=False)
 cftime.DatetimeGregorian(2012, 10, 18, 18, 0, 0, 0, has_year_zero=False)
 cftime.DatetimeGregorian(2012, 10, 19, 0, 0, 0, 0, has_year_zero=False)]' standard_names='['air_potential_temperature', 'air_pressure', 'air_temperature', 'eastward_wind', 'ertel_potential_vorticity', 'geopotential_height', 'northward_wind', 'specific_humidity', 'lagrangian_tendency_of_air_pressure', 'divergence_of_wind', 'mass_fraction_of_ozone_in_air', 'mole_fraction_of_ozone_in_air', 'equivalent_latitude', 'number_of_wcb_trajectories', 'number_of_insitu_trajectories', 'number_of_mix_trajectories']'
2025-03-30 20:07:50 INFO Opening candidate '20121017_12_ecmwf_forecast.PVU.EUR_LL015.036.pv.nc'
2025-03-30 20:07:50 INFO File '20121017_12_ecmwf_forecast.PVU.EUR_LL015.036.pv.nc' identified as 'pv' type
2025-03-30 20:07:50 INFO Found init time '2012-10-17 12:00:00', 7 valid_times and 3 standard_names
2025-03-30 20:07:50 DEBUG valid_times='[cftime.DatetimeGregorian(2012, 10, 17, 12, 0, 0, 0, has_year_zero=False)
 cftime.DatetimeGregorian(2012, 10, 17, 18, 0, 0, 0, has_year_zero=False)
 cftime.DatetimeGregorian(2012, 10, 18, 0, 0, 0, 0, has_year_zero=False)
 cftime.DatetimeGregorian(2012, 10, 18, 6, 0, 0, 0, has_year_zero=False)
 cftime.DatetimeGregorian(2012, 10, 18, 12, 0, 0, 0, has_year_zero=False)
 cftime.DatetimeGregorian(2012, 10, 18, 18, 0, 0, 0, has_year_zero=False)
 cftime.DatetimeGregorian(2012, 10, 19, 0, 0, 0, 0, has_year_zero=False)]' standard_names='['air_potential_temperature', 'geopotential_height', 'air_pressure']'
2025-03-30 20:07:50 INFO Opening candidate '20121017_12_ecmwf_forecast.PV_derived.EUR_LL015.036.ml.nc'
2025-03-30 20:07:50 INFO File '20121017_12_ecmwf_forecast.PV_derived.EUR_LL015.036.ml.nc' identified as 'ml' type
2025-03-30 20:07:50 INFO Found init time '2012-10-17 12:00:00', 7 valid_times and 1 standard_names
2025-03-30 20:07:50 DEBUG valid_times='[cftime.DatetimeGregorian(2012, 10, 17, 12, 0, 0, 0, has_year_zero=False)
 cftime.DatetimeGregorian(2012, 10, 17, 18, 0, 0, 0, has_year_zero=False)
 cftime.DatetimeGregorian(2012, 10, 18, 0, 0, 0, 0, has_year_zero=False)
 cftime.DatetimeGregorian(2012, 10, 18, 6, 0, 0, 0, has_year_zero=False)
 cftime.DatetimeGregorian(2012, 10, 18, 12, 0, 0, 0, has_year_zero=False)
 cftime.DatetimeGregorian(2012, 10, 18, 18, 0, 0, 0, has_year_zero=False)
 cftime.DatetimeGregorian(2012, 10, 19, 0, 0, 0, 0, has_year_zero=False)]' standard_names='['ertel_potential_vorticity']'
2025-03-30 20:07:50 INFO Opening candidate '20121017_12_ecmwf_forecast.P_derived.EUR_LL015.036.ml.nc'
2025-03-30 20:07:50 INFO File '20121017_12_ecmwf_forecast.P_derived.EUR_LL015.036.ml.nc' identified as 'ml' type
2025-03-30 20:07:50 INFO Found init time '2012-10-17 12:00:00', 7 valid_times and 1 standard_names
2025-03-30 20:07:50 DEBUG valid_times='[cftime.DatetimeGregorian(2012, 10, 17, 12, 0, 0, 0, has_year_zero=False)
 cftime.DatetimeGregorian(2012, 10, 17, 18, 0, 0, 0, has_year_zero=False)
 cftime.DatetimeGregorian(2012, 10, 18, 0, 0, 0, 0, has_year_zero=False)
 cftime.DatetimeGregorian(2012, 10, 18, 6, 0, 0, 0, has_year_zero=False)
 cftime.DatetimeGregorian(2012, 10, 18, 12, 0, 0, 0, has_year_zero=False)
 cftime.DatetimeGregorian(2012, 10, 18, 18, 0, 0, 0, has_year_zero=False)
 cftime.DatetimeGregorian(2012, 10, 19, 0, 0, 0, 0, has_year_zero=False)]' standard_names='['air_pressure']'
2025-03-30 20:07:50 INFO Opening candidate '20121017_12_ecmwf_forecast.ProbWCB_LAGRANTO_derived.EUR_LL015.036.ml.nc'
2025-03-30 20:07:50 INFO File '20121017_12_ecmwf_forecast.ProbWCB_LAGRANTO_derived.EUR_LL015.036.ml.nc' identified as 'ml' type
2025-03-30 20:07:50 INFO Found init time '2012-10-17 12:00:00', 7 valid_times and 1 standard_names
2025-03-30 20:07:50 DEBUG valid_times='[cftime.DatetimeGregorian(2012, 10, 17, 12, 0, 0, 0, has_year_zero=False)
 cftime.DatetimeGregorian(2012, 10, 17, 18, 0, 0, 0, has_year_zero=False)
 cftime.DatetimeGregorian(2012, 10, 18, 0, 0, 0, 0, has_year_zero=False)
 cftime.DatetimeGregorian(2012, 10, 18, 6, 0, 0, 0, has_year_zero=False)
 cftime.DatetimeGregorian(2012, 10, 18, 12, 0, 0, 0, has_year_zero=False)
 cftime.DatetimeGregorian(2012, 10, 18, 18, 0, 0, 0, has_year_zero=False)
 cftime.DatetimeGregorian(2012, 10, 19, 0, 0, 0, 0, has_year_zero=False)]' standard_names='['probability_of_wcb_occurrence']'
2025-03-30 20:07:50 INFO Opening candidate '20121017_12_ecmwf_forecast.ProbWCB_LAGRANTO_derived.EUR_LL015.036.sfc.nc'
2025-03-30 20:07:50 INFO File '20121017_12_ecmwf_forecast.ProbWCB_LAGRANTO_derived.EUR_LL015.036.sfc.nc' identified as 'sfc' type
2025-03-30 20:07:50 INFO Found init time '2012-10-17 12:00:00', 7 valid_times and 1 standard_names
2025-03-30 20:07:50 DEBUG valid_times='[cftime.DatetimeGregorian(2012, 10, 17, 12, 0, 0, 0, has_year_zero=False)
 cftime.DatetimeGregorian(2012, 10, 17, 18, 0, 0, 0, has_year_zero=False)
 cftime.DatetimeGregorian(2012, 10, 18, 0, 0, 0, 0, has_year_zero=False)
 cftime.DatetimeGregorian(2012, 10, 18, 6, 0, 0, 0, has_year_zero=False)
 cftime.DatetimeGregorian(2012, 10, 18, 12, 0, 0, 0, has_year_zero=False)
 cftime.DatetimeGregorian(2012, 10, 18, 18, 0, 0, 0, has_year_zero=False)
 cftime.DatetimeGregorian(2012, 10, 19, 0, 0, 0, 0, has_year_zero=False)]' standard_names='['vertically_integrated_probability_of_wcb_occurrence']'
2025-03-30 20:07:50 INFO Opening candidate '20121017_12_ecmwf_forecast.Q.EUR_LL015.036.ml.nc'
2025-03-30 20:07:50 INFO File '20121017_12_ecmwf_forecast.Q.EUR_LL015.036.ml.nc' identified as 'ml' type
2025-03-30 20:07:50 INFO Found init time '2012-10-17 12:00:00', 7 valid_times and 1 standard_names
2025-03-30 20:07:50 DEBUG valid_times='[cftime.DatetimeGregorian(2012, 10, 17, 12, 0, 0, 0, has_year_zero=False)
 cftime.DatetimeGregorian(2012, 10, 17, 18, 0, 0, 0, has_year_zero=False)
 cftime.DatetimeGregorian(2012, 10, 18, 0, 0, 0, 0, has_year_zero=False)
 cftime.DatetimeGregorian(2012, 10, 18, 6, 0, 0, 0, has_year_zero=False)
 cftime.DatetimeGregorian(2012, 10, 18, 12, 0, 0, 0, has_year_zero=False)
 cftime.DatetimeGregorian(2012, 10, 18, 18, 0, 0, 0, has_year_zero=False)
 cftime.DatetimeGregorian(2012, 10, 19, 0, 0, 0, 0, has_year_zero=False)]' standard_names='['specific_humidity']'
2025-03-30 20:07:50 INFO Opening candidate '20121017_12_ecmwf_forecast.SEA.EUR_LL015.036.sfc.nc'
2025-03-30 20:07:50 INFO File '20121017_12_ecmwf_forecast.SEA.EUR_LL015.036.sfc.nc' identified as 'sfc' type
2025-03-30 20:07:50 INFO Found init time '2012-10-17 12:00:00', 7 valid_times and 1 standard_names
2025-03-30 20:07:50 DEBUG valid_times='[cftime.DatetimeGregorian(2012, 10, 17, 12, 0, 0, 0, has_year_zero=False)
 cftime.DatetimeGregorian(2012, 10, 17, 18, 0, 0, 0, has_year_zero=False)
 cftime.DatetimeGregorian(2012, 10, 18, 0, 0, 0, 0, has_year_zero=False)
 cftime.DatetimeGregorian(2012, 10, 18, 6, 0, 0, 0, has_year_zero=False)
 cftime.DatetimeGregorian(2012, 10, 18, 12, 0, 0, 0, has_year_zero=False)
 cftime.DatetimeGregorian(2012, 10, 18, 18, 0, 0, 0, has_year_zero=False)
 cftime.DatetimeGregorian(2012, 10, 19, 0, 0, 0, 0, has_year_zero=False)]' standard_names='['solar_elevation_angle']'
2025-03-30 20:07:50 INFO Opening candidate '20121017_12_ecmwf_forecast.SFC.EUR_LL015.036.sfc.nc'
2025-03-30 20:07:50 INFO File '20121017_12_ecmwf_forecast.SFC.EUR_LL015.036.sfc.nc' identified as 'sfc' type
2025-03-30 20:07:50 INFO Found init time '2012-10-17 12:00:00', 7 valid_times and 15 standard_names
2025-03-30 20:07:50 DEBUG valid_times='[cftime.DatetimeGregorian(2012, 10, 17, 12, 0, 0, 0, has_year_zero=False)
 cftime.DatetimeGregorian(2012, 10, 17, 18, 0, 0, 0, has_year_zero=False)
 cftime.DatetimeGregorian(2012, 10, 18, 0, 0, 0, 0, has_year_zero=False)
 cftime.DatetimeGregorian(2012, 10, 18, 6, 0, 0, 0, has_year_zero=False)
 cftime.DatetimeGregorian(2012, 10, 18, 12, 0, 0, 0, has_year_zero=False)
 cftime.DatetimeGregorian(2012, 10, 18, 18, 0, 0, 0, has_year_zero=False)
 cftime.DatetimeGregorian(2012, 10, 19, 0, 0, 0, 0, has_year_zero=False)]' standard_names='['surface_geopotential', 'air_pressure_at_sea_level', 'total_cloud_cover', 'land_binary_mask', 'low_cloud_area_fraction', 'medium_cloud_area_fraction', 'high_cloud_area_fraction', 'surface_eastward_wind', 'surface_northward_wind', 'sea_ice_area_fraction', 'msg_brightness_temperature_108', 'atmosphere_boundary_layer_thickness', 'emac_column_density', 'tropopause_altitude', 'secondary_tropopause_altitude']'
2025-03-30 20:07:50 INFO Opening candidate '20121017_12_ecmwf_forecast.T.EUR_LL015.036.ml.nc'
2025-03-30 20:07:50 INFO File '20121017_12_ecmwf_forecast.T.EUR_LL015.036.ml.nc' identified as 'ml' type
2025-03-30 20:07:50 INFO Found init time '2012-10-17 12:00:00', 7 valid_times and 1 standard_names
2025-03-30 20:07:50 DEBUG valid_times='[cftime.DatetimeGregorian(2012, 10, 17, 12, 0, 0, 0, has_year_zero=False)
 cftime.DatetimeGregorian(2012, 10, 17, 18, 0, 0, 0, has_year_zero=False)
 cftime.DatetimeGregorian(2012, 10, 18, 0, 0, 0, 0, has_year_zero=False)
 cftime.DatetimeGregorian(2012, 10, 18, 6, 0, 0, 0, has_year_zero=False)
 cftime.DatetimeGregorian(2012, 10, 18, 12, 0, 0, 0, has_year_zero=False)
 cftime.DatetimeGregorian(2012, 10, 18, 18, 0, 0, 0, has_year_zero=False)
 cftime.DatetimeGregorian(2012, 10, 19, 0, 0, 0, 0, has_year_zero=False)]' standard_names='['air_temperature']'
2025-03-30 20:07:50 INFO Opening candidate '20121017_12_ecmwf_forecast.THETA.EUR_LL015.036.ml.nc'
2025-03-30 20:07:50 INFO File '20121017_12_ecmwf_forecast.THETA.EUR_LL015.036.ml.nc' identified as 'ml' type
2025-03-30 20:07:50 INFO Found init time '2012-10-17 12:00:00', 7 valid_times and 1 standard_names
2025-03-30 20:07:50 DEBUG valid_times='[cftime.DatetimeGregorian(2012, 10, 17, 12, 0, 0, 0, has_year_zero=False)
 cftime.DatetimeGregorian(2012, 10, 17, 18, 0, 0, 0, has_year_zero=False)
 cftime.DatetimeGregorian(2012, 10, 18, 0, 0, 0, 0, has_year_zero=False)
 cftime.DatetimeGregorian(2012, 10, 18, 6, 0, 0, 0, has_year_zero=False)
 cftime.DatetimeGregorian(2012, 10, 18, 12, 0, 0, 0, has_year_zero=False)
 cftime.DatetimeGregorian(2012, 10, 18, 18, 0, 0, 0, has_year_zero=False)
 cftime.DatetimeGregorian(2012, 10, 19, 0, 0, 0, 0, has_year_zero=False)]' standard_names='['air_potential_temperature']'
2025-03-30 20:07:50 INFO Opening candidate '20121017_12_ecmwf_forecast.THETA_LEVELS.EUR_LL015.036.tl.nc'
2025-03-30 20:07:50 INFO File '20121017_12_ecmwf_forecast.THETA_LEVELS.EUR_LL015.036.tl.nc' identified as 'tl' type
2025-03-30 20:07:50 INFO Found init time '2012-10-17 12:00:00', 7 valid_times and 3 standard_names
2025-03-30 20:07:50 DEBUG valid_times='[cftime.DatetimeGregorian(2012, 10, 17, 12, 0, 0, 0, has_year_zero=False)
 cftime.DatetimeGregorian(2012, 10, 17, 18, 0, 0, 0, has_year_zero=False)
 cftime.DatetimeGregorian(2012, 10, 18, 0, 0, 0, 0, has_year_zero=False)
 cftime.DatetimeGregorian(2012, 10, 18, 6, 0, 0, 0, has_year_zero=False)
 cftime.DatetimeGregorian(2012, 10, 18, 12, 0, 0, 0, has_year_zero=False)
 cftime.DatetimeGregorian(2012, 10, 18, 18, 0, 0, 0, has_year_zero=False)
 cftime.DatetimeGregorian(2012, 10, 19, 0, 0, 0, 0, has_year_zero=False)]' standard_names='['air_pressure', 'ertel_potential_vorticity', 'mole_fraction_of_ozone_in_air']'
2025-03-30 20:07:50 INFO Opening candidate '20121017_12_ecmwf_forecast.U.EUR_LL015.036.ml.nc'
2025-03-30 20:07:50 INFO File '20121017_12_ecmwf_forecast.U.EUR_LL015.036.ml.nc' identified as 'ml' type
2025-03-30 20:07:50 INFO Found init time '2012-10-17 12:00:00', 7 valid_times and 1 standard_names
2025-03-30 20:07:50 DEBUG valid_times='[cftime.DatetimeGregorian(2012, 10, 17, 12, 0, 0, 0, has_year_zero=False)
 cftime.DatetimeGregorian(2012, 10, 17, 18, 0, 0, 0, has_year_zero=False)
 cftime.DatetimeGregorian(2012, 10, 18, 0, 0, 0, 0, has_year_zero=False)
 cftime.DatetimeGregorian(2012, 10, 18, 6, 0, 0, 0, has_year_zero=False)
 cftime.DatetimeGregorian(2012, 10, 18, 12, 0, 0, 0, has_year_zero=False)
 cftime.DatetimeGregorian(2012, 10, 18, 18, 0, 0, 0, has_year_zero=False)
 cftime.DatetimeGregorian(2012, 10, 19, 0, 0, 0, 0, has_year_zero=False)]' standard_names='['eastward_wind']'
2025-03-30 20:07:50 INFO Opening candidate '20121017_12_ecmwf_forecast.V.EUR_LL015.036.ml.nc'
2025-03-30 20:07:50 INFO File '20121017_12_ecmwf_forecast.V.EUR_LL015.036.ml.nc' identified as 'ml' type
2025-03-30 20:07:50 INFO Found init time '2012-10-17 12:00:00', 7 valid_times and 1 standard_names
2025-03-30 20:07:50 DEBUG valid_times='[cftime.DatetimeGregorian(2012, 10, 17, 12, 0, 0, 0, has_year_zero=False)
 cftime.DatetimeGregorian(2012, 10, 17, 18, 0, 0, 0, has_year_zero=False)
 cftime.DatetimeGregorian(2012, 10, 18, 0, 0, 0, 0, has_year_zero=False)
 cftime.DatetimeGregorian(2012, 10, 18, 6, 0, 0, 0, has_year_zero=False)
 cftime.DatetimeGregorian(2012, 10, 18, 12, 0, 0, 0, has_year_zero=False)
 cftime.DatetimeGregorian(2012, 10, 18, 18, 0, 0, 0, has_year_zero=False)
 cftime.DatetimeGregorian(2012, 10, 19, 0, 0, 0, 0, has_year_zero=False)]' standard_names='['northward_wind']'
2025-03-30 20:07:50 INFO Opening candidate '20121017_12_ecmwf_forecast.W.EUR_LL015.036.ml.nc'
2025-03-30 20:07:50 INFO File '20121017_12_ecmwf_forecast.W.EUR_LL015.036.ml.nc' identified as 'ml' type
2025-03-30 20:07:50 INFO Found init time '2012-10-17 12:00:00', 7 valid_times and 1 standard_names
2025-03-30 20:07:50 DEBUG valid_times='[cftime.DatetimeGregorian(2012, 10, 17, 12, 0, 0, 0, has_year_zero=False)
 cftime.DatetimeGregorian(2012, 10, 17, 18, 0, 0, 0, has_year_zero=False)
 cftime.DatetimeGregorian(2012, 10, 18, 0, 0, 0, 0, has_year_zero=False)
 cftime.DatetimeGregorian(2012, 10, 18, 6, 0, 0, 0, has_year_zero=False)
 cftime.DatetimeGregorian(2012, 10, 18, 12, 0, 0, 0, has_year_zero=False)
 cftime.DatetimeGregorian(2012, 10, 18, 18, 0, 0, 0, has_year_zero=False)
 cftime.DatetimeGregorian(2012, 10, 19, 0, 0, 0, 0, has_year_zero=False)]' standard_names='['lagrangian_tendency_of_air_pressure']'
2025-03-30 20:07:50 DEBUG using plot object 'MSLP'
2025-03-30 20:07:50 DEBUG 	figure size (800, 600) in pixels
2025-03-30 20:07:50 DEBUG 	requested initialisation time 2012-10-17 12:00:00
2025-03-30 20:07:50 DEBUG 	requested forecast valid time 2012-10-17 12:00:00
2025-03-30 20:07:50 DEBUG 	variable 'air_pressure_at_sea_level' requires input file '20121017_12_ecmwf_forecast.SFC.EUR_LL015.036.sfc.nc'
2025-03-30 20:07:50 DEBUG 	variable 'surface_eastward_wind' requires input file '20121017_12_ecmwf_forecast.SFC.EUR_LL015.036.sfc.nc'
2025-03-30 20:07:50 DEBUG 	variable 'surface_northward_wind' requires input file '20121017_12_ecmwf_forecast.SFC.EUR_LL015.036.sfc.nc'
2025-03-30 20:07:50 DEBUG opening datasets.
2025-03-30 20:07:50 DEBUG 	identified variable <air_pressure_at_sea_level> for field <air_pressure_at_sea_level>
2025-03-30 20:07:50 DEBUG 	identified variable <surface_eastward_wind> for field <surface_eastward_wind>
2025-03-30 20:07:50 DEBUG 	identified variable <surface_northward_wind> for field <surface_northward_wind>
2025-03-30 20:07:50 DEBUG loading data for time step 0 (2012-10-17 12:00:00), level index None (level None)
2025-03-30 20:07:50 DEBUG 	Loaded 0.02 Mbytes from data field <air_pressure_at_sea_level>.
2025-03-30 20:07:50 DEBUG 	Loaded 0.02 Mbytes from data field <surface_eastward_wind>.
2025-03-30 20:07:50 DEBUG 	Loaded 0.02 Mbytes from data field <surface_northward_wind>.
2025-03-30 20:07:50 DEBUG Loaded data (required time 0:00:00.001307).
2025-03-30 20:07:50 DEBUG Plotting horizontal section.
2025-03-30 20:07:50 WARNING Using deprecated MSS-specific EPSG code. Switch to 'MSS:stere' instead.
2025-03-30 20:07:50 DEBUG Identified CRS 'epsg:77790010' as '{'basemap': {'projection': 'stere', 'lat_0': 90, 'lon_0': 10}, 'bbox': 'degree'}'
2025-03-30 20:07:50 WARNING Using deprecated MSS-specific EPSG code. Switch to 'MSS:stere' instead.
2025-03-30 20:07:50 DEBUG Identified CRS 'epsg:77790010' as '{'basemap': {'projection': 'stere', 'lat_0': 90, 'lon_0': 10}, 'bbox': 'degree'}'
2025-03-30 20:07:50 DEBUG plotting data..
2025-03-30 20:07:50 DEBUG preparing additional data fields..
2025-03-30 20:07:50 DEBUG creating figure..
2025-03-30 20:07:50 DEBUG 	with frame and legends
2025-03-30 20:07:51 DEBUG converting image to indexed palette.
2025-03-30 20:07:51 DEBUG saving figure as non-transparent PNG.
2025-03-30 20:07:52 DEBUG returning figure..
2025-03-30 20:07:52 DEBUG Finished plotting (required time 0:00:01.773601; total time 0:00:01.774908).

2025-03-30 20:07:52 DEBUG No user settings found, using default settings
2025-03-30 20:07:52 INFO Files identified for domain 'EUR_LL015': ['20121017_12_ecmwf_forecast.ALTITUDE_LEVELS.EUR_LL015.036.al.nc', '20121017_12_ecmwf_forecast.CC.EUR_LL015.036.ml.nc', '20121017_12_ecmwf_forecast.CIWC.EUR_LL015.036.ml.nc', '20121017_12_ecmwf_forecast.CLWC.EUR_LL015.036.ml.nc', '20121017_12_ecmwf_forecast.DIV.EUR_LL015.036.ml.nc', '20121017_12_ecmwf_forecast.EMAC.EUR_LL015.036.ml.nc', '20121017_12_ecmwf_forecast.GPH.EUR_LL015.036.ml.nc', '20121017_12_ecmwf_forecast.O3.EUR_LL015.036.ml.nc', '20121017_12_ecmwf_forecast.PRESSURE_LEVELS.EUR_LL015.036.pl.nc', '20121017_12_ecmwf_forecast.PVU.EUR_LL015.036.pv.nc', '20121017_12_ecmwf_forecast.PV_derived.EUR_LL015.036.ml.nc', '20121017_12_ecmwf_forecast.P_derived.EUR_LL015.036.ml.nc', '20121017_12_ecmwf_forecast.ProbWCB_LAGRANTO_derived.EUR_LL015.036.ml.nc', '20121017_12_ecmwf_forecast.ProbWCB_LAGRANTO_derived.EUR_LL015.036.sfc.nc', '20121017_12_ecmwf_forecast.Q.EUR_LL015.036.ml.nc', '20121017_12_ecmwf_forecast.SEA.EUR_LL015.036.sfc.nc', '20121017_12_ecmwf_forecast.SFC.EUR_LL015.036.sfc.nc', '20121017_12_ecmwf_forecast.T.EUR_LL015.036.ml.nc', '20121017_12_ecmwf_forecast.THETA.EUR_LL015.036.ml.nc', '20121017_12_ecmwf_forecast.THETA_LEVELS.EUR_LL015.036.tl.nc', '20121017_12_ecmwf_forecast.U.EUR_LL015.036.ml.nc', '20121017_12_ecmwf_forecast.V.EUR_LL015.036.ml.nc', '20121017_12_ecmwf_forecast.W.EUR_LL015.036.ml.nc']
2025-03-30 20:07:52 INFO Opening candidate '20121017_12_ecmwf_forecast.ALTITUDE_LEVELS.EUR_LL015.036.al.nc'
2025-03-30 20:07:52 INFO File '20121017_12_ecmwf_forecast.ALTITUDE_LEVELS.EUR_LL015.036.al.nc' identified as 'al' type
2025-03-30 20:07:52 INFO Found init time '2012-10-17 12:00:00', 7 valid_times and 3 standard_names
2025-03-30 20:07:52 DEBUG valid_times='[cftime.DatetimeGregorian(2012, 10, 17, 12, 0, 0, 0, has_year_zero=False)
 cftime.DatetimeGregorian(2012, 10, 17, 18, 0, 0, 0, has_year_zero=False)
 cftime.DatetimeGregorian(2012, 10, 18, 0, 0, 0, 0, has_year_zero=False)
 cftime.DatetimeGregorian(2012, 10, 18, 6, 0, 0, 0, has_year_zero=False)
 cftime.DatetimeGregorian(2012, 10, 18, 12, 0, 0, 0, has_year_zero=False)
 cftime.DatetimeGregorian(2012, 10, 18, 18, 0, 0, 0, has_year_zero=False)
 cftime.DatetimeGregorian(2012, 10, 19, 0, 0, 0, 0, has_year_zero=False)]' standard_names='['air_pressure', 'ertel_potential_vorticity', 'mole_fraction_of_ozone_in_air']'
2025-03-30 20:07:52 INFO Opening candidate '20121017_12_ecmwf_forecast.CC.EUR_LL015.036.ml.nc'
2025-03-30 20:07:52 INFO File '20121017_12_ecmwf_forecast.CC.EUR_LL015.036.ml.nc' identified as 'ml' type
2025-03-30 20:07:52 INFO Found init time '2012-10-17 12:00:00', 7 valid_times and 1 standard_names
2025-03-30 20:07:52 DEBUG valid_times='[cftime.DatetimeGregorian(2012, 10, 17, 12, 0, 0, 0, has_year_zero=False)
 cftime.DatetimeGregorian(2012, 10, 17, 18, 0, 0, 0, has_year_zero=False)
 cftime.DatetimeGregorian(2012, 10, 18, 0, 0, 0, 0, has_year_zero=False)
 cftime.DatetimeGregorian(2012, 10, 18, 6, 0, 0, 0, has_year_zero=False)
 cftime.DatetimeGregorian(2012, 10, 18, 12, 0, 0, 0, has_year_zero=False)
 cftime.DatetimeGregorian(2012, 10, 18, 18, 0, 0, 0, has_year_zero=False)
 cftime.DatetimeGregorian(2012, 10, 19, 0, 0, 0, 0, has_year_zero=False)]' standard_names='['cloud_area_fraction_in_atmosphere_layer']'
2025-03-30 20:07:52 INFO Opening candidate '20121017_12_ecmwf_forecast.CIWC.EUR_LL015.036.ml.nc'
2025-03-30 20:07:52 INFO File '20121017_12_ecmwf_forecast.CIWC.EUR_LL015.036.ml.nc' identified as 'ml' type
2025-03-30 20:07:52 INFO Found init time '2012-10-17 12:00:00', 7 valid_times and 1 standard_names
2025-03-30 20:07:52 DEBUG valid_times='[cftime.DatetimeGregorian(2012, 10, 17, 12, 0, 0, 0, has_year_zero=False)
 cftime.DatetimeGregorian(2012, 10, 17, 18, 0, 0, 0, has_year_zero=False)
 cftime.DatetimeGregorian(2012, 10, 18, 0, 0, 0, 0, has_year_zero=False)
 cftime.DatetimeGregorian(2012, 10, 18, 6, 0, 0, 0, has_year_zero=False)
 cftime.DatetimeGregorian(2012, 10, 18, 12, 0, 0, 0, has_year_zero=False)
 cftime.DatetimeGregorian(2012, 10, 18, 18, 0, 0, 0, has_year_zero=False)
 cftime.DatetimeGregorian(2012, 10, 19, 0, 0, 0, 0, has_year_zero=False)]' standard_names='['specific_cloud_ice_water_content']'
2025-03-30 20:07:52 INFO Opening candidate '20121017_12_ecmwf_forecast.CLWC.EUR_LL015.036.ml.nc'
2025-03-30 20:07:52 INFO File '20121017_12_ecmwf_forecast.CLWC.EUR_LL015.036.ml.nc' identified as 'ml' type
2025-03-30 20:07:52 INFO Found init time '2012-10-17 12:00:00', 7 valid_times and 1 standard_names
2025-03-30 20:07:52 DEBUG valid_times='[cftime.DatetimeGregorian(2012, 10, 17, 12, 0, 0, 0, has_year_zero=False)
 cftime.DatetimeGregorian(2012, 10, 17, 18, 0, 0, 0, has_year_zero=False)
 cftime.DatetimeGregorian(2012, 10, 18, 0, 0, 0, 0, has_year_zero=False)
 cftime.DatetimeGregorian(2012, 10, 18, 6, 0, 0, 0, has_year_zero=False)
 cftime.DatetimeGregorian(2012, 10, 18, 12, 0, 0, 0, has_year_zero=False)
 cftime.DatetimeGregorian(2012, 10, 18, 18, 0, 0, 0, has_year_zero=False)
 cftime.DatetimeGregorian(2012, 10, 19, 0, 0, 0, 0, has_year_zero=False)]' standard_names='['specific_cloud_liquid_water_content']'
2025-03-30 20:07:52 INFO Opening candidate '20121017_12_ecmwf_forecast.DIV.EUR_LL015.036.ml.nc'
2025-03-30 20:07:52 INFO File '20121017_12_ecmwf_forecast.DIV.EUR_LL015.036.ml.nc' identified as 'ml' type
2025-03-30 20:07:52 INFO Found init time '2012-10-17 12:00:00', 7 valid_times and 1 standard_names
2025-03-30 20:07:52 DEBUG valid_times='[cftime.DatetimeGregorian(2012, 10, 17, 12, 0, 0, 0, has_year_zero=False)
 cftime.DatetimeGregorian(2012, 10, 17, 18, 0, 0, 0, has_year_zero=False)
 cftime.DatetimeGregorian(2012, 10, 18, 0, 0, 0, 0, has_year_zero=False)
 cftime.DatetimeGregorian(2012, 10, 18, 6, 0, 0, 0, has_year_zero=False)
 cftime.DatetimeGregorian(2012, 10, 18, 12, 0, 0, 0, has_year_zero=False)
 cftime.DatetimeGregorian(2012, 10, 18, 18, 0, 0, 0, has_year_zero=False)
 cftime.DatetimeGregorian(2012, 10, 19, 0, 0, 0, 0, has_year_zero=False)]' standard_names='['divergence_of_wind']'
2025-03-30 20:07:52 INFO Opening candidate '20121017_12_ecmwf_forecast.EMAC.EUR_LL015.036.ml.nc'
2025-03-30 20:07:52 INFO File '20121017_12_ecmwf_forecast.EMAC.EUR_LL015.036.ml.nc' identified as 'ml' type
2025-03-30 20:07:52 INFO Found init time '2012-10-17 12:00:00', 7 valid_times and 1 standard_names
2025-03-30 20:07:52 DEBUG valid_times='[cftime.DatetimeGregorian(2012, 10, 17, 12, 0, 0, 0, has_year_zero=False)
 cftime.DatetimeGregorian(2012, 10, 17, 18, 0, 0, 0, has_year_zero=False)
 cftime.DatetimeGregorian(2012, 10, 18, 0, 0, 0, 0, has_year_zero=False)
 cftime.DatetimeGregorian(2012, 10, 18, 6, 0, 0, 0, has_year_zero=False)
 cftime.DatetimeGregorian(2012, 10, 18, 12, 0, 0, 0, has_year_zero=False)
 cftime.DatetimeGregorian(2012, 10, 18, 18, 0, 0, 0, has_year_zero=False)
 cftime.DatetimeGregorian(2012, 10, 19, 0, 0, 0, 0, has_year_zero=False)]' standard_names='['emac_R12']'
2025-03-30 20:07:52 INFO Opening candidate '20121017_12_ecmwf_forecast.GPH.EUR_LL015.036.ml.nc'
2025-03-30 20:07:52 INFO File '20121017_12_ecmwf_forecast.GPH.EUR_LL015.036.ml.nc' identified as 'ml' type
2025-03-30 20:07:52 INFO Found init time '2012-10-17 12:00:00', 7 valid_times and 1 standard_names
2025-03-30 20:07:52 DEBUG valid_times='[cftime.DatetimeGregorian(2012, 10, 17, 12, 0, 0, 0, has_year_zero=False)
 cftime.DatetimeGregorian(2012, 10, 17, 18, 0, 0, 0, has_year_zero=False)
 cftime.DatetimeGregorian(2012, 10, 18, 0, 0, 0, 0, has_year_zero=False)
 cftime.DatetimeGregorian(2012, 10, 18, 6, 0, 0, 0, has_year_zero=False)
 cftime.DatetimeGregorian(2012, 10, 18, 12, 0, 0, 0, has_year_zero=False)
 cftime.DatetimeGregorian(2012, 10, 18, 18, 0, 0, 0, has_year_zero=False)
 cftime.DatetimeGregorian(2012, 10, 19, 0, 0, 0, 0, has_year_zero=False)]' standard_names='['geopotential_height']'
2025-03-30 20:07:52 INFO Opening candidate '20121017_12_ecmwf_forecast.O3.EUR_LL015.036.ml.nc'
2025-03-30 20:07:52 INFO File '20121017_12_ecmwf_forecast.O3.EUR_LL015.036.ml.nc' identified as 'ml' type
2025-03-30 20:07:52 INFO Found init time '2012-10-17 12:00:00', 7 valid_times and 1 standard_names
2025-03-30 20:07:52 DEBUG valid_times='[cftime.DatetimeGregorian(2012, 10, 17, 12, 0, 0, 0, has_year_zero=False)
 cftime.DatetimeGregorian(2012, 10, 17, 18, 0, 0, 0, has_year_zero=False)
 cftime.DatetimeGregorian(2012, 10, 18, 0, 0, 0, 0, has_year_zero=False)
 cftime.DatetimeGregorian(2012, 10, 18, 6, 0, 0, 0, has_year_zero=False)
 cftime.DatetimeGregorian(2012, 10, 18, 12, 0, 0, 0, has_year_zero=False)
 cftime.DatetimeGregorian(2012, 10, 18, 18, 0, 0, 0, has_year_zero=False)
 cftime.DatetimeGregorian(2012, 10, 19, 0, 0, 0, 0, has_year_zero=False)]' standard_names='['mole_fraction_of_ozone_in_air']'
2025-03-30 20:07:52 INFO Opening candidate '20121017_12_ecmwf_forecast.PRESSURE_LEVELS.EUR_LL015.036.pl.nc'
2025-03-30 20:07:52 INFO File '20121017_12_ecmwf_forecast.PRESSURE_LEVELS.EUR_LL015.036.pl.nc' identified as 'pl' type
2025-03-30 20:07:52 INFO Found init time '2012-10-17 12:00:00', 7 valid_times and 16 standard_names
2025-03-30 20:07:52 DEBUG valid_times='[cftime.DatetimeGregorian(2012, 10, 17, 12, 0, 0, 0, has_year_zero=False)
 cftime.DatetimeGregorian(2012, 10, 17, 18, 0, 0, 0, has_year_zero=False)
 cftime.DatetimeGregorian(2012, 10, 18, 0, 0, 0, 0, has_year_zero=False)
 cftime.DatetimeGregorian(2012, 10, 18, 6, 0, 0, 0, has_year_zero=False)
 cftime.DatetimeGregorian(2012, 10, 18, 12, 0, 0, 0, has_year_zero=False)
 cftime.DatetimeGregorian(2012, 10, 18, 18, 0, 0, 0, has_year_zero=False)
 cftime.DatetimeGregorian(2012, 10, 19, 0, 0, 0, 0, has_year_zero=False)]' standard_names='['air_potential_temperature', 'air_pressure', 'air_temperature', 'eastward_wind', 'ertel_potential_vorticity', 'geopotential_height', 'northward_wind', 'specific_humidity', 'lagrangian_tendency_of_air_pressure', 'divergence_of_wind', 'mass_fraction_of_ozone_in_air', 'mole_fraction_of_ozone_in_air', 'equivalent_latitude', 'number_of_wcb_trajectories', 'number_of_insitu_trajectories', 'number_of_mix_trajectories']'
2025-03-30 20:07:52 INFO Opening candidate '20121017_12_ecmwf_forecast.PVU.EUR_LL015.036.pv.nc'
2025-03-30 20:07:52 INFO File '20121017_12_ecmwf_forecast.PVU.EUR_LL015.036.pv.nc' identified as 'pv' type
2025-03-30 20:07:52 INFO Found init time '2012-10-17 12:00:00', 7 valid_times and 3 standard_names
2025-03-30 20:07:52 DEBUG valid_times='[cftime.DatetimeGregorian(2012, 10, 17, 12, 0, 0, 0, has_year_zero=False)
 cftime.DatetimeGregorian(2012, 10, 17, 18, 0, 0, 0, has_year_zero=False)
 cftime.DatetimeGregorian(2012, 10, 18, 0, 0, 0, 0, has_year_zero=False)
 cftime.DatetimeGregorian(2012, 10, 18, 6, 0, 0, 0, has_year_zero=False)
 cftime.DatetimeGregorian(2012, 10, 18, 12, 0, 0, 0, has_year_zero=False)
 cftime.DatetimeGregorian(2012, 10, 18, 18, 0, 0, 0, has_year_zero=False)
 cftime.DatetimeGregorian(2012, 10, 19, 0, 0, 0, 0, has_year_zero=False)]' standard_names='['air_potential_temperature', 'geopotential_height', 'air_pressure']'
2025-03-30 20:07:52 INFO Opening candidate '20121017_12_ecmwf_forecast.PV_derived.EUR_LL015.036.ml.nc'
2025-03-30 20:07:52 INFO File '20121017_12_ecmwf_forecast.PV_derived.EUR_LL015.036.ml.nc' identified as 'ml' type
2025-03-30 20:07:52 INFO Found init time '2012-10-17 12:00:00', 7 valid_times and 1 standard_names
2025-03-30 20:07:52 DEBUG valid_times='[cftime.DatetimeGregorian(2012, 10, 17, 12, 0, 0, 0, has_year_zero=False)
 cftime.DatetimeGregorian(2012, 10, 17, 18, 0, 0, 0, has_year_zero=False)
 cftime.DatetimeGregorian(2012, 10, 18, 0, 0, 0, 0, has_year_zero=False)
 cftime.DatetimeGregorian(2012, 10, 18, 6, 0, 0, 0, has_year_zero=False)
 cftime.DatetimeGregorian(2012, 10, 18, 12, 0, 0, 0, has_year_zero=False)
 cftime.DatetimeGregorian(2012, 10, 18, 18, 0, 0, 0, has_year_zero=False)
 cftime.DatetimeGregorian(2012, 10, 19, 0, 0, 0, 0, has_year_zero=False)]' standard_names='['ertel_potential_vorticity']'
2025-03-30 20:07:52 INFO Opening candidate '20121017_12_ecmwf_forecast.P_derived.EUR_LL015.036.ml.nc'
2025-03-30 20:07:52 INFO File '20121017_12_ecmwf_forecast.P_derived.EUR_LL015.036.ml.nc' identified as 'ml' type
2025-03-30 20:07:52 INFO Found init time '2012-10-17 12:00:00', 7 valid_times and 1 standard_names
2025-03-30 20:07:52 DEBUG valid_times='[cftime.DatetimeGregorian(2012, 10, 17, 12, 0, 0, 0, has_year_zero=False)
 cftime.DatetimeGregorian(2012, 10, 17, 18, 0, 0, 0, has_year_zero=False)
 cftime.DatetimeGregorian(2012, 10, 18, 0, 0, 0, 0, has_year_zero=False)
 cftime.DatetimeGregorian(2012, 10, 18, 6, 0, 0, 0, has_year_zero=False)
 cftime.DatetimeGregorian(2012, 10, 18, 12, 0, 0, 0, has_year_zero=False)
 cftime.DatetimeGregorian(2012, 10, 18, 18, 0, 0, 0, has_year_zero=False)
 cftime.DatetimeGregorian(2012, 10, 19, 0, 0, 0, 0, has_year_zero=False)]' standard_names='['air_pressure']'
2025-03-30 20:07:52 INFO Opening candidate '20121017_12_ecmwf_forecast.ProbWCB_LAGRANTO_derived.EUR_LL015.036.ml.nc'
2025-03-30 20:07:52 INFO File '20121017_12_ecmwf_forecast.ProbWCB_LAGRANTO_derived.EUR_LL015.036.ml.nc' identified as 'ml' type
2025-03-30 20:07:52 INFO Found init time '2012-10-17 12:00:00', 7 valid_times and 1 standard_names
2025-03-30 20:07:52 DEBUG valid_times='[cftime.DatetimeGregorian(2012, 10, 17, 12, 0, 0, 0, has_year_zero=False)
 cftime.DatetimeGregorian(2012, 10, 17, 18, 0, 0, 0, has_year_zero=False)
 cftime.DatetimeGregorian(2012, 10, 18, 0, 0, 0, 0, has_year_zero=False)
 cftime.DatetimeGregorian(2012, 10, 18, 6, 0, 0, 0, has_year_zero=False)
 cftime.DatetimeGregorian(2012, 10, 18, 12, 0, 0, 0, has_year_zero=False)
 cftime.DatetimeGregorian(2012, 10, 18, 18, 0, 0, 0, has_year_zero=False)
 cftime.DatetimeGregorian(2012, 10, 19, 0, 0, 0, 0, has_year_zero=False)]' standard_names='['probability_of_wcb_occurrence']'
2025-03-30 20:07:52 INFO Opening candidate '20121017_12_ecmwf_forecast.ProbWCB_LAGRANTO_derived.EUR_LL015.036.sfc.nc'
2025-03-30 20:07:52 INFO File '20121017_12_ecmwf_forecast.ProbWCB_LAGRANTO_derived.EUR_LL015.036.sfc.nc' identified as 'sfc' type
2025-03-30 20:07:52 INFO Found init time '2012-10-17 12:00:00', 7 valid_times and 1 standard_names
2025-03-30 20:07:52 DEBUG valid_times='[cftime.DatetimeGregorian(2012, 10, 17, 12, 0, 0, 0, has_year_zero=False)
 cftime.DatetimeGregorian(2012, 10, 17, 18, 0, 0, 0, has_year_zero=False)
 cftime.DatetimeGregorian(2012, 10, 18, 0, 0, 0, 0, has_year_zero=False)
 cftime.DatetimeGregorian(2012, 10, 18, 6, 0, 0, 0, has_year_zero=False)
 cftime.DatetimeGregorian(2012, 10, 18, 12, 0, 0, 0, has_year_zero=False)
 cftime.DatetimeGregorian(2012, 10, 18, 18, 0, 0, 0, has_year_zero=False)
 cftime.DatetimeGregorian(2012, 10, 19, 0, 0, 0, 0, has_year_zero=False)]' standard_names='['vertically_integrated_probability_of_wcb_occurrence']'
2025-03-30 20:07:52 INFO Opening candidate '20121017_12_ecmwf_forecast.Q.EUR_LL015.036.ml.nc'
2025-03-30 20:07:52 INFO File '20121017_12_ecmwf_forecast.Q.EUR_LL015.036.ml.nc' identified as 'ml' type
2025-03-30 20:07:52 INFO Found init time '2012-10-17 12:00:00', 7 valid_times and 1 standard_names
2025-03-30 20:07:52 DEBUG valid_times='[cftime.DatetimeGregorian(2012, 10, 17, 12, 0, 0, 0, has_year_zero=False)
 cftime.DatetimeGregorian(2012, 10, 17, 18, 0, 0, 0, has_year_zero=False)
 cftime.DatetimeGregorian(2012, 10, 18, 0, 0, 0, 0, has_year_zero=False)
 cftime.DatetimeGregorian(2012, 10, 18, 6, 0, 0, 0, has_year_zero=False)
 cftime.DatetimeGregorian(2012, 10, 18, 12, 0, 0, 0, has_year_zero=False)
 cftime.DatetimeGregorian(2012, 10, 18, 18, 0, 0, 0, has_year_zero=False)
 cftime.DatetimeGregorian(2012, 10, 19, 0, 0, 0, 0, has_year_zero=False)]' standard_names='['specific_humidity']'
2025-03-30 20:07:52 INFO Opening candidate '20121017_12_ecmwf_forecast.SEA.EUR_LL015.036.sfc.nc'
2025-03-30 20:07:52 INFO File '20121017_12_ecmwf_forecast.SEA.EUR_LL015.036.sfc.nc' identified as 'sfc' type
2025-03-30 20:07:52 INFO Found init time '2012-10-17 12:00:00', 7 valid_times and 1 standard_names
2025-03-30 20:07:52 DEBUG valid_times='[cftime.DatetimeGregorian(2012, 10, 17, 12, 0, 0, 0, has_year_zero=False)
 cftime.DatetimeGregorian(2012, 10, 17, 18, 0, 0, 0, has_year_zero=False)
 cftime.DatetimeGregorian(2012, 10, 18, 0, 0, 0, 0, has_year_zero=False)
 cftime.DatetimeGregorian(2012, 10, 18, 6, 0, 0, 0, has_year_zero=False)
 cftime.DatetimeGregorian(2012, 10, 18, 12, 0, 0, 0, has_year_zero=False)
 cftime.DatetimeGregorian(2012, 10, 18, 18, 0, 0, 0, has_year_zero=False)
 cftime.DatetimeGregorian(2012, 10, 19, 0, 0, 0, 0, has_year_zero=False)]' standard_names='['solar_elevation_angle']'
2025-03-30 20:07:52 INFO Opening candidate '20121017_12_ecmwf_forecast.SFC.EUR_LL015.036.sfc.nc'
2025-03-30 20:07:52 INFO File '20121017_12_ecmwf_forecast.SFC.EUR_LL015.036.sfc.nc' identified as 'sfc' type
2025-03-30 20:07:52 INFO Found init time '2012-10-17 12:00:00', 7 valid_times and 15 standard_names
2025-03-30 20:07:52 DEBUG valid_times='[cftime.DatetimeGregorian(2012, 10, 17, 12, 0, 0, 0, has_year_zero=False)
 cftime.DatetimeGregorian(2012, 10, 17, 18, 0, 0, 0, has_year_zero=False)
 cftime.DatetimeGregorian(2012, 10, 18, 0, 0, 0, 0, has_year_zero=False)
 cftime.DatetimeGregorian(2012, 10, 18, 6, 0, 0, 0, has_year_zero=False)
 cftime.DatetimeGregorian(2012, 10, 18, 12, 0, 0, 0, has_year_zero=False)
 cftime.DatetimeGregorian(2012, 10, 18, 18, 0, 0, 0, has_year_zero=False)
 cftime.DatetimeGregorian(2012, 10, 19, 0, 0, 0, 0, has_year_zero=False)]' standard_names='['surface_geopotential', 'air_pressure_at_sea_level', 'total_cloud_cover', 'land_binary_mask', 'low_cloud_area_fraction', 'medium_cloud_area_fraction', 'high_cloud_area_fraction', 'surface_eastward_wind', 'surface_northward_wind', 'sea_ice_area_fraction', 'msg_brightness_temperature_108', 'atmosphere_boundary_layer_thickness', 'emac_column_density', 'tropopause_altitude', 'secondary_tropopause_altitude']'
2025-03-30 20:07:52 INFO Opening candidate '20121017_12_ecmwf_forecast.T.EUR_LL015.036.ml.nc'
2025-03-30 20:07:52 INFO File '20121017_12_ecmwf_forecast.T.EUR_LL015.036.ml.nc' identified as 'ml' type
2025-03-30 20:07:52 INFO Found init time '2012-10-17 12:00:00', 7 valid_times and 1 standard_names
2025-03-30 20:07:52 DEBUG valid_times='[cftime.DatetimeGregorian(2012, 10, 17, 12, 0, 0, 0, has_year_zero=False)
 cftime.DatetimeGregorian(2012, 10, 17, 18, 0, 0, 0, has_year_zero=False)
 cftime.DatetimeGregorian(2012, 10, 18, 0, 0, 0, 0, has_year_zero=False)
 cftime.DatetimeGregorian(2012, 10, 18, 6, 0, 0, 0, has_year_zero=False)
 cftime.DatetimeGregorian(2012, 10, 18, 12, 0, 0, 0, has_year_zero=False)
 cftime.DatetimeGregorian(2012, 10, 18, 18, 0, 0, 0, has_year_zero=False)
 cftime.DatetimeGregorian(2012, 10, 19, 0, 0, 0, 0, has_year_zero=False)]' standard_names='['air_temperature']'
2025-03-30 20:07:52 INFO Opening candidate '20121017_12_ecmwf_forecast.THETA.EUR_LL015.036.ml.nc'
2025-03-30 20:07:52 INFO File '20121017_12_ecmwf_forecast.THETA.EUR_LL015.036.ml.nc' identified as 'ml' type
2025-03-30 20:07:52 INFO Found init time '2012-10-17 12:00:00', 7 valid_times and 1 standard_names
2025-03-30 20:07:52 DEBUG valid_times='[cftime.DatetimeGregorian(2012, 10, 17, 12, 0, 0, 0, has_year_zero=False)
 cftime.DatetimeGregorian(2012, 10, 17, 18, 0, 0, 0, has_year_zero=False)
 cftime.DatetimeGregorian(2012, 10, 18, 0, 0, 0, 0, has_year_zero=False)
 cftime.DatetimeGregorian(2012, 10, 18, 6, 0, 0, 0, has_year_zero=False)
 cftime.DatetimeGregorian(2012, 10, 18, 12, 0, 0, 0, has_year_zero=False)
 cftime.DatetimeGregorian(2012, 10, 18, 18, 0, 0, 0, has_year_zero=False)
 cftime.DatetimeGregorian(2012, 10, 19, 0, 0, 0, 0, has_year_zero=False)]' standard_names='['air_potential_temperature']'
2025-03-30 20:07:52 INFO Opening candidate '20121017_12_ecmwf_forecast.THETA_LEVELS.EUR_LL015.036.tl.nc'
2025-03-30 20:07:52 INFO File '20121017_12_ecmwf_forecast.THETA_LEVELS.EUR_LL015.036.tl.nc' identified as 'tl' type
2025-03-30 20:07:52 INFO Found init time '2012-10-17 12:00:00', 7 valid_times and 3 standard_names
2025-03-30 20:07:52 DEBUG valid_times='[cftime.DatetimeGregorian(2012, 10, 17, 12, 0, 0, 0, has_year_zero=False)
 cftime.DatetimeGregorian(2012, 10, 17, 18, 0, 0, 0, has_year_zero=False)
 cftime.DatetimeGregorian(2012, 10, 18, 0, 0, 0, 0, has_year_zero=False)
 cftime.DatetimeGregorian(2012, 10, 18, 6, 0, 0, 0, has_year_zero=False)
 cftime.DatetimeGregorian(2012, 10, 18, 12, 0, 0, 0, has_year_zero=False)
 cftime.DatetimeGregorian(2012, 10, 18, 18, 0, 0, 0, has_year_zero=False)
 cftime.DatetimeGregorian(2012, 10, 19, 0, 0, 0, 0, has_year_zero=False)]' standard_names='['air_pressure', 'ertel_potential_vorticity', 'mole_fraction_of_ozone_in_air']'
2025-03-30 20:07:52 INFO Opening candidate '20121017_12_ecmwf_forecast.U.EUR_LL015.036.ml.nc'
2025-03-30 20:07:52 INFO File '20121017_12_ecmwf_forecast.U.EUR_LL015.036.ml.nc' identified as 'ml' type
2025-03-30 20:07:52 INFO Found init time '2012-10-17 12:00:00', 7 valid_times and 1 standard_names
2025-03-30 20:07:52 DEBUG valid_times='[cftime.DatetimeGregorian(2012, 10, 17, 12, 0, 0, 0, has_year_zero=False)
 cftime.DatetimeGregorian(2012, 10, 17, 18, 0, 0, 0, has_year_zero=False)
 cftime.DatetimeGregorian(2012, 10, 18, 0, 0, 0, 0, has_year_zero=False)
 cftime.DatetimeGregorian(2012, 10, 18, 6, 0, 0, 0, has_year_zero=False)
 cftime.DatetimeGregorian(2012, 10, 18, 12, 0, 0, 0, has_year_zero=False)
 cftime.DatetimeGregorian(2012, 10, 18, 18, 0, 0, 0, has_year_zero=False)
 cftime.DatetimeGregorian(2012, 10, 19, 0, 0, 0, 0, has_year_zero=False)]' standard_names='['eastward_wind']'
2025-03-30 20:07:52 INFO Opening candidate '20121017_12_ecmwf_forecast.V.EUR_LL015.036.ml.nc'
2025-03-30 20:07:52 INFO File '20121017_12_ecmwf_forecast.V.EUR_LL015.036.ml.nc' identified as 'ml' type
2025-03-30 20:07:52 INFO Found init time '2012-10-17 12:00:00', 7 valid_times and 1 standard_names
2025-03-30 20:07:52 DEBUG valid_times='[cftime.DatetimeGregorian(2012, 10, 17, 12, 0, 0, 0, has_year_zero=False)
 cftime.DatetimeGregorian(2012, 10, 17, 18, 0, 0, 0, has_year_zero=False)
 cftime.DatetimeGregorian(2012, 10, 18, 0, 0, 0, 0, has_year_zero=False)
 cftime.DatetimeGregorian(2012, 10, 18, 6, 0, 0, 0, has_year_zero=False)
 cftime.DatetimeGregorian(2012, 10, 18, 12, 0, 0, 0, has_year_zero=False)
 cftime.DatetimeGregorian(2012, 10, 18, 18, 0, 0, 0, has_year_zero=False)
 cftime.DatetimeGregorian(2012, 10, 19, 0, 0, 0, 0, has_year_zero=False)]' standard_names='['northward_wind']'
2025-03-30 20:07:52 INFO Opening candidate '20121017_12_ecmwf_forecast.W.EUR_LL015.036.ml.nc'
2025-03-30 20:07:52 INFO File '20121017_12_ecmwf_forecast.W.EUR_LL015.036.ml.nc' identified as 'ml' type
2025-03-30 20:07:52 INFO Found init time '2012-10-17 12:00:00', 7 valid_times and 1 standard_names
2025-03-30 20:07:52 DEBUG valid_times='[cftime.DatetimeGregorian(2012, 10, 17, 12, 0, 0, 0, has_year_zero=False)
 cftime.DatetimeGregorian(2012, 10, 17, 18, 0, 0, 0, has_year_zero=False)
 cftime.DatetimeGregorian(2012, 10, 18, 0, 0, 0, 0, has_year_zero=False)
 cftime.DatetimeGregorian(2012, 10, 18, 6, 0, 0, 0, has_year_zero=False)
 cftime.DatetimeGregorian(2012, 10, 18, 12, 0, 0, 0, has_year_zero=False)
 cftime.DatetimeGregorian(2012, 10, 18, 18, 0, 0, 0, has_year_zero=False)
 cftime.DatetimeGregorian(2012, 10, 19, 0, 0, 0, 0, has_year_zero=False)]' standard_names='['lagrangian_tendency_of_air_pressure']'
2025-03-30 20:07:52 DEBUG using plot object 'PLDiv01'
2025-03-30 20:07:52 DEBUG 	figure size (800, 600) in pixels
2025-03-30 20:07:52 DEBUG 	requested initialisation time 2012-10-17 12:00:00
2025-03-30 20:07:52 DEBUG 	requested forecast valid time 2012-10-17 12:00:00
2025-03-30 20:07:52 DEBUG 	variable 'divergence_of_wind' requires input file '20121017_12_ecmwf_forecast.PRESSURE_LEVELS.EUR_LL015.036.pl.nc'
2025-03-30 20:07:52 DEBUG 	variable 'geopotential_height' requires input file '20121017_12_ecmwf_forecast.PRESSURE_LEVELS.EUR_LL015.036.pl.nc'
2025-03-30 20:07:52 DEBUG opening datasets.
2025-03-30 20:07:52 DEBUG 	identified variable <divergence_of_wind> for field <divergence_of_wind>
2025-03-30 20:07:52 DEBUG 	identified variable <geopotential_height> for field <geopotential_height>
2025-03-30 20:07:52 DEBUG loading data for time step 0 (2012-10-17 12:00:00), level index 7 (level 300.0)
2025-03-30 20:07:52 DEBUG 	Loaded 0.02 Mbytes from data field <divergence_of_wind>.
2025-03-30 20:07:52 DEBUG 	Loaded 0.02 Mbytes from data field <geopotential_height>.
2025-03-30 20:07:52 DEBUG Loaded data (required time 0:00:00.001145).
2025-03-30 20:07:52 DEBUG Plotting horizontal section.
2025-03-30 20:07:52 DEBUG Identified CRS 'epsg:4326' as '{'basemap': {'epsg': '4326'}, 'bbox': 'degree'}'
2025-03-30 20:07:52 DEBUG Identified CRS 'epsg:4326' as '{'basemap': {'epsg': '4326'}, 'bbox': 'degree'}'
2025-03-30 20:07:52 DEBUG plotting data..
2025-03-30 20:07:52 DEBUG preparing additional data fields..
2025-03-30 20:07:52 DEBUG creating figure..
2025-03-30 20:07:52 DEBUG 	with frame and legends
2025-03-30 20:07:52 DEBUG Loaded '({'epsg': '4326'}, [-22.5, 27.5, 55, 62.5], 'degree')' from basemap cache
2025-03-30 20:07:52 DEBUG shifting data grid to leftmost longitude in map -22..
2025-03-30 20:07:52 DEBUG converting image to indexed palette.
2025-03-30 20:07:53 DEBUG saving figure as non-transparent PNG.
2025-03-30 20:07:53 DEBUG returning figure..
2025-03-30 20:07:53 DEBUG Finished plotting (required time 0:00:00.644562; total time 0:00:00.645707).

2025-03-30 20:07:53 DEBUG using plot object 'PLDiv01'
2025-03-30 20:07:53 DEBUG 	figure size (800, 600) in pixels
2025-03-30 20:07:53 DEBUG 	requested initialisation time 2012-10-17 12:00:00
2025-03-30 20:07:53 DEBUG 	requested forecast valid time 2012-10-17 12:00:00
2025-03-30 20:07:53 DEBUG 	variable 'divergence_of_wind' requires input file '20121017_12_ecmwf_forecast.PRESSURE_LEVELS.EUR_LL015.036.pl.nc'
2025-03-30 20:07:53 DEBUG 	variable 'geopotential_height' requires input file '20121017_12_ecmwf_forecast.PRESSURE_LEVELS.EUR_LL015.036.pl.nc'
2025-03-30 20:07:53 DEBUG opening datasets.
2025-03-30 20:07:53 DEBUG 	identified variable <divergence_of_wind> for field <divergence_of_wind>
2025-03-30 20:07:53 DEBUG 	identified variable <geopotential_height> for field <geopotential_height>
2025-03-30 20:07:53 DEBUG loading data for time step 0 (2012-10-17 12:00:00), level index 7 (level 300.0)
2025-03-30 20:07:53 DEBUG 	Loaded 0.02 Mbytes from data field <divergence_of_wind>.
2025-03-30 20:07:53 DEBUG 	Loaded 0.02 Mbytes from data field <geopotential_height>.
2025-03-30 20:07:53 DEBUG Loaded data (required time 0:00:00.001580).
2025-03-30 20:07:53 DEBUG Plotting horizontal section.
2025-03-30 20:07:53 DEBUG Identified CRS 'epsg:4326' as '{'basemap': {'epsg': '4326'}, 'bbox': 'degree'}'
2025-03-30 20:07:53 DEBUG Identified CRS 'epsg:4326' as '{'basemap': {'epsg': '4326'}, 'bbox': 'degree'}'
2025-03-30 20:07:53 DEBUG plotting data..
2025-03-30 20:07:53 DEBUG preparing additional data fields..
2025-03-30 20:07:53 DEBUG creating figure..
2025-03-30 20:07:53 DEBUG 	without frame
2025-03-30 20:07:53 DEBUG Loaded '({'epsg': '4326'}, [-22.5, 27.5, 55, 62.5], 'degree')' from basemap cache
2025-03-30 20:07:53 DEBUG shifting data grid to leftmost longitude in map -22..
2025-03-30 20:07:53 DEBUG converting image to indexed palette.
2025-03-30 20:07:53 DEBUG saving figure as non-transparent PNG.
2025-03-30 20:07:53 DEBUG returning figure..
2025-03-30 20:07:53 DEBUG Finished plotting (required time 0:00:00.698815; total time 0:00:00.700395).

2025-03-30 20:07:54 DEBUG No user settings found, using default settings
2025-03-30 20:07:54 INFO Files identified for domain 'EUR_LL015': ['20121017_12_ecmwf_forecast.ALTITUDE_LEVELS.EUR_LL015.036.al.nc', '20121017_12_ecmwf_forecast.CC.EUR_LL015.036.ml.nc', '20121017_12_ecmwf_forecast.CIWC.EUR_LL015.036.ml.nc', '20121017_12_ecmwf_forecast.CLWC.EUR_LL015.036.ml.nc', '20121017_12_ecmwf_forecast.DIV.EUR_LL015.036.ml.nc', '20121017_12_ecmwf_forecast.EMAC.EUR_LL015.036.ml.nc', '20121017_12_ecmwf_forecast.GPH.EUR_LL015.036.ml.nc', '20121017_12_ecmwf_forecast.O3.EUR_LL015.036.ml.nc', '20121017_12_ecmwf_forecast.PRESSURE_LEVELS.EUR_LL015.036.pl.nc', '20121017_12_ecmwf_forecast.PVU.EUR_LL015.036.pv.nc', '20121017_12_ecmwf_forecast.PV_derived.EUR_LL015.036.ml.nc', '20121017_12_ecmwf_forecast.P_derived.EUR_LL015.036.ml.nc', '20121017_12_ecmwf_forecast.ProbWCB_LAGRANTO_derived.EUR_LL015.036.ml.nc', '20121017_12_ecmwf_forecast.ProbWCB_LAGRANTO_derived.EUR_LL015.036.sfc.nc', '20121017_12_ecmwf_forecast.Q.EUR_LL015.036.ml.nc', '20121017_12_ecmwf_forecast.SEA.EUR_LL015.036.sfc.nc', '20121017_12_ecmwf_forecast.SFC.EUR_LL015.036.sfc.nc', '20121017_12_ecmwf_forecast.T.EUR_LL015.036.ml.nc', '20121017_12_ecmwf_forecast.THETA.EUR_LL015.036.ml.nc', '20121017_12_ecmwf_forecast.THETA_LEVELS.EUR_LL015.036.tl.nc', '20121017_12_ecmwf_forecast.U.EUR_LL015.036.ml.nc', '20121017_12_ecmwf_forecast.V.EUR_LL015.036.ml.nc', '20121017_12_ecmwf_forecast.W.EUR_LL015.036.ml.nc']
2025-03-30 20:07:54 INFO Opening candidate '20121017_12_ecmwf_forecast.ALTITUDE_LEVELS.EUR_LL015.036.al.nc'
2025-03-30 20:07:54 INFO File '20121017_12_ecmwf_forecast.ALTITUDE_LEVELS.EUR_LL015.036.al.nc' identified as 'al' type
2025-03-30 20:07:54 INFO Found init time '2012-10-17 12:00:00', 7 valid_times and 3 standard_names
2025-03-30 20:07:54 DEBUG valid_times='[cftime.DatetimeGregorian(2012, 10, 17, 12, 0, 0, 0, has_year_zero=False)
 cftime.DatetimeGregorian(2012, 10, 17, 18, 0, 0, 0, has_year_zero=False)
 cftime.DatetimeGregorian(2012, 10, 18, 0, 0, 0, 0, has_year_zero=False)
 cftime.DatetimeGregorian(2012, 10, 18, 6, 0, 0, 0, has_year_zero=False)
 cftime.DatetimeGregorian(2012, 10, 18, 12, 0, 0, 0, has_year_zero=False)
 cftime.DatetimeGregorian(2012, 10, 18, 18, 0, 0, 0, has_year_zero=False)
 cftime.DatetimeGregorian(2012, 10, 19, 0, 0, 0, 0, has_year_zero=False)]' standard_names='['air_pressure', 'ertel_potential_vorticity', 'mole_fraction_of_ozone_in_air']'
2025-03-30 20:07:54 INFO Opening candidate '20121017_12_ecmwf_forecast.CC.EUR_LL015.036.ml.nc'
2025-03-30 20:07:54 INFO File '20121017_12_ecmwf_forecast.CC.EUR_LL015.036.ml.nc' identified as 'ml' type
2025-03-30 20:07:54 INFO Found init time '2012-10-17 12:00:00', 7 valid_times and 1 standard_names
2025-03-30 20:07:54 DEBUG valid_times='[cftime.DatetimeGregorian(2012, 10, 17, 12, 0, 0, 0, has_year_zero=False)
 cftime.DatetimeGregorian(2012, 10, 17, 18, 0, 0, 0, has_year_zero=False)
 cftime.DatetimeGregorian(2012, 10, 18, 0, 0, 0, 0, has_year_zero=False)
 cftime.DatetimeGregorian(2012, 10, 18, 6, 0, 0, 0, has_year_zero=False)
 cftime.DatetimeGregorian(2012, 10, 18, 12, 0, 0, 0, has_year_zero=False)
 cftime.DatetimeGregorian(2012, 10, 18, 18, 0, 0, 0, has_year_zero=False)
 cftime.DatetimeGregorian(2012, 10, 19, 0, 0, 0, 0, has_year_zero=False)]' standard_names='['cloud_area_fraction_in_atmosphere_layer']'
2025-03-30 20:07:54 INFO Opening candidate '20121017_12_ecmwf_forecast.CIWC.EUR_LL015.036.ml.nc'
2025-03-30 20:07:54 INFO File '20121017_12_ecmwf_forecast.CIWC.EUR_LL015.036.ml.nc' identified as 'ml' type
2025-03-30 20:07:54 INFO Found init time '2012-10-17 12:00:00', 7 valid_times and 1 standard_names
2025-03-30 20:07:54 DEBUG valid_times='[cftime.DatetimeGregorian(2012, 10, 17, 12, 0, 0, 0, has_year_zero=False)
 cftime.DatetimeGregorian(2012, 10, 17, 18, 0, 0, 0, has_year_zero=False)
 cftime.DatetimeGregorian(2012, 10, 18, 0, 0, 0, 0, has_year_zero=False)
 cftime.DatetimeGregorian(2012, 10, 18, 6, 0, 0, 0, has_year_zero=False)
 cftime.DatetimeGregorian(2012, 10, 18, 12, 0, 0, 0, has_year_zero=False)
 cftime.DatetimeGregorian(2012, 10, 18, 18, 0, 0, 0, has_year_zero=False)
 cftime.DatetimeGregorian(2012, 10, 19, 0, 0, 0, 0, has_year_zero=False)]' standard_names='['specific_cloud_ice_water_content']'
2025-03-30 20:07:54 INFO Opening candidate '20121017_12_ecmwf_forecast.CLWC.EUR_LL015.036.ml.nc'
2025-03-30 20:07:54 INFO File '20121017_12_ecmwf_forecast.CLWC.EUR_LL015.036.ml.nc' identified as 'ml' type
2025-03-30 20:07:54 INFO Found init time '2012-10-17 12:00:00', 7 valid_times and 1 standard_names
2025-03-30 20:07:54 DEBUG valid_times='[cftime.DatetimeGregorian(2012, 10, 17, 12, 0, 0, 0, has_year_zero=False)
 cftime.DatetimeGregorian(2012, 10, 17, 18, 0, 0, 0, has_year_zero=False)
 cftime.DatetimeGregorian(2012, 10, 18, 0, 0, 0, 0, has_year_zero=False)
 cftime.DatetimeGregorian(2012, 10, 18, 6, 0, 0, 0, has_year_zero=False)
 cftime.DatetimeGregorian(2012, 10, 18, 12, 0, 0, 0, has_year_zero=False)
 cftime.DatetimeGregorian(2012, 10, 18, 18, 0, 0, 0, has_year_zero=False)
 cftime.DatetimeGregorian(2012, 10, 19, 0, 0, 0, 0, has_year_zero=False)]' standard_names='['specific_cloud_liquid_water_content']'
2025-03-30 20:07:54 INFO Opening candidate '20121017_12_ecmwf_forecast.DIV.EUR_LL015.036.ml.nc'
2025-03-30 20:07:54 INFO File '20121017_12_ecmwf_forecast.DIV.EUR_LL015.036.ml.nc' identified as 'ml' type
2025-03-30 20:07:54 INFO Found init time '2012-10-17 12:00:00', 7 valid_times and 1 standard_names
2025-03-30 20:07:54 DEBUG valid_times='[cftime.DatetimeGregorian(2012, 10, 17, 12, 0, 0, 0, has_year_zero=False)
 cftime.DatetimeGregorian(2012, 10, 17, 18, 0, 0, 0, has_year_zero=False)
 cftime.DatetimeGregorian(2012, 10, 18, 0, 0, 0, 0, has_year_zero=False)
 cftime.DatetimeGregorian(2012, 10, 18, 6, 0, 0, 0, has_year_zero=False)
 cftime.DatetimeGregorian(2012, 10, 18, 12, 0, 0, 0, has_year_zero=False)
 cftime.DatetimeGregorian(2012, 10, 18, 18, 0, 0, 0, has_year_zero=False)
 cftime.DatetimeGregorian(2012, 10, 19, 0, 0, 0, 0, has_year_zero=False)]' standard_names='['divergence_of_wind']'
2025-03-30 20:07:54 INFO Opening candidate '20121017_12_ecmwf_forecast.EMAC.EUR_LL015.036.ml.nc'
2025-03-30 20:07:54 INFO File '20121017_12_ecmwf_forecast.EMAC.EUR_LL015.036.ml.nc' identified as 'ml' type
2025-03-30 20:07:54 INFO Found init time '2012-10-17 12:00:00', 7 valid_times and 1 standard_names
2025-03-30 20:07:54 DEBUG valid_times='[cftime.DatetimeGregorian(2012, 10, 17, 12, 0, 0, 0, has_year_zero=False)
 cftime.DatetimeGregorian(2012, 10, 17, 18, 0, 0, 0, has_year_zero=False)
 cftime.DatetimeGregorian(2012, 10, 18, 0, 0, 0, 0, has_year_zero=False)
 cftime.DatetimeGregorian(2012, 10, 18, 6, 0, 0, 0, has_year_zero=False)
 cftime.DatetimeGregorian(2012, 10, 18, 12, 0, 0, 0, has_year_zero=False)
 cftime.DatetimeGregorian(2012, 10, 18, 18, 0, 0, 0, has_year_zero=False)
 cftime.DatetimeGregorian(2012, 10, 19, 0, 0, 0, 0, has_year_zero=False)]' standard_names='['emac_R12']'
2025-03-30 20:07:54 INFO Opening candidate '20121017_12_ecmwf_forecast.GPH.EUR_LL015.036.ml.nc'
2025-03-30 20:07:54 INFO File '20121017_12_ecmwf_forecast.GPH.EUR_LL015.036.ml.nc' identified as 'ml' type
2025-03-30 20:07:54 INFO Found init time '2012-10-17 12:00:00', 7 valid_times and 1 standard_names
2025-03-30 20:07:54 DEBUG valid_times='[cftime.DatetimeGregorian(2012, 10, 17, 12, 0, 0, 0, has_year_zero=False)
 cftime.DatetimeGregorian(2012, 10, 17, 18, 0, 0, 0, has_year_zero=False)
 cftime.DatetimeGregorian(2012, 10, 18, 0, 0, 0, 0, has_year_zero=False)
 cftime.DatetimeGregorian(2012, 10, 18, 6, 0, 0, 0, has_year_zero=False)
 cftime.DatetimeGregorian(2012, 10, 18, 12, 0, 0, 0, has_year_zero=False)
 cftime.DatetimeGregorian(2012, 10, 18, 18, 0, 0, 0, has_year_zero=False)
 cftime.DatetimeGregorian(2012, 10, 19, 0, 0, 0, 0, has_year_zero=False)]' standard_names='['geopotential_height']'
2025-03-30 20:07:54 INFO Opening candidate '20121017_12_ecmwf_forecast.O3.EUR_LL015.036.ml.nc'
2025-03-30 20:07:54 INFO File '20121017_12_ecmwf_forecast.O3.EUR_LL015.036.ml.nc' identified as 'ml' type
2025-03-30 20:07:54 INFO Found init time '2012-10-17 12:00:00', 7 valid_times and 1 standard_names
2025-03-30 20:07:54 DEBUG valid_times='[cftime.DatetimeGregorian(2012, 10, 17, 12, 0, 0, 0, has_year_zero=False)
 cftime.DatetimeGregorian(2012, 10, 17, 18, 0, 0, 0, has_year_zero=False)
 cftime.DatetimeGregorian(2012, 10, 18, 0, 0, 0, 0, has_year_zero=False)
 cftime.DatetimeGregorian(2012, 10, 18, 6, 0, 0, 0, has_year_zero=False)
 cftime.DatetimeGregorian(2012, 10, 18, 12, 0, 0, 0, has_year_zero=False)
 cftime.DatetimeGregorian(2012, 10, 18, 18, 0, 0, 0, has_year_zero=False)
 cftime.DatetimeGregorian(2012, 10, 19, 0, 0, 0, 0, has_year_zero=False)]' standard_names='['mole_fraction_of_ozone_in_air']'
2025-03-30 20:07:54 INFO Opening candidate '20121017_12_ecmwf_forecast.PRESSURE_LEVELS.EUR_LL015.036.pl.nc'
2025-03-30 20:07:54 INFO File '20121017_12_ecmwf_forecast.PRESSURE_LEVELS.EUR_LL015.036.pl.nc' identified as 'pl' type
2025-03-30 20:07:54 INFO Found init time '2012-10-17 12:00:00', 7 valid_times and 16 standard_names
2025-03-30 20:07:54 DEBUG valid_times='[cftime.DatetimeGregorian(2012, 10, 17, 12, 0, 0, 0, has_year_zero=False)
 cftime.DatetimeGregorian(2012, 10, 17, 18, 0, 0, 0, has_year_zero=False)
 cftime.DatetimeGregorian(2012, 10, 18, 0, 0, 0, 0, has_year_zero=False)
 cftime.DatetimeGregorian(2012, 10, 18, 6, 0, 0, 0, has_year_zero=False)
 cftime.DatetimeGregorian(2012, 10, 18, 12, 0, 0, 0, has_year_zero=False)
 cftime.DatetimeGregorian(2012, 10, 18, 18, 0, 0, 0, has_year_zero=False)
 cftime.DatetimeGregorian(2012, 10, 19, 0, 0, 0, 0, has_year_zero=False)]' standard_names='['air_potential_temperature', 'air_pressure', 'air_temperature', 'eastward_wind', 'ertel_potential_vorticity', 'geopotential_height', 'northward_wind', 'specific_humidity', 'lagrangian_tendency_of_air_pressure', 'divergence_of_wind', 'mass_fraction_of_ozone_in_air', 'mole_fraction_of_ozone_in_air', 'equivalent_latitude', 'number_of_wcb_trajectories', 'number_of_insitu_trajectories', 'number_of_mix_trajectories']'
2025-03-30 20:07:54 INFO Opening candidate '20121017_12_ecmwf_forecast.PVU.EUR_LL015.036.pv.nc'
2025-03-30 20:07:54 INFO File '20121017_12_ecmwf_forecast.PVU.EUR_LL015.036.pv.nc' identified as 'pv' type
2025-03-30 20:07:54 INFO Found init time '2012-10-17 12:00:00', 7 valid_times and 3 standard_names
2025-03-30 20:07:54 DEBUG valid_times='[cftime.DatetimeGregorian(2012, 10, 17, 12, 0, 0, 0, has_year_zero=False)
 cftime.DatetimeGregorian(2012, 10, 17, 18, 0, 0, 0, has_year_zero=False)
 cftime.DatetimeGregorian(2012, 10, 18, 0, 0, 0, 0, has_year_zero=False)
 cftime.DatetimeGregorian(2012, 10, 18, 6, 0, 0, 0, has_year_zero=False)
 cftime.DatetimeGregorian(2012, 10, 18, 12, 0, 0, 0, has_year_zero=False)
 cftime.DatetimeGregorian(2012, 10, 18, 18, 0, 0, 0, has_year_zero=False)
 cftime.DatetimeGregorian(2012, 10, 19, 0, 0, 0, 0, has_year_zero=False)]' standard_names='['air_potential_temperature', 'geopotential_height', 'air_pressure']'
2025-03-30 20:07:54 INFO Opening candidate '20121017_12_ecmwf_forecast.PV_derived.EUR_LL015.036.ml.nc'
2025-03-30 20:07:54 INFO File '20121017_12_ecmwf_forecast.PV_derived.EUR_LL015.036.ml.nc' identified as 'ml' type
2025-03-30 20:07:54 INFO Found init time '2012-10-17 12:00:00', 7 valid_times and 1 standard_names
2025-03-30 20:07:54 DEBUG valid_times='[cftime.DatetimeGregorian(2012, 10, 17, 12, 0, 0, 0, has_year_zero=False)
 cftime.DatetimeGregorian(2012, 10, 17, 18, 0, 0, 0, has_year_zero=False)
 cftime.DatetimeGregorian(2012, 10, 18, 0, 0, 0, 0, has_year_zero=False)
 cftime.DatetimeGregorian(2012, 10, 18, 6, 0, 0, 0, has_year_zero=False)
 cftime.DatetimeGregorian(2012, 10, 18, 12, 0, 0, 0, has_year_zero=False)
 cftime.DatetimeGregorian(2012, 10, 18, 18, 0, 0, 0, has_year_zero=False)
 cftime.DatetimeGregorian(2012, 10, 19, 0, 0, 0, 0, has_year_zero=False)]' standard_names='['ertel_potential_vorticity']'
2025-03-30 20:07:54 INFO Opening candidate '20121017_12_ecmwf_forecast.P_derived.EUR_LL015.036.ml.nc'
2025-03-30 20:07:54 INFO File '20121017_12_ecmwf_forecast.P_derived.EUR_LL015.036.ml.nc' identified as 'ml' type
2025-03-30 20:07:54 INFO Found init time '2012-10-17 12:00:00', 7 valid_times and 1 standard_names
2025-03-30 20:07:54 DEBUG valid_times='[cftime.DatetimeGregorian(2012, 10, 17, 12, 0, 0, 0, has_year_zero=False)
 cftime.DatetimeGregorian(2012, 10, 17, 18, 0, 0, 0, has_year_zero=False)
 cftime.DatetimeGregorian(2012, 10, 18, 0, 0, 0, 0, has_year_zero=False)
 cftime.DatetimeGregorian(2012, 10, 18, 6, 0, 0, 0, has_year_zero=False)
 cftime.DatetimeGregorian(2012, 10, 18, 12, 0, 0, 0, has_year_zero=False)
 cftime.DatetimeGregorian(2012, 10, 18, 18, 0, 0, 0, has_year_zero=False)
 cftime.DatetimeGregorian(2012, 10, 19, 0, 0, 0, 0, has_year_zero=False)]' standard_names='['air_pressure']'
2025-03-30 20:07:54 INFO Opening candidate '20121017_12_ecmwf_forecast.ProbWCB_LAGRANTO_derived.EUR_LL015.036.ml.nc'
2025-03-30 20:07:54 INFO File '20121017_12_ecmwf_forecast.ProbWCB_LAGRANTO_derived.EUR_LL015.036.ml.nc' identified as 'ml' type
2025-03-30 20:07:54 INFO Found init time '2012-10-17 12:00:00', 7 valid_times and 1 standard_names
2025-03-30 20:07:54 DEBUG valid_times='[cftime.DatetimeGregorian(2012, 10, 17, 12, 0, 0, 0, has_year_zero=False)
 cftime.DatetimeGregorian(2012, 10, 17, 18, 0, 0, 0, has_year_zero=False)
 cftime.DatetimeGregorian(2012, 10, 18, 0, 0, 0, 0, has_year_zero=False)
 cftime.DatetimeGregorian(2012, 10, 18, 6, 0, 0, 0, has_year_zero=False)
 cftime.DatetimeGregorian(2012, 10, 18, 12, 0, 0, 0, has_year_zero=False)
 cftime.DatetimeGregorian(2012, 10, 18, 18, 0, 0, 0, has_year_zero=False)
 cftime.DatetimeGregorian(2012, 10, 19, 0, 0, 0, 0, has_year_zero=False)]' standard_names='['probability_of_wcb_occurrence']'
2025-03-30 20:07:54 INFO Opening candidate '20121017_12_ecmwf_forecast.ProbWCB_LAGRANTO_derived.EUR_LL015.036.sfc.nc'
2025-03-30 20:07:54 INFO File '20121017_12_ecmwf_forecast.ProbWCB_LAGRANTO_derived.EUR_LL015.036.sfc.nc' identified as 'sfc' type
2025-03-30 20:07:54 INFO Found init time '2012-10-17 12:00:00', 7 valid_times and 1 standard_names
2025-03-30 20:07:54 DEBUG valid_times='[cftime.DatetimeGregorian(2012, 10, 17, 12, 0, 0, 0, has_year_zero=False)
 cftime.DatetimeGregorian(2012, 10, 17, 18, 0, 0, 0, has_year_zero=False)
 cftime.DatetimeGregorian(2012, 10, 18, 0, 0, 0, 0, has_year_zero=False)
 cftime.DatetimeGregorian(2012, 10, 18, 6, 0, 0, 0, has_year_zero=False)
 cftime.DatetimeGregorian(2012, 10, 18, 12, 0, 0, 0, has_year_zero=False)
 cftime.DatetimeGregorian(2012, 10, 18, 18, 0, 0, 0, has_year_zero=False)
 cftime.DatetimeGregorian(2012, 10, 19, 0, 0, 0, 0, has_year_zero=False)]' standard_names='['vertically_integrated_probability_of_wcb_occurrence']'
2025-03-30 20:07:54 INFO Opening candidate '20121017_12_ecmwf_forecast.Q.EUR_LL015.036.ml.nc'
2025-03-30 20:07:54 INFO File '20121017_12_ecmwf_forecast.Q.EUR_LL015.036.ml.nc' identified as 'ml' type
2025-03-30 20:07:54 INFO Found init time '2012-10-17 12:00:00', 7 valid_times and 1 standard_names
2025-03-30 20:07:54 DEBUG valid_times='[cftime.DatetimeGregorian(2012, 10, 17, 12, 0, 0, 0, has_year_zero=False)
 cftime.DatetimeGregorian(2012, 10, 17, 18, 0, 0, 0, has_year_zero=False)
 cftime.DatetimeGregorian(2012, 10, 18, 0, 0, 0, 0, has_year_zero=False)
 cftime.DatetimeGregorian(2012, 10, 18, 6, 0, 0, 0, has_year_zero=False)
 cftime.DatetimeGregorian(2012, 10, 18, 12, 0, 0, 0, has_year_zero=False)
 cftime.DatetimeGregorian(2012, 10, 18, 18, 0, 0, 0, has_year_zero=False)
 cftime.DatetimeGregorian(2012, 10, 19, 0, 0, 0, 0, has_year_zero=False)]' standard_names='['specific_humidity']'
2025-03-30 20:07:54 INFO Opening candidate '20121017_12_ecmwf_forecast.SEA.EUR_LL015.036.sfc.nc'
2025-03-30 20:07:54 INFO File '20121017_12_ecmwf_forecast.SEA.EUR_LL015.036.sfc.nc' identified as 'sfc' type
2025-03-30 20:07:54 INFO Found init time '2012-10-17 12:00:00', 7 valid_times and 1 standard_names
2025-03-30 20:07:54 DEBUG valid_times='[cftime.DatetimeGregorian(2012, 10, 17, 12, 0, 0, 0, has_year_zero=False)
 cftime.DatetimeGregorian(2012, 10, 17, 18, 0, 0, 0, has_year_zero=False)
 cftime.DatetimeGregorian(2012, 10, 18, 0, 0, 0, 0, has_year_zero=False)
 cftime.DatetimeGregorian(2012, 10, 18, 6, 0, 0, 0, has_year_zero=False)
 cftime.DatetimeGregorian(2012, 10, 18, 12, 0, 0, 0, has_year_zero=False)
 cftime.DatetimeGregorian(2012, 10, 18, 18, 0, 0, 0, has_year_zero=False)
 cftime.DatetimeGregorian(2012, 10, 19, 0, 0, 0, 0, has_year_zero=False)]' standard_names='['solar_elevation_angle']'
2025-03-30 20:07:54 INFO Opening candidate '20121017_12_ecmwf_forecast.SFC.EUR_LL015.036.sfc.nc'
2025-03-30 20:07:54 INFO File '20121017_12_ecmwf_forecast.SFC.EUR_LL015.036.sfc.nc' identified as 'sfc' type
2025-03-30 20:07:54 INFO Found init time '2012-10-17 12:00:00', 7 valid_times and 15 standard_names
2025-03-30 20:07:54 DEBUG valid_times='[cftime.DatetimeGregorian(2012, 10, 17, 12, 0, 0, 0, has_year_zero=False)
 cftime.DatetimeGregorian(2012, 10, 17, 18, 0, 0, 0, has_year_zero=False)
 cftime.DatetimeGregorian(2012, 10, 18, 0, 0, 0, 0, has_year_zero=False)
 cftime.DatetimeGregorian(2012, 10, 18, 6, 0, 0, 0, has_year_zero=False)
 cftime.DatetimeGregorian(2012, 10, 18, 12, 0, 0, 0, has_year_zero=False)
 cftime.DatetimeGregorian(2012, 10, 18, 18, 0, 0, 0, has_year_zero=False)
 cftime.DatetimeGregorian(2012, 10, 19, 0, 0, 0, 0, has_year_zero=False)]' standard_names='['surface_geopotential', 'air_pressure_at_sea_level', 'total_cloud_cover', 'land_binary_mask', 'low_cloud_area_fraction', 'medium_cloud_area_fraction', 'high_cloud_area_fraction', 'surface_eastward_wind', 'surface_northward_wind', 'sea_ice_area_fraction', 'msg_brightness_temperature_108', 'atmosphere_boundary_layer_thickness', 'emac_column_density', 'tropopause_altitude', 'secondary_tropopause_altitude']'
2025-03-30 20:07:54 INFO Opening candidate '20121017_12_ecmwf_forecast.T.EUR_LL015.036.ml.nc'
2025-03-30 20:07:54 INFO File '20121017_12_ecmwf_forecast.T.EUR_LL015.036.ml.nc' identified as 'ml' type
2025-03-30 20:07:54 INFO Found init time '2012-10-17 12:00:00', 7 valid_times and 1 standard_names
2025-03-30 20:07:54 DEBUG valid_times='[cftime.DatetimeGregorian(2012, 10, 17, 12, 0, 0, 0, has_year_zero=False)
 cftime.DatetimeGregorian(2012, 10, 17, 18, 0, 0, 0, has_year_zero=False)
 cftime.DatetimeGregorian(2012, 10, 18, 0, 0, 0, 0, has_year_zero=False)
 cftime.DatetimeGregorian(2012, 10, 18, 6, 0, 0, 0, has_year_zero=False)
 cftime.DatetimeGregorian(2012, 10, 18, 12, 0, 0, 0, has_year_zero=False)
 cftime.DatetimeGregorian(2012, 10, 18, 18, 0, 0, 0, has_year_zero=False)
 cftime.DatetimeGregorian(2012, 10, 19, 0, 0, 0, 0, has_year_zero=False)]' standard_names='['air_temperature']'
2025-03-30 20:07:54 INFO Opening candidate '20121017_12_ecmwf_forecast.THETA.EUR_LL015.036.ml.nc'
2025-03-30 20:07:54 INFO File '20121017_12_ecmwf_forecast.THETA.EUR_LL015.036.ml.nc' identified as 'ml' type
2025-03-30 20:07:54 INFO Found init time '2012-10-17 12:00:00', 7 valid_times and 1 standard_names
2025-03-30 20:07:54 DEBUG valid_times='[cftime.DatetimeGregorian(2012, 10, 17, 12, 0, 0, 0, has_year_zero=False)
 cftime.DatetimeGregorian(2012, 10, 17, 18, 0, 0, 0, has_year_zero=False)
 cftime.DatetimeGregorian(2012, 10, 18, 0, 0, 0, 0, has_year_zero=False)
 cftime.DatetimeGregorian(2012, 10, 18, 6, 0, 0, 0, has_year_zero=False)
 cftime.DatetimeGregorian(2012, 10, 18, 12, 0, 0, 0, has_year_zero=False)
 cftime.DatetimeGregorian(2012, 10, 18, 18, 0, 0, 0, has_year_zero=False)
 cftime.DatetimeGregorian(2012, 10, 19, 0, 0, 0, 0, has_year_zero=False)]' standard_names='['air_potential_temperature']'
2025-03-30 20:07:54 INFO Opening candidate '20121017_12_ecmwf_forecast.THETA_LEVELS.EUR_LL015.036.tl.nc'
2025-03-30 20:07:54 INFO File '20121017_12_ecmwf_forecast.THETA_LEVELS.EUR_LL015.036.tl.nc' identified as 'tl' type
2025-03-30 20:07:54 INFO Found init time '2012-10-17 12:00:00', 7 valid_times and 3 standard_names
2025-03-30 20:07:54 DEBUG valid_times='[cftime.DatetimeGregorian(2012, 10, 17, 12, 0, 0, 0, has_year_zero=False)
 cftime.DatetimeGregorian(2012, 10, 17, 18, 0, 0, 0, has_year_zero=False)
 cftime.DatetimeGregorian(2012, 10, 18, 0, 0, 0, 0, has_year_zero=False)
 cftime.DatetimeGregorian(2012, 10, 18, 6, 0, 0, 0, has_year_zero=False)
 cftime.DatetimeGregorian(2012, 10, 18, 12, 0, 0, 0, has_year_zero=False)
 cftime.DatetimeGregorian(2012, 10, 18, 18, 0, 0, 0, has_year_zero=False)
 cftime.DatetimeGregorian(2012, 10, 19, 0, 0, 0, 0, has_year_zero=False)]' standard_names='['air_pressure', 'ertel_potential_vorticity', 'mole_fraction_of_ozone_in_air']'
2025-03-30 20:07:54 INFO Opening candidate '20121017_12_ecmwf_forecast.U.EUR_LL015.036.ml.nc'
2025-03-30 20:07:54 INFO File '20121017_12_ecmwf_forecast.U.EUR_LL015.036.ml.nc' identified as 'ml' type
2025-03-30 20:07:54 INFO Found init time '2012-10-17 12:00:00', 7 valid_times and 1 standard_names
2025-03-30 20:07:54 DEBUG valid_times='[cftime.DatetimeGregorian(2012, 10, 17, 12, 0, 0, 0, has_year_zero=False)
 cftime.DatetimeGregorian(2012, 10, 17, 18, 0, 0, 0, has_year_zero=False)
 cftime.DatetimeGregorian(2012, 10, 18, 0, 0, 0, 0, has_year_zero=False)
 cftime.DatetimeGregorian(2012, 10, 18, 6, 0, 0, 0, has_year_zero=False)
 cftime.DatetimeGregorian(2012, 10, 18, 12, 0, 0, 0, has_year_zero=False)
 cftime.DatetimeGregorian(2012, 10, 18, 18, 0, 0, 0, has_year_zero=False)
 cftime.DatetimeGregorian(2012, 10, 19, 0, 0, 0, 0, has_year_zero=False)]' standard_names='['eastward_wind']'
2025-03-30 20:07:54 INFO Opening candidate '20121017_12_ecmwf_forecast.V.EUR_LL015.036.ml.nc'
2025-03-30 20:07:54 INFO File '20121017_12_ecmwf_forecast.V.EUR_LL015.036.ml.nc' identified as 'ml' type
2025-03-30 20:07:54 INFO Found init time '2012-10-17 12:00:00', 7 valid_times and 1 standard_names
2025-03-30 20:07:54 DEBUG valid_times='[cftime.DatetimeGregorian(2012, 10, 17, 12, 0, 0, 0, has_year_zero=False)
 cftime.DatetimeGregorian(2012, 10, 17, 18, 0, 0, 0, has_year_zero=False)
 cftime.DatetimeGregorian(2012, 10, 18, 0, 0, 0, 0, has_year_zero=False)
 cftime.DatetimeGregorian(2012, 10, 18, 6, 0, 0, 0, has_year_zero=False)
 cftime.DatetimeGregorian(2012, 10, 18, 12, 0, 0, 0, has_year_zero=False)
 cftime.DatetimeGregorian(2012, 10, 18, 18, 0, 0, 0, has_year_zero=False)
 cftime.DatetimeGregorian(2012, 10, 19, 0, 0, 0, 0, has_year_zero=False)]' standard_names='['northward_wind']'
2025-03-30 20:07:54 INFO Opening candidate '20121017_12_ecmwf_forecast.W.EUR_LL015.036.ml.nc'
2025-03-30 20:07:54 INFO File '20121017_12_ecmwf_forecast.W.EUR_LL015.036.ml.nc' identified as 'ml' type
2025-03-30 20:07:54 INFO Found init time '2012-10-17 12:00:00', 7 valid_times and 1 standard_names
2025-03-30 20:07:54 DEBUG valid_times='[cftime.DatetimeGregorian(2012, 10, 17, 12, 0, 0, 0, has_year_zero=False)
 cftime.DatetimeGregorian(2012, 10, 17, 18, 0, 0, 0, has_year_zero=False)
 cftime.DatetimeGregorian(2012, 10, 18, 0, 0, 0, 0, has_year_zero=False)
 cftime.DatetimeGregorian(2012, 10, 18, 6, 0, 0, 0, has_year_zero=False)
 cftime.DatetimeGregorian(2012, 10, 18, 12, 0, 0, 0, has_year_zero=False)
 cftime.DatetimeGregorian(2012, 10, 18, 18, 0, 0, 0, has_year_zero=False)
 cftime.DatetimeGregorian(2012, 10, 19, 0, 0, 0, 0, has_year_zero=False)]' standard_names='['lagrangian_tendency_of_air_pressure']'
2025-03-30 20:07:54 DEBUG using plot object 'mole_fraction_of_ozone_in_air_pl'
2025-03-30 20:07:54 DEBUG 	figure size (800, 600) in pixels
2025-03-30 20:07:54 DEBUG 	requested initialisation time 2012-10-17 12:00:00
2025-03-30 20:07:54 DEBUG 	requested forecast valid time 2012-10-17 12:00:00
2025-03-30 20:07:54 DEBUG 	variable 'mole_fraction_of_ozone_in_air' requires input file '20121017_12_ecmwf_forecast.PRESSURE_LEVELS.EUR_LL015.036.pl.nc'
2025-03-30 20:07:54 DEBUG 	variable 'ertel_potential_vorticity' requires input file '20121017_12_ecmwf_forecast.PRESSURE_LEVELS.EUR_LL015.036.pl.nc'
2025-03-30 20:07:54 DEBUG opening datasets.
2025-03-30 20:07:54 DEBUG 	identified variable <mole_fraction_of_ozone_in_air> for field <mole_fraction_of_ozone_in_air>
2025-03-30 20:07:54 DEBUG 	identified variable <ertel_potential_vorticity> for field <ertel_potential_vorticity>
2025-03-30 20:07:54 DEBUG loading data for time step 0 (2012-10-17 12:00:00), level index 7 (level 300.0)
2025-03-30 20:07:54 DEBUG 	Loaded 0.02 Mbytes from data field <mole_fraction_of_ozone_in_air>.
2025-03-30 20:07:54 DEBUG 	Loaded 0.02 Mbytes from data field <ertel_potential_vorticity>.
2025-03-30 20:07:54 DEBUG Loaded data (required time 0:00:00.001227).
2025-03-30 20:07:54 DEBUG Plotting horizontal section.
2025-03-30 20:07:54 DEBUG Identified CRS 'epsg:4326' as '{'basemap': {'epsg': '4326'}, 'bbox': 'degree'}'
2025-03-30 20:07:54 DEBUG Identified CRS 'epsg:4326' as '{'basemap': {'epsg': '4326'}, 'bbox': 'degree'}'
2025-03-30 20:07:54 DEBUG plotting data..
2025-03-30 20:07:54 DEBUG preparing additional data fields..
2025-03-30 20:07:54 DEBUG creating figure..
2025-03-30 20:07:54 DEBUG 	with frame and legends
2025-03-30 20:07:54 DEBUG Loaded '({'epsg': '4326'}, [-22.5, 27.5, 55, 62.5], 'degree')' from basemap cache
2025-03-30 20:07:54 DEBUG shifting data grid to leftmost longitude in map -22..
2025-03-30 20:07:54 DEBUG converting image to indexed palette.
2025-03-30 20:07:54 DEBUG saving figure as non-transparent PNG.
2025-03-30 20:07:54 DEBUG returning figure..
2025-03-30 20:07:54 DEBUG Finished plotting (required time 0:00:00.316326; total time 0:00:00.317553).

2025-03-30 20:07:54 DEBUG using plot object 'mole_fraction_of_ozone_in_air_pl'
2025-03-30 20:07:54 DEBUG 	figure size (800, 600) in pixels
2025-03-30 20:07:54 DEBUG 	requested initialisation time 2012-10-17 12:00:00
2025-03-30 20:07:54 DEBUG 	requested forecast valid time 2012-10-17 12:00:00
2025-03-30 20:07:54 DEBUG 	variable 'mole_fraction_of_ozone_in_air' requires input file '20121017_12_ecmwf_forecast.PRESSURE_LEVELS.EUR_LL015.036.pl.nc'
2025-03-30 20:07:54 DEBUG 	variable 'ertel_potential_vorticity' requires input file '20121017_12_ecmwf_forecast.PRESSURE_LEVELS.EUR_LL015.036.pl.nc'
2025-03-30 20:07:54 DEBUG opening datasets.
2025-03-30 20:07:54 DEBUG 	identified variable <mole_fraction_of_ozone_in_air> for field <mole_fraction_of_ozone_in_air>
2025-03-30 20:07:54 DEBUG 	identified variable <ertel_potential_vorticity> for field <ertel_potential_vorticity>
2025-03-30 20:07:54 DEBUG loading data for time step 0 (2012-10-17 12:00:00), level index 7 (level 300.0)
2025-03-30 20:07:54 DEBUG 	Loaded 0.02 Mbytes from data field <mole_fraction_of_ozone_in_air>.
2025-03-30 20:07:54 DEBUG 	Loaded 0.02 Mbytes from data field <ertel_potential_vorticity>.
2025-03-30 20:07:54 DEBUG Loaded data (required time 0:00:00.001223).
2025-03-30 20:07:54 DEBUG Plotting horizontal section.
2025-03-30 20:07:54 DEBUG Identified CRS 'epsg:4326' as '{'basemap': {'epsg': '4326'}, 'bbox': 'degree'}'
2025-03-30 20:07:54 DEBUG Identified CRS 'epsg:4326' as '{'basemap': {'epsg': '4326'}, 'bbox': 'degree'}'
2025-03-30 20:07:54 DEBUG plotting data..
2025-03-30 20:07:54 DEBUG preparing additional data fields..
2025-03-30 20:07:54 DEBUG creating figure..
2025-03-30 20:07:54 DEBUG 	without frame
2025-03-30 20:07:54 DEBUG Loaded '({'epsg': '4326'}, [-22.5, 27.5, 55, 62.5], 'degree')' from basemap cache
2025-03-30 20:07:54 DEBUG shifting data grid to leftmost longitude in map -22..
2025-03-30 20:07:54 DEBUG converting image to indexed palette.
2025-03-30 20:07:54 DEBUG saving figure as non-transparent PNG.
2025-03-30 20:07:54 DEBUG returning figure..
2025-03-30 20:07:54 DEBUG Finished plotting (required time 0:00:00.338535; total time 0:00:00.339758).

2025-03-30 20:07:55 DEBUG No user settings found, using default settings
2025-03-30 20:07:55 INFO Files identified for domain 'EUR_LL015': ['20121017_12_ecmwf_forecast.ALTITUDE_LEVELS.EUR_LL015.036.al.nc', '20121017_12_ecmwf_forecast.CC.EUR_LL015.036.ml.nc', '20121017_12_ecmwf_forecast.CIWC.EUR_LL015.036.ml.nc', '20121017_12_ecmwf_forecast.CLWC.EUR_LL015.036.ml.nc', '20121017_12_ecmwf_forecast.DIV.EUR_LL015.036.ml.nc', '20121017_12_ecmwf_forecast.EMAC.EUR_LL015.036.ml.nc', '20121017_12_ecmwf_forecast.GPH.EUR_LL015.036.ml.nc', '20121017_12_ecmwf_forecast.O3.EUR_LL015.036.ml.nc', '20121017_12_ecmwf_forecast.PRESSURE_LEVELS.EUR_LL015.036.pl.nc', '20121017_12_ecmwf_forecast.PVU.EUR_LL015.036.pv.nc', '20121017_12_ecmwf_forecast.PV_derived.EUR_LL015.036.ml.nc', '20121017_12_ecmwf_forecast.P_derived.EUR_LL015.036.ml.nc', '20121017_12_ecmwf_forecast.ProbWCB_LAGRANTO_derived.EUR_LL015.036.ml.nc', '20121017_12_ecmwf_forecast.ProbWCB_LAGRANTO_derived.EUR_LL015.036.sfc.nc', '20121017_12_ecmwf_forecast.Q.EUR_LL015.036.ml.nc', '20121017_12_ecmwf_forecast.SEA.EUR_LL015.036.sfc.nc', '20121017_12_ecmwf_forecast.SFC.EUR_LL015.036.sfc.nc', '20121017_12_ecmwf_forecast.T.EUR_LL015.036.ml.nc', '20121017_12_ecmwf_forecast.THETA.EUR_LL015.036.ml.nc', '20121017_12_ecmwf_forecast.THETA_LEVELS.EUR_LL015.036.tl.nc', '20121017_12_ecmwf_forecast.U.EUR_LL015.036.ml.nc', '20121017_12_ecmwf_forecast.V.EUR_LL015.036.ml.nc', '20121017_12_ecmwf_forecast.W.EUR_LL015.036.ml.nc']
2025-03-30 20:07:55 INFO Opening candidate '20121017_12_ecmwf_forecast.ALTITUDE_LEVELS.EUR_LL015.036.al.nc'
2025-03-30 20:07:55 INFO File '20121017_12_ecmwf_forecast.ALTITUDE_LEVELS.EUR_LL015.036.al.nc' identified as 'al' type
2025-03-30 20:07:55 INFO Found init time '2012-10-17 12:00:00', 7 valid_times and 3 standard_names
2025-03-30 20:07:55 DEBUG valid_times='[cftime.DatetimeGregorian(2012, 10, 17, 12, 0, 0, 0, has_year_zero=False)
 cftime.DatetimeGregorian(2012, 10, 17, 18, 0, 0, 0, has_year_zero=False)
 cftime.DatetimeGregorian(2012, 10, 18, 0, 0, 0, 0, has_year_zero=False)
 cftime.DatetimeGregorian(2012, 10, 18, 6, 0, 0, 0, has_year_zero=False)
 cftime.DatetimeGregorian(2012, 10, 18, 12, 0, 0, 0, has_year_zero=False)
 cftime.DatetimeGregorian(2012, 10, 18, 18, 0, 0, 0, has_year_zero=False)
 cftime.DatetimeGregorian(2012, 10, 19, 0, 0, 0, 0, has_year_zero=False)]' standard_names='['air_pressure', 'ertel_potential_vorticity', 'mole_fraction_of_ozone_in_air']'
2025-03-30 20:07:55 INFO Opening candidate '20121017_12_ecmwf_forecast.CC.EUR_LL015.036.ml.nc'
2025-03-30 20:07:55 INFO File '20121017_12_ecmwf_forecast.CC.EUR_LL015.036.ml.nc' identified as 'ml' type
2025-03-30 20:07:55 INFO Found init time '2012-10-17 12:00:00', 7 valid_times and 1 standard_names
2025-03-30 20:07:55 DEBUG valid_times='[cftime.DatetimeGregorian(2012, 10, 17, 12, 0, 0, 0, has_year_zero=False)
 cftime.DatetimeGregorian(2012, 10, 17, 18, 0, 0, 0, has_year_zero=False)
 cftime.DatetimeGregorian(2012, 10, 18, 0, 0, 0, 0, has_year_zero=False)
 cftime.DatetimeGregorian(2012, 10, 18, 6, 0, 0, 0, has_year_zero=False)
 cftime.DatetimeGregorian(2012, 10, 18, 12, 0, 0, 0, has_year_zero=False)
 cftime.DatetimeGregorian(2012, 10, 18, 18, 0, 0, 0, has_year_zero=False)
 cftime.DatetimeGregorian(2012, 10, 19, 0, 0, 0, 0, has_year_zero=False)]' standard_names='['cloud_area_fraction_in_atmosphere_layer']'
2025-03-30 20:07:55 INFO Opening candidate '20121017_12_ecmwf_forecast.CIWC.EUR_LL015.036.ml.nc'
2025-03-30 20:07:55 INFO File '20121017_12_ecmwf_forecast.CIWC.EUR_LL015.036.ml.nc' identified as 'ml' type
2025-03-30 20:07:55 INFO Found init time '2012-10-17 12:00:00', 7 valid_times and 1 standard_names
2025-03-30 20:07:55 DEBUG valid_times='[cftime.DatetimeGregorian(2012, 10, 17, 12, 0, 0, 0, has_year_zero=False)
 cftime.DatetimeGregorian(2012, 10, 17, 18, 0, 0, 0, has_year_zero=False)
 cftime.DatetimeGregorian(2012, 10, 18, 0, 0, 0, 0, has_year_zero=False)
 cftime.DatetimeGregorian(2012, 10, 18, 6, 0, 0, 0, has_year_zero=False)
 cftime.DatetimeGregorian(2012, 10, 18, 12, 0, 0, 0, has_year_zero=False)
 cftime.DatetimeGregorian(2012, 10, 18, 18, 0, 0, 0, has_year_zero=False)
 cftime.DatetimeGregorian(2012, 10, 19, 0, 0, 0, 0, has_year_zero=False)]' standard_names='['specific_cloud_ice_water_content']'
2025-03-30 20:07:55 INFO Opening candidate '20121017_12_ecmwf_forecast.CLWC.EUR_LL015.036.ml.nc'
2025-03-30 20:07:55 INFO File '20121017_12_ecmwf_forecast.CLWC.EUR_LL015.036.ml.nc' identified as 'ml' type
2025-03-30 20:07:55 INFO Found init time '2012-10-17 12:00:00', 7 valid_times and 1 standard_names
2025-03-30 20:07:55 DEBUG valid_times='[cftime.DatetimeGregorian(2012, 10, 17, 12, 0, 0, 0, has_year_zero=False)
 cftime.DatetimeGregorian(2012, 10, 17, 18, 0, 0, 0, has_year_zero=False)
 cftime.DatetimeGregorian(2012, 10, 18, 0, 0, 0, 0, has_year_zero=False)
 cftime.DatetimeGregorian(2012, 10, 18, 6, 0, 0, 0, has_year_zero=False)
 cftime.DatetimeGregorian(2012, 10, 18, 12, 0, 0, 0, has_year_zero=False)
 cftime.DatetimeGregorian(2012, 10, 18, 18, 0, 0, 0, has_year_zero=False)
 cftime.DatetimeGregorian(2012, 10, 19, 0, 0, 0, 0, has_year_zero=False)]' standard_names='['specific_cloud_liquid_water_content']'
2025-03-30 20:07:55 INFO Opening candidate '20121017_12_ecmwf_forecast.DIV.EUR_LL015.036.ml.nc'
2025-03-30 20:07:55 INFO File '20121017_12_ecmwf_forecast.DIV.EUR_LL015.036.ml.nc' identified as 'ml' type
2025-03-30 20:07:55 INFO Found init time '2012-10-17 12:00:00', 7 valid_times and 1 standard_names
2025-03-30 20:07:55 DEBUG valid_times='[cftime.DatetimeGregorian(2012, 10, 17, 12, 0, 0, 0, has_year_zero=False)
 cftime.DatetimeGregorian(2012, 10, 17, 18, 0, 0, 0, has_year_zero=False)
 cftime.DatetimeGregorian(2012, 10, 18, 0, 0, 0, 0, has_year_zero=False)
 cftime.DatetimeGregorian(2012, 10, 18, 6, 0, 0, 0, has_year_zero=False)
 cftime.DatetimeGregorian(2012, 10, 18, 12, 0, 0, 0, has_year_zero=False)
 cftime.DatetimeGregorian(2012, 10, 18, 18, 0, 0, 0, has_year_zero=False)
 cftime.DatetimeGregorian(2012, 10, 19, 0, 0, 0, 0, has_year_zero=False)]' standard_names='['divergence_of_wind']'
2025-03-30 20:07:55 INFO Opening candidate '20121017_12_ecmwf_forecast.EMAC.EUR_LL015.036.ml.nc'
2025-03-30 20:07:55 INFO File '20121017_12_ecmwf_forecast.EMAC.EUR_LL015.036.ml.nc' identified as 'ml' type
2025-03-30 20:07:55 INFO Found init time '2012-10-17 12:00:00', 7 valid_times and 1 standard_names
2025-03-30 20:07:55 DEBUG valid_times='[cftime.DatetimeGregorian(2012, 10, 17, 12, 0, 0, 0, has_year_zero=False)
 cftime.DatetimeGregorian(2012, 10, 17, 18, 0, 0, 0, has_year_zero=False)
 cftime.DatetimeGregorian(2012, 10, 18, 0, 0, 0, 0, has_year_zero=False)
 cftime.DatetimeGregorian(2012, 10, 18, 6, 0, 0, 0, has_year_zero=False)
 cftime.DatetimeGregorian(2012, 10, 18, 12, 0, 0, 0, has_year_zero=False)
 cftime.DatetimeGregorian(2012, 10, 18, 18, 0, 0, 0, has_year_zero=False)
 cftime.DatetimeGregorian(2012, 10, 19, 0, 0, 0, 0, has_year_zero=False)]' standard_names='['emac_R12']'
2025-03-30 20:07:55 INFO Opening candidate '20121017_12_ecmwf_forecast.GPH.EUR_LL015.036.ml.nc'
2025-03-30 20:07:55 INFO File '20121017_12_ecmwf_forecast.GPH.EUR_LL015.036.ml.nc' identified as 'ml' type
2025-03-30 20:07:55 INFO Found init time '2012-10-17 12:00:00', 7 valid_times and 1 standard_names
2025-03-30 20:07:55 DEBUG valid_times='[cftime.DatetimeGregorian(2012, 10, 17, 12, 0, 0, 0, has_year_zero=False)
 cftime.DatetimeGregorian(2012, 10, 17, 18, 0, 0, 0, has_year_zero=False)
 cftime.DatetimeGregorian(2012, 10, 18, 0, 0, 0, 0, has_year_zero=False)
 cftime.DatetimeGregorian(2012, 10, 18, 6, 0, 0, 0, has_year_zero=False)
 cftime.DatetimeGregorian(2012, 10, 18, 12, 0, 0, 0, has_year_zero=False)
 cftime.DatetimeGregorian(2012, 10, 18, 18, 0, 0, 0, has_year_zero=False)
 cftime.DatetimeGregorian(2012, 10, 19, 0, 0, 0, 0, has_year_zero=False)]' standard_names='['geopotential_height']'
2025-03-30 20:07:55 INFO Opening candidate '20121017_12_ecmwf_forecast.O3.EUR_LL015.036.ml.nc'
2025-03-30 20:07:55 INFO File '20121017_12_ecmwf_forecast.O3.EUR_LL015.036.ml.nc' identified as 'ml' type
2025-03-30 20:07:55 INFO Found init time '2012-10-17 12:00:00', 7 valid_times and 1 standard_names
2025-03-30 20:07:55 DEBUG valid_times='[cftime.DatetimeGregorian(2012, 10, 17, 12, 0, 0, 0, has_year_zero=False)
 cftime.DatetimeGregorian(2012, 10, 17, 18, 0, 0, 0, has_year_zero=False)
 cftime.DatetimeGregorian(2012, 10, 18, 0, 0, 0, 0, has_year_zero=False)
 cftime.DatetimeGregorian(2012, 10, 18, 6, 0, 0, 0, has_year_zero=False)
 cftime.DatetimeGregorian(2012, 10, 18, 12, 0, 0, 0, has_year_zero=False)
 cftime.DatetimeGregorian(2012, 10, 18, 18, 0, 0, 0, has_year_zero=False)
 cftime.DatetimeGregorian(2012, 10, 19, 0, 0, 0, 0, has_year_zero=False)]' standard_names='['mole_fraction_of_ozone_in_air']'
2025-03-30 20:07:55 INFO Opening candidate '20121017_12_ecmwf_forecast.PRESSURE_LEVELS.EUR_LL015.036.pl.nc'
2025-03-30 20:07:55 INFO File '20121017_12_ecmwf_forecast.PRESSURE_LEVELS.EUR_LL015.036.pl.nc' identified as 'pl' type
2025-03-30 20:07:55 INFO Found init time '2012-10-17 12:00:00', 7 valid_times and 16 standard_names
2025-03-30 20:07:55 DEBUG valid_times='[cftime.DatetimeGregorian(2012, 10, 17, 12, 0, 0, 0, has_year_zero=False)
 cftime.DatetimeGregorian(2012, 10, 17, 18, 0, 0, 0, has_year_zero=False)
 cftime.DatetimeGregorian(2012, 10, 18, 0, 0, 0, 0, has_year_zero=False)
 cftime.DatetimeGregorian(2012, 10, 18, 6, 0, 0, 0, has_year_zero=False)
 cftime.DatetimeGregorian(2012, 10, 18, 12, 0, 0, 0, has_year_zero=False)
 cftime.DatetimeGregorian(2012, 10, 18, 18, 0, 0, 0, has_year_zero=False)
 cftime.DatetimeGregorian(2012, 10, 19, 0, 0, 0, 0, has_year_zero=False)]' standard_names='['air_potential_temperature', 'air_pressure', 'air_temperature', 'eastward_wind', 'ertel_potential_vorticity', 'geopotential_height', 'northward_wind', 'specific_humidity', 'lagrangian_tendency_of_air_pressure', 'divergence_of_wind', 'mass_fraction_of_ozone_in_air', 'mole_fraction_of_ozone_in_air', 'equivalent_latitude', 'number_of_wcb_trajectories', 'number_of_insitu_trajectories', 'number_of_mix_trajectories']'
2025-03-30 20:07:55 INFO Opening candidate '20121017_12_ecmwf_forecast.PVU.EUR_LL015.036.pv.nc'
2025-03-30 20:07:55 INFO File '20121017_12_ecmwf_forecast.PVU.EUR_LL015.036.pv.nc' identified as 'pv' type
2025-03-30 20:07:55 INFO Found init time '2012-10-17 12:00:00', 7 valid_times and 3 standard_names
2025-03-30 20:07:55 DEBUG valid_times='[cftime.DatetimeGregorian(2012, 10, 17, 12, 0, 0, 0, has_year_zero=False)
 cftime.DatetimeGregorian(2012, 10, 17, 18, 0, 0, 0, has_year_zero=False)
 cftime.DatetimeGregorian(2012, 10, 18, 0, 0, 0, 0, has_year_zero=False)
 cftime.DatetimeGregorian(2012, 10, 18, 6, 0, 0, 0, has_year_zero=False)
 cftime.DatetimeGregorian(2012, 10, 18, 12, 0, 0, 0, has_year_zero=False)
 cftime.DatetimeGregorian(2012, 10, 18, 18, 0, 0, 0, has_year_zero=False)
 cftime.DatetimeGregorian(2012, 10, 19, 0, 0, 0, 0, has_year_zero=False)]' standard_names='['air_potential_temperature', 'geopotential_height', 'air_pressure']'
2025-03-30 20:07:55 INFO Opening candidate '20121017_12_ecmwf_forecast.PV_derived.EUR_LL015.036.ml.nc'
2025-03-30 20:07:55 INFO File '20121017_12_ecmwf_forecast.PV_derived.EUR_LL015.036.ml.nc' identified as 'ml' type
2025-03-30 20:07:55 INFO Found init time '2012-10-17 12:00:00', 7 valid_times and 1 standard_names
2025-03-30 20:07:55 DEBUG valid_times='[cftime.DatetimeGregorian(2012, 10, 17, 12, 0, 0, 0, has_year_zero=False)
 cftime.DatetimeGregorian(2012, 10, 17, 18, 0, 0, 0, has_year_zero=False)
 cftime.DatetimeGregorian(2012, 10, 18, 0, 0, 0, 0, has_year_zero=False)
 cftime.DatetimeGregorian(2012, 10, 18, 6, 0, 0, 0, has_year_zero=False)
 cftime.DatetimeGregorian(2012, 10, 18, 12, 0, 0, 0, has_year_zero=False)
 cftime.DatetimeGregorian(2012, 10, 18, 18, 0, 0, 0, has_year_zero=False)
 cftime.DatetimeGregorian(2012, 10, 19, 0, 0, 0, 0, has_year_zero=False)]' standard_names='['ertel_potential_vorticity']'
2025-03-30 20:07:55 INFO Opening candidate '20121017_12_ecmwf_forecast.P_derived.EUR_LL015.036.ml.nc'
2025-03-30 20:07:55 INFO File '20121017_12_ecmwf_forecast.P_derived.EUR_LL015.036.ml.nc' identified as 'ml' type
2025-03-30 20:07:55 INFO Found init time '2012-10-17 12:00:00', 7 valid_times and 1 standard_names
2025-03-30 20:07:55 DEBUG valid_times='[cftime.DatetimeGregorian(2012, 10, 17, 12, 0, 0, 0, has_year_zero=False)
 cftime.DatetimeGregorian(2012, 10, 17, 18, 0, 0, 0, has_year_zero=False)
 cftime.DatetimeGregorian(2012, 10, 18, 0, 0, 0, 0, has_year_zero=False)
 cftime.DatetimeGregorian(2012, 10, 18, 6, 0, 0, 0, has_year_zero=False)
 cftime.DatetimeGregorian(2012, 10, 18, 12, 0, 0, 0, has_year_zero=False)
 cftime.DatetimeGregorian(2012, 10, 18, 18, 0, 0, 0, has_year_zero=False)
 cftime.DatetimeGregorian(2012, 10, 19, 0, 0, 0, 0, has_year_zero=False)]' standard_names='['air_pressure']'
2025-03-30 20:07:55 INFO Opening candidate '20121017_12_ecmwf_forecast.ProbWCB_LAGRANTO_derived.EUR_LL015.036.ml.nc'
2025-03-30 20:07:55 INFO File '20121017_12_ecmwf_forecast.ProbWCB_LAGRANTO_derived.EUR_LL015.036.ml.nc' identified as 'ml' type
2025-03-30 20:07:55 INFO Found init time '2012-10-17 12:00:00', 7 valid_times and 1 standard_names
2025-03-30 20:07:55 DEBUG valid_times='[cftime.DatetimeGregorian(2012, 10, 17, 12, 0, 0, 0, has_year_zero=False)
 cftime.DatetimeGregorian(2012, 10, 17, 18, 0, 0, 0, has_year_zero=False)
 cftime.DatetimeGregorian(2012, 10, 18, 0, 0, 0, 0, has_year_zero=False)
 cftime.DatetimeGregorian(2012, 10, 18, 6, 0, 0, 0, has_year_zero=False)
 cftime.DatetimeGregorian(2012, 10, 18, 12, 0, 0, 0, has_year_zero=False)
 cftime.DatetimeGregorian(2012, 10, 18, 18, 0, 0, 0, has_year_zero=False)
 cftime.DatetimeGregorian(2012, 10, 19, 0, 0, 0, 0, has_year_zero=False)]' standard_names='['probability_of_wcb_occurrence']'
2025-03-30 20:07:55 INFO Opening candidate '20121017_12_ecmwf_forecast.ProbWCB_LAGRANTO_derived.EUR_LL015.036.sfc.nc'
2025-03-30 20:07:55 INFO File '20121017_12_ecmwf_forecast.ProbWCB_LAGRANTO_derived.EUR_LL015.036.sfc.nc' identified as 'sfc' type
2025-03-30 20:07:55 INFO Found init time '2012-10-17 12:00:00', 7 valid_times and 1 standard_names
2025-03-30 20:07:55 DEBUG valid_times='[cftime.DatetimeGregorian(2012, 10, 17, 12, 0, 0, 0, has_year_zero=False)
 cftime.DatetimeGregorian(2012, 10, 17, 18, 0, 0, 0, has_year_zero=False)
 cftime.DatetimeGregorian(2012, 10, 18, 0, 0, 0, 0, has_year_zero=False)
 cftime.DatetimeGregorian(2012, 10, 18, 6, 0, 0, 0, has_year_zero=False)
 cftime.DatetimeGregorian(2012, 10, 18, 12, 0, 0, 0, has_year_zero=False)
 cftime.DatetimeGregorian(2012, 10, 18, 18, 0, 0, 0, has_year_zero=False)
 cftime.DatetimeGregorian(2012, 10, 19, 0, 0, 0, 0, has_year_zero=False)]' standard_names='['vertically_integrated_probability_of_wcb_occurrence']'
2025-03-30 20:07:55 INFO Opening candidate '20121017_12_ecmwf_forecast.Q.EUR_LL015.036.ml.nc'
2025-03-30 20:07:55 INFO File '20121017_12_ecmwf_forecast.Q.EUR_LL015.036.ml.nc' identified as 'ml' type
2025-03-30 20:07:55 INFO Found init time '2012-10-17 12:00:00', 7 valid_times and 1 standard_names
2025-03-30 20:07:55 DEBUG valid_times='[cftime.DatetimeGregorian(2012, 10, 17, 12, 0, 0, 0, has_year_zero=False)
 cftime.DatetimeGregorian(2012, 10, 17, 18, 0, 0, 0, has_year_zero=False)
 cftime.DatetimeGregorian(2012, 10, 18, 0, 0, 0, 0, has_year_zero=False)
 cftime.DatetimeGregorian(2012, 10, 18, 6, 0, 0, 0, has_year_zero=False)
 cftime.DatetimeGregorian(2012, 10, 18, 12, 0, 0, 0, has_year_zero=False)
 cftime.DatetimeGregorian(2012, 10, 18, 18, 0, 0, 0, has_year_zero=False)
 cftime.DatetimeGregorian(2012, 10, 19, 0, 0, 0, 0, has_year_zero=False)]' standard_names='['specific_humidity']'
2025-03-30 20:07:55 INFO Opening candidate '20121017_12_ecmwf_forecast.SEA.EUR_LL015.036.sfc.nc'
2025-03-30 20:07:55 INFO File '20121017_12_ecmwf_forecast.SEA.EUR_LL015.036.sfc.nc' identified as 'sfc' type
2025-03-30 20:07:55 INFO Found init time '2012-10-17 12:00:00', 7 valid_times and 1 standard_names
2025-03-30 20:07:55 DEBUG valid_times='[cftime.DatetimeGregorian(2012, 10, 17, 12, 0, 0, 0, has_year_zero=False)
 cftime.DatetimeGregorian(2012, 10, 17, 18, 0, 0, 0, has_year_zero=False)
 cftime.DatetimeGregorian(2012, 10, 18, 0, 0, 0, 0, has_year_zero=False)
 cftime.DatetimeGregorian(2012, 10, 18, 6, 0, 0, 0, has_year_zero=False)
 cftime.DatetimeGregorian(2012, 10, 18, 12, 0, 0, 0, has_year_zero=False)
 cftime.DatetimeGregorian(2012, 10, 18, 18, 0, 0, 0, has_year_zero=False)
 cftime.DatetimeGregorian(2012, 10, 19, 0, 0, 0, 0, has_year_zero=False)]' standard_names='['solar_elevation_angle']'
2025-03-30 20:07:55 INFO Opening candidate '20121017_12_ecmwf_forecast.SFC.EUR_LL015.036.sfc.nc'
2025-03-30 20:07:55 INFO File '20121017_12_ecmwf_forecast.SFC.EUR_LL015.036.sfc.nc' identified as 'sfc' type
2025-03-30 20:07:55 INFO Found init time '2012-10-17 12:00:00', 7 valid_times and 15 standard_names
2025-03-30 20:07:55 DEBUG valid_times='[cftime.DatetimeGregorian(2012, 10, 17, 12, 0, 0, 0, has_year_zero=False)
 cftime.DatetimeGregorian(2012, 10, 17, 18, 0, 0, 0, has_year_zero=False)
 cftime.DatetimeGregorian(2012, 10, 18, 0, 0, 0, 0, has_year_zero=False)
 cftime.DatetimeGregorian(2012, 10, 18, 6, 0, 0, 0, has_year_zero=False)
 cftime.DatetimeGregorian(2012, 10, 18, 12, 0, 0, 0, has_year_zero=False)
 cftime.DatetimeGregorian(2012, 10, 18, 18, 0, 0, 0, has_year_zero=False)
 cftime.DatetimeGregorian(2012, 10, 19, 0, 0, 0, 0, has_year_zero=False)]' standard_names='['surface_geopotential', 'air_pressure_at_sea_level', 'total_cloud_cover', 'land_binary_mask', 'low_cloud_area_fraction', 'medium_cloud_area_fraction', 'high_cloud_area_fraction', 'surface_eastward_wind', 'surface_northward_wind', 'sea_ice_area_fraction', 'msg_brightness_temperature_108', 'atmosphere_boundary_layer_thickness', 'emac_column_density', 'tropopause_altitude', 'secondary_tropopause_altitude']'
2025-03-30 20:07:55 INFO Opening candidate '20121017_12_ecmwf_forecast.T.EUR_LL015.036.ml.nc'
2025-03-30 20:07:55 INFO File '20121017_12_ecmwf_forecast.T.EUR_LL015.036.ml.nc' identified as 'ml' type
2025-03-30 20:07:55 INFO Found init time '2012-10-17 12:00:00', 7 valid_times and 1 standard_names
2025-03-30 20:07:55 DEBUG valid_times='[cftime.DatetimeGregorian(2012, 10, 17, 12, 0, 0, 0, has_year_zero=False)
 cftime.DatetimeGregorian(2012, 10, 17, 18, 0, 0, 0, has_year_zero=False)
 cftime.DatetimeGregorian(2012, 10, 18, 0, 0, 0, 0, has_year_zero=False)
 cftime.DatetimeGregorian(2012, 10, 18, 6, 0, 0, 0, has_year_zero=False)
 cftime.DatetimeGregorian(2012, 10, 18, 12, 0, 0, 0, has_year_zero=False)
 cftime.DatetimeGregorian(2012, 10, 18, 18, 0, 0, 0, has_year_zero=False)
 cftime.DatetimeGregorian(2012, 10, 19, 0, 0, 0, 0, has_year_zero=False)]' standard_names='['air_temperature']'
2025-03-30 20:07:55 INFO Opening candidate '20121017_12_ecmwf_forecast.THETA.EUR_LL015.036.ml.nc'
2025-03-30 20:07:55 INFO File '20121017_12_ecmwf_forecast.THETA.EUR_LL015.036.ml.nc' identified as 'ml' type
2025-03-30 20:07:55 INFO Found init time '2012-10-17 12:00:00', 7 valid_times and 1 standard_names
2025-03-30 20:07:55 DEBUG valid_times='[cftime.DatetimeGregorian(2012, 10, 17, 12, 0, 0, 0, has_year_zero=False)
 cftime.DatetimeGregorian(2012, 10, 17, 18, 0, 0, 0, has_year_zero=False)
 cftime.DatetimeGregorian(2012, 10, 18, 0, 0, 0, 0, has_year_zero=False)
 cftime.DatetimeGregorian(2012, 10, 18, 6, 0, 0, 0, has_year_zero=False)
 cftime.DatetimeGregorian(2012, 10, 18, 12, 0, 0, 0, has_year_zero=False)
 cftime.DatetimeGregorian(2012, 10, 18, 18, 0, 0, 0, has_year_zero=False)
 cftime.DatetimeGregorian(2012, 10, 19, 0, 0, 0, 0, has_year_zero=False)]' standard_names='['air_potential_temperature']'
2025-03-30 20:07:55 INFO Opening candidate '20121017_12_ecmwf_forecast.THETA_LEVELS.EUR_LL015.036.tl.nc'
2025-03-30 20:07:55 INFO File '20121017_12_ecmwf_forecast.THETA_LEVELS.EUR_LL015.036.tl.nc' identified as 'tl' type
2025-03-30 20:07:55 INFO Found init time '2012-10-17 12:00:00', 7 valid_times and 3 standard_names
2025-03-30 20:07:55 DEBUG valid_times='[cftime.DatetimeGregorian(2012, 10, 17, 12, 0, 0, 0, has_year_zero=False)
 cftime.DatetimeGregorian(2012, 10, 17, 18, 0, 0, 0, has_year_zero=False)
 cftime.DatetimeGregorian(2012, 10, 18, 0, 0, 0, 0, has_year_zero=False)
 cftime.DatetimeGregorian(2012, 10, 18, 6, 0, 0, 0, has_year_zero=False)
 cftime.DatetimeGregorian(2012, 10, 18, 12, 0, 0, 0, has_year_zero=False)
 cftime.DatetimeGregorian(2012, 10, 18, 18, 0, 0, 0, has_year_zero=False)
 cftime.DatetimeGregorian(2012, 10, 19, 0, 0, 0, 0, has_year_zero=False)]' standard_names='['air_pressure', 'ertel_potential_vorticity', 'mole_fraction_of_ozone_in_air']'
2025-03-30 20:07:55 INFO Opening candidate '20121017_12_ecmwf_forecast.U.EUR_LL015.036.ml.nc'
2025-03-30 20:07:55 INFO File '20121017_12_ecmwf_forecast.U.EUR_LL015.036.ml.nc' identified as 'ml' type
2025-03-30 20:07:55 INFO Found init time '2012-10-17 12:00:00', 7 valid_times and 1 standard_names
2025-03-30 20:07:55 DEBUG valid_times='[cftime.DatetimeGregorian(2012, 10, 17, 12, 0, 0, 0, has_year_zero=False)
 cftime.DatetimeGregorian(2012, 10, 17, 18, 0, 0, 0, has_year_zero=False)
 cftime.DatetimeGregorian(2012, 10, 18, 0, 0, 0, 0, has_year_zero=False)
 cftime.DatetimeGregorian(2012, 10, 18, 6, 0, 0, 0, has_year_zero=False)
 cftime.DatetimeGregorian(2012, 10, 18, 12, 0, 0, 0, has_year_zero=False)
 cftime.DatetimeGregorian(2012, 10, 18, 18, 0, 0, 0, has_year_zero=False)
 cftime.DatetimeGregorian(2012, 10, 19, 0, 0, 0, 0, has_year_zero=False)]' standard_names='['eastward_wind']'
2025-03-30 20:07:55 INFO Opening candidate '20121017_12_ecmwf_forecast.V.EUR_LL015.036.ml.nc'
2025-03-30 20:07:55 INFO File '20121017_12_ecmwf_forecast.V.EUR_LL015.036.ml.nc' identified as 'ml' type
2025-03-30 20:07:55 INFO Found init time '2012-10-17 12:00:00', 7 valid_times and 1 standard_names
2025-03-30 20:07:55 DEBUG valid_times='[cftime.DatetimeGregorian(2012, 10, 17, 12, 0, 0, 0, has_year_zero=False)
 cftime.DatetimeGregorian(2012, 10, 17, 18, 0, 0, 0, has_year_zero=False)
 cftime.DatetimeGregorian(2012, 10, 18, 0, 0, 0, 0, has_year_zero=False)
 cftime.DatetimeGregorian(2012, 10, 18, 6, 0, 0, 0, has_year_zero=False)
 cftime.DatetimeGregorian(2012, 10, 18, 12, 0, 0, 0, has_year_zero=False)
 cftime.DatetimeGregorian(2012, 10, 18, 18, 0, 0, 0, has_year_zero=False)
 cftime.DatetimeGregorian(2012, 10, 19, 0, 0, 0, 0, has_year_zero=False)]' standard_names='['northward_wind']'
2025-03-30 20:07:55 INFO Opening candidate '20121017_12_ecmwf_forecast.W.EUR_LL015.036.ml.nc'
2025-03-30 20:07:55 INFO File '20121017_12_ecmwf_forecast.W.EUR_LL015.036.ml.nc' identified as 'ml' type
2025-03-30 20:07:55 INFO Found init time '2012-10-17 12:00:00', 7 valid_times and 1 standard_names
2025-03-30 20:07:55 DEBUG valid_times='[cftime.DatetimeGregorian(2012, 10, 17, 12, 0, 0, 0, has_year_zero=False)
 cftime.DatetimeGregorian(2012, 10, 17, 18, 0, 0, 0, has_year_zero=False)
 cftime.DatetimeGregorian(2012, 10, 18, 0, 0, 0, 0, has_year_zero=False)
 cftime.DatetimeGregorian(2012, 10, 18, 6, 0, 0, 0, has_year_zero=False)
 cftime.DatetimeGregorian(2012, 10, 18, 12, 0, 0, 0, has_year_zero=False)
 cftime.DatetimeGregorian(2012, 10, 18, 18, 0, 0, 0, has_year_zero=False)
 cftime.DatetimeGregorian(2012, 10, 19, 0, 0, 0, 0, has_year_zero=False)]' standard_names='['lagrangian_tendency_of_air_pressure']'
2025-03-30 20:07:55 DEBUG using plot object 'MLTemp01'
2025-03-30 20:07:55 DEBUG 	figure size (800, 600) in pixels
2025-03-30 20:07:55 DEBUG 	requested initialisation time 2012-10-17 12:00:00
2025-03-30 20:07:55 DEBUG 	requested forecast valid time 2012-10-17 12:00:00
2025-03-30 20:07:55 DEBUG 	variable 'air_temperature' requires input file '20121017_12_ecmwf_forecast.T.EUR_LL015.036.ml.nc'
2025-03-30 20:07:55 DEBUG opening datasets.
2025-03-30 20:07:55 DEBUG 	identified variable <air_temperature> for field <air_temperature>
2025-03-30 20:07:55 DEBUG loading data for time step 0 (2012-10-17 12:00:00), level index 10 (level 10.0)
2025-03-30 20:07:55 DEBUG 	Loaded 0.02 Mbytes from data field <air_temperature>.
2025-03-30 20:07:55 DEBUG Loaded data (required time 0:00:00.001060).
2025-03-30 20:07:55 DEBUG Plotting horizontal section.
2025-03-30 20:07:55 DEBUG Identified CRS 'epsg:4326' as '{'basemap': {'epsg': '4326'}, 'bbox': 'degree'}'
2025-03-30 20:07:55 DEBUG Identified CRS 'epsg:4326' as '{'basemap': {'epsg': '4326'}, 'bbox': 'degree'}'
2025-03-30 20:07:55 DEBUG plotting data..
2025-03-30 20:07:55 DEBUG preparing additional data fields..
2025-03-30 20:07:55 DEBUG creating figure..
2025-03-30 20:07:55 DEBUG 	with frame and legends
2025-03-30 20:07:55 DEBUG Loaded '({'epsg': '4326'}, [-22.5, 27.5, 55, 62.5], 'degree')' from basemap cache
2025-03-30 20:07:55 DEBUG shifting data grid to leftmost longitude in map -22..
2025-03-30 20:07:55 DEBUG converting image to indexed palette.
2025-03-30 20:07:55 DEBUG saving figure as non-transparent PNG.
2025-03-30 20:07:55 DEBUG returning figure..
2025-03-30 20:07:55 DEBUG Finished plotting (required time 0:00:00.425208; total time 0:00:00.426268).

2025-03-30 20:07:55 DEBUG using plot object 'MLTemp01'
2025-03-30 20:07:55 DEBUG 	figure size (800, 600) in pixels
2025-03-30 20:07:55 DEBUG 	requested initialisation time 2012-10-17 12:00:00
2025-03-30 20:07:55 DEBUG 	requested forecast valid time 2012-10-17 12:00:00
2025-03-30 20:07:55 DEBUG 	variable 'air_temperature' requires input file '20121017_12_ecmwf_forecast.T.EUR_LL015.036.ml.nc'
2025-03-30 20:07:55 DEBUG opening datasets.
2025-03-30 20:07:55 DEBUG 	identified variable <air_temperature> for field <air_temperature>
2025-03-30 20:07:55 DEBUG loading data for time step 0 (2012-10-17 12:00:00), level index 10 (level 10.0)
2025-03-30 20:07:55 DEBUG 	Loaded 0.02 Mbytes from data field <air_temperature>.
2025-03-30 20:07:55 DEBUG Loaded data (required time 0:00:00.001349).
2025-03-30 20:07:55 DEBUG Plotting horizontal section.
2025-03-30 20:07:55 DEBUG Identified CRS 'epsg:4326' as '{'basemap': {'epsg': '4326'}, 'bbox': 'degree'}'
2025-03-30 20:07:55 DEBUG Identified CRS 'epsg:4326' as '{'basemap': {'epsg': '4326'}, 'bbox': 'degree'}'
2025-03-30 20:07:55 DEBUG plotting data..
2025-03-30 20:07:55 DEBUG preparing additional data fields..
2025-03-30 20:07:55 DEBUG creating figure..
2025-03-30 20:07:55 DEBUG 	without frame
2025-03-30 20:07:55 DEBUG Loaded '({'epsg': '4326'}, [-22.5, 27.5, 55, 62.5], 'degree')' from basemap cache
2025-03-30 20:07:55 DEBUG shifting data grid to leftmost longitude in map -22..
2025-03-30 20:07:56 DEBUG converting image to indexed palette.
2025-03-30 20:07:56 DEBUG saving figure as non-transparent PNG.
2025-03-30 20:07:56 DEBUG returning figure..
2025-03-30 20:07:56 DEBUG Finished plotting (required time 0:00:00.419547; total time 0:00:00.420896).

2025-03-30 20:07:56 DEBUG No user settings found, using default settings
2025-03-30 20:07:56 INFO Files identified for domain 'EUR_LL015': ['20121017_12_ecmwf_forecast.ALTITUDE_LEVELS.EUR_LL015.036.al.nc', '20121017_12_ecmwf_forecast.CC.EUR_LL015.036.ml.nc', '20121017_12_ecmwf_forecast.CIWC.EUR_LL015.036.ml.nc', '20121017_12_ecmwf_forecast.CLWC.EUR_LL015.036.ml.nc', '20121017_12_ecmwf_forecast.DIV.EUR_LL015.036.ml.nc', '20121017_12_ecmwf_forecast.EMAC.EUR_LL015.036.ml.nc', '20121017_12_ecmwf_forecast.GPH.EUR_LL015.036.ml.nc', '20121017_12_ecmwf_forecast.O3.EUR_LL015.036.ml.nc', '20121017_12_ecmwf_forecast.PRESSURE_LEVELS.EUR_LL015.036.pl.nc', '20121017_12_ecmwf_forecast.PVU.EUR_LL015.036.pv.nc', '20121017_12_ecmwf_forecast.PV_derived.EUR_LL015.036.ml.nc', '20121017_12_ecmwf_forecast.P_derived.EUR_LL015.036.ml.nc', '20121017_12_ecmwf_forecast.ProbWCB_LAGRANTO_derived.EUR_LL015.036.ml.nc', '20121017_12_ecmwf_forecast.ProbWCB_LAGRANTO_derived.EUR_LL015.036.sfc.nc', '20121017_12_ecmwf_forecast.Q.EUR_LL015.036.ml.nc', '20121017_12_ecmwf_forecast.SEA.EUR_LL015.036.sfc.nc', '20121017_12_ecmwf_forecast.SFC.EUR_LL015.036.sfc.nc', '20121017_12_ecmwf_forecast.T.EUR_LL015.036.ml.nc', '20121017_12_ecmwf_forecast.THETA.EUR_LL015.036.ml.nc', '20121017_12_ecmwf_forecast.THETA_LEVELS.EUR_LL015.036.tl.nc', '20121017_12_ecmwf_forecast.U.EUR_LL015.036.ml.nc', '20121017_12_ecmwf_forecast.V.EUR_LL015.036.ml.nc', '20121017_12_ecmwf_forecast.W.EUR_LL015.036.ml.nc']
2025-03-30 20:07:56 INFO Opening candidate '20121017_12_ecmwf_forecast.ALTITUDE_LEVELS.EUR_LL015.036.al.nc'
2025-03-30 20:07:56 INFO File '20121017_12_ecmwf_forecast.ALTITUDE_LEVELS.EUR_LL015.036.al.nc' identified as 'al' type
2025-03-30 20:07:56 INFO Found init time '2012-10-17 12:00:00', 7 valid_times and 3 standard_names
2025-03-30 20:07:56 DEBUG valid_times='[cftime.DatetimeGregorian(2012, 10, 17, 12, 0, 0, 0, has_year_zero=False)
 cftime.DatetimeGregorian(2012, 10, 17, 18, 0, 0, 0, has_year_zero=False)
 cftime.DatetimeGregorian(2012, 10, 18, 0, 0, 0, 0, has_year_zero=False)
 cftime.DatetimeGregorian(2012, 10, 18, 6, 0, 0, 0, has_year_zero=False)
 cftime.DatetimeGregorian(2012, 10, 18, 12, 0, 0, 0, has_year_zero=False)
 cftime.DatetimeGregorian(2012, 10, 18, 18, 0, 0, 0, has_year_zero=False)
 cftime.DatetimeGregorian(2012, 10, 19, 0, 0, 0, 0, has_year_zero=False)]' standard_names='['air_pressure', 'ertel_potential_vorticity', 'mole_fraction_of_ozone_in_air']'
2025-03-30 20:07:56 INFO Opening candidate '20121017_12_ecmwf_forecast.CC.EUR_LL015.036.ml.nc'
2025-03-30 20:07:56 INFO File '20121017_12_ecmwf_forecast.CC.EUR_LL015.036.ml.nc' identified as 'ml' type
2025-03-30 20:07:56 INFO Found init time '2012-10-17 12:00:00', 7 valid_times and 1 standard_names
2025-03-30 20:07:56 DEBUG valid_times='[cftime.DatetimeGregorian(2012, 10, 17, 12, 0, 0, 0, has_year_zero=False)
 cftime.DatetimeGregorian(2012, 10, 17, 18, 0, 0, 0, has_year_zero=False)
 cftime.DatetimeGregorian(2012, 10, 18, 0, 0, 0, 0, has_year_zero=False)
 cftime.DatetimeGregorian(2012, 10, 18, 6, 0, 0, 0, has_year_zero=False)
 cftime.DatetimeGregorian(2012, 10, 18, 12, 0, 0, 0, has_year_zero=False)
 cftime.DatetimeGregorian(2012, 10, 18, 18, 0, 0, 0, has_year_zero=False)
 cftime.DatetimeGregorian(2012, 10, 19, 0, 0, 0, 0, has_year_zero=False)]' standard_names='['cloud_area_fraction_in_atmosphere_layer']'
2025-03-30 20:07:56 INFO Opening candidate '20121017_12_ecmwf_forecast.CIWC.EUR_LL015.036.ml.nc'
2025-03-30 20:07:56 INFO File '20121017_12_ecmwf_forecast.CIWC.EUR_LL015.036.ml.nc' identified as 'ml' type
2025-03-30 20:07:56 INFO Found init time '2012-10-17 12:00:00', 7 valid_times and 1 standard_names
2025-03-30 20:07:56 DEBUG valid_times='[cftime.DatetimeGregorian(2012, 10, 17, 12, 0, 0, 0, has_year_zero=False)
 cftime.DatetimeGregorian(2012, 10, 17, 18, 0, 0, 0, has_year_zero=False)
 cftime.DatetimeGregorian(2012, 10, 18, 0, 0, 0, 0, has_year_zero=False)
 cftime.DatetimeGregorian(2012, 10, 18, 6, 0, 0, 0, has_year_zero=False)
 cftime.DatetimeGregorian(2012, 10, 18, 12, 0, 0, 0, has_year_zero=False)
 cftime.DatetimeGregorian(2012, 10, 18, 18, 0, 0, 0, has_year_zero=False)
 cftime.DatetimeGregorian(2012, 10, 19, 0, 0, 0, 0, has_year_zero=False)]' standard_names='['specific_cloud_ice_water_content']'
2025-03-30 20:07:56 INFO Opening candidate '20121017_12_ecmwf_forecast.CLWC.EUR_LL015.036.ml.nc'
2025-03-30 20:07:56 INFO File '20121017_12_ecmwf_forecast.CLWC.EUR_LL015.036.ml.nc' identified as 'ml' type
2025-03-30 20:07:56 INFO Found init time '2012-10-17 12:00:00', 7 valid_times and 1 standard_names
2025-03-30 20:07:56 DEBUG valid_times='[cftime.DatetimeGregorian(2012, 10, 17, 12, 0, 0, 0, has_year_zero=False)
 cftime.DatetimeGregorian(2012, 10, 17, 18, 0, 0, 0, has_year_zero=False)
 cftime.DatetimeGregorian(2012, 10, 18, 0, 0, 0, 0, has_year_zero=False)
 cftime.DatetimeGregorian(2012, 10, 18, 6, 0, 0, 0, has_year_zero=False)
 cftime.DatetimeGregorian(2012, 10, 18, 12, 0, 0, 0, has_year_zero=False)
 cftime.DatetimeGregorian(2012, 10, 18, 18, 0, 0, 0, has_year_zero=False)
 cftime.DatetimeGregorian(2012, 10, 19, 0, 0, 0, 0, has_year_zero=False)]' standard_names='['specific_cloud_liquid_water_content']'
2025-03-30 20:07:56 INFO Opening candidate '20121017_12_ecmwf_forecast.DIV.EUR_LL015.036.ml.nc'
2025-03-30 20:07:56 INFO File '20121017_12_ecmwf_forecast.DIV.EUR_LL015.036.ml.nc' identified as 'ml' type
2025-03-30 20:07:56 INFO Found init time '2012-10-17 12:00:00', 7 valid_times and 1 standard_names
2025-03-30 20:07:56 DEBUG valid_times='[cftime.DatetimeGregorian(2012, 10, 17, 12, 0, 0, 0, has_year_zero=False)
 cftime.DatetimeGregorian(2012, 10, 17, 18, 0, 0, 0, has_year_zero=False)
 cftime.DatetimeGregorian(2012, 10, 18, 0, 0, 0, 0, has_year_zero=False)
 cftime.DatetimeGregorian(2012, 10, 18, 6, 0, 0, 0, has_year_zero=False)
 cftime.DatetimeGregorian(2012, 10, 18, 12, 0, 0, 0, has_year_zero=False)
 cftime.DatetimeGregorian(2012, 10, 18, 18, 0, 0, 0, has_year_zero=False)
 cftime.DatetimeGregorian(2012, 10, 19, 0, 0, 0, 0, has_year_zero=False)]' standard_names='['divergence_of_wind']'
2025-03-30 20:07:56 INFO Opening candidate '20121017_12_ecmwf_forecast.EMAC.EUR_LL015.036.ml.nc'
2025-03-30 20:07:56 INFO File '20121017_12_ecmwf_forecast.EMAC.EUR_LL015.036.ml.nc' identified as 'ml' type
2025-03-30 20:07:56 INFO Found init time '2012-10-17 12:00:00', 7 valid_times and 1 standard_names
2025-03-30 20:07:56 DEBUG valid_times='[cftime.DatetimeGregorian(2012, 10, 17, 12, 0, 0, 0, has_year_zero=False)
 cftime.DatetimeGregorian(2012, 10, 17, 18, 0, 0, 0, has_year_zero=False)
 cftime.DatetimeGregorian(2012, 10, 18, 0, 0, 0, 0, has_year_zero=False)
 cftime.DatetimeGregorian(2012, 10, 18, 6, 0, 0, 0, has_year_zero=False)
 cftime.DatetimeGregorian(2012, 10, 18, 12, 0, 0, 0, has_year_zero=False)
 cftime.DatetimeGregorian(2012, 10, 18, 18, 0, 0, 0, has_year_zero=False)
 cftime.DatetimeGregorian(2012, 10, 19, 0, 0, 0, 0, has_year_zero=False)]' standard_names='['emac_R12']'
2025-03-30 20:07:56 INFO Opening candidate '20121017_12_ecmwf_forecast.GPH.EUR_LL015.036.ml.nc'
2025-03-30 20:07:56 INFO File '20121017_12_ecmwf_forecast.GPH.EUR_LL015.036.ml.nc' identified as 'ml' type
2025-03-30 20:07:56 INFO Found init time '2012-10-17 12:00:00', 7 valid_times and 1 standard_names
2025-03-30 20:07:56 DEBUG valid_times='[cftime.DatetimeGregorian(2012, 10, 17, 12, 0, 0, 0, has_year_zero=False)
 cftime.DatetimeGregorian(2012, 10, 17, 18, 0, 0, 0, has_year_zero=False)
 cftime.DatetimeGregorian(2012, 10, 18, 0, 0, 0, 0, has_year_zero=False)
 cftime.DatetimeGregorian(2012, 10, 18, 6, 0, 0, 0, has_year_zero=False)
 cftime.DatetimeGregorian(2012, 10, 18, 12, 0, 0, 0, has_year_zero=False)
 cftime.DatetimeGregorian(2012, 10, 18, 18, 0, 0, 0, has_year_zero=False)
 cftime.DatetimeGregorian(2012, 10, 19, 0, 0, 0, 0, has_year_zero=False)]' standard_names='['geopotential_height']'
2025-03-30 20:07:56 INFO Opening candidate '20121017_12_ecmwf_forecast.O3.EUR_LL015.036.ml.nc'
2025-03-30 20:07:56 INFO File '20121017_12_ecmwf_forecast.O3.EUR_LL015.036.ml.nc' identified as 'ml' type
2025-03-30 20:07:56 INFO Found init time '2012-10-17 12:00:00', 7 valid_times and 1 standard_names
2025-03-30 20:07:56 DEBUG valid_times='[cftime.DatetimeGregorian(2012, 10, 17, 12, 0, 0, 0, has_year_zero=False)
 cftime.DatetimeGregorian(2012, 10, 17, 18, 0, 0, 0, has_year_zero=False)
 cftime.DatetimeGregorian(2012, 10, 18, 0, 0, 0, 0, has_year_zero=False)
 cftime.DatetimeGregorian(2012, 10, 18, 6, 0, 0, 0, has_year_zero=False)
 cftime.DatetimeGregorian(2012, 10, 18, 12, 0, 0, 0, has_year_zero=False)
 cftime.DatetimeGregorian(2012, 10, 18, 18, 0, 0, 0, has_year_zero=False)
 cftime.DatetimeGregorian(2012, 10, 19, 0, 0, 0, 0, has_year_zero=False)]' standard_names='['mole_fraction_of_ozone_in_air']'
2025-03-30 20:07:56 INFO Opening candidate '20121017_12_ecmwf_forecast.PRESSURE_LEVELS.EUR_LL015.036.pl.nc'
2025-03-30 20:07:56 INFO File '20121017_12_ecmwf_forecast.PRESSURE_LEVELS.EUR_LL015.036.pl.nc' identified as 'pl' type
2025-03-30 20:07:56 INFO Found init time '2012-10-17 12:00:00', 7 valid_times and 16 standard_names
2025-03-30 20:07:56 DEBUG valid_times='[cftime.DatetimeGregorian(2012, 10, 17, 12, 0, 0, 0, has_year_zero=False)
 cftime.DatetimeGregorian(2012, 10, 17, 18, 0, 0, 0, has_year_zero=False)
 cftime.DatetimeGregorian(2012, 10, 18, 0, 0, 0, 0, has_year_zero=False)
 cftime.DatetimeGregorian(2012, 10, 18, 6, 0, 0, 0, has_year_zero=False)
 cftime.DatetimeGregorian(2012, 10, 18, 12, 0, 0, 0, has_year_zero=False)
 cftime.DatetimeGregorian(2012, 10, 18, 18, 0, 0, 0, has_year_zero=False)
 cftime.DatetimeGregorian(2012, 10, 19, 0, 0, 0, 0, has_year_zero=False)]' standard_names='['air_potential_temperature', 'air_pressure', 'air_temperature', 'eastward_wind', 'ertel_potential_vorticity', 'geopotential_height', 'northward_wind', 'specific_humidity', 'lagrangian_tendency_of_air_pressure', 'divergence_of_wind', 'mass_fraction_of_ozone_in_air', 'mole_fraction_of_ozone_in_air', 'equivalent_latitude', 'number_of_wcb_trajectories', 'number_of_insitu_trajectories', 'number_of_mix_trajectories']'
2025-03-30 20:07:56 INFO Opening candidate '20121017_12_ecmwf_forecast.PVU.EUR_LL015.036.pv.nc'
2025-03-30 20:07:56 INFO File '20121017_12_ecmwf_forecast.PVU.EUR_LL015.036.pv.nc' identified as 'pv' type
2025-03-30 20:07:56 INFO Found init time '2012-10-17 12:00:00', 7 valid_times and 3 standard_names
2025-03-30 20:07:56 DEBUG valid_times='[cftime.DatetimeGregorian(2012, 10, 17, 12, 0, 0, 0, has_year_zero=False)
 cftime.DatetimeGregorian(2012, 10, 17, 18, 0, 0, 0, has_year_zero=False)
 cftime.DatetimeGregorian(2012, 10, 18, 0, 0, 0, 0, has_year_zero=False)
 cftime.DatetimeGregorian(2012, 10, 18, 6, 0, 0, 0, has_year_zero=False)
 cftime.DatetimeGregorian(2012, 10, 18, 12, 0, 0, 0, has_year_zero=False)
 cftime.DatetimeGregorian(2012, 10, 18, 18, 0, 0, 0, has_year_zero=False)
 cftime.DatetimeGregorian(2012, 10, 19, 0, 0, 0, 0, has_year_zero=False)]' standard_names='['air_potential_temperature', 'geopotential_height', 'air_pressure']'
2025-03-30 20:07:56 INFO Opening candidate '20121017_12_ecmwf_forecast.PV_derived.EUR_LL015.036.ml.nc'
2025-03-30 20:07:56 INFO File '20121017_12_ecmwf_forecast.PV_derived.EUR_LL015.036.ml.nc' identified as 'ml' type
2025-03-30 20:07:56 INFO Found init time '2012-10-17 12:00:00', 7 valid_times and 1 standard_names
2025-03-30 20:07:56 DEBUG valid_times='[cftime.DatetimeGregorian(2012, 10, 17, 12, 0, 0, 0, has_year_zero=False)
 cftime.DatetimeGregorian(2012, 10, 17, 18, 0, 0, 0, has_year_zero=False)
 cftime.DatetimeGregorian(2012, 10, 18, 0, 0, 0, 0, has_year_zero=False)
 cftime.DatetimeGregorian(2012, 10, 18, 6, 0, 0, 0, has_year_zero=False)
 cftime.DatetimeGregorian(2012, 10, 18, 12, 0, 0, 0, has_year_zero=False)
 cftime.DatetimeGregorian(2012, 10, 18, 18, 0, 0, 0, has_year_zero=False)
 cftime.DatetimeGregorian(2012, 10, 19, 0, 0, 0, 0, has_year_zero=False)]' standard_names='['ertel_potential_vorticity']'
2025-03-30 20:07:56 INFO Opening candidate '20121017_12_ecmwf_forecast.P_derived.EUR_LL015.036.ml.nc'
2025-03-30 20:07:56 INFO File '20121017_12_ecmwf_forecast.P_derived.EUR_LL015.036.ml.nc' identified as 'ml' type
2025-03-30 20:07:56 INFO Found init time '2012-10-17 12:00:00', 7 valid_times and 1 standard_names
2025-03-30 20:07:56 DEBUG valid_times='[cftime.DatetimeGregorian(2012, 10, 17, 12, 0, 0, 0, has_year_zero=False)
 cftime.DatetimeGregorian(2012, 10, 17, 18, 0, 0, 0, has_year_zero=False)
 cftime.DatetimeGregorian(2012, 10, 18, 0, 0, 0, 0, has_year_zero=False)
 cftime.DatetimeGregorian(2012, 10, 18, 6, 0, 0, 0, has_year_zero=False)
 cftime.DatetimeGregorian(2012, 10, 18, 12, 0, 0, 0, has_year_zero=False)
 cftime.DatetimeGregorian(2012, 10, 18, 18, 0, 0, 0, has_year_zero=False)
 cftime.DatetimeGregorian(2012, 10, 19, 0, 0, 0, 0, has_year_zero=False)]' standard_names='['air_pressure']'
2025-03-30 20:07:56 INFO Opening candidate '20121017_12_ecmwf_forecast.ProbWCB_LAGRANTO_derived.EUR_LL015.036.ml.nc'
2025-03-30 20:07:56 INFO File '20121017_12_ecmwf_forecast.ProbWCB_LAGRANTO_derived.EUR_LL015.036.ml.nc' identified as 'ml' type
2025-03-30 20:07:56 INFO Found init time '2012-10-17 12:00:00', 7 valid_times and 1 standard_names
2025-03-30 20:07:56 DEBUG valid_times='[cftime.DatetimeGregorian(2012, 10, 17, 12, 0, 0, 0, has_year_zero=False)
 cftime.DatetimeGregorian(2012, 10, 17, 18, 0, 0, 0, has_year_zero=False)
 cftime.DatetimeGregorian(2012, 10, 18, 0, 0, 0, 0, has_year_zero=False)
 cftime.DatetimeGregorian(2012, 10, 18, 6, 0, 0, 0, has_year_zero=False)
 cftime.DatetimeGregorian(2012, 10, 18, 12, 0, 0, 0, has_year_zero=False)
 cftime.DatetimeGregorian(2012, 10, 18, 18, 0, 0, 0, has_year_zero=False)
 cftime.DatetimeGregorian(2012, 10, 19, 0, 0, 0, 0, has_year_zero=False)]' standard_names='['probability_of_wcb_occurrence']'
2025-03-30 20:07:56 INFO Opening candidate '20121017_12_ecmwf_forecast.ProbWCB_LAGRANTO_derived.EUR_LL015.036.sfc.nc'
2025-03-30 20:07:56 INFO File '20121017_12_ecmwf_forecast.ProbWCB_LAGRANTO_derived.EUR_LL015.036.sfc.nc' identified as 'sfc' type
2025-03-30 20:07:56 INFO Found init time '2012-10-17 12:00:00', 7 valid_times and 1 standard_names
2025-03-30 20:07:56 DEBUG valid_times='[cftime.DatetimeGregorian(2012, 10, 17, 12, 0, 0, 0, has_year_zero=False)
 cftime.DatetimeGregorian(2012, 10, 17, 18, 0, 0, 0, has_year_zero=False)
 cftime.DatetimeGregorian(2012, 10, 18, 0, 0, 0, 0, has_year_zero=False)
 cftime.DatetimeGregorian(2012, 10, 18, 6, 0, 0, 0, has_year_zero=False)
 cftime.DatetimeGregorian(2012, 10, 18, 12, 0, 0, 0, has_year_zero=False)
 cftime.DatetimeGregorian(2012, 10, 18, 18, 0, 0, 0, has_year_zero=False)
 cftime.DatetimeGregorian(2012, 10, 19, 0, 0, 0, 0, has_year_zero=False)]' standard_names='['vertically_integrated_probability_of_wcb_occurrence']'
2025-03-30 20:07:56 INFO Opening candidate '20121017_12_ecmwf_forecast.Q.EUR_LL015.036.ml.nc'
2025-03-30 20:07:56 INFO File '20121017_12_ecmwf_forecast.Q.EUR_LL015.036.ml.nc' identified as 'ml' type
2025-03-30 20:07:56 INFO Found init time '2012-10-17 12:00:00', 7 valid_times and 1 standard_names
2025-03-30 20:07:56 DEBUG valid_times='[cftime.DatetimeGregorian(2012, 10, 17, 12, 0, 0, 0, has_year_zero=False)
 cftime.DatetimeGregorian(2012, 10, 17, 18, 0, 0, 0, has_year_zero=False)
 cftime.DatetimeGregorian(2012, 10, 18, 0, 0, 0, 0, has_year_zero=False)
 cftime.DatetimeGregorian(2012, 10, 18, 6, 0, 0, 0, has_year_zero=False)
 cftime.DatetimeGregorian(2012, 10, 18, 12, 0, 0, 0, has_year_zero=False)
 cftime.DatetimeGregorian(2012, 10, 18, 18, 0, 0, 0, has_year_zero=False)
 cftime.DatetimeGregorian(2012, 10, 19, 0, 0, 0, 0, has_year_zero=False)]' standard_names='['specific_humidity']'
2025-03-30 20:07:56 INFO Opening candidate '20121017_12_ecmwf_forecast.SEA.EUR_LL015.036.sfc.nc'
2025-03-30 20:07:56 INFO File '20121017_12_ecmwf_forecast.SEA.EUR_LL015.036.sfc.nc' identified as 'sfc' type
2025-03-30 20:07:56 INFO Found init time '2012-10-17 12:00:00', 7 valid_times and 1 standard_names
2025-03-30 20:07:56 DEBUG valid_times='[cftime.DatetimeGregorian(2012, 10, 17, 12, 0, 0, 0, has_year_zero=False)
 cftime.DatetimeGregorian(2012, 10, 17, 18, 0, 0, 0, has_year_zero=False)
 cftime.DatetimeGregorian(2012, 10, 18, 0, 0, 0, 0, has_year_zero=False)
 cftime.DatetimeGregorian(2012, 10, 18, 6, 0, 0, 0, has_year_zero=False)
 cftime.DatetimeGregorian(2012, 10, 18, 12, 0, 0, 0, has_year_zero=False)
 cftime.DatetimeGregorian(2012, 10, 18, 18, 0, 0, 0, has_year_zero=False)
 cftime.DatetimeGregorian(2012, 10, 19, 0, 0, 0, 0, has_year_zero=False)]' standard_names='['solar_elevation_angle']'
2025-03-30 20:07:56 INFO Opening candidate '20121017_12_ecmwf_forecast.SFC.EUR_LL015.036.sfc.nc'
2025-03-30 20:07:56 INFO File '20121017_12_ecmwf_forecast.SFC.EUR_LL015.036.sfc.nc' identified as 'sfc' type
2025-03-30 20:07:56 INFO Found init time '2012-10-17 12:00:00', 7 valid_times and 15 standard_names
2025-03-30 20:07:56 DEBUG valid_times='[cftime.DatetimeGregorian(2012, 10, 17, 12, 0, 0, 0, has_year_zero=False)
 cftime.DatetimeGregorian(2012, 10, 17, 18, 0, 0, 0, has_year_zero=False)
 cftime.DatetimeGregorian(2012, 10, 18, 0, 0, 0, 0, has_year_zero=False)
 cftime.DatetimeGregorian(2012, 10, 18, 6, 0, 0, 0, has_year_zero=False)
 cftime.DatetimeGregorian(2012, 10, 18, 12, 0, 0, 0, has_year_zero=False)
 cftime.DatetimeGregorian(2012, 10, 18, 18, 0, 0, 0, has_year_zero=False)
 cftime.DatetimeGregorian(2012, 10, 19, 0, 0, 0, 0, has_year_zero=False)]' standard_names='['surface_geopotential', 'air_pressure_at_sea_level', 'total_cloud_cover', 'land_binary_mask', 'low_cloud_area_fraction', 'medium_cloud_area_fraction', 'high_cloud_area_fraction', 'surface_eastward_wind', 'surface_northward_wind', 'sea_ice_area_fraction', 'msg_brightness_temperature_108', 'atmosphere_boundary_layer_thickness', 'emac_column_density', 'tropopause_altitude', 'secondary_tropopause_altitude']'
2025-03-30 20:07:56 INFO Opening candidate '20121017_12_ecmwf_forecast.T.EUR_LL015.036.ml.nc'
2025-03-30 20:07:56 INFO File '20121017_12_ecmwf_forecast.T.EUR_LL015.036.ml.nc' identified as 'ml' type
2025-03-30 20:07:56 INFO Found init time '2012-10-17 12:00:00', 7 valid_times and 1 standard_names
2025-03-30 20:07:56 DEBUG valid_times='[cftime.DatetimeGregorian(2012, 10, 17, 12, 0, 0, 0, has_year_zero=False)
 cftime.DatetimeGregorian(2012, 10, 17, 18, 0, 0, 0, has_year_zero=False)
 cftime.DatetimeGregorian(2012, 10, 18, 0, 0, 0, 0, has_year_zero=False)
 cftime.DatetimeGregorian(2012, 10, 18, 6, 0, 0, 0, has_year_zero=False)
 cftime.DatetimeGregorian(2012, 10, 18, 12, 0, 0, 0, has_year_zero=False)
 cftime.DatetimeGregorian(2012, 10, 18, 18, 0, 0, 0, has_year_zero=False)
 cftime.DatetimeGregorian(2012, 10, 19, 0, 0, 0, 0, has_year_zero=False)]' standard_names='['air_temperature']'
2025-03-30 20:07:56 INFO Opening candidate '20121017_12_ecmwf_forecast.THETA.EUR_LL015.036.ml.nc'
2025-03-30 20:07:56 INFO File '20121017_12_ecmwf_forecast.THETA.EUR_LL015.036.ml.nc' identified as 'ml' type
2025-03-30 20:07:56 INFO Found init time '2012-10-17 12:00:00', 7 valid_times and 1 standard_names
2025-03-30 20:07:56 DEBUG valid_times='[cftime.DatetimeGregorian(2012, 10, 17, 12, 0, 0, 0, has_year_zero=False)
 cftime.DatetimeGregorian(2012, 10, 17, 18, 0, 0, 0, has_year_zero=False)
 cftime.DatetimeGregorian(2012, 10, 18, 0, 0, 0, 0, has_year_zero=False)
 cftime.DatetimeGregorian(2012, 10, 18, 6, 0, 0, 0, has_year_zero=False)
 cftime.DatetimeGregorian(2012, 10, 18, 12, 0, 0, 0, has_year_zero=False)
 cftime.DatetimeGregorian(2012, 10, 18, 18, 0, 0, 0, has_year_zero=False)
 cftime.DatetimeGregorian(2012, 10, 19, 0, 0, 0, 0, has_year_zero=False)]' standard_names='['air_potential_temperature']'
2025-03-30 20:07:56 INFO Opening candidate '20121017_12_ecmwf_forecast.THETA_LEVELS.EUR_LL015.036.tl.nc'
2025-03-30 20:07:56 INFO File '20121017_12_ecmwf_forecast.THETA_LEVELS.EUR_LL015.036.tl.nc' identified as 'tl' type
2025-03-30 20:07:56 INFO Found init time '2012-10-17 12:00:00', 7 valid_times and 3 standard_names
2025-03-30 20:07:56 DEBUG valid_times='[cftime.DatetimeGregorian(2012, 10, 17, 12, 0, 0, 0, has_year_zero=False)
 cftime.DatetimeGregorian(2012, 10, 17, 18, 0, 0, 0, has_year_zero=False)
 cftime.DatetimeGregorian(2012, 10, 18, 0, 0, 0, 0, has_year_zero=False)
 cftime.DatetimeGregorian(2012, 10, 18, 6, 0, 0, 0, has_year_zero=False)
 cftime.DatetimeGregorian(2012, 10, 18, 12, 0, 0, 0, has_year_zero=False)
 cftime.DatetimeGregorian(2012, 10, 18, 18, 0, 0, 0, has_year_zero=False)
 cftime.DatetimeGregorian(2012, 10, 19, 0, 0, 0, 0, has_year_zero=False)]' standard_names='['air_pressure', 'ertel_potential_vorticity', 'mole_fraction_of_ozone_in_air']'
2025-03-30 20:07:56 INFO Opening candidate '20121017_12_ecmwf_forecast.U.EUR_LL015.036.ml.nc'
2025-03-30 20:07:56 INFO File '20121017_12_ecmwf_forecast.U.EUR_LL015.036.ml.nc' identified as 'ml' type
2025-03-30 20:07:56 INFO Found init time '2012-10-17 12:00:00', 7 valid_times and 1 standard_names
2025-03-30 20:07:56 DEBUG valid_times='[cftime.DatetimeGregorian(2012, 10, 17, 12, 0, 0, 0, has_year_zero=False)
 cftime.DatetimeGregorian(2012, 10, 17, 18, 0, 0, 0, has_year_zero=False)
 cftime.DatetimeGregorian(2012, 10, 18, 0, 0, 0, 0, has_year_zero=False)
 cftime.DatetimeGregorian(2012, 10, 18, 6, 0, 0, 0, has_year_zero=False)
 cftime.DatetimeGregorian(2012, 10, 18, 12, 0, 0, 0, has_year_zero=False)
 cftime.DatetimeGregorian(2012, 10, 18, 18, 0, 0, 0, has_year_zero=False)
 cftime.DatetimeGregorian(2012, 10, 19, 0, 0, 0, 0, has_year_zero=False)]' standard_names='['eastward_wind']'
2025-03-30 20:07:56 INFO Opening candidate '20121017_12_ecmwf_forecast.V.EUR_LL015.036.ml.nc'
2025-03-30 20:07:56 INFO File '20121017_12_ecmwf_forecast.V.EUR_LL015.036.ml.nc' identified as 'ml' type
2025-03-30 20:07:56 INFO Found init time '2012-10-17 12:00:00', 7 valid_times and 1 standard_names
2025-03-30 20:07:56 DEBUG valid_times='[cftime.DatetimeGregorian(2012, 10, 17, 12, 0, 0, 0, has_year_zero=False)
 cftime.DatetimeGregorian(2012, 10, 17, 18, 0, 0, 0, has_year_zero=False)
 cftime.DatetimeGregorian(2012, 10, 18, 0, 0, 0, 0, has_year_zero=False)
 cftime.DatetimeGregorian(2012, 10, 18, 6, 0, 0, 0, has_year_zero=False)
 cftime.DatetimeGregorian(2012, 10, 18, 12, 0, 0, 0, has_year_zero=False)
 cftime.DatetimeGregorian(2012, 10, 18, 18, 0, 0, 0, has_year_zero=False)
 cftime.DatetimeGregorian(2012, 10, 19, 0, 0, 0, 0, has_year_zero=False)]' standard_names='['northward_wind']'
2025-03-30 20:07:56 INFO Opening candidate '20121017_12_ecmwf_forecast.W.EUR_LL015.036.ml.nc'
2025-03-30 20:07:56 INFO File '20121017_12_ecmwf_forecast.W.EUR_LL015.036.ml.nc' identified as 'ml' type
2025-03-30 20:07:56 INFO Found init time '2012-10-17 12:00:00', 7 valid_times and 1 standard_names
2025-03-30 20:07:56 DEBUG valid_times='[cftime.DatetimeGregorian(2012, 10, 17, 12, 0, 0, 0, has_year_zero=False)
 cftime.DatetimeGregorian(2012, 10, 17, 18, 0, 0, 0, has_year_zero=False)
 cftime.DatetimeGregorian(2012, 10, 18, 0, 0, 0, 0, has_year_zero=False)
 cftime.DatetimeGregorian(2012, 10, 18, 6, 0, 0, 0, has_year_zero=False)
 cftime.DatetimeGregorian(2012, 10, 18, 12, 0, 0, 0, has_year_zero=False)
 cftime.DatetimeGregorian(2012, 10, 18, 18, 0, 0, 0, has_year_zero=False)
 cftime.DatetimeGregorian(2012, 10, 19, 0, 0, 0, 0, has_year_zero=False)]' standard_names='['lagrangian_tendency_of_air_pressure']'
2025-03-30 20:07:56 DEBUG using plot object 'MSLP'
2025-03-30 20:07:56 DEBUG 	figure size (800, 600) in pixels
2025-03-30 20:07:56 DEBUG 	requested initialisation time 2012-10-17 12:00:00
2025-03-30 20:07:56 DEBUG 	requested forecast valid time 2012-10-17 12:00:00
2025-03-30 20:07:56 DEBUG 	variable 'air_pressure_at_sea_level' requires input file '20121017_12_ecmwf_forecast.SFC.EUR_LL015.036.sfc.nc'
2025-03-30 20:07:56 DEBUG 	variable 'surface_eastward_wind' requires input file '20121017_12_ecmwf_forecast.SFC.EUR_LL015.036.sfc.nc'
2025-03-30 20:07:56 DEBUG 	variable 'surface_northward_wind' requires input file '20121017_12_ecmwf_forecast.SFC.EUR_LL015.036.sfc.nc'
2025-03-30 20:07:56 DEBUG opening datasets.
2025-03-30 20:07:56 DEBUG 	identified variable <air_pressure_at_sea_level> for field <air_pressure_at_sea_level>
2025-03-30 20:07:56 DEBUG 	identified variable <surface_eastward_wind> for field <surface_eastward_wind>
2025-03-30 20:07:56 DEBUG 	identified variable <surface_northward_wind> for field <surface_northward_wind>
2025-03-30 20:07:56 DEBUG loading data for time step 0 (2012-10-17 12:00:00), level index None (level None)
2025-03-30 20:07:56 DEBUG 	Loaded 0.02 Mbytes from data field <air_pressure_at_sea_level>.
2025-03-30 20:07:56 DEBUG 	Loaded 0.02 Mbytes from data field <surface_eastward_wind>.
2025-03-30 20:07:56 DEBUG 	Loaded 0.02 Mbytes from data field <surface_northward_wind>.
2025-03-30 20:07:56 DEBUG Loaded data (required time 0:00:00.001277).
2025-03-30 20:07:56 DEBUG Plotting horizontal section.
2025-03-30 20:07:56 DEBUG No user settings found, using default settings
2025-03-30 20:07:56 INFO Files identified for domain 'EUR_LL015': ['20121017_12_ecmwf_forecast.ALTITUDE_LEVELS.EUR_LL015.036.al.nc', '20121017_12_ecmwf_forecast.CC.EUR_LL015.036.ml.nc', '20121017_12_ecmwf_forecast.CIWC.EUR_LL015.036.ml.nc', '20121017_12_ecmwf_forecast.CLWC.EUR_LL015.036.ml.nc', '20121017_12_ecmwf_forecast.DIV.EUR_LL015.036.ml.nc', '20121017_12_ecmwf_forecast.EMAC.EUR_LL015.036.ml.nc', '20121017_12_ecmwf_forecast.GPH.EUR_LL015.036.ml.nc', '20121017_12_ecmwf_forecast.O3.EUR_LL015.036.ml.nc', '20121017_12_ecmwf_forecast.PRESSURE_LEVELS.EUR_LL015.036.pl.nc', '20121017_12_ecmwf_forecast.PVU.EUR_LL015.036.pv.nc', '20121017_12_ecmwf_forecast.PV_derived.EUR_LL015.036.ml.nc', '20121017_12_ecmwf_forecast.P_derived.EUR_LL015.036.ml.nc', '20121017_12_ecmwf_forecast.ProbWCB_LAGRANTO_derived.EUR_LL015.036.ml.nc', '20121017_12_ecmwf_forecast.ProbWCB_LAGRANTO_derived.EUR_LL015.036.sfc.nc', '20121017_12_ecmwf_forecast.Q.EUR_LL015.036.ml.nc', '20121017_12_ecmwf_forecast.SEA.EUR_LL015.036.sfc.nc', '20121017_12_ecmwf_forecast.SFC.EUR_LL015.036.sfc.nc', '20121017_12_ecmwf_forecast.T.EUR_LL015.036.ml.nc', '20121017_12_ecmwf_forecast.THETA.EUR_LL015.036.ml.nc', '20121017_12_ecmwf_forecast.THETA_LEVELS.EUR_LL015.036.tl.nc', '20121017_12_ecmwf_forecast.U.EUR_LL015.036.ml.nc', '20121017_12_ecmwf_forecast.V.EUR_LL015.036.ml.nc', '20121017_12_ecmwf_forecast.W.EUR_LL015.036.ml.nc']
2025-03-30 20:07:56 INFO Opening candidate '20121017_12_ecmwf_forecast.ALTITUDE_LEVELS.EUR_LL015.036.al.nc'
2025-03-30 20:07:56 INFO File '20121017_12_ecmwf_forecast.ALTITUDE_LEVELS.EUR_LL015.036.al.nc' identified as 'al' type
2025-03-30 20:07:56 INFO Found init time '2012-10-17 12:00:00', 7 valid_times and 3 standard_names
2025-03-30 20:07:56 DEBUG valid_times='[cftime.DatetimeGregorian(2012, 10, 17, 12, 0, 0, 0, has_year_zero=False)
 cftime.DatetimeGregorian(2012, 10, 17, 18, 0, 0, 0, has_year_zero=False)
 cftime.DatetimeGregorian(2012, 10, 18, 0, 0, 0, 0, has_year_zero=False)
 cftime.DatetimeGregorian(2012, 10, 18, 6, 0, 0, 0, has_year_zero=False)
 cftime.DatetimeGregorian(2012, 10, 18, 12, 0, 0, 0, has_year_zero=False)
 cftime.DatetimeGregorian(2012, 10, 18, 18, 0, 0, 0, has_year_zero=False)
 cftime.DatetimeGregorian(2012, 10, 19, 0, 0, 0, 0, has_year_zero=False)]' standard_names='['air_pressure', 'ertel_potential_vorticity', 'mole_fraction_of_ozone_in_air']'
2025-03-30 20:07:56 INFO Opening candidate '20121017_12_ecmwf_forecast.CC.EUR_LL015.036.ml.nc'
2025-03-30 20:07:56 INFO File '20121017_12_ecmwf_forecast.CC.EUR_LL015.036.ml.nc' identified as 'ml' type
2025-03-30 20:07:56 INFO Found init time '2012-10-17 12:00:00', 7 valid_times and 1 standard_names
2025-03-30 20:07:56 DEBUG valid_times='[cftime.DatetimeGregorian(2012, 10, 17, 12, 0, 0, 0, has_year_zero=False)
 cftime.DatetimeGregorian(2012, 10, 17, 18, 0, 0, 0, has_year_zero=False)
 cftime.DatetimeGregorian(2012, 10, 18, 0, 0, 0, 0, has_year_zero=False)
 cftime.DatetimeGregorian(2012, 10, 18, 6, 0, 0, 0, has_year_zero=False)
 cftime.DatetimeGregorian(2012, 10, 18, 12, 0, 0, 0, has_year_zero=False)
 cftime.DatetimeGregorian(2012, 10, 18, 18, 0, 0, 0, has_year_zero=False)
 cftime.DatetimeGregorian(2012, 10, 19, 0, 0, 0, 0, has_year_zero=False)]' standard_names='['cloud_area_fraction_in_atmosphere_layer']'
2025-03-30 20:07:56 INFO Opening candidate '20121017_12_ecmwf_forecast.CIWC.EUR_LL015.036.ml.nc'
2025-03-30 20:07:56 INFO File '20121017_12_ecmwf_forecast.CIWC.EUR_LL015.036.ml.nc' identified as 'ml' type
2025-03-30 20:07:56 INFO Found init time '2012-10-17 12:00:00', 7 valid_times and 1 standard_names
2025-03-30 20:07:56 DEBUG valid_times='[cftime.DatetimeGregorian(2012, 10, 17, 12, 0, 0, 0, has_year_zero=False)
 cftime.DatetimeGregorian(2012, 10, 17, 18, 0, 0, 0, has_year_zero=False)
 cftime.DatetimeGregorian(2012, 10, 18, 0, 0, 0, 0, has_year_zero=False)
 cftime.DatetimeGregorian(2012, 10, 18, 6, 0, 0, 0, has_year_zero=False)
 cftime.DatetimeGregorian(2012, 10, 18, 12, 0, 0, 0, has_year_zero=False)
 cftime.DatetimeGregorian(2012, 10, 18, 18, 0, 0, 0, has_year_zero=False)
 cftime.DatetimeGregorian(2012, 10, 19, 0, 0, 0, 0, has_year_zero=False)]' standard_names='['specific_cloud_ice_water_content']'
2025-03-30 20:07:56 INFO Opening candidate '20121017_12_ecmwf_forecast.CLWC.EUR_LL015.036.ml.nc'
2025-03-30 20:07:56 INFO File '20121017_12_ecmwf_forecast.CLWC.EUR_LL015.036.ml.nc' identified as 'ml' type
2025-03-30 20:07:56 INFO Found init time '2012-10-17 12:00:00', 7 valid_times and 1 standard_names
2025-03-30 20:07:56 DEBUG valid_times='[cftime.DatetimeGregorian(2012, 10, 17, 12, 0, 0, 0, has_year_zero=False)
 cftime.DatetimeGregorian(2012, 10, 17, 18, 0, 0, 0, has_year_zero=False)
 cftime.DatetimeGregorian(2012, 10, 18, 0, 0, 0, 0, has_year_zero=False)
 cftime.DatetimeGregorian(2012, 10, 18, 6, 0, 0, 0, has_year_zero=False)
 cftime.DatetimeGregorian(2012, 10, 18, 12, 0, 0, 0, has_year_zero=False)
 cftime.DatetimeGregorian(2012, 10, 18, 18, 0, 0, 0, has_year_zero=False)
 cftime.DatetimeGregorian(2012, 10, 19, 0, 0, 0, 0, has_year_zero=False)]' standard_names='['specific_cloud_liquid_water_content']'
2025-03-30 20:07:56 INFO Opening candidate '20121017_12_ecmwf_forecast.DIV.EUR_LL015.036.ml.nc'
2025-03-30 20:07:56 INFO File '20121017_12_ecmwf_forecast.DIV.EUR_LL015.036.ml.nc' identified as 'ml' type
2025-03-30 20:07:56 INFO Found init time '2012-10-17 12:00:00', 7 valid_times and 1 standard_names
2025-03-30 20:07:56 DEBUG valid_times='[cftime.DatetimeGregorian(2012, 10, 17, 12, 0, 0, 0, has_year_zero=False)
 cftime.DatetimeGregorian(2012, 10, 17, 18, 0, 0, 0, has_year_zero=False)
 cftime.DatetimeGregorian(2012, 10, 18, 0, 0, 0, 0, has_year_zero=False)
 cftime.DatetimeGregorian(2012, 10, 18, 6, 0, 0, 0, has_year_zero=False)
 cftime.DatetimeGregorian(2012, 10, 18, 12, 0, 0, 0, has_year_zero=False)
 cftime.DatetimeGregorian(2012, 10, 18, 18, 0, 0, 0, has_year_zero=False)
 cftime.DatetimeGregorian(2012, 10, 19, 0, 0, 0, 0, has_year_zero=False)]' standard_names='['divergence_of_wind']'
2025-03-30 20:07:56 INFO Opening candidate '20121017_12_ecmwf_forecast.EMAC.EUR_LL015.036.ml.nc'
2025-03-30 20:07:56 INFO File '20121017_12_ecmwf_forecast.EMAC.EUR_LL015.036.ml.nc' identified as 'ml' type
2025-03-30 20:07:56 INFO Found init time '2012-10-17 12:00:00', 7 valid_times and 1 standard_names
2025-03-30 20:07:56 DEBUG valid_times='[cftime.DatetimeGregorian(2012, 10, 17, 12, 0, 0, 0, has_year_zero=False)
 cftime.DatetimeGregorian(2012, 10, 17, 18, 0, 0, 0, has_year_zero=False)
 cftime.DatetimeGregorian(2012, 10, 18, 0, 0, 0, 0, has_year_zero=False)
 cftime.DatetimeGregorian(2012, 10, 18, 6, 0, 0, 0, has_year_zero=False)
 cftime.DatetimeGregorian(2012, 10, 18, 12, 0, 0, 0, has_year_zero=False)
 cftime.DatetimeGregorian(2012, 10, 18, 18, 0, 0, 0, has_year_zero=False)
 cftime.DatetimeGregorian(2012, 10, 19, 0, 0, 0, 0, has_year_zero=False)]' standard_names='['emac_R12']'
2025-03-30 20:07:56 INFO Opening candidate '20121017_12_ecmwf_forecast.GPH.EUR_LL015.036.ml.nc'
2025-03-30 20:07:56 INFO File '20121017_12_ecmwf_forecast.GPH.EUR_LL015.036.ml.nc' identified as 'ml' type
2025-03-30 20:07:56 INFO Found init time '2012-10-17 12:00:00', 7 valid_times and 1 standard_names
2025-03-30 20:07:56 DEBUG valid_times='[cftime.DatetimeGregorian(2012, 10, 17, 12, 0, 0, 0, has_year_zero=False)
 cftime.DatetimeGregorian(2012, 10, 17, 18, 0, 0, 0, has_year_zero=False)
 cftime.DatetimeGregorian(2012, 10, 18, 0, 0, 0, 0, has_year_zero=False)
 cftime.DatetimeGregorian(2012, 10, 18, 6, 0, 0, 0, has_year_zero=False)
 cftime.DatetimeGregorian(2012, 10, 18, 12, 0, 0, 0, has_year_zero=False)
 cftime.DatetimeGregorian(2012, 10, 18, 18, 0, 0, 0, has_year_zero=False)
 cftime.DatetimeGregorian(2012, 10, 19, 0, 0, 0, 0, has_year_zero=False)]' standard_names='['geopotential_height']'
2025-03-30 20:07:56 INFO Opening candidate '20121017_12_ecmwf_forecast.O3.EUR_LL015.036.ml.nc'
2025-03-30 20:07:56 INFO File '20121017_12_ecmwf_forecast.O3.EUR_LL015.036.ml.nc' identified as 'ml' type
2025-03-30 20:07:56 INFO Found init time '2012-10-17 12:00:00', 7 valid_times and 1 standard_names
2025-03-30 20:07:56 DEBUG valid_times='[cftime.DatetimeGregorian(2012, 10, 17, 12, 0, 0, 0, has_year_zero=False)
 cftime.DatetimeGregorian(2012, 10, 17, 18, 0, 0, 0, has_year_zero=False)
 cftime.DatetimeGregorian(2012, 10, 18, 0, 0, 0, 0, has_year_zero=False)
 cftime.DatetimeGregorian(2012, 10, 18, 6, 0, 0, 0, has_year_zero=False)
 cftime.DatetimeGregorian(2012, 10, 18, 12, 0, 0, 0, has_year_zero=False)
 cftime.DatetimeGregorian(2012, 10, 18, 18, 0, 0, 0, has_year_zero=False)
 cftime.DatetimeGregorian(2012, 10, 19, 0, 0, 0, 0, has_year_zero=False)]' standard_names='['mole_fraction_of_ozone_in_air']'
2025-03-30 20:07:56 INFO Opening candidate '20121017_12_ecmwf_forecast.PRESSURE_LEVELS.EUR_LL015.036.pl.nc'
2025-03-30 20:07:56 INFO File '20121017_12_ecmwf_forecast.PRESSURE_LEVELS.EUR_LL015.036.pl.nc' identified as 'pl' type
2025-03-30 20:07:56 INFO Found init time '2012-10-17 12:00:00', 7 valid_times and 16 standard_names
2025-03-30 20:07:56 DEBUG valid_times='[cftime.DatetimeGregorian(2012, 10, 17, 12, 0, 0, 0, has_year_zero=False)
 cftime.DatetimeGregorian(2012, 10, 17, 18, 0, 0, 0, has_year_zero=False)
 cftime.DatetimeGregorian(2012, 10, 18, 0, 0, 0, 0, has_year_zero=False)
 cftime.DatetimeGregorian(2012, 10, 18, 6, 0, 0, 0, has_year_zero=False)
 cftime.DatetimeGregorian(2012, 10, 18, 12, 0, 0, 0, has_year_zero=False)
 cftime.DatetimeGregorian(2012, 10, 18, 18, 0, 0, 0, has_year_zero=False)
 cftime.DatetimeGregorian(2012, 10, 19, 0, 0, 0, 0, has_year_zero=False)]' standard_names='['air_potential_temperature', 'air_pressure', 'air_temperature', 'eastward_wind', 'ertel_potential_vorticity', 'geopotential_height', 'northward_wind', 'specific_humidity', 'lagrangian_tendency_of_air_pressure', 'divergence_of_wind', 'mass_fraction_of_ozone_in_air', 'mole_fraction_of_ozone_in_air', 'equivalent_latitude', 'number_of_wcb_trajectories', 'number_of_insitu_trajectories', 'number_of_mix_trajectories']'
2025-03-30 20:07:56 INFO Opening candidate '20121017_12_ecmwf_forecast.PVU.EUR_LL015.036.pv.nc'
2025-03-30 20:07:56 INFO File '20121017_12_ecmwf_forecast.PVU.EUR_LL015.036.pv.nc' identified as 'pv' type
2025-03-30 20:07:56 INFO Found init time '2012-10-17 12:00:00', 7 valid_times and 3 standard_names
2025-03-30 20:07:56 DEBUG valid_times='[cftime.DatetimeGregorian(2012, 10, 17, 12, 0, 0, 0, has_year_zero=False)
 cftime.DatetimeGregorian(2012, 10, 17, 18, 0, 0, 0, has_year_zero=False)
 cftime.DatetimeGregorian(2012, 10, 18, 0, 0, 0, 0, has_year_zero=False)
 cftime.DatetimeGregorian(2012, 10, 18, 6, 0, 0, 0, has_year_zero=False)
 cftime.DatetimeGregorian(2012, 10, 18, 12, 0, 0, 0, has_year_zero=False)
 cftime.DatetimeGregorian(2012, 10, 18, 18, 0, 0, 0, has_year_zero=False)
 cftime.DatetimeGregorian(2012, 10, 19, 0, 0, 0, 0, has_year_zero=False)]' standard_names='['air_potential_temperature', 'geopotential_height', 'air_pressure']'
2025-03-30 20:07:56 INFO Opening candidate '20121017_12_ecmwf_forecast.PV_derived.EUR_LL015.036.ml.nc'
2025-03-30 20:07:56 INFO File '20121017_12_ecmwf_forecast.PV_derived.EUR_LL015.036.ml.nc' identified as 'ml' type
2025-03-30 20:07:56 INFO Found init time '2012-10-17 12:00:00', 7 valid_times and 1 standard_names
2025-03-30 20:07:56 DEBUG valid_times='[cftime.DatetimeGregorian(2012, 10, 17, 12, 0, 0, 0, has_year_zero=False)
 cftime.DatetimeGregorian(2012, 10, 17, 18, 0, 0, 0, has_year_zero=False)
 cftime.DatetimeGregorian(2012, 10, 18, 0, 0, 0, 0, has_year_zero=False)
 cftime.DatetimeGregorian(2012, 10, 18, 6, 0, 0, 0, has_year_zero=False)
 cftime.DatetimeGregorian(2012, 10, 18, 12, 0, 0, 0, has_year_zero=False)
 cftime.DatetimeGregorian(2012, 10, 18, 18, 0, 0, 0, has_year_zero=False)
 cftime.DatetimeGregorian(2012, 10, 19, 0, 0, 0, 0, has_year_zero=False)]' standard_names='['ertel_potential_vorticity']'
2025-03-30 20:07:56 INFO Opening candidate '20121017_12_ecmwf_forecast.P_derived.EUR_LL015.036.ml.nc'
2025-03-30 20:07:56 INFO File '20121017_12_ecmwf_forecast.P_derived.EUR_LL015.036.ml.nc' identified as 'ml' type
2025-03-30 20:07:56 INFO Found init time '2012-10-17 12:00:00', 7 valid_times and 1 standard_names
2025-03-30 20:07:56 DEBUG valid_times='[cftime.DatetimeGregorian(2012, 10, 17, 12, 0, 0, 0, has_year_zero=False)
 cftime.DatetimeGregorian(2012, 10, 17, 18, 0, 0, 0, has_year_zero=False)
 cftime.DatetimeGregorian(2012, 10, 18, 0, 0, 0, 0, has_year_zero=False)
 cftime.DatetimeGregorian(2012, 10, 18, 6, 0, 0, 0, has_year_zero=False)
 cftime.DatetimeGregorian(2012, 10, 18, 12, 0, 0, 0, has_year_zero=False)
 cftime.DatetimeGregorian(2012, 10, 18, 18, 0, 0, 0, has_year_zero=False)
 cftime.DatetimeGregorian(2012, 10, 19, 0, 0, 0, 0, has_year_zero=False)]' standard_names='['air_pressure']'
2025-03-30 20:07:56 INFO Opening candidate '20121017_12_ecmwf_forecast.ProbWCB_LAGRANTO_derived.EUR_LL015.036.ml.nc'
2025-03-30 20:07:56 INFO File '20121017_12_ecmwf_forecast.ProbWCB_LAGRANTO_derived.EUR_LL015.036.ml.nc' identified as 'ml' type
2025-03-30 20:07:56 INFO Found init time '2012-10-17 12:00:00', 7 valid_times and 1 standard_names
2025-03-30 20:07:56 DEBUG valid_times='[cftime.DatetimeGregorian(2012, 10, 17, 12, 0, 0, 0, has_year_zero=False)
 cftime.DatetimeGregorian(2012, 10, 17, 18, 0, 0, 0, has_year_zero=False)
 cftime.DatetimeGregorian(2012, 10, 18, 0, 0, 0, 0, has_year_zero=False)
 cftime.DatetimeGregorian(2012, 10, 18, 6, 0, 0, 0, has_year_zero=False)
 cftime.DatetimeGregorian(2012, 10, 18, 12, 0, 0, 0, has_year_zero=False)
 cftime.DatetimeGregorian(2012, 10, 18, 18, 0, 0, 0, has_year_zero=False)
 cftime.DatetimeGregorian(2012, 10, 19, 0, 0, 0, 0, has_year_zero=False)]' standard_names='['probability_of_wcb_occurrence']'
2025-03-30 20:07:56 INFO Opening candidate '20121017_12_ecmwf_forecast.ProbWCB_LAGRANTO_derived.EUR_LL015.036.sfc.nc'
2025-03-30 20:07:56 INFO File '20121017_12_ecmwf_forecast.ProbWCB_LAGRANTO_derived.EUR_LL015.036.sfc.nc' identified as 'sfc' type
2025-03-30 20:07:56 INFO Found init time '2012-10-17 12:00:00', 7 valid_times and 1 standard_names
2025-03-30 20:07:56 DEBUG valid_times='[cftime.DatetimeGregorian(2012, 10, 17, 12, 0, 0, 0, has_year_zero=False)
 cftime.DatetimeGregorian(2012, 10, 17, 18, 0, 0, 0, has_year_zero=False)
 cftime.DatetimeGregorian(2012, 10, 18, 0, 0, 0, 0, has_year_zero=False)
 cftime.DatetimeGregorian(2012, 10, 18, 6, 0, 0, 0, has_year_zero=False)
 cftime.DatetimeGregorian(2012, 10, 18, 12, 0, 0, 0, has_year_zero=False)
 cftime.DatetimeGregorian(2012, 10, 18, 18, 0, 0, 0, has_year_zero=False)
 cftime.DatetimeGregorian(2012, 10, 19, 0, 0, 0, 0, has_year_zero=False)]' standard_names='['vertically_integrated_probability_of_wcb_occurrence']'
2025-03-30 20:07:56 INFO Opening candidate '20121017_12_ecmwf_forecast.Q.EUR_LL015.036.ml.nc'
2025-03-30 20:07:56 INFO File '20121017_12_ecmwf_forecast.Q.EUR_LL015.036.ml.nc' identified as 'ml' type
2025-03-30 20:07:56 INFO Found init time '2012-10-17 12:00:00', 7 valid_times and 1 standard_names
2025-03-30 20:07:56 DEBUG valid_times='[cftime.DatetimeGregorian(2012, 10, 17, 12, 0, 0, 0, has_year_zero=False)
 cftime.DatetimeGregorian(2012, 10, 17, 18, 0, 0, 0, has_year_zero=False)
 cftime.DatetimeGregorian(2012, 10, 18, 0, 0, 0, 0, has_year_zero=False)
 cftime.DatetimeGregorian(2012, 10, 18, 6, 0, 0, 0, has_year_zero=False)
 cftime.DatetimeGregorian(2012, 10, 18, 12, 0, 0, 0, has_year_zero=False)
 cftime.DatetimeGregorian(2012, 10, 18, 18, 0, 0, 0, has_year_zero=False)
 cftime.DatetimeGregorian(2012, 10, 19, 0, 0, 0, 0, has_year_zero=False)]' standard_names='['specific_humidity']'
2025-03-30 20:07:56 INFO Opening candidate '20121017_12_ecmwf_forecast.SEA.EUR_LL015.036.sfc.nc'
2025-03-30 20:07:56 INFO File '20121017_12_ecmwf_forecast.SEA.EUR_LL015.036.sfc.nc' identified as 'sfc' type
2025-03-30 20:07:56 INFO Found init time '2012-10-17 12:00:00', 7 valid_times and 1 standard_names
2025-03-30 20:07:56 DEBUG valid_times='[cftime.DatetimeGregorian(2012, 10, 17, 12, 0, 0, 0, has_year_zero=False)
 cftime.DatetimeGregorian(2012, 10, 17, 18, 0, 0, 0, has_year_zero=False)
 cftime.DatetimeGregorian(2012, 10, 18, 0, 0, 0, 0, has_year_zero=False)
 cftime.DatetimeGregorian(2012, 10, 18, 6, 0, 0, 0, has_year_zero=False)
 cftime.DatetimeGregorian(2012, 10, 18, 12, 0, 0, 0, has_year_zero=False)
 cftime.DatetimeGregorian(2012, 10, 18, 18, 0, 0, 0, has_year_zero=False)
 cftime.DatetimeGregorian(2012, 10, 19, 0, 0, 0, 0, has_year_zero=False)]' standard_names='['solar_elevation_angle']'
2025-03-30 20:07:56 INFO Opening candidate '20121017_12_ecmwf_forecast.SFC.EUR_LL015.036.sfc.nc'
2025-03-30 20:07:56 INFO File '20121017_12_ecmwf_forecast.SFC.EUR_LL015.036.sfc.nc' identified as 'sfc' type
2025-03-30 20:07:56 INFO Found init time '2012-10-17 12:00:00', 7 valid_times and 15 standard_names
2025-03-30 20:07:56 DEBUG valid_times='[cftime.DatetimeGregorian(2012, 10, 17, 12, 0, 0, 0, has_year_zero=False)
 cftime.DatetimeGregorian(2012, 10, 17, 18, 0, 0, 0, has_year_zero=False)
 cftime.DatetimeGregorian(2012, 10, 18, 0, 0, 0, 0, has_year_zero=False)
 cftime.DatetimeGregorian(2012, 10, 18, 6, 0, 0, 0, has_year_zero=False)
 cftime.DatetimeGregorian(2012, 10, 18, 12, 0, 0, 0, has_year_zero=False)
 cftime.DatetimeGregorian(2012, 10, 18, 18, 0, 0, 0, has_year_zero=False)
 cftime.DatetimeGregorian(2012, 10, 19, 0, 0, 0, 0, has_year_zero=False)]' standard_names='['surface_geopotential', 'air_pressure_at_sea_level', 'total_cloud_cover', 'land_binary_mask', 'low_cloud_area_fraction', 'medium_cloud_area_fraction', 'high_cloud_area_fraction', 'surface_eastward_wind', 'surface_northward_wind', 'sea_ice_area_fraction', 'msg_brightness_temperature_108', 'atmosphere_boundary_layer_thickness', 'emac_column_density', 'tropopause_altitude', 'secondary_tropopause_altitude']'
2025-03-30 20:07:56 INFO Opening candidate '20121017_12_ecmwf_forecast.T.EUR_LL015.036.ml.nc'
2025-03-30 20:07:56 INFO File '20121017_12_ecmwf_forecast.T.EUR_LL015.036.ml.nc' identified as 'ml' type
2025-03-30 20:07:56 INFO Found init time '2012-10-17 12:00:00', 7 valid_times and 1 standard_names
2025-03-30 20:07:56 DEBUG valid_times='[cftime.DatetimeGregorian(2012, 10, 17, 12, 0, 0, 0, has_year_zero=False)
 cftime.DatetimeGregorian(2012, 10, 17, 18, 0, 0, 0, has_year_zero=False)
 cftime.DatetimeGregorian(2012, 10, 18, 0, 0, 0, 0, has_year_zero=False)
 cftime.DatetimeGregorian(2012, 10, 18, 6, 0, 0, 0, has_year_zero=False)
 cftime.DatetimeGregorian(2012, 10, 18, 12, 0, 0, 0, has_year_zero=False)
 cftime.DatetimeGregorian(2012, 10, 18, 18, 0, 0, 0, has_year_zero=False)
 cftime.DatetimeGregorian(2012, 10, 19, 0, 0, 0, 0, has_year_zero=False)]' standard_names='['air_temperature']'
2025-03-30 20:07:56 INFO Opening candidate '20121017_12_ecmwf_forecast.THETA.EUR_LL015.036.ml.nc'
2025-03-30 20:07:56 INFO File '20121017_12_ecmwf_forecast.THETA.EUR_LL015.036.ml.nc' identified as 'ml' type
2025-03-30 20:07:56 INFO Found init time '2012-10-17 12:00:00', 7 valid_times and 1 standard_names
2025-03-30 20:07:56 DEBUG valid_times='[cftime.DatetimeGregorian(2012, 10, 17, 12, 0, 0, 0, has_year_zero=False)
 cftime.DatetimeGregorian(2012, 10, 17, 18, 0, 0, 0, has_year_zero=False)
 cftime.DatetimeGregorian(2012, 10, 18, 0, 0, 0, 0, has_year_zero=False)
 cftime.DatetimeGregorian(2012, 10, 18, 6, 0, 0, 0, has_year_zero=False)
 cftime.DatetimeGregorian(2012, 10, 18, 12, 0, 0, 0, has_year_zero=False)
 cftime.DatetimeGregorian(2012, 10, 18, 18, 0, 0, 0, has_year_zero=False)
 cftime.DatetimeGregorian(2012, 10, 19, 0, 0, 0, 0, has_year_zero=False)]' standard_names='['air_potential_temperature']'
2025-03-30 20:07:56 INFO Opening candidate '20121017_12_ecmwf_forecast.THETA_LEVELS.EUR_LL015.036.tl.nc'
2025-03-30 20:07:56 INFO File '20121017_12_ecmwf_forecast.THETA_LEVELS.EUR_LL015.036.tl.nc' identified as 'tl' type
2025-03-30 20:07:56 INFO Found init time '2012-10-17 12:00:00', 7 valid_times and 3 standard_names
2025-03-30 20:07:56 DEBUG valid_times='[cftime.DatetimeGregorian(2012, 10, 17, 12, 0, 0, 0, has_year_zero=False)
 cftime.DatetimeGregorian(2012, 10, 17, 18, 0, 0, 0, has_year_zero=False)
 cftime.DatetimeGregorian(2012, 10, 18, 0, 0, 0, 0, has_year_zero=False)
 cftime.DatetimeGregorian(2012, 10, 18, 6, 0, 0, 0, has_year_zero=False)
 cftime.DatetimeGregorian(2012, 10, 18, 12, 0, 0, 0, has_year_zero=False)
 cftime.DatetimeGregorian(2012, 10, 18, 18, 0, 0, 0, has_year_zero=False)
 cftime.DatetimeGregorian(2012, 10, 19, 0, 0, 0, 0, has_year_zero=False)]' standard_names='['air_pressure', 'ertel_potential_vorticity', 'mole_fraction_of_ozone_in_air']'
2025-03-30 20:07:56 INFO Opening candidate '20121017_12_ecmwf_forecast.U.EUR_LL015.036.ml.nc'
2025-03-30 20:07:56 INFO File '20121017_12_ecmwf_forecast.U.EUR_LL015.036.ml.nc' identified as 'ml' type
2025-03-30 20:07:56 INFO Found init time '2012-10-17 12:00:00', 7 valid_times and 1 standard_names
2025-03-30 20:07:56 DEBUG valid_times='[cftime.DatetimeGregorian(2012, 10, 17, 12, 0, 0, 0, has_year_zero=False)
 cftime.DatetimeGregorian(2012, 10, 17, 18, 0, 0, 0, has_year_zero=False)
 cftime.DatetimeGregorian(2012, 10, 18, 0, 0, 0, 0, has_year_zero=False)
 cftime.DatetimeGregorian(2012, 10, 18, 6, 0, 0, 0, has_year_zero=False)
 cftime.DatetimeGregorian(2012, 10, 18, 12, 0, 0, 0, has_year_zero=False)
 cftime.DatetimeGregorian(2012, 10, 18, 18, 0, 0, 0, has_year_zero=False)
 cftime.DatetimeGregorian(2012, 10, 19, 0, 0, 0, 0, has_year_zero=False)]' standard_names='['eastward_wind']'
2025-03-30 20:07:56 INFO Opening candidate '20121017_12_ecmwf_forecast.V.EUR_LL015.036.ml.nc'
2025-03-30 20:07:56 INFO File '20121017_12_ecmwf_forecast.V.EUR_LL015.036.ml.nc' identified as 'ml' type
2025-03-30 20:07:56 INFO Found init time '2012-10-17 12:00:00', 7 valid_times and 1 standard_names
2025-03-30 20:07:56 DEBUG valid_times='[cftime.DatetimeGregorian(2012, 10, 17, 12, 0, 0, 0, has_year_zero=False)
 cftime.DatetimeGregorian(2012, 10, 17, 18, 0, 0, 0, has_year_zero=False)
 cftime.DatetimeGregorian(2012, 10, 18, 0, 0, 0, 0, has_year_zero=False)
 cftime.DatetimeGregorian(2012, 10, 18, 6, 0, 0, 0, has_year_zero=False)
 cftime.DatetimeGregorian(2012, 10, 18, 12, 0, 0, 0, has_year_zero=False)
 cftime.DatetimeGregorian(2012, 10, 18, 18, 0, 0, 0, has_year_zero=False)
 cftime.DatetimeGregorian(2012, 10, 19, 0, 0, 0, 0, has_year_zero=False)]' standard_names='['northward_wind']'
2025-03-30 20:07:56 INFO Opening candidate '20121017_12_ecmwf_forecast.W.EUR_LL015.036.ml.nc'
2025-03-30 20:07:57 INFO File '20121017_12_ecmwf_forecast.W.EUR_LL015.036.ml.nc' identified as 'ml' type
2025-03-30 20:07:57 INFO Found init time '2012-10-17 12:00:00', 7 valid_times and 1 standard_names
2025-03-30 20:07:57 DEBUG valid_times='[cftime.DatetimeGregorian(2012, 10, 17, 12, 0, 0, 0, has_year_zero=False)
 cftime.DatetimeGregorian(2012, 10, 17, 18, 0, 0, 0, has_year_zero=False)
 cftime.DatetimeGregorian(2012, 10, 18, 0, 0, 0, 0, has_year_zero=False)
 cftime.DatetimeGregorian(2012, 10, 18, 6, 0, 0, 0, has_year_zero=False)
 cftime.DatetimeGregorian(2012, 10, 18, 12, 0, 0, 0, has_year_zero=False)
 cftime.DatetimeGregorian(2012, 10, 18, 18, 0, 0, 0, has_year_zero=False)
 cftime.DatetimeGregorian(2012, 10, 19, 0, 0, 0, 0, has_year_zero=False)]' standard_names='['lagrangian_tendency_of_air_pressure']'
2025-03-30 20:07:57 DEBUG using plot object 'mole_fraction_of_ozone_in_air_pl'
2025-03-30 20:07:57 DEBUG 	figure size (800, 600) in pixels
2025-03-30 20:07:57 DEBUG 	requested initialisation time 2012-10-17 12:00:00
2025-03-30 20:07:57 DEBUG 	requested forecast valid time 2012-10-17 12:00:00
2025-03-30 20:07:57 DEBUG 	variable 'mole_fraction_of_ozone_in_air' requires input file '20121017_12_ecmwf_forecast.PRESSURE_LEVELS.EUR_LL015.036.pl.nc'
2025-03-30 20:07:57 DEBUG 	variable 'ertel_potential_vorticity' requires input file '20121017_12_ecmwf_forecast.PRESSURE_LEVELS.EUR_LL015.036.pl.nc'
2025-03-30 20:07:57 DEBUG opening datasets.
2025-03-30 20:07:57 DEBUG 	identified variable <mole_fraction_of_ozone_in_air> for field <mole_fraction_of_ozone_in_air>
2025-03-30 20:07:57 DEBUG 	identified variable <ertel_potential_vorticity> for field <ertel_potential_vorticity>
2025-03-30 20:07:57 DEBUG loading data for time step 0 (2012-10-17 12:00:00), level index 7 (level 300.0)
2025-03-30 20:07:57 DEBUG 	Loaded 0.02 Mbytes from data field <mole_fraction_of_ozone_in_air>.
2025-03-30 20:07:57 DEBUG 	Loaded 0.02 Mbytes from data field <ertel_potential_vorticity>.
2025-03-30 20:07:57 DEBUG Loaded data (required time 0:00:00.001536).
2025-03-30 20:07:57 DEBUG Plotting horizontal section.
2025-03-30 20:07:57 DEBUG Identified CRS 'epsg:4326' as '{'basemap': {'epsg': '4326'}, 'bbox': 'degree'}'
2025-03-30 20:07:57 DEBUG Identified CRS 'epsg:4326' as '{'basemap': {'epsg': '4326'}, 'bbox': 'degree'}'
2025-03-30 20:07:57 DEBUG plotting data..
2025-03-30 20:07:57 DEBUG preparing additional data fields..
2025-03-30 20:07:57 DEBUG creating figure..
2025-03-30 20:07:57 DEBUG 	with frame and legends
2025-03-30 20:07:57 DEBUG Loaded '({'epsg': '4326'}, [-22.5, 27.5, 55, 62.5], 'degree')' from basemap cache
2025-03-30 20:07:57 DEBUG shifting data grid to leftmost longitude in map -22..
2025-03-30 20:07:57 DEBUG converting image to indexed palette.
2025-03-30 20:07:57 DEBUG saving figure as non-transparent PNG.
2025-03-30 20:07:57 DEBUG returning figure..
2025-03-30 20:07:57 DEBUG Finished plotting (required time 0:00:00.328174; total time 0:00:00.329710).

2025-03-30 20:07:57 DEBUG using plot object 'mole_fraction_of_ozone_in_air_pl'
2025-03-30 20:07:57 DEBUG 	figure size (800, 600) in pixels
2025-03-30 20:07:57 DEBUG 	requested initialisation time 2012-10-17 12:00:00
2025-03-30 20:07:57 DEBUG 	requested forecast valid time 2012-10-17 12:00:00
2025-03-30 20:07:57 DEBUG 	variable 'mole_fraction_of_ozone_in_air' requires input file '20121017_12_ecmwf_forecast.PRESSURE_LEVELS.EUR_LL015.036.pl.nc'
2025-03-30 20:07:57 DEBUG 	variable 'ertel_potential_vorticity' requires input file '20121017_12_ecmwf_forecast.PRESSURE_LEVELS.EUR_LL015.036.pl.nc'
2025-03-30 20:07:57 DEBUG opening datasets.
2025-03-30 20:07:57 DEBUG 	identified variable <mole_fraction_of_ozone_in_air> for field <mole_fraction_of_ozone_in_air>
2025-03-30 20:07:57 DEBUG 	identified variable <ertel_potential_vorticity> for field <ertel_potential_vorticity>
2025-03-30 20:07:57 DEBUG loading data for time step 0 (2012-10-17 12:00:00), level index 7 (level 300.0)
2025-03-30 20:07:57 DEBUG 	Loaded 0.02 Mbytes from data field <mole_fraction_of_ozone_in_air>.
2025-03-30 20:07:57 DEBUG 	Loaded 0.02 Mbytes from data field <ertel_potential_vorticity>.
2025-03-30 20:07:57 DEBUG Loaded data (required time 0:00:00.001417).
2025-03-30 20:07:57 DEBUG Plotting horizontal section.
2025-03-30 20:07:57 DEBUG Identified CRS 'epsg:4326' as '{'basemap': {'epsg': '4326'}, 'bbox': 'degree'}'
2025-03-30 20:07:57 DEBUG Identified CRS 'epsg:4326' as '{'basemap': {'epsg': '4326'}, 'bbox': 'degree'}'
2025-03-30 20:07:57 DEBUG plotting data..
2025-03-30 20:07:57 DEBUG preparing additional data fields..
2025-03-30 20:07:57 DEBUG creating figure..
2025-03-30 20:07:57 DEBUG 	without frame
2025-03-30 20:07:57 DEBUG Loaded '({'epsg': '4326'}, [-22.5, 27.5, 55, 62.5], 'degree')' from basemap cache
2025-03-30 20:07:57 DEBUG shifting data grid to leftmost longitude in map -22..
2025-03-30 20:07:57 DEBUG converting image to indexed palette.
2025-03-30 20:07:57 DEBUG saving figure as non-transparent PNG.
2025-03-30 20:07:57 DEBUG returning figure..
2025-03-30 20:07:57 DEBUG Finished plotting (required time 0:00:00.337001; total time 0:00:00.338418).

2025-03-30 20:07:58 DEBUG No user settings found, using default settings
2025-03-30 20:07:58 INFO Files identified for domain 'EUR_LL015': ['20121017_12_ecmwf_forecast.ALTITUDE_LEVELS.EUR_LL015.036.al.nc', '20121017_12_ecmwf_forecast.CC.EUR_LL015.036.ml.nc', '20121017_12_ecmwf_forecast.CIWC.EUR_LL015.036.ml.nc', '20121017_12_ecmwf_forecast.CLWC.EUR_LL015.036.ml.nc', '20121017_12_ecmwf_forecast.DIV.EUR_LL015.036.ml.nc', '20121017_12_ecmwf_forecast.EMAC.EUR_LL015.036.ml.nc', '20121017_12_ecmwf_forecast.GPH.EUR_LL015.036.ml.nc', '20121017_12_ecmwf_forecast.O3.EUR_LL015.036.ml.nc', '20121017_12_ecmwf_forecast.PRESSURE_LEVELS.EUR_LL015.036.pl.nc', '20121017_12_ecmwf_forecast.PVU.EUR_LL015.036.pv.nc', '20121017_12_ecmwf_forecast.PV_derived.EUR_LL015.036.ml.nc', '20121017_12_ecmwf_forecast.P_derived.EUR_LL015.036.ml.nc', '20121017_12_ecmwf_forecast.ProbWCB_LAGRANTO_derived.EUR_LL015.036.ml.nc', '20121017_12_ecmwf_forecast.ProbWCB_LAGRANTO_derived.EUR_LL015.036.sfc.nc', '20121017_12_ecmwf_forecast.Q.EUR_LL015.036.ml.nc', '20121017_12_ecmwf_forecast.SEA.EUR_LL015.036.sfc.nc', '20121017_12_ecmwf_forecast.SFC.EUR_LL015.036.sfc.nc', '20121017_12_ecmwf_forecast.T.EUR_LL015.036.ml.nc', '20121017_12_ecmwf_forecast.THETA.EUR_LL015.036.ml.nc', '20121017_12_ecmwf_forecast.THETA_LEVELS.EUR_LL015.036.tl.nc', '20121017_12_ecmwf_forecast.U.EUR_LL015.036.ml.nc', '20121017_12_ecmwf_forecast.V.EUR_LL015.036.ml.nc', '20121017_12_ecmwf_forecast.W.EUR_LL015.036.ml.nc']
2025-03-30 20:07:58 INFO Opening candidate '20121017_12_ecmwf_forecast.ALTITUDE_LEVELS.EUR_LL015.036.al.nc'
2025-03-30 20:07:58 INFO File '20121017_12_ecmwf_forecast.ALTITUDE_LEVELS.EUR_LL015.036.al.nc' identified as 'al' type
2025-03-30 20:07:58 INFO Found init time '2012-10-17 12:00:00', 7 valid_times and 3 standard_names
2025-03-30 20:07:58 DEBUG valid_times='[cftime.DatetimeGregorian(2012, 10, 17, 12, 0, 0, 0, has_year_zero=False)
 cftime.DatetimeGregorian(2012, 10, 17, 18, 0, 0, 0, has_year_zero=False)
 cftime.DatetimeGregorian(2012, 10, 18, 0, 0, 0, 0, has_year_zero=False)
 cftime.DatetimeGregorian(2012, 10, 18, 6, 0, 0, 0, has_year_zero=False)
 cftime.DatetimeGregorian(2012, 10, 18, 12, 0, 0, 0, has_year_zero=False)
 cftime.DatetimeGregorian(2012, 10, 18, 18, 0, 0, 0, has_year_zero=False)
 cftime.DatetimeGregorian(2012, 10, 19, 0, 0, 0, 0, has_year_zero=False)]' standard_names='['air_pressure', 'ertel_potential_vorticity', 'mole_fraction_of_ozone_in_air']'
2025-03-30 20:07:58 INFO Opening candidate '20121017_12_ecmwf_forecast.CC.EUR_LL015.036.ml.nc'
2025-03-30 20:07:58 INFO File '20121017_12_ecmwf_forecast.CC.EUR_LL015.036.ml.nc' identified as 'ml' type
2025-03-30 20:07:58 INFO Found init time '2012-10-17 12:00:00', 7 valid_times and 1 standard_names
2025-03-30 20:07:58 DEBUG valid_times='[cftime.DatetimeGregorian(2012, 10, 17, 12, 0, 0, 0, has_year_zero=False)
 cftime.DatetimeGregorian(2012, 10, 17, 18, 0, 0, 0, has_year_zero=False)
 cftime.DatetimeGregorian(2012, 10, 18, 0, 0, 0, 0, has_year_zero=False)
 cftime.DatetimeGregorian(2012, 10, 18, 6, 0, 0, 0, has_year_zero=False)
 cftime.DatetimeGregorian(2012, 10, 18, 12, 0, 0, 0, has_year_zero=False)
 cftime.DatetimeGregorian(2012, 10, 18, 18, 0, 0, 0, has_year_zero=False)
 cftime.DatetimeGregorian(2012, 10, 19, 0, 0, 0, 0, has_year_zero=False)]' standard_names='['cloud_area_fraction_in_atmosphere_layer']'
2025-03-30 20:07:58 INFO Opening candidate '20121017_12_ecmwf_forecast.CIWC.EUR_LL015.036.ml.nc'
2025-03-30 20:07:58 INFO File '20121017_12_ecmwf_forecast.CIWC.EUR_LL015.036.ml.nc' identified as 'ml' type
2025-03-30 20:07:58 INFO Found init time '2012-10-17 12:00:00', 7 valid_times and 1 standard_names
2025-03-30 20:07:58 DEBUG valid_times='[cftime.DatetimeGregorian(2012, 10, 17, 12, 0, 0, 0, has_year_zero=False)
 cftime.DatetimeGregorian(2012, 10, 17, 18, 0, 0, 0, has_year_zero=False)
 cftime.DatetimeGregorian(2012, 10, 18, 0, 0, 0, 0, has_year_zero=False)
 cftime.DatetimeGregorian(2012, 10, 18, 6, 0, 0, 0, has_year_zero=False)
 cftime.DatetimeGregorian(2012, 10, 18, 12, 0, 0, 0, has_year_zero=False)
 cftime.DatetimeGregorian(2012, 10, 18, 18, 0, 0, 0, has_year_zero=False)
 cftime.DatetimeGregorian(2012, 10, 19, 0, 0, 0, 0, has_year_zero=False)]' standard_names='['specific_cloud_ice_water_content']'
2025-03-30 20:07:58 INFO Opening candidate '20121017_12_ecmwf_forecast.CLWC.EUR_LL015.036.ml.nc'
2025-03-30 20:07:58 INFO File '20121017_12_ecmwf_forecast.CLWC.EUR_LL015.036.ml.nc' identified as 'ml' type
2025-03-30 20:07:58 INFO Found init time '2012-10-17 12:00:00', 7 valid_times and 1 standard_names
2025-03-30 20:07:58 DEBUG valid_times='[cftime.DatetimeGregorian(2012, 10, 17, 12, 0, 0, 0, has_year_zero=False)
 cftime.DatetimeGregorian(2012, 10, 17, 18, 0, 0, 0, has_year_zero=False)
 cftime.DatetimeGregorian(2012, 10, 18, 0, 0, 0, 0, has_year_zero=False)
 cftime.DatetimeGregorian(2012, 10, 18, 6, 0, 0, 0, has_year_zero=False)
 cftime.DatetimeGregorian(2012, 10, 18, 12, 0, 0, 0, has_year_zero=False)
 cftime.DatetimeGregorian(2012, 10, 18, 18, 0, 0, 0, has_year_zero=False)
 cftime.DatetimeGregorian(2012, 10, 19, 0, 0, 0, 0, has_year_zero=False)]' standard_names='['specific_cloud_liquid_water_content']'
2025-03-30 20:07:58 INFO Opening candidate '20121017_12_ecmwf_forecast.DIV.EUR_LL015.036.ml.nc'
2025-03-30 20:07:58 INFO File '20121017_12_ecmwf_forecast.DIV.EUR_LL015.036.ml.nc' identified as 'ml' type
2025-03-30 20:07:58 INFO Found init time '2012-10-17 12:00:00', 7 valid_times and 1 standard_names
2025-03-30 20:07:58 DEBUG valid_times='[cftime.DatetimeGregorian(2012, 10, 17, 12, 0, 0, 0, has_year_zero=False)
 cftime.DatetimeGregorian(2012, 10, 17, 18, 0, 0, 0, has_year_zero=False)
 cftime.DatetimeGregorian(2012, 10, 18, 0, 0, 0, 0, has_year_zero=False)
 cftime.DatetimeGregorian(2012, 10, 18, 6, 0, 0, 0, has_year_zero=False)
 cftime.DatetimeGregorian(2012, 10, 18, 12, 0, 0, 0, has_year_zero=False)
 cftime.DatetimeGregorian(2012, 10, 18, 18, 0, 0, 0, has_year_zero=False)
 cftime.DatetimeGregorian(2012, 10, 19, 0, 0, 0, 0, has_year_zero=False)]' standard_names='['divergence_of_wind']'
2025-03-30 20:07:58 INFO Opening candidate '20121017_12_ecmwf_forecast.EMAC.EUR_LL015.036.ml.nc'
2025-03-30 20:07:58 INFO File '20121017_12_ecmwf_forecast.EMAC.EUR_LL015.036.ml.nc' identified as 'ml' type
2025-03-30 20:07:58 INFO Found init time '2012-10-17 12:00:00', 7 valid_times and 1 standard_names
2025-03-30 20:07:58 DEBUG valid_times='[cftime.DatetimeGregorian(2012, 10, 17, 12, 0, 0, 0, has_year_zero=False)
 cftime.DatetimeGregorian(2012, 10, 17, 18, 0, 0, 0, has_year_zero=False)
 cftime.DatetimeGregorian(2012, 10, 18, 0, 0, 0, 0, has_year_zero=False)
 cftime.DatetimeGregorian(2012, 10, 18, 6, 0, 0, 0, has_year_zero=False)
 cftime.DatetimeGregorian(2012, 10, 18, 12, 0, 0, 0, has_year_zero=False)
 cftime.DatetimeGregorian(2012, 10, 18, 18, 0, 0, 0, has_year_zero=False)
 cftime.DatetimeGregorian(2012, 10, 19, 0, 0, 0, 0, has_year_zero=False)]' standard_names='['emac_R12']'
2025-03-30 20:07:58 INFO Opening candidate '20121017_12_ecmwf_forecast.GPH.EUR_LL015.036.ml.nc'
2025-03-30 20:07:58 INFO File '20121017_12_ecmwf_forecast.GPH.EUR_LL015.036.ml.nc' identified as 'ml' type
2025-03-30 20:07:58 INFO Found init time '2012-10-17 12:00:00', 7 valid_times and 1 standard_names
2025-03-30 20:07:58 DEBUG valid_times='[cftime.DatetimeGregorian(2012, 10, 17, 12, 0, 0, 0, has_year_zero=False)
 cftime.DatetimeGregorian(2012, 10, 17, 18, 0, 0, 0, has_year_zero=False)
 cftime.DatetimeGregorian(2012, 10, 18, 0, 0, 0, 0, has_year_zero=False)
 cftime.DatetimeGregorian(2012, 10, 18, 6, 0, 0, 0, has_year_zero=False)
 cftime.DatetimeGregorian(2012, 10, 18, 12, 0, 0, 0, has_year_zero=False)
 cftime.DatetimeGregorian(2012, 10, 18, 18, 0, 0, 0, has_year_zero=False)
 cftime.DatetimeGregorian(2012, 10, 19, 0, 0, 0, 0, has_year_zero=False)]' standard_names='['geopotential_height']'
2025-03-30 20:07:58 INFO Opening candidate '20121017_12_ecmwf_forecast.O3.EUR_LL015.036.ml.nc'
2025-03-30 20:07:58 INFO File '20121017_12_ecmwf_forecast.O3.EUR_LL015.036.ml.nc' identified as 'ml' type
2025-03-30 20:07:58 INFO Found init time '2012-10-17 12:00:00', 7 valid_times and 1 standard_names
2025-03-30 20:07:58 DEBUG valid_times='[cftime.DatetimeGregorian(2012, 10, 17, 12, 0, 0, 0, has_year_zero=False)
 cftime.DatetimeGregorian(2012, 10, 17, 18, 0, 0, 0, has_year_zero=False)
 cftime.DatetimeGregorian(2012, 10, 18, 0, 0, 0, 0, has_year_zero=False)
 cftime.DatetimeGregorian(2012, 10, 18, 6, 0, 0, 0, has_year_zero=False)
 cftime.DatetimeGregorian(2012, 10, 18, 12, 0, 0, 0, has_year_zero=False)
 cftime.DatetimeGregorian(2012, 10, 18, 18, 0, 0, 0, has_year_zero=False)
 cftime.DatetimeGregorian(2012, 10, 19, 0, 0, 0, 0, has_year_zero=False)]' standard_names='['mole_fraction_of_ozone_in_air']'
2025-03-30 20:07:58 INFO Opening candidate '20121017_12_ecmwf_forecast.PRESSURE_LEVELS.EUR_LL015.036.pl.nc'
2025-03-30 20:07:58 INFO File '20121017_12_ecmwf_forecast.PRESSURE_LEVELS.EUR_LL015.036.pl.nc' identified as 'pl' type
2025-03-30 20:07:58 INFO Found init time '2012-10-17 12:00:00', 7 valid_times and 16 standard_names
2025-03-30 20:07:58 DEBUG valid_times='[cftime.DatetimeGregorian(2012, 10, 17, 12, 0, 0, 0, has_year_zero=False)
 cftime.DatetimeGregorian(2012, 10, 17, 18, 0, 0, 0, has_year_zero=False)
 cftime.DatetimeGregorian(2012, 10, 18, 0, 0, 0, 0, has_year_zero=False)
 cftime.DatetimeGregorian(2012, 10, 18, 6, 0, 0, 0, has_year_zero=False)
 cftime.DatetimeGregorian(2012, 10, 18, 12, 0, 0, 0, has_year_zero=False)
 cftime.DatetimeGregorian(2012, 10, 18, 18, 0, 0, 0, has_year_zero=False)
 cftime.DatetimeGregorian(2012, 10, 19, 0, 0, 0, 0, has_year_zero=False)]' standard_names='['air_potential_temperature', 'air_pressure', 'air_temperature', 'eastward_wind', 'ertel_potential_vorticity', 'geopotential_height', 'northward_wind', 'specific_humidity', 'lagrangian_tendency_of_air_pressure', 'divergence_of_wind', 'mass_fraction_of_ozone_in_air', 'mole_fraction_of_ozone_in_air', 'equivalent_latitude', 'number_of_wcb_trajectories', 'number_of_insitu_trajectories', 'number_of_mix_trajectories']'
2025-03-30 20:07:58 INFO Opening candidate '20121017_12_ecmwf_forecast.PVU.EUR_LL015.036.pv.nc'
2025-03-30 20:07:58 INFO File '20121017_12_ecmwf_forecast.PVU.EUR_LL015.036.pv.nc' identified as 'pv' type
2025-03-30 20:07:58 INFO Found init time '2012-10-17 12:00:00', 7 valid_times and 3 standard_names
2025-03-30 20:07:58 DEBUG valid_times='[cftime.DatetimeGregorian(2012, 10, 17, 12, 0, 0, 0, has_year_zero=False)
 cftime.DatetimeGregorian(2012, 10, 17, 18, 0, 0, 0, has_year_zero=False)
 cftime.DatetimeGregorian(2012, 10, 18, 0, 0, 0, 0, has_year_zero=False)
 cftime.DatetimeGregorian(2012, 10, 18, 6, 0, 0, 0, has_year_zero=False)
 cftime.DatetimeGregorian(2012, 10, 18, 12, 0, 0, 0, has_year_zero=False)
 cftime.DatetimeGregorian(2012, 10, 18, 18, 0, 0, 0, has_year_zero=False)
 cftime.DatetimeGregorian(2012, 10, 19, 0, 0, 0, 0, has_year_zero=False)]' standard_names='['air_potential_temperature', 'geopotential_height', 'air_pressure']'
2025-03-30 20:07:58 INFO Opening candidate '20121017_12_ecmwf_forecast.PV_derived.EUR_LL015.036.ml.nc'
2025-03-30 20:07:58 INFO File '20121017_12_ecmwf_forecast.PV_derived.EUR_LL015.036.ml.nc' identified as 'ml' type
2025-03-30 20:07:58 INFO Found init time '2012-10-17 12:00:00', 7 valid_times and 1 standard_names
2025-03-30 20:07:58 DEBUG valid_times='[cftime.DatetimeGregorian(2012, 10, 17, 12, 0, 0, 0, has_year_zero=False)
 cftime.DatetimeGregorian(2012, 10, 17, 18, 0, 0, 0, has_year_zero=False)
 cftime.DatetimeGregorian(2012, 10, 18, 0, 0, 0, 0, has_year_zero=False)
 cftime.DatetimeGregorian(2012, 10, 18, 6, 0, 0, 0, has_year_zero=False)
 cftime.DatetimeGregorian(2012, 10, 18, 12, 0, 0, 0, has_year_zero=False)
 cftime.DatetimeGregorian(2012, 10, 18, 18, 0, 0, 0, has_year_zero=False)
 cftime.DatetimeGregorian(2012, 10, 19, 0, 0, 0, 0, has_year_zero=False)]' standard_names='['ertel_potential_vorticity']'
2025-03-30 20:07:58 INFO Opening candidate '20121017_12_ecmwf_forecast.P_derived.EUR_LL015.036.ml.nc'
2025-03-30 20:07:58 INFO File '20121017_12_ecmwf_forecast.P_derived.EUR_LL015.036.ml.nc' identified as 'ml' type
2025-03-30 20:07:58 INFO Found init time '2012-10-17 12:00:00', 7 valid_times and 1 standard_names
2025-03-30 20:07:58 DEBUG valid_times='[cftime.DatetimeGregorian(2012, 10, 17, 12, 0, 0, 0, has_year_zero=False)
 cftime.DatetimeGregorian(2012, 10, 17, 18, 0, 0, 0, has_year_zero=False)
 cftime.DatetimeGregorian(2012, 10, 18, 0, 0, 0, 0, has_year_zero=False)
 cftime.DatetimeGregorian(2012, 10, 18, 6, 0, 0, 0, has_year_zero=False)
 cftime.DatetimeGregorian(2012, 10, 18, 12, 0, 0, 0, has_year_zero=False)
 cftime.DatetimeGregorian(2012, 10, 18, 18, 0, 0, 0, has_year_zero=False)
 cftime.DatetimeGregorian(2012, 10, 19, 0, 0, 0, 0, has_year_zero=False)]' standard_names='['air_pressure']'
2025-03-30 20:07:58 INFO Opening candidate '20121017_12_ecmwf_forecast.ProbWCB_LAGRANTO_derived.EUR_LL015.036.ml.nc'
2025-03-30 20:07:58 INFO File '20121017_12_ecmwf_forecast.ProbWCB_LAGRANTO_derived.EUR_LL015.036.ml.nc' identified as 'ml' type
2025-03-30 20:07:58 INFO Found init time '2012-10-17 12:00:00', 7 valid_times and 1 standard_names
2025-03-30 20:07:58 DEBUG valid_times='[cftime.DatetimeGregorian(2012, 10, 17, 12, 0, 0, 0, has_year_zero=False)
 cftime.DatetimeGregorian(2012, 10, 17, 18, 0, 0, 0, has_year_zero=False)
 cftime.DatetimeGregorian(2012, 10, 18, 0, 0, 0, 0, has_year_zero=False)
 cftime.DatetimeGregorian(2012, 10, 18, 6, 0, 0, 0, has_year_zero=False)
 cftime.DatetimeGregorian(2012, 10, 18, 12, 0, 0, 0, has_year_zero=False)
 cftime.DatetimeGregorian(2012, 10, 18, 18, 0, 0, 0, has_year_zero=False)
 cftime.DatetimeGregorian(2012, 10, 19, 0, 0, 0, 0, has_year_zero=False)]' standard_names='['probability_of_wcb_occurrence']'
2025-03-30 20:07:58 INFO Opening candidate '20121017_12_ecmwf_forecast.ProbWCB_LAGRANTO_derived.EUR_LL015.036.sfc.nc'
2025-03-30 20:07:58 INFO File '20121017_12_ecmwf_forecast.ProbWCB_LAGRANTO_derived.EUR_LL015.036.sfc.nc' identified as 'sfc' type
2025-03-30 20:07:58 INFO Found init time '2012-10-17 12:00:00', 7 valid_times and 1 standard_names
2025-03-30 20:07:58 DEBUG valid_times='[cftime.DatetimeGregorian(2012, 10, 17, 12, 0, 0, 0, has_year_zero=False)
 cftime.DatetimeGregorian(2012, 10, 17, 18, 0, 0, 0, has_year_zero=False)
 cftime.DatetimeGregorian(2012, 10, 18, 0, 0, 0, 0, has_year_zero=False)
 cftime.DatetimeGregorian(2012, 10, 18, 6, 0, 0, 0, has_year_zero=False)
 cftime.DatetimeGregorian(2012, 10, 18, 12, 0, 0, 0, has_year_zero=False)
 cftime.DatetimeGregorian(2012, 10, 18, 18, 0, 0, 0, has_year_zero=False)
 cftime.DatetimeGregorian(2012, 10, 19, 0, 0, 0, 0, has_year_zero=False)]' standard_names='['vertically_integrated_probability_of_wcb_occurrence']'
2025-03-30 20:07:58 INFO Opening candidate '20121017_12_ecmwf_forecast.Q.EUR_LL015.036.ml.nc'
2025-03-30 20:07:58 INFO File '20121017_12_ecmwf_forecast.Q.EUR_LL015.036.ml.nc' identified as 'ml' type
2025-03-30 20:07:58 INFO Found init time '2012-10-17 12:00:00', 7 valid_times and 1 standard_names
2025-03-30 20:07:58 DEBUG valid_times='[cftime.DatetimeGregorian(2012, 10, 17, 12, 0, 0, 0, has_year_zero=False)
 cftime.DatetimeGregorian(2012, 10, 17, 18, 0, 0, 0, has_year_zero=False)
 cftime.DatetimeGregorian(2012, 10, 18, 0, 0, 0, 0, has_year_zero=False)
 cftime.DatetimeGregorian(2012, 10, 18, 6, 0, 0, 0, has_year_zero=False)
 cftime.DatetimeGregorian(2012, 10, 18, 12, 0, 0, 0, has_year_zero=False)
 cftime.DatetimeGregorian(2012, 10, 18, 18, 0, 0, 0, has_year_zero=False)
 cftime.DatetimeGregorian(2012, 10, 19, 0, 0, 0, 0, has_year_zero=False)]' standard_names='['specific_humidity']'
2025-03-30 20:07:58 INFO Opening candidate '20121017_12_ecmwf_forecast.SEA.EUR_LL015.036.sfc.nc'
2025-03-30 20:07:58 INFO File '20121017_12_ecmwf_forecast.SEA.EUR_LL015.036.sfc.nc' identified as 'sfc' type
2025-03-30 20:07:58 INFO Found init time '2012-10-17 12:00:00', 7 valid_times and 1 standard_names
2025-03-30 20:07:58 DEBUG valid_times='[cftime.DatetimeGregorian(2012, 10, 17, 12, 0, 0, 0, has_year_zero=False)
 cftime.DatetimeGregorian(2012, 10, 17, 18, 0, 0, 0, has_year_zero=False)
 cftime.DatetimeGregorian(2012, 10, 18, 0, 0, 0, 0, has_year_zero=False)
 cftime.DatetimeGregorian(2012, 10, 18, 6, 0, 0, 0, has_year_zero=False)
 cftime.DatetimeGregorian(2012, 10, 18, 12, 0, 0, 0, has_year_zero=False)
 cftime.DatetimeGregorian(2012, 10, 18, 18, 0, 0, 0, has_year_zero=False)
 cftime.DatetimeGregorian(2012, 10, 19, 0, 0, 0, 0, has_year_zero=False)]' standard_names='['solar_elevation_angle']'
2025-03-30 20:07:58 INFO Opening candidate '20121017_12_ecmwf_forecast.SFC.EUR_LL015.036.sfc.nc'
2025-03-30 20:07:58 INFO File '20121017_12_ecmwf_forecast.SFC.EUR_LL015.036.sfc.nc' identified as 'sfc' type
2025-03-30 20:07:58 INFO Found init time '2012-10-17 12:00:00', 7 valid_times and 15 standard_names
2025-03-30 20:07:58 DEBUG valid_times='[cftime.DatetimeGregorian(2012, 10, 17, 12, 0, 0, 0, has_year_zero=False)
 cftime.DatetimeGregorian(2012, 10, 17, 18, 0, 0, 0, has_year_zero=False)
 cftime.DatetimeGregorian(2012, 10, 18, 0, 0, 0, 0, has_year_zero=False)
 cftime.DatetimeGregorian(2012, 10, 18, 6, 0, 0, 0, has_year_zero=False)
 cftime.DatetimeGregorian(2012, 10, 18, 12, 0, 0, 0, has_year_zero=False)
 cftime.DatetimeGregorian(2012, 10, 18, 18, 0, 0, 0, has_year_zero=False)
 cftime.DatetimeGregorian(2012, 10, 19, 0, 0, 0, 0, has_year_zero=False)]' standard_names='['surface_geopotential', 'air_pressure_at_sea_level', 'total_cloud_cover', 'land_binary_mask', 'low_cloud_area_fraction', 'medium_cloud_area_fraction', 'high_cloud_area_fraction', 'surface_eastward_wind', 'surface_northward_wind', 'sea_ice_area_fraction', 'msg_brightness_temperature_108', 'atmosphere_boundary_layer_thickness', 'emac_column_density', 'tropopause_altitude', 'secondary_tropopause_altitude']'
2025-03-30 20:07:58 INFO Opening candidate '20121017_12_ecmwf_forecast.T.EUR_LL015.036.ml.nc'
2025-03-30 20:07:58 INFO File '20121017_12_ecmwf_forecast.T.EUR_LL015.036.ml.nc' identified as 'ml' type
2025-03-30 20:07:58 INFO Found init time '2012-10-17 12:00:00', 7 valid_times and 1 standard_names
2025-03-30 20:07:58 DEBUG valid_times='[cftime.DatetimeGregorian(2012, 10, 17, 12, 0, 0, 0, has_year_zero=False)
 cftime.DatetimeGregorian(2012, 10, 17, 18, 0, 0, 0, has_year_zero=False)
 cftime.DatetimeGregorian(2012, 10, 18, 0, 0, 0, 0, has_year_zero=False)
 cftime.DatetimeGregorian(2012, 10, 18, 6, 0, 0, 0, has_year_zero=False)
 cftime.DatetimeGregorian(2012, 10, 18, 12, 0, 0, 0, has_year_zero=False)
 cftime.DatetimeGregorian(2012, 10, 18, 18, 0, 0, 0, has_year_zero=False)
 cftime.DatetimeGregorian(2012, 10, 19, 0, 0, 0, 0, has_year_zero=False)]' standard_names='['air_temperature']'
2025-03-30 20:07:58 INFO Opening candidate '20121017_12_ecmwf_forecast.THETA.EUR_LL015.036.ml.nc'
2025-03-30 20:07:58 INFO File '20121017_12_ecmwf_forecast.THETA.EUR_LL015.036.ml.nc' identified as 'ml' type
2025-03-30 20:07:58 INFO Found init time '2012-10-17 12:00:00', 7 valid_times and 1 standard_names
2025-03-30 20:07:58 DEBUG valid_times='[cftime.DatetimeGregorian(2012, 10, 17, 12, 0, 0, 0, has_year_zero=False)
 cftime.DatetimeGregorian(2012, 10, 17, 18, 0, 0, 0, has_year_zero=False)
 cftime.DatetimeGregorian(2012, 10, 18, 0, 0, 0, 0, has_year_zero=False)
 cftime.DatetimeGregorian(2012, 10, 18, 6, 0, 0, 0, has_year_zero=False)
 cftime.DatetimeGregorian(2012, 10, 18, 12, 0, 0, 0, has_year_zero=False)
 cftime.DatetimeGregorian(2012, 10, 18, 18, 0, 0, 0, has_year_zero=False)
 cftime.DatetimeGregorian(2012, 10, 19, 0, 0, 0, 0, has_year_zero=False)]' standard_names='['air_potential_temperature']'
2025-03-30 20:07:58 INFO Opening candidate '20121017_12_ecmwf_forecast.THETA_LEVELS.EUR_LL015.036.tl.nc'
2025-03-30 20:07:58 INFO File '20121017_12_ecmwf_forecast.THETA_LEVELS.EUR_LL015.036.tl.nc' identified as 'tl' type
2025-03-30 20:07:58 INFO Found init time '2012-10-17 12:00:00', 7 valid_times and 3 standard_names
2025-03-30 20:07:58 DEBUG valid_times='[cftime.DatetimeGregorian(2012, 10, 17, 12, 0, 0, 0, has_year_zero=False)
 cftime.DatetimeGregorian(2012, 10, 17, 18, 0, 0, 0, has_year_zero=False)
 cftime.DatetimeGregorian(2012, 10, 18, 0, 0, 0, 0, has_year_zero=False)
 cftime.DatetimeGregorian(2012, 10, 18, 6, 0, 0, 0, has_year_zero=False)
 cftime.DatetimeGregorian(2012, 10, 18, 12, 0, 0, 0, has_year_zero=False)
 cftime.DatetimeGregorian(2012, 10, 18, 18, 0, 0, 0, has_year_zero=False)
 cftime.DatetimeGregorian(2012, 10, 19, 0, 0, 0, 0, has_year_zero=False)]' standard_names='['air_pressure', 'ertel_potential_vorticity', 'mole_fraction_of_ozone_in_air']'
2025-03-30 20:07:58 INFO Opening candidate '20121017_12_ecmwf_forecast.U.EUR_LL015.036.ml.nc'
2025-03-30 20:07:58 INFO File '20121017_12_ecmwf_forecast.U.EUR_LL015.036.ml.nc' identified as 'ml' type
2025-03-30 20:07:58 INFO Found init time '2012-10-17 12:00:00', 7 valid_times and 1 standard_names
2025-03-30 20:07:58 DEBUG valid_times='[cftime.DatetimeGregorian(2012, 10, 17, 12, 0, 0, 0, has_year_zero=False)
 cftime.DatetimeGregorian(2012, 10, 17, 18, 0, 0, 0, has_year_zero=False)
 cftime.DatetimeGregorian(2012, 10, 18, 0, 0, 0, 0, has_year_zero=False)
 cftime.DatetimeGregorian(2012, 10, 18, 6, 0, 0, 0, has_year_zero=False)
 cftime.DatetimeGregorian(2012, 10, 18, 12, 0, 0, 0, has_year_zero=False)
 cftime.DatetimeGregorian(2012, 10, 18, 18, 0, 0, 0, has_year_zero=False)
 cftime.DatetimeGregorian(2012, 10, 19, 0, 0, 0, 0, has_year_zero=False)]' standard_names='['eastward_wind']'
2025-03-30 20:07:58 INFO Opening candidate '20121017_12_ecmwf_forecast.V.EUR_LL015.036.ml.nc'
2025-03-30 20:07:58 INFO File '20121017_12_ecmwf_forecast.V.EUR_LL015.036.ml.nc' identified as 'ml' type
2025-03-30 20:07:58 INFO Found init time '2012-10-17 12:00:00', 7 valid_times and 1 standard_names
2025-03-30 20:07:58 DEBUG valid_times='[cftime.DatetimeGregorian(2012, 10, 17, 12, 0, 0, 0, has_year_zero=False)
 cftime.DatetimeGregorian(2012, 10, 17, 18, 0, 0, 0, has_year_zero=False)
 cftime.DatetimeGregorian(2012, 10, 18, 0, 0, 0, 0, has_year_zero=False)
 cftime.DatetimeGregorian(2012, 10, 18, 6, 0, 0, 0, has_year_zero=False)
 cftime.DatetimeGregorian(2012, 10, 18, 12, 0, 0, 0, has_year_zero=False)
 cftime.DatetimeGregorian(2012, 10, 18, 18, 0, 0, 0, has_year_zero=False)
 cftime.DatetimeGregorian(2012, 10, 19, 0, 0, 0, 0, has_year_zero=False)]' standard_names='['northward_wind']'
2025-03-30 20:07:58 INFO Opening candidate '20121017_12_ecmwf_forecast.W.EUR_LL015.036.ml.nc'
2025-03-30 20:07:58 INFO File '20121017_12_ecmwf_forecast.W.EUR_LL015.036.ml.nc' identified as 'ml' type
2025-03-30 20:07:58 INFO Found init time '2012-10-17 12:00:00', 7 valid_times and 1 standard_names
2025-03-30 20:07:58 DEBUG valid_times='[cftime.DatetimeGregorian(2012, 10, 17, 12, 0, 0, 0, has_year_zero=False)
 cftime.DatetimeGregorian(2012, 10, 17, 18, 0, 0, 0, has_year_zero=False)
 cftime.DatetimeGregorian(2012, 10, 18, 0, 0, 0, 0, has_year_zero=False)
 cftime.DatetimeGregorian(2012, 10, 18, 6, 0, 0, 0, has_year_zero=False)
 cftime.DatetimeGregorian(2012, 10, 18, 12, 0, 0, 0, has_year_zero=False)
 cftime.DatetimeGregorian(2012, 10, 18, 18, 0, 0, 0, has_year_zero=False)
 cftime.DatetimeGregorian(2012, 10, 19, 0, 0, 0, 0, has_year_zero=False)]' standard_names='['lagrangian_tendency_of_air_pressure']'
2025-03-30 20:07:58 DEBUG using plot object 'PLW01'
2025-03-30 20:07:58 DEBUG 	figure size (800, 600) in pixels
2025-03-30 20:07:58 DEBUG 	requested initialisation time 2012-10-17 12:00:00
2025-03-30 20:07:58 DEBUG 	requested forecast valid time 2012-10-17 12:00:00
2025-03-30 20:07:58 DEBUG 	variable 'lagrangian_tendency_of_air_pressure' requires input file '20121017_12_ecmwf_forecast.PRESSURE_LEVELS.EUR_LL015.036.pl.nc'
2025-03-30 20:07:58 DEBUG 	variable 'air_temperature' requires input file '20121017_12_ecmwf_forecast.PRESSURE_LEVELS.EUR_LL015.036.pl.nc'
2025-03-30 20:07:58 DEBUG 	variable 'geopotential_height' requires input file '20121017_12_ecmwf_forecast.PRESSURE_LEVELS.EUR_LL015.036.pl.nc'
2025-03-30 20:07:58 DEBUG opening datasets.
2025-03-30 20:07:58 DEBUG 	identified variable <lagrangian_tendency_of_air_pressure> for field <lagrangian_tendency_of_air_pressure>
2025-03-30 20:07:58 DEBUG 	identified variable <air_temperature> for field <air_temperature>
2025-03-30 20:07:58 DEBUG 	identified variable <geopotential_height> for field <geopotential_height>
2025-03-30 20:07:58 DEBUG loading data for time step 0 (2012-10-17 12:00:00), level index 7 (level 300.0)
2025-03-30 20:07:58 DEBUG 	Loaded 0.02 Mbytes from data field <lagrangian_tendency_of_air_pressure>.
2025-03-30 20:07:58 DEBUG 	Loaded 0.02 Mbytes from data field <air_temperature>.
2025-03-30 20:07:58 DEBUG 	Loaded 0.02 Mbytes from data field <geopotential_height>.
2025-03-30 20:07:58 DEBUG Loaded data (required time 0:00:00.001532).
2025-03-30 20:07:58 DEBUG Plotting horizontal section.
2025-03-30 20:07:58 DEBUG Identified CRS 'epsg:4326' as '{'basemap': {'epsg': '4326'}, 'bbox': 'degree'}'
2025-03-30 20:07:58 DEBUG Identified CRS 'epsg:4326' as '{'basemap': {'epsg': '4326'}, 'bbox': 'degree'}'
2025-03-30 20:07:58 DEBUG plotting data..
2025-03-30 20:07:58 DEBUG preparing additional data fields..
2025-03-30 20:07:58 DEBUG creating figure..
2025-03-30 20:07:58 DEBUG 	with frame and legends
2025-03-30 20:07:58 DEBUG Loaded '({'epsg': '4326'}, [-22.5, 27.5, 55, 62.5], 'degree')' from basemap cache
2025-03-30 20:07:58 DEBUG shifting data grid to leftmost longitude in map -22..
2025-03-30 20:07:58 DEBUG converting image to indexed palette.
2025-03-30 20:07:58 DEBUG saving figure as non-transparent PNG.
2025-03-30 20:07:58 DEBUG returning figure..
2025-03-30 20:07:58 DEBUG Finished plotting (required time 0:00:00.630551; total time 0:00:00.632083).

2025-03-30 20:07:58 DEBUG using plot object 'PLW01'
2025-03-30 20:07:58 DEBUG 	figure size (800, 600) in pixels
2025-03-30 20:07:58 DEBUG 	requested initialisation time 2012-10-17 12:00:00
2025-03-30 20:07:58 DEBUG 	requested forecast valid time 2012-10-17 12:00:00
2025-03-30 20:07:58 DEBUG 	variable 'lagrangian_tendency_of_air_pressure' requires input file '20121017_12_ecmwf_forecast.PRESSURE_LEVELS.EUR_LL015.036.pl.nc'
2025-03-30 20:07:58 DEBUG 	variable 'air_temperature' requires input file '20121017_12_ecmwf_forecast.PRESSURE_LEVELS.EUR_LL015.036.pl.nc'
2025-03-30 20:07:58 DEBUG 	variable 'geopotential_height' requires input file '20121017_12_ecmwf_forecast.PRESSURE_LEVELS.EUR_LL015.036.pl.nc'
2025-03-30 20:07:58 DEBUG opening datasets.
2025-03-30 20:07:58 DEBUG 	identified variable <lagrangian_tendency_of_air_pressure> for field <lagrangian_tendency_of_air_pressure>
2025-03-30 20:07:58 DEBUG 	identified variable <air_temperature> for field <air_temperature>
2025-03-30 20:07:58 DEBUG 	identified variable <geopotential_height> for field <geopotential_height>
2025-03-30 20:07:58 DEBUG loading data for time step 0 (2012-10-17 12:00:00), level index 7 (level 300.0)
2025-03-30 20:07:58 DEBUG 	Loaded 0.02 Mbytes from data field <lagrangian_tendency_of_air_pressure>.
2025-03-30 20:07:58 DEBUG 	Loaded 0.02 Mbytes from data field <air_temperature>.
2025-03-30 20:07:58 DEBUG 	Loaded 0.02 Mbytes from data field <geopotential_height>.
2025-03-30 20:07:58 DEBUG Loaded data (required time 0:00:00.001761).
2025-03-30 20:07:58 DEBUG Plotting horizontal section.
2025-03-30 20:07:58 DEBUG Identified CRS 'epsg:4326' as '{'basemap': {'epsg': '4326'}, 'bbox': 'degree'}'
2025-03-30 20:07:58 DEBUG Identified CRS 'epsg:4326' as '{'basemap': {'epsg': '4326'}, 'bbox': 'degree'}'
2025-03-30 20:07:58 DEBUG plotting data..
2025-03-30 20:07:58 DEBUG preparing additional data fields..
2025-03-30 20:07:58 DEBUG creating figure..
2025-03-30 20:07:58 DEBUG 	without frame
2025-03-30 20:07:58 DEBUG Loaded '({'epsg': '4326'}, [-22.5, 27.5, 55, 62.5], 'degree')' from basemap cache
2025-03-30 20:07:59 DEBUG shifting data grid to leftmost longitude in map -22..
2025-03-30 20:07:59 DEBUG converting image to indexed palette.
2025-03-30 20:07:59 DEBUG saving figure as non-transparent PNG.
2025-03-30 20:07:59 DEBUG returning figure..
2025-03-30 20:07:59 DEBUG Finished plotting (required time 0:00:00.695892; total time 0:00:00.697653).

2025-03-30 20:08:00 DEBUG No user settings found, using default settings
2025-03-30 20:08:00 INFO Files identified for domain 'EUR_LL015': ['20121017_12_ecmwf_forecast.ALTITUDE_LEVELS.EUR_LL015.036.al.nc', '20121017_12_ecmwf_forecast.CC.EUR_LL015.036.ml.nc', '20121017_12_ecmwf_forecast.CIWC.EUR_LL015.036.ml.nc', '20121017_12_ecmwf_forecast.CLWC.EUR_LL015.036.ml.nc', '20121017_12_ecmwf_forecast.DIV.EUR_LL015.036.ml.nc', '20121017_12_ecmwf_forecast.EMAC.EUR_LL015.036.ml.nc', '20121017_12_ecmwf_forecast.GPH.EUR_LL015.036.ml.nc', '20121017_12_ecmwf_forecast.O3.EUR_LL015.036.ml.nc', '20121017_12_ecmwf_forecast.PRESSURE_LEVELS.EUR_LL015.036.pl.nc', '20121017_12_ecmwf_forecast.PVU.EUR_LL015.036.pv.nc', '20121017_12_ecmwf_forecast.PV_derived.EUR_LL015.036.ml.nc', '20121017_12_ecmwf_forecast.P_derived.EUR_LL015.036.ml.nc', '20121017_12_ecmwf_forecast.ProbWCB_LAGRANTO_derived.EUR_LL015.036.ml.nc', '20121017_12_ecmwf_forecast.ProbWCB_LAGRANTO_derived.EUR_LL015.036.sfc.nc', '20121017_12_ecmwf_forecast.Q.EUR_LL015.036.ml.nc', '20121017_12_ecmwf_forecast.SEA.EUR_LL015.036.sfc.nc', '20121017_12_ecmwf_forecast.SFC.EUR_LL015.036.sfc.nc', '20121017_12_ecmwf_forecast.T.EUR_LL015.036.ml.nc', '20121017_12_ecmwf_forecast.THETA.EUR_LL015.036.ml.nc', '20121017_12_ecmwf_forecast.THETA_LEVELS.EUR_LL015.036.tl.nc', '20121017_12_ecmwf_forecast.U.EUR_LL015.036.ml.nc', '20121017_12_ecmwf_forecast.V.EUR_LL015.036.ml.nc', '20121017_12_ecmwf_forecast.W.EUR_LL015.036.ml.nc']
2025-03-30 20:08:00 INFO Opening candidate '20121017_12_ecmwf_forecast.ALTITUDE_LEVELS.EUR_LL015.036.al.nc'
2025-03-30 20:08:00 INFO File '20121017_12_ecmwf_forecast.ALTITUDE_LEVELS.EUR_LL015.036.al.nc' identified as 'al' type
2025-03-30 20:08:00 INFO Found init time '2012-10-17 12:00:00', 7 valid_times and 3 standard_names
2025-03-30 20:08:00 DEBUG valid_times='[cftime.DatetimeGregorian(2012, 10, 17, 12, 0, 0, 0, has_year_zero=False)
 cftime.DatetimeGregorian(2012, 10, 17, 18, 0, 0, 0, has_year_zero=False)
 cftime.DatetimeGregorian(2012, 10, 18, 0, 0, 0, 0, has_year_zero=False)
 cftime.DatetimeGregorian(2012, 10, 18, 6, 0, 0, 0, has_year_zero=False)
 cftime.DatetimeGregorian(2012, 10, 18, 12, 0, 0, 0, has_year_zero=False)
 cftime.DatetimeGregorian(2012, 10, 18, 18, 0, 0, 0, has_year_zero=False)
 cftime.DatetimeGregorian(2012, 10, 19, 0, 0, 0, 0, has_year_zero=False)]' standard_names='['air_pressure', 'ertel_potential_vorticity', 'mole_fraction_of_ozone_in_air']'
2025-03-30 20:08:00 INFO Opening candidate '20121017_12_ecmwf_forecast.CC.EUR_LL015.036.ml.nc'
2025-03-30 20:08:00 INFO File '20121017_12_ecmwf_forecast.CC.EUR_LL015.036.ml.nc' identified as 'ml' type
2025-03-30 20:08:00 INFO Found init time '2012-10-17 12:00:00', 7 valid_times and 1 standard_names
2025-03-30 20:08:00 DEBUG valid_times='[cftime.DatetimeGregorian(2012, 10, 17, 12, 0, 0, 0, has_year_zero=False)
 cftime.DatetimeGregorian(2012, 10, 17, 18, 0, 0, 0, has_year_zero=False)
 cftime.DatetimeGregorian(2012, 10, 18, 0, 0, 0, 0, has_year_zero=False)
 cftime.DatetimeGregorian(2012, 10, 18, 6, 0, 0, 0, has_year_zero=False)
 cftime.DatetimeGregorian(2012, 10, 18, 12, 0, 0, 0, has_year_zero=False)
 cftime.DatetimeGregorian(2012, 10, 18, 18, 0, 0, 0, has_year_zero=False)
 cftime.DatetimeGregorian(2012, 10, 19, 0, 0, 0, 0, has_year_zero=False)]' standard_names='['cloud_area_fraction_in_atmosphere_layer']'
2025-03-30 20:08:00 INFO Opening candidate '20121017_12_ecmwf_forecast.CIWC.EUR_LL015.036.ml.nc'
2025-03-30 20:08:00 INFO File '20121017_12_ecmwf_forecast.CIWC.EUR_LL015.036.ml.nc' identified as 'ml' type
2025-03-30 20:08:00 INFO Found init time '2012-10-17 12:00:00', 7 valid_times and 1 standard_names
2025-03-30 20:08:00 DEBUG valid_times='[cftime.DatetimeGregorian(2012, 10, 17, 12, 0, 0, 0, has_year_zero=False)
 cftime.DatetimeGregorian(2012, 10, 17, 18, 0, 0, 0, has_year_zero=False)
 cftime.DatetimeGregorian(2012, 10, 18, 0, 0, 0, 0, has_year_zero=False)
 cftime.DatetimeGregorian(2012, 10, 18, 6, 0, 0, 0, has_year_zero=False)
 cftime.DatetimeGregorian(2012, 10, 18, 12, 0, 0, 0, has_year_zero=False)
 cftime.DatetimeGregorian(2012, 10, 18, 18, 0, 0, 0, has_year_zero=False)
 cftime.DatetimeGregorian(2012, 10, 19, 0, 0, 0, 0, has_year_zero=False)]' standard_names='['specific_cloud_ice_water_content']'
2025-03-30 20:08:00 INFO Opening candidate '20121017_12_ecmwf_forecast.CLWC.EUR_LL015.036.ml.nc'
2025-03-30 20:08:00 INFO File '20121017_12_ecmwf_forecast.CLWC.EUR_LL015.036.ml.nc' identified as 'ml' type
2025-03-30 20:08:00 INFO Found init time '2012-10-17 12:00:00', 7 valid_times and 1 standard_names
2025-03-30 20:08:00 DEBUG valid_times='[cftime.DatetimeGregorian(2012, 10, 17, 12, 0, 0, 0, has_year_zero=False)
 cftime.DatetimeGregorian(2012, 10, 17, 18, 0, 0, 0, has_year_zero=False)
 cftime.DatetimeGregorian(2012, 10, 18, 0, 0, 0, 0, has_year_zero=False)
 cftime.DatetimeGregorian(2012, 10, 18, 6, 0, 0, 0, has_year_zero=False)
 cftime.DatetimeGregorian(2012, 10, 18, 12, 0, 0, 0, has_year_zero=False)
 cftime.DatetimeGregorian(2012, 10, 18, 18, 0, 0, 0, has_year_zero=False)
 cftime.DatetimeGregorian(2012, 10, 19, 0, 0, 0, 0, has_year_zero=False)]' standard_names='['specific_cloud_liquid_water_content']'
2025-03-30 20:08:00 INFO Opening candidate '20121017_12_ecmwf_forecast.DIV.EUR_LL015.036.ml.nc'
2025-03-30 20:08:00 INFO File '20121017_12_ecmwf_forecast.DIV.EUR_LL015.036.ml.nc' identified as 'ml' type
2025-03-30 20:08:00 INFO Found init time '2012-10-17 12:00:00', 7 valid_times and 1 standard_names
2025-03-30 20:08:00 DEBUG valid_times='[cftime.DatetimeGregorian(2012, 10, 17, 12, 0, 0, 0, has_year_zero=False)
 cftime.DatetimeGregorian(2012, 10, 17, 18, 0, 0, 0, has_year_zero=False)
 cftime.DatetimeGregorian(2012, 10, 18, 0, 0, 0, 0, has_year_zero=False)
 cftime.DatetimeGregorian(2012, 10, 18, 6, 0, 0, 0, has_year_zero=False)
 cftime.DatetimeGregorian(2012, 10, 18, 12, 0, 0, 0, has_year_zero=False)
 cftime.DatetimeGregorian(2012, 10, 18, 18, 0, 0, 0, has_year_zero=False)
 cftime.DatetimeGregorian(2012, 10, 19, 0, 0, 0, 0, has_year_zero=False)]' standard_names='['divergence_of_wind']'
2025-03-30 20:08:00 INFO Opening candidate '20121017_12_ecmwf_forecast.EMAC.EUR_LL015.036.ml.nc'
2025-03-30 20:08:00 INFO File '20121017_12_ecmwf_forecast.EMAC.EUR_LL015.036.ml.nc' identified as 'ml' type
2025-03-30 20:08:00 INFO Found init time '2012-10-17 12:00:00', 7 valid_times and 1 standard_names
2025-03-30 20:08:00 DEBUG valid_times='[cftime.DatetimeGregorian(2012, 10, 17, 12, 0, 0, 0, has_year_zero=False)
 cftime.DatetimeGregorian(2012, 10, 17, 18, 0, 0, 0, has_year_zero=False)
 cftime.DatetimeGregorian(2012, 10, 18, 0, 0, 0, 0, has_year_zero=False)
 cftime.DatetimeGregorian(2012, 10, 18, 6, 0, 0, 0, has_year_zero=False)
 cftime.DatetimeGregorian(2012, 10, 18, 12, 0, 0, 0, has_year_zero=False)
 cftime.DatetimeGregorian(2012, 10, 18, 18, 0, 0, 0, has_year_zero=False)
 cftime.DatetimeGregorian(2012, 10, 19, 0, 0, 0, 0, has_year_zero=False)]' standard_names='['emac_R12']'
2025-03-30 20:08:00 INFO Opening candidate '20121017_12_ecmwf_forecast.GPH.EUR_LL015.036.ml.nc'
2025-03-30 20:08:00 INFO File '20121017_12_ecmwf_forecast.GPH.EUR_LL015.036.ml.nc' identified as 'ml' type
2025-03-30 20:08:00 INFO Found init time '2012-10-17 12:00:00', 7 valid_times and 1 standard_names
2025-03-30 20:08:00 DEBUG valid_times='[cftime.DatetimeGregorian(2012, 10, 17, 12, 0, 0, 0, has_year_zero=False)
 cftime.DatetimeGregorian(2012, 10, 17, 18, 0, 0, 0, has_year_zero=False)
 cftime.DatetimeGregorian(2012, 10, 18, 0, 0, 0, 0, has_year_zero=False)
 cftime.DatetimeGregorian(2012, 10, 18, 6, 0, 0, 0, has_year_zero=False)
 cftime.DatetimeGregorian(2012, 10, 18, 12, 0, 0, 0, has_year_zero=False)
 cftime.DatetimeGregorian(2012, 10, 18, 18, 0, 0, 0, has_year_zero=False)
 cftime.DatetimeGregorian(2012, 10, 19, 0, 0, 0, 0, has_year_zero=False)]' standard_names='['geopotential_height']'
2025-03-30 20:08:00 INFO Opening candidate '20121017_12_ecmwf_forecast.O3.EUR_LL015.036.ml.nc'
2025-03-30 20:08:00 INFO File '20121017_12_ecmwf_forecast.O3.EUR_LL015.036.ml.nc' identified as 'ml' type
2025-03-30 20:08:00 INFO Found init time '2012-10-17 12:00:00', 7 valid_times and 1 standard_names
2025-03-30 20:08:00 DEBUG valid_times='[cftime.DatetimeGregorian(2012, 10, 17, 12, 0, 0, 0, has_year_zero=False)
 cftime.DatetimeGregorian(2012, 10, 17, 18, 0, 0, 0, has_year_zero=False)
 cftime.DatetimeGregorian(2012, 10, 18, 0, 0, 0, 0, has_year_zero=False)
 cftime.DatetimeGregorian(2012, 10, 18, 6, 0, 0, 0, has_year_zero=False)
 cftime.DatetimeGregorian(2012, 10, 18, 12, 0, 0, 0, has_year_zero=False)
 cftime.DatetimeGregorian(2012, 10, 18, 18, 0, 0, 0, has_year_zero=False)
 cftime.DatetimeGregorian(2012, 10, 19, 0, 0, 0, 0, has_year_zero=False)]' standard_names='['mole_fraction_of_ozone_in_air']'
2025-03-30 20:08:00 INFO Opening candidate '20121017_12_ecmwf_forecast.PRESSURE_LEVELS.EUR_LL015.036.pl.nc'
2025-03-30 20:08:00 INFO File '20121017_12_ecmwf_forecast.PRESSURE_LEVELS.EUR_LL015.036.pl.nc' identified as 'pl' type
2025-03-30 20:08:00 INFO Found init time '2012-10-17 12:00:00', 7 valid_times and 16 standard_names
2025-03-30 20:08:00 DEBUG valid_times='[cftime.DatetimeGregorian(2012, 10, 17, 12, 0, 0, 0, has_year_zero=False)
 cftime.DatetimeGregorian(2012, 10, 17, 18, 0, 0, 0, has_year_zero=False)
 cftime.DatetimeGregorian(2012, 10, 18, 0, 0, 0, 0, has_year_zero=False)
 cftime.DatetimeGregorian(2012, 10, 18, 6, 0, 0, 0, has_year_zero=False)
 cftime.DatetimeGregorian(2012, 10, 18, 12, 0, 0, 0, has_year_zero=False)
 cftime.DatetimeGregorian(2012, 10, 18, 18, 0, 0, 0, has_year_zero=False)
 cftime.DatetimeGregorian(2012, 10, 19, 0, 0, 0, 0, has_year_zero=False)]' standard_names='['air_potential_temperature', 'air_pressure', 'air_temperature', 'eastward_wind', 'ertel_potential_vorticity', 'geopotential_height', 'northward_wind', 'specific_humidity', 'lagrangian_tendency_of_air_pressure', 'divergence_of_wind', 'mass_fraction_of_ozone_in_air', 'mole_fraction_of_ozone_in_air', 'equivalent_latitude', 'number_of_wcb_trajectories', 'number_of_insitu_trajectories', 'number_of_mix_trajectories']'
2025-03-30 20:08:00 INFO Opening candidate '20121017_12_ecmwf_forecast.PVU.EUR_LL015.036.pv.nc'
2025-03-30 20:08:00 INFO File '20121017_12_ecmwf_forecast.PVU.EUR_LL015.036.pv.nc' identified as 'pv' type
2025-03-30 20:08:00 INFO Found init time '2012-10-17 12:00:00', 7 valid_times and 3 standard_names
2025-03-30 20:08:00 DEBUG valid_times='[cftime.DatetimeGregorian(2012, 10, 17, 12, 0, 0, 0, has_year_zero=False)
 cftime.DatetimeGregorian(2012, 10, 17, 18, 0, 0, 0, has_year_zero=False)
 cftime.DatetimeGregorian(2012, 10, 18, 0, 0, 0, 0, has_year_zero=False)
 cftime.DatetimeGregorian(2012, 10, 18, 6, 0, 0, 0, has_year_zero=False)
 cftime.DatetimeGregorian(2012, 10, 18, 12, 0, 0, 0, has_year_zero=False)
 cftime.DatetimeGregorian(2012, 10, 18, 18, 0, 0, 0, has_year_zero=False)
 cftime.DatetimeGregorian(2012, 10, 19, 0, 0, 0, 0, has_year_zero=False)]' standard_names='['air_potential_temperature', 'geopotential_height', 'air_pressure']'
2025-03-30 20:08:00 INFO Opening candidate '20121017_12_ecmwf_forecast.PV_derived.EUR_LL015.036.ml.nc'
2025-03-30 20:08:00 INFO File '20121017_12_ecmwf_forecast.PV_derived.EUR_LL015.036.ml.nc' identified as 'ml' type
2025-03-30 20:08:00 INFO Found init time '2012-10-17 12:00:00', 7 valid_times and 1 standard_names
2025-03-30 20:08:00 DEBUG valid_times='[cftime.DatetimeGregorian(2012, 10, 17, 12, 0, 0, 0, has_year_zero=False)
 cftime.DatetimeGregorian(2012, 10, 17, 18, 0, 0, 0, has_year_zero=False)
 cftime.DatetimeGregorian(2012, 10, 18, 0, 0, 0, 0, has_year_zero=False)
 cftime.DatetimeGregorian(2012, 10, 18, 6, 0, 0, 0, has_year_zero=False)
 cftime.DatetimeGregorian(2012, 10, 18, 12, 0, 0, 0, has_year_zero=False)
 cftime.DatetimeGregorian(2012, 10, 18, 18, 0, 0, 0, has_year_zero=False)
 cftime.DatetimeGregorian(2012, 10, 19, 0, 0, 0, 0, has_year_zero=False)]' standard_names='['ertel_potential_vorticity']'
2025-03-30 20:08:00 INFO Opening candidate '20121017_12_ecmwf_forecast.P_derived.EUR_LL015.036.ml.nc'
2025-03-30 20:08:00 INFO File '20121017_12_ecmwf_forecast.P_derived.EUR_LL015.036.ml.nc' identified as 'ml' type
2025-03-30 20:08:00 INFO Found init time '2012-10-17 12:00:00', 7 valid_times and 1 standard_names
2025-03-30 20:08:00 DEBUG valid_times='[cftime.DatetimeGregorian(2012, 10, 17, 12, 0, 0, 0, has_year_zero=False)
 cftime.DatetimeGregorian(2012, 10, 17, 18, 0, 0, 0, has_year_zero=False)
 cftime.DatetimeGregorian(2012, 10, 18, 0, 0, 0, 0, has_year_zero=False)
 cftime.DatetimeGregorian(2012, 10, 18, 6, 0, 0, 0, has_year_zero=False)
 cftime.DatetimeGregorian(2012, 10, 18, 12, 0, 0, 0, has_year_zero=False)
 cftime.DatetimeGregorian(2012, 10, 18, 18, 0, 0, 0, has_year_zero=False)
 cftime.DatetimeGregorian(2012, 10, 19, 0, 0, 0, 0, has_year_zero=False)]' standard_names='['air_pressure']'
2025-03-30 20:08:00 INFO Opening candidate '20121017_12_ecmwf_forecast.ProbWCB_LAGRANTO_derived.EUR_LL015.036.ml.nc'
2025-03-30 20:08:00 INFO File '20121017_12_ecmwf_forecast.ProbWCB_LAGRANTO_derived.EUR_LL015.036.ml.nc' identified as 'ml' type
2025-03-30 20:08:00 INFO Found init time '2012-10-17 12:00:00', 7 valid_times and 1 standard_names
2025-03-30 20:08:00 DEBUG valid_times='[cftime.DatetimeGregorian(2012, 10, 17, 12, 0, 0, 0, has_year_zero=False)
 cftime.DatetimeGregorian(2012, 10, 17, 18, 0, 0, 0, has_year_zero=False)
 cftime.DatetimeGregorian(2012, 10, 18, 0, 0, 0, 0, has_year_zero=False)
 cftime.DatetimeGregorian(2012, 10, 18, 6, 0, 0, 0, has_year_zero=False)
 cftime.DatetimeGregorian(2012, 10, 18, 12, 0, 0, 0, has_year_zero=False)
 cftime.DatetimeGregorian(2012, 10, 18, 18, 0, 0, 0, has_year_zero=False)
 cftime.DatetimeGregorian(2012, 10, 19, 0, 0, 0, 0, has_year_zero=False)]' standard_names='['probability_of_wcb_occurrence']'
2025-03-30 20:08:00 INFO Opening candidate '20121017_12_ecmwf_forecast.ProbWCB_LAGRANTO_derived.EUR_LL015.036.sfc.nc'
2025-03-30 20:08:00 INFO File '20121017_12_ecmwf_forecast.ProbWCB_LAGRANTO_derived.EUR_LL015.036.sfc.nc' identified as 'sfc' type
2025-03-30 20:08:00 INFO Found init time '2012-10-17 12:00:00', 7 valid_times and 1 standard_names
2025-03-30 20:08:00 DEBUG valid_times='[cftime.DatetimeGregorian(2012, 10, 17, 12, 0, 0, 0, has_year_zero=False)
 cftime.DatetimeGregorian(2012, 10, 17, 18, 0, 0, 0, has_year_zero=False)
 cftime.DatetimeGregorian(2012, 10, 18, 0, 0, 0, 0, has_year_zero=False)
 cftime.DatetimeGregorian(2012, 10, 18, 6, 0, 0, 0, has_year_zero=False)
 cftime.DatetimeGregorian(2012, 10, 18, 12, 0, 0, 0, has_year_zero=False)
 cftime.DatetimeGregorian(2012, 10, 18, 18, 0, 0, 0, has_year_zero=False)
 cftime.DatetimeGregorian(2012, 10, 19, 0, 0, 0, 0, has_year_zero=False)]' standard_names='['vertically_integrated_probability_of_wcb_occurrence']'
2025-03-30 20:08:00 INFO Opening candidate '20121017_12_ecmwf_forecast.Q.EUR_LL015.036.ml.nc'
2025-03-30 20:08:00 INFO File '20121017_12_ecmwf_forecast.Q.EUR_LL015.036.ml.nc' identified as 'ml' type
2025-03-30 20:08:00 INFO Found init time '2012-10-17 12:00:00', 7 valid_times and 1 standard_names
2025-03-30 20:08:00 DEBUG valid_times='[cftime.DatetimeGregorian(2012, 10, 17, 12, 0, 0, 0, has_year_zero=False)
 cftime.DatetimeGregorian(2012, 10, 17, 18, 0, 0, 0, has_year_zero=False)
 cftime.DatetimeGregorian(2012, 10, 18, 0, 0, 0, 0, has_year_zero=False)
 cftime.DatetimeGregorian(2012, 10, 18, 6, 0, 0, 0, has_year_zero=False)
 cftime.DatetimeGregorian(2012, 10, 18, 12, 0, 0, 0, has_year_zero=False)
 cftime.DatetimeGregorian(2012, 10, 18, 18, 0, 0, 0, has_year_zero=False)
 cftime.DatetimeGregorian(2012, 10, 19, 0, 0, 0, 0, has_year_zero=False)]' standard_names='['specific_humidity']'
2025-03-30 20:08:00 INFO Opening candidate '20121017_12_ecmwf_forecast.SEA.EUR_LL015.036.sfc.nc'
2025-03-30 20:08:00 INFO File '20121017_12_ecmwf_forecast.SEA.EUR_LL015.036.sfc.nc' identified as 'sfc' type
2025-03-30 20:08:00 INFO Found init time '2012-10-17 12:00:00', 7 valid_times and 1 standard_names
2025-03-30 20:08:00 DEBUG valid_times='[cftime.DatetimeGregorian(2012, 10, 17, 12, 0, 0, 0, has_year_zero=False)
 cftime.DatetimeGregorian(2012, 10, 17, 18, 0, 0, 0, has_year_zero=False)
 cftime.DatetimeGregorian(2012, 10, 18, 0, 0, 0, 0, has_year_zero=False)
 cftime.DatetimeGregorian(2012, 10, 18, 6, 0, 0, 0, has_year_zero=False)
 cftime.DatetimeGregorian(2012, 10, 18, 12, 0, 0, 0, has_year_zero=False)
 cftime.DatetimeGregorian(2012, 10, 18, 18, 0, 0, 0, has_year_zero=False)
 cftime.DatetimeGregorian(2012, 10, 19, 0, 0, 0, 0, has_year_zero=False)]' standard_names='['solar_elevation_angle']'
2025-03-30 20:08:00 INFO Opening candidate '20121017_12_ecmwf_forecast.SFC.EUR_LL015.036.sfc.nc'
2025-03-30 20:08:00 INFO File '20121017_12_ecmwf_forecast.SFC.EUR_LL015.036.sfc.nc' identified as 'sfc' type
2025-03-30 20:08:00 INFO Found init time '2012-10-17 12:00:00', 7 valid_times and 15 standard_names
2025-03-30 20:08:00 DEBUG valid_times='[cftime.DatetimeGregorian(2012, 10, 17, 12, 0, 0, 0, has_year_zero=False)
 cftime.DatetimeGregorian(2012, 10, 17, 18, 0, 0, 0, has_year_zero=False)
 cftime.DatetimeGregorian(2012, 10, 18, 0, 0, 0, 0, has_year_zero=False)
 cftime.DatetimeGregorian(2012, 10, 18, 6, 0, 0, 0, has_year_zero=False)
 cftime.DatetimeGregorian(2012, 10, 18, 12, 0, 0, 0, has_year_zero=False)
 cftime.DatetimeGregorian(2012, 10, 18, 18, 0, 0, 0, has_year_zero=False)
 cftime.DatetimeGregorian(2012, 10, 19, 0, 0, 0, 0, has_year_zero=False)]' standard_names='['surface_geopotential', 'air_pressure_at_sea_level', 'total_cloud_cover', 'land_binary_mask', 'low_cloud_area_fraction', 'medium_cloud_area_fraction', 'high_cloud_area_fraction', 'surface_eastward_wind', 'surface_northward_wind', 'sea_ice_area_fraction', 'msg_brightness_temperature_108', 'atmosphere_boundary_layer_thickness', 'emac_column_density', 'tropopause_altitude', 'secondary_tropopause_altitude']'
2025-03-30 20:08:00 INFO Opening candidate '20121017_12_ecmwf_forecast.T.EUR_LL015.036.ml.nc'
2025-03-30 20:08:00 INFO File '20121017_12_ecmwf_forecast.T.EUR_LL015.036.ml.nc' identified as 'ml' type
2025-03-30 20:08:00 INFO Found init time '2012-10-17 12:00:00', 7 valid_times and 1 standard_names
2025-03-30 20:08:00 DEBUG valid_times='[cftime.DatetimeGregorian(2012, 10, 17, 12, 0, 0, 0, has_year_zero=False)
 cftime.DatetimeGregorian(2012, 10, 17, 18, 0, 0, 0, has_year_zero=False)
 cftime.DatetimeGregorian(2012, 10, 18, 0, 0, 0, 0, has_year_zero=False)
 cftime.DatetimeGregorian(2012, 10, 18, 6, 0, 0, 0, has_year_zero=False)
 cftime.DatetimeGregorian(2012, 10, 18, 12, 0, 0, 0, has_year_zero=False)
 cftime.DatetimeGregorian(2012, 10, 18, 18, 0, 0, 0, has_year_zero=False)
 cftime.DatetimeGregorian(2012, 10, 19, 0, 0, 0, 0, has_year_zero=False)]' standard_names='['air_temperature']'
2025-03-30 20:08:00 INFO Opening candidate '20121017_12_ecmwf_forecast.THETA.EUR_LL015.036.ml.nc'
2025-03-30 20:08:00 INFO File '20121017_12_ecmwf_forecast.THETA.EUR_LL015.036.ml.nc' identified as 'ml' type
2025-03-30 20:08:00 INFO Found init time '2012-10-17 12:00:00', 7 valid_times and 1 standard_names
2025-03-30 20:08:00 DEBUG valid_times='[cftime.DatetimeGregorian(2012, 10, 17, 12, 0, 0, 0, has_year_zero=False)
 cftime.DatetimeGregorian(2012, 10, 17, 18, 0, 0, 0, has_year_zero=False)
 cftime.DatetimeGregorian(2012, 10, 18, 0, 0, 0, 0, has_year_zero=False)
 cftime.DatetimeGregorian(2012, 10, 18, 6, 0, 0, 0, has_year_zero=False)
 cftime.DatetimeGregorian(2012, 10, 18, 12, 0, 0, 0, has_year_zero=False)
 cftime.DatetimeGregorian(2012, 10, 18, 18, 0, 0, 0, has_year_zero=False)
 cftime.DatetimeGregorian(2012, 10, 19, 0, 0, 0, 0, has_year_zero=False)]' standard_names='['air_potential_temperature']'
2025-03-30 20:08:00 INFO Opening candidate '20121017_12_ecmwf_forecast.THETA_LEVELS.EUR_LL015.036.tl.nc'
2025-03-30 20:08:00 INFO File '20121017_12_ecmwf_forecast.THETA_LEVELS.EUR_LL015.036.tl.nc' identified as 'tl' type
2025-03-30 20:08:00 INFO Found init time '2012-10-17 12:00:00', 7 valid_times and 3 standard_names
2025-03-30 20:08:00 DEBUG valid_times='[cftime.DatetimeGregorian(2012, 10, 17, 12, 0, 0, 0, has_year_zero=False)
 cftime.DatetimeGregorian(2012, 10, 17, 18, 0, 0, 0, has_year_zero=False)
 cftime.DatetimeGregorian(2012, 10, 18, 0, 0, 0, 0, has_year_zero=False)
 cftime.DatetimeGregorian(2012, 10, 18, 6, 0, 0, 0, has_year_zero=False)
 cftime.DatetimeGregorian(2012, 10, 18, 12, 0, 0, 0, has_year_zero=False)
 cftime.DatetimeGregorian(2012, 10, 18, 18, 0, 0, 0, has_year_zero=False)
 cftime.DatetimeGregorian(2012, 10, 19, 0, 0, 0, 0, has_year_zero=False)]' standard_names='['air_pressure', 'ertel_potential_vorticity', 'mole_fraction_of_ozone_in_air']'
2025-03-30 20:08:00 INFO Opening candidate '20121017_12_ecmwf_forecast.U.EUR_LL015.036.ml.nc'
2025-03-30 20:08:00 INFO File '20121017_12_ecmwf_forecast.U.EUR_LL015.036.ml.nc' identified as 'ml' type
2025-03-30 20:08:00 INFO Found init time '2012-10-17 12:00:00', 7 valid_times and 1 standard_names
2025-03-30 20:08:00 DEBUG valid_times='[cftime.DatetimeGregorian(2012, 10, 17, 12, 0, 0, 0, has_year_zero=False)
 cftime.DatetimeGregorian(2012, 10, 17, 18, 0, 0, 0, has_year_zero=False)
 cftime.DatetimeGregorian(2012, 10, 18, 0, 0, 0, 0, has_year_zero=False)
 cftime.DatetimeGregorian(2012, 10, 18, 6, 0, 0, 0, has_year_zero=False)
 cftime.DatetimeGregorian(2012, 10, 18, 12, 0, 0, 0, has_year_zero=False)
 cftime.DatetimeGregorian(2012, 10, 18, 18, 0, 0, 0, has_year_zero=False)
 cftime.DatetimeGregorian(2012, 10, 19, 0, 0, 0, 0, has_year_zero=False)]' standard_names='['eastward_wind']'
2025-03-30 20:08:00 INFO Opening candidate '20121017_12_ecmwf_forecast.V.EUR_LL015.036.ml.nc'
2025-03-30 20:08:00 INFO File '20121017_12_ecmwf_forecast.V.EUR_LL015.036.ml.nc' identified as 'ml' type
2025-03-30 20:08:00 INFO Found init time '2012-10-17 12:00:00', 7 valid_times and 1 standard_names
2025-03-30 20:08:00 DEBUG valid_times='[cftime.DatetimeGregorian(2012, 10, 17, 12, 0, 0, 0, has_year_zero=False)
 cftime.DatetimeGregorian(2012, 10, 17, 18, 0, 0, 0, has_year_zero=False)
 cftime.DatetimeGregorian(2012, 10, 18, 0, 0, 0, 0, has_year_zero=False)
 cftime.DatetimeGregorian(2012, 10, 18, 6, 0, 0, 0, has_year_zero=False)
 cftime.DatetimeGregorian(2012, 10, 18, 12, 0, 0, 0, has_year_zero=False)
 cftime.DatetimeGregorian(2012, 10, 18, 18, 0, 0, 0, has_year_zero=False)
 cftime.DatetimeGregorian(2012, 10, 19, 0, 0, 0, 0, has_year_zero=False)]' standard_names='['northward_wind']'
2025-03-30 20:08:00 INFO Opening candidate '20121017_12_ecmwf_forecast.W.EUR_LL015.036.ml.nc'
2025-03-30 20:08:00 INFO File '20121017_12_ecmwf_forecast.W.EUR_LL015.036.ml.nc' identified as 'ml' type
2025-03-30 20:08:00 INFO Found init time '2012-10-17 12:00:00', 7 valid_times and 1 standard_names
2025-03-30 20:08:00 DEBUG valid_times='[cftime.DatetimeGregorian(2012, 10, 17, 12, 0, 0, 0, has_year_zero=False)
 cftime.DatetimeGregorian(2012, 10, 17, 18, 0, 0, 0, has_year_zero=False)
 cftime.DatetimeGregorian(2012, 10, 18, 0, 0, 0, 0, has_year_zero=False)
 cftime.DatetimeGregorian(2012, 10, 18, 6, 0, 0, 0, has_year_zero=False)
 cftime.DatetimeGregorian(2012, 10, 18, 12, 0, 0, 0, has_year_zero=False)
 cftime.DatetimeGregorian(2012, 10, 18, 18, 0, 0, 0, has_year_zero=False)
 cftime.DatetimeGregorian(2012, 10, 19, 0, 0, 0, 0, has_year_zero=False)]' standard_names='['lagrangian_tendency_of_air_pressure']'
2025-03-30 20:08:00 DEBUG using plot object 'EMAC_Eyja_TotalColumn'
2025-03-30 20:08:00 DEBUG 	figure size (800, 600) in pixels
2025-03-30 20:08:00 DEBUG 	requested initialisation time 2012-10-17 12:00:00
2025-03-30 20:08:00 DEBUG 	requested forecast valid time 2012-10-17 12:00:00
2025-03-30 20:08:00 DEBUG 	variable 'emac_column_density' requires input file '20121017_12_ecmwf_forecast.SFC.EUR_LL015.036.sfc.nc'
2025-03-30 20:08:00 DEBUG opening datasets.
2025-03-30 20:08:00 DEBUG 	identified variable <emac_column_density> for field <emac_column_density>
2025-03-30 20:08:00 DEBUG loading data for time step 0 (2012-10-17 12:00:00), level index None (level None)
2025-03-30 20:08:00 DEBUG 	Loaded 0.02 Mbytes from data field <emac_column_density>.
2025-03-30 20:08:00 DEBUG Loaded data (required time 0:00:00.000577).
2025-03-30 20:08:00 DEBUG Plotting horizontal section.
2025-03-30 20:08:00 DEBUG Identified CRS 'epsg:4326' as '{'basemap': {'epsg': '4326'}, 'bbox': 'degree'}'
2025-03-30 20:08:00 DEBUG Identified CRS 'epsg:4326' as '{'basemap': {'epsg': '4326'}, 'bbox': 'degree'}'
2025-03-30 20:08:00 DEBUG plotting data..
2025-03-30 20:08:00 WARNING Error in unit conversion (dimensionality) 'dimensionless'/'kg/m^2'
2025-03-30 20:08:00 DEBUG preparing additional data fields..
2025-03-30 20:08:00 DEBUG creating figure..
2025-03-30 20:08:00 DEBUG 	with frame and legends
2025-03-30 20:08:00 DEBUG Loaded '({'epsg': '4326'}, [-22.5, 27.5, 55, 62.5], 'degree')' from basemap cache
2025-03-30 20:08:00 DEBUG shifting data grid to leftmost longitude in map -22..
2025-03-30 20:08:00 DEBUG converting image to indexed palette.
2025-03-30 20:08:00 DEBUG saving figure as non-transparent PNG.
2025-03-30 20:08:00 DEBUG returning figure..
2025-03-30 20:08:00 DEBUG Finished plotting (required time 0:00:00.522635; total time 0:00:00.523212).

2025-03-30 20:08:00 DEBUG using plot object 'EMAC_Eyja_TotalColumn'
2025-03-30 20:08:00 DEBUG 	figure size (800, 600) in pixels
2025-03-30 20:08:00 DEBUG 	requested initialisation time 2012-10-17 12:00:00
2025-03-30 20:08:00 DEBUG 	requested forecast valid time 2012-10-17 12:00:00
2025-03-30 20:08:00 DEBUG 	variable 'emac_column_density' requires input file '20121017_12_ecmwf_forecast.SFC.EUR_LL015.036.sfc.nc'
2025-03-30 20:08:00 DEBUG opening datasets.
2025-03-30 20:08:00 DEBUG 	identified variable <emac_column_density> for field <emac_column_density>
2025-03-30 20:08:00 DEBUG loading data for time step 0 (2012-10-17 12:00:00), level index None (level None)
2025-03-30 20:08:00 DEBUG 	Loaded 0.02 Mbytes from data field <emac_column_density>.
2025-03-30 20:08:00 DEBUG Loaded data (required time 0:00:00.000580).
2025-03-30 20:08:00 DEBUG Plotting horizontal section.
2025-03-30 20:08:00 DEBUG Identified CRS 'epsg:4326' as '{'basemap': {'epsg': '4326'}, 'bbox': 'degree'}'
2025-03-30 20:08:00 DEBUG Identified CRS 'epsg:4326' as '{'basemap': {'epsg': '4326'}, 'bbox': 'degree'}'
2025-03-30 20:08:00 DEBUG plotting data..
2025-03-30 20:08:00 WARNING Error in unit conversion (dimensionality) 'dimensionless'/'kg/m^2'
2025-03-30 20:08:00 DEBUG preparing additional data fields..
2025-03-30 20:08:00 DEBUG creating figure..
2025-03-30 20:08:00 DEBUG 	without frame
2025-03-30 20:08:00 DEBUG Loaded '({'epsg': '4326'}, [-22.5, 27.5, 55, 62.5], 'degree')' from basemap cache
2025-03-30 20:08:00 DEBUG shifting data grid to leftmost longitude in map -22..
2025-03-30 20:08:01 DEBUG converting image to indexed palette.
2025-03-30 20:08:01 DEBUG saving figure as non-transparent PNG.
2025-03-30 20:08:01 DEBUG returning figure..
2025-03-30 20:08:01 DEBUG Finished plotting (required time 0:00:00.513182; total time 0:00:00.513762).

2025-03-30 20:08:01 DEBUG No user settings found, using default settings
2025-03-30 20:08:01 INFO Files identified for domain 'EUR_LL015': ['20121017_12_ecmwf_forecast.ALTITUDE_LEVELS.EUR_LL015.036.al.nc', '20121017_12_ecmwf_forecast.CC.EUR_LL015.036.ml.nc', '20121017_12_ecmwf_forecast.CIWC.EUR_LL015.036.ml.nc', '20121017_12_ecmwf_forecast.CLWC.EUR_LL015.036.ml.nc', '20121017_12_ecmwf_forecast.DIV.EUR_LL015.036.ml.nc', '20121017_12_ecmwf_forecast.EMAC.EUR_LL015.036.ml.nc', '20121017_12_ecmwf_forecast.GPH.EUR_LL015.036.ml.nc', '20121017_12_ecmwf_forecast.O3.EUR_LL015.036.ml.nc', '20121017_12_ecmwf_forecast.PRESSURE_LEVELS.EUR_LL015.036.pl.nc', '20121017_12_ecmwf_forecast.PVU.EUR_LL015.036.pv.nc', '20121017_12_ecmwf_forecast.PV_derived.EUR_LL015.036.ml.nc', '20121017_12_ecmwf_forecast.P_derived.EUR_LL015.036.ml.nc', '20121017_12_ecmwf_forecast.ProbWCB_LAGRANTO_derived.EUR_LL015.036.ml.nc', '20121017_12_ecmwf_forecast.ProbWCB_LAGRANTO_derived.EUR_LL015.036.sfc.nc', '20121017_12_ecmwf_forecast.Q.EUR_LL015.036.ml.nc', '20121017_12_ecmwf_forecast.SEA.EUR_LL015.036.sfc.nc', '20121017_12_ecmwf_forecast.SFC.EUR_LL015.036.sfc.nc', '20121017_12_ecmwf_forecast.T.EUR_LL015.036.ml.nc', '20121017_12_ecmwf_forecast.THETA.EUR_LL015.036.ml.nc', '20121017_12_ecmwf_forecast.THETA_LEVELS.EUR_LL015.036.tl.nc', '20121017_12_ecmwf_forecast.U.EUR_LL015.036.ml.nc', '20121017_12_ecmwf_forecast.V.EUR_LL015.036.ml.nc', '20121017_12_ecmwf_forecast.W.EUR_LL015.036.ml.nc']
2025-03-30 20:08:01 INFO Opening candidate '20121017_12_ecmwf_forecast.ALTITUDE_LEVELS.EUR_LL015.036.al.nc'
2025-03-30 20:08:01 INFO File '20121017_12_ecmwf_forecast.ALTITUDE_LEVELS.EUR_LL015.036.al.nc' identified as 'al' type
2025-03-30 20:08:01 INFO Found init time '2012-10-17 12:00:00', 7 valid_times and 3 standard_names
2025-03-30 20:08:01 DEBUG valid_times='[cftime.DatetimeGregorian(2012, 10, 17, 12, 0, 0, 0, has_year_zero=False)
 cftime.DatetimeGregorian(2012, 10, 17, 18, 0, 0, 0, has_year_zero=False)
 cftime.DatetimeGregorian(2012, 10, 18, 0, 0, 0, 0, has_year_zero=False)
 cftime.DatetimeGregorian(2012, 10, 18, 6, 0, 0, 0, has_year_zero=False)
 cftime.DatetimeGregorian(2012, 10, 18, 12, 0, 0, 0, has_year_zero=False)
 cftime.DatetimeGregorian(2012, 10, 18, 18, 0, 0, 0, has_year_zero=False)
 cftime.DatetimeGregorian(2012, 10, 19, 0, 0, 0, 0, has_year_zero=False)]' standard_names='['air_pressure', 'ertel_potential_vorticity', 'mole_fraction_of_ozone_in_air']'
2025-03-30 20:08:01 INFO Opening candidate '20121017_12_ecmwf_forecast.CC.EUR_LL015.036.ml.nc'
2025-03-30 20:08:01 INFO File '20121017_12_ecmwf_forecast.CC.EUR_LL015.036.ml.nc' identified as 'ml' type
2025-03-30 20:08:01 INFO Found init time '2012-10-17 12:00:00', 7 valid_times and 1 standard_names
2025-03-30 20:08:01 DEBUG valid_times='[cftime.DatetimeGregorian(2012, 10, 17, 12, 0, 0, 0, has_year_zero=False)
 cftime.DatetimeGregorian(2012, 10, 17, 18, 0, 0, 0, has_year_zero=False)
 cftime.DatetimeGregorian(2012, 10, 18, 0, 0, 0, 0, has_year_zero=False)
 cftime.DatetimeGregorian(2012, 10, 18, 6, 0, 0, 0, has_year_zero=False)
 cftime.DatetimeGregorian(2012, 10, 18, 12, 0, 0, 0, has_year_zero=False)
 cftime.DatetimeGregorian(2012, 10, 18, 18, 0, 0, 0, has_year_zero=False)
 cftime.DatetimeGregorian(2012, 10, 19, 0, 0, 0, 0, has_year_zero=False)]' standard_names='['cloud_area_fraction_in_atmosphere_layer']'
2025-03-30 20:08:01 INFO Opening candidate '20121017_12_ecmwf_forecast.CIWC.EUR_LL015.036.ml.nc'
2025-03-30 20:08:01 INFO File '20121017_12_ecmwf_forecast.CIWC.EUR_LL015.036.ml.nc' identified as 'ml' type
2025-03-30 20:08:01 INFO Found init time '2012-10-17 12:00:00', 7 valid_times and 1 standard_names
2025-03-30 20:08:01 DEBUG valid_times='[cftime.DatetimeGregorian(2012, 10, 17, 12, 0, 0, 0, has_year_zero=False)
 cftime.DatetimeGregorian(2012, 10, 17, 18, 0, 0, 0, has_year_zero=False)
 cftime.DatetimeGregorian(2012, 10, 18, 0, 0, 0, 0, has_year_zero=False)
 cftime.DatetimeGregorian(2012, 10, 18, 6, 0, 0, 0, has_year_zero=False)
 cftime.DatetimeGregorian(2012, 10, 18, 12, 0, 0, 0, has_year_zero=False)
 cftime.DatetimeGregorian(2012, 10, 18, 18, 0, 0, 0, has_year_zero=False)
 cftime.DatetimeGregorian(2012, 10, 19, 0, 0, 0, 0, has_year_zero=False)]' standard_names='['specific_cloud_ice_water_content']'
2025-03-30 20:08:01 INFO Opening candidate '20121017_12_ecmwf_forecast.CLWC.EUR_LL015.036.ml.nc'
2025-03-30 20:08:01 INFO File '20121017_12_ecmwf_forecast.CLWC.EUR_LL015.036.ml.nc' identified as 'ml' type
2025-03-30 20:08:01 INFO Found init time '2012-10-17 12:00:00', 7 valid_times and 1 standard_names
2025-03-30 20:08:01 DEBUG valid_times='[cftime.DatetimeGregorian(2012, 10, 17, 12, 0, 0, 0, has_year_zero=False)
 cftime.DatetimeGregorian(2012, 10, 17, 18, 0, 0, 0, has_year_zero=False)
 cftime.DatetimeGregorian(2012, 10, 18, 0, 0, 0, 0, has_year_zero=False)
 cftime.DatetimeGregorian(2012, 10, 18, 6, 0, 0, 0, has_year_zero=False)
 cftime.DatetimeGregorian(2012, 10, 18, 12, 0, 0, 0, has_year_zero=False)
 cftime.DatetimeGregorian(2012, 10, 18, 18, 0, 0, 0, has_year_zero=False)
 cftime.DatetimeGregorian(2012, 10, 19, 0, 0, 0, 0, has_year_zero=False)]' standard_names='['specific_cloud_liquid_water_content']'
2025-03-30 20:08:01 INFO Opening candidate '20121017_12_ecmwf_forecast.DIV.EUR_LL015.036.ml.nc'
2025-03-30 20:08:01 INFO File '20121017_12_ecmwf_forecast.DIV.EUR_LL015.036.ml.nc' identified as 'ml' type
2025-03-30 20:08:01 INFO Found init time '2012-10-17 12:00:00', 7 valid_times and 1 standard_names
2025-03-30 20:08:01 DEBUG valid_times='[cftime.DatetimeGregorian(2012, 10, 17, 12, 0, 0, 0, has_year_zero=False)
 cftime.DatetimeGregorian(2012, 10, 17, 18, 0, 0, 0, has_year_zero=False)
 cftime.DatetimeGregorian(2012, 10, 18, 0, 0, 0, 0, has_year_zero=False)
 cftime.DatetimeGregorian(2012, 10, 18, 6, 0, 0, 0, has_year_zero=False)
 cftime.DatetimeGregorian(2012, 10, 18, 12, 0, 0, 0, has_year_zero=False)
 cftime.DatetimeGregorian(2012, 10, 18, 18, 0, 0, 0, has_year_zero=False)
 cftime.DatetimeGregorian(2012, 10, 19, 0, 0, 0, 0, has_year_zero=False)]' standard_names='['divergence_of_wind']'
2025-03-30 20:08:01 INFO Opening candidate '20121017_12_ecmwf_forecast.EMAC.EUR_LL015.036.ml.nc'
2025-03-30 20:08:01 INFO File '20121017_12_ecmwf_forecast.EMAC.EUR_LL015.036.ml.nc' identified as 'ml' type
2025-03-30 20:08:01 INFO Found init time '2012-10-17 12:00:00', 7 valid_times and 1 standard_names
2025-03-30 20:08:01 DEBUG valid_times='[cftime.DatetimeGregorian(2012, 10, 17, 12, 0, 0, 0, has_year_zero=False)
 cftime.DatetimeGregorian(2012, 10, 17, 18, 0, 0, 0, has_year_zero=False)
 cftime.DatetimeGregorian(2012, 10, 18, 0, 0, 0, 0, has_year_zero=False)
 cftime.DatetimeGregorian(2012, 10, 18, 6, 0, 0, 0, has_year_zero=False)
 cftime.DatetimeGregorian(2012, 10, 18, 12, 0, 0, 0, has_year_zero=False)
 cftime.DatetimeGregorian(2012, 10, 18, 18, 0, 0, 0, has_year_zero=False)
 cftime.DatetimeGregorian(2012, 10, 19, 0, 0, 0, 0, has_year_zero=False)]' standard_names='['emac_R12']'
2025-03-30 20:08:01 INFO Opening candidate '20121017_12_ecmwf_forecast.GPH.EUR_LL015.036.ml.nc'
2025-03-30 20:08:01 INFO File '20121017_12_ecmwf_forecast.GPH.EUR_LL015.036.ml.nc' identified as 'ml' type
2025-03-30 20:08:01 INFO Found init time '2012-10-17 12:00:00', 7 valid_times and 1 standard_names
2025-03-30 20:08:01 DEBUG valid_times='[cftime.DatetimeGregorian(2012, 10, 17, 12, 0, 0, 0, has_year_zero=False)
 cftime.DatetimeGregorian(2012, 10, 17, 18, 0, 0, 0, has_year_zero=False)
 cftime.DatetimeGregorian(2012, 10, 18, 0, 0, 0, 0, has_year_zero=False)
 cftime.DatetimeGregorian(2012, 10, 18, 6, 0, 0, 0, has_year_zero=False)
 cftime.DatetimeGregorian(2012, 10, 18, 12, 0, 0, 0, has_year_zero=False)
 cftime.DatetimeGregorian(2012, 10, 18, 18, 0, 0, 0, has_year_zero=False)
 cftime.DatetimeGregorian(2012, 10, 19, 0, 0, 0, 0, has_year_zero=False)]' standard_names='['geopotential_height']'
2025-03-30 20:08:01 INFO Opening candidate '20121017_12_ecmwf_forecast.O3.EUR_LL015.036.ml.nc'
2025-03-30 20:08:01 INFO File '20121017_12_ecmwf_forecast.O3.EUR_LL015.036.ml.nc' identified as 'ml' type
2025-03-30 20:08:01 INFO Found init time '2012-10-17 12:00:00', 7 valid_times and 1 standard_names
2025-03-30 20:08:01 DEBUG valid_times='[cftime.DatetimeGregorian(2012, 10, 17, 12, 0, 0, 0, has_year_zero=False)
 cftime.DatetimeGregorian(2012, 10, 17, 18, 0, 0, 0, has_year_zero=False)
 cftime.DatetimeGregorian(2012, 10, 18, 0, 0, 0, 0, has_year_zero=False)
 cftime.DatetimeGregorian(2012, 10, 18, 6, 0, 0, 0, has_year_zero=False)
 cftime.DatetimeGregorian(2012, 10, 18, 12, 0, 0, 0, has_year_zero=False)
 cftime.DatetimeGregorian(2012, 10, 18, 18, 0, 0, 0, has_year_zero=False)
 cftime.DatetimeGregorian(2012, 10, 19, 0, 0, 0, 0, has_year_zero=False)]' standard_names='['mole_fraction_of_ozone_in_air']'
2025-03-30 20:08:01 INFO Opening candidate '20121017_12_ecmwf_forecast.PRESSURE_LEVELS.EUR_LL015.036.pl.nc'
2025-03-30 20:08:01 INFO File '20121017_12_ecmwf_forecast.PRESSURE_LEVELS.EUR_LL015.036.pl.nc' identified as 'pl' type
2025-03-30 20:08:01 INFO Found init time '2012-10-17 12:00:00', 7 valid_times and 16 standard_names
2025-03-30 20:08:01 DEBUG valid_times='[cftime.DatetimeGregorian(2012, 10, 17, 12, 0, 0, 0, has_year_zero=False)
 cftime.DatetimeGregorian(2012, 10, 17, 18, 0, 0, 0, has_year_zero=False)
 cftime.DatetimeGregorian(2012, 10, 18, 0, 0, 0, 0, has_year_zero=False)
 cftime.DatetimeGregorian(2012, 10, 18, 6, 0, 0, 0, has_year_zero=False)
 cftime.DatetimeGregorian(2012, 10, 18, 12, 0, 0, 0, has_year_zero=False)
 cftime.DatetimeGregorian(2012, 10, 18, 18, 0, 0, 0, has_year_zero=False)
 cftime.DatetimeGregorian(2012, 10, 19, 0, 0, 0, 0, has_year_zero=False)]' standard_names='['air_potential_temperature', 'air_pressure', 'air_temperature', 'eastward_wind', 'ertel_potential_vorticity', 'geopotential_height', 'northward_wind', 'specific_humidity', 'lagrangian_tendency_of_air_pressure', 'divergence_of_wind', 'mass_fraction_of_ozone_in_air', 'mole_fraction_of_ozone_in_air', 'equivalent_latitude', 'number_of_wcb_trajectories', 'number_of_insitu_trajectories', 'number_of_mix_trajectories']'
2025-03-30 20:08:01 INFO Opening candidate '20121017_12_ecmwf_forecast.PVU.EUR_LL015.036.pv.nc'
2025-03-30 20:08:01 INFO File '20121017_12_ecmwf_forecast.PVU.EUR_LL015.036.pv.nc' identified as 'pv' type
2025-03-30 20:08:01 INFO Found init time '2012-10-17 12:00:00', 7 valid_times and 3 standard_names
2025-03-30 20:08:01 DEBUG valid_times='[cftime.DatetimeGregorian(2012, 10, 17, 12, 0, 0, 0, has_year_zero=False)
 cftime.DatetimeGregorian(2012, 10, 17, 18, 0, 0, 0, has_year_zero=False)
 cftime.DatetimeGregorian(2012, 10, 18, 0, 0, 0, 0, has_year_zero=False)
 cftime.DatetimeGregorian(2012, 10, 18, 6, 0, 0, 0, has_year_zero=False)
 cftime.DatetimeGregorian(2012, 10, 18, 12, 0, 0, 0, has_year_zero=False)
 cftime.DatetimeGregorian(2012, 10, 18, 18, 0, 0, 0, has_year_zero=False)
 cftime.DatetimeGregorian(2012, 10, 19, 0, 0, 0, 0, has_year_zero=False)]' standard_names='['air_potential_temperature', 'geopotential_height', 'air_pressure']'
2025-03-30 20:08:01 INFO Opening candidate '20121017_12_ecmwf_forecast.PV_derived.EUR_LL015.036.ml.nc'
2025-03-30 20:08:01 INFO File '20121017_12_ecmwf_forecast.PV_derived.EUR_LL015.036.ml.nc' identified as 'ml' type
2025-03-30 20:08:01 INFO Found init time '2012-10-17 12:00:00', 7 valid_times and 1 standard_names
2025-03-30 20:08:01 DEBUG valid_times='[cftime.DatetimeGregorian(2012, 10, 17, 12, 0, 0, 0, has_year_zero=False)
 cftime.DatetimeGregorian(2012, 10, 17, 18, 0, 0, 0, has_year_zero=False)
 cftime.DatetimeGregorian(2012, 10, 18, 0, 0, 0, 0, has_year_zero=False)
 cftime.DatetimeGregorian(2012, 10, 18, 6, 0, 0, 0, has_year_zero=False)
 cftime.DatetimeGregorian(2012, 10, 18, 12, 0, 0, 0, has_year_zero=False)
 cftime.DatetimeGregorian(2012, 10, 18, 18, 0, 0, 0, has_year_zero=False)
 cftime.DatetimeGregorian(2012, 10, 19, 0, 0, 0, 0, has_year_zero=False)]' standard_names='['ertel_potential_vorticity']'
2025-03-30 20:08:01 INFO Opening candidate '20121017_12_ecmwf_forecast.P_derived.EUR_LL015.036.ml.nc'
2025-03-30 20:08:01 INFO File '20121017_12_ecmwf_forecast.P_derived.EUR_LL015.036.ml.nc' identified as 'ml' type
2025-03-30 20:08:01 INFO Found init time '2012-10-17 12:00:00', 7 valid_times and 1 standard_names
2025-03-30 20:08:01 DEBUG valid_times='[cftime.DatetimeGregorian(2012, 10, 17, 12, 0, 0, 0, has_year_zero=False)
 cftime.DatetimeGregorian(2012, 10, 17, 18, 0, 0, 0, has_year_zero=False)
 cftime.DatetimeGregorian(2012, 10, 18, 0, 0, 0, 0, has_year_zero=False)
 cftime.DatetimeGregorian(2012, 10, 18, 6, 0, 0, 0, has_year_zero=False)
 cftime.DatetimeGregorian(2012, 10, 18, 12, 0, 0, 0, has_year_zero=False)
 cftime.DatetimeGregorian(2012, 10, 18, 18, 0, 0, 0, has_year_zero=False)
 cftime.DatetimeGregorian(2012, 10, 19, 0, 0, 0, 0, has_year_zero=False)]' standard_names='['air_pressure']'
2025-03-30 20:08:01 INFO Opening candidate '20121017_12_ecmwf_forecast.ProbWCB_LAGRANTO_derived.EUR_LL015.036.ml.nc'
2025-03-30 20:08:01 INFO File '20121017_12_ecmwf_forecast.ProbWCB_LAGRANTO_derived.EUR_LL015.036.ml.nc' identified as 'ml' type
2025-03-30 20:08:01 INFO Found init time '2012-10-17 12:00:00', 7 valid_times and 1 standard_names
2025-03-30 20:08:01 DEBUG valid_times='[cftime.DatetimeGregorian(2012, 10, 17, 12, 0, 0, 0, has_year_zero=False)
 cftime.DatetimeGregorian(2012, 10, 17, 18, 0, 0, 0, has_year_zero=False)
 cftime.DatetimeGregorian(2012, 10, 18, 0, 0, 0, 0, has_year_zero=False)
 cftime.DatetimeGregorian(2012, 10, 18, 6, 0, 0, 0, has_year_zero=False)
 cftime.DatetimeGregorian(2012, 10, 18, 12, 0, 0, 0, has_year_zero=False)
 cftime.DatetimeGregorian(2012, 10, 18, 18, 0, 0, 0, has_year_zero=False)
 cftime.DatetimeGregorian(2012, 10, 19, 0, 0, 0, 0, has_year_zero=False)]' standard_names='['probability_of_wcb_occurrence']'
2025-03-30 20:08:01 INFO Opening candidate '20121017_12_ecmwf_forecast.ProbWCB_LAGRANTO_derived.EUR_LL015.036.sfc.nc'
2025-03-30 20:08:01 INFO File '20121017_12_ecmwf_forecast.ProbWCB_LAGRANTO_derived.EUR_LL015.036.sfc.nc' identified as 'sfc' type
2025-03-30 20:08:01 INFO Found init time '2012-10-17 12:00:00', 7 valid_times and 1 standard_names
2025-03-30 20:08:01 DEBUG valid_times='[cftime.DatetimeGregorian(2012, 10, 17, 12, 0, 0, 0, has_year_zero=False)
 cftime.DatetimeGregorian(2012, 10, 17, 18, 0, 0, 0, has_year_zero=False)
 cftime.DatetimeGregorian(2012, 10, 18, 0, 0, 0, 0, has_year_zero=False)
 cftime.DatetimeGregorian(2012, 10, 18, 6, 0, 0, 0, has_year_zero=False)
 cftime.DatetimeGregorian(2012, 10, 18, 12, 0, 0, 0, has_year_zero=False)
 cftime.DatetimeGregorian(2012, 10, 18, 18, 0, 0, 0, has_year_zero=False)
 cftime.DatetimeGregorian(2012, 10, 19, 0, 0, 0, 0, has_year_zero=False)]' standard_names='['vertically_integrated_probability_of_wcb_occurrence']'
2025-03-30 20:08:01 INFO Opening candidate '20121017_12_ecmwf_forecast.Q.EUR_LL015.036.ml.nc'
2025-03-30 20:08:01 INFO File '20121017_12_ecmwf_forecast.Q.EUR_LL015.036.ml.nc' identified as 'ml' type
2025-03-30 20:08:01 INFO Found init time '2012-10-17 12:00:00', 7 valid_times and 1 standard_names
2025-03-30 20:08:01 DEBUG valid_times='[cftime.DatetimeGregorian(2012, 10, 17, 12, 0, 0, 0, has_year_zero=False)
 cftime.DatetimeGregorian(2012, 10, 17, 18, 0, 0, 0, has_year_zero=False)
 cftime.DatetimeGregorian(2012, 10, 18, 0, 0, 0, 0, has_year_zero=False)
 cftime.DatetimeGregorian(2012, 10, 18, 6, 0, 0, 0, has_year_zero=False)
 cftime.DatetimeGregorian(2012, 10, 18, 12, 0, 0, 0, has_year_zero=False)
 cftime.DatetimeGregorian(2012, 10, 18, 18, 0, 0, 0, has_year_zero=False)
 cftime.DatetimeGregorian(2012, 10, 19, 0, 0, 0, 0, has_year_zero=False)]' standard_names='['specific_humidity']'
2025-03-30 20:08:01 INFO Opening candidate '20121017_12_ecmwf_forecast.SEA.EUR_LL015.036.sfc.nc'
2025-03-30 20:08:01 INFO File '20121017_12_ecmwf_forecast.SEA.EUR_LL015.036.sfc.nc' identified as 'sfc' type
2025-03-30 20:08:01 INFO Found init time '2012-10-17 12:00:00', 7 valid_times and 1 standard_names
2025-03-30 20:08:01 DEBUG valid_times='[cftime.DatetimeGregorian(2012, 10, 17, 12, 0, 0, 0, has_year_zero=False)
 cftime.DatetimeGregorian(2012, 10, 17, 18, 0, 0, 0, has_year_zero=False)
 cftime.DatetimeGregorian(2012, 10, 18, 0, 0, 0, 0, has_year_zero=False)
 cftime.DatetimeGregorian(2012, 10, 18, 6, 0, 0, 0, has_year_zero=False)
 cftime.DatetimeGregorian(2012, 10, 18, 12, 0, 0, 0, has_year_zero=False)
 cftime.DatetimeGregorian(2012, 10, 18, 18, 0, 0, 0, has_year_zero=False)
 cftime.DatetimeGregorian(2012, 10, 19, 0, 0, 0, 0, has_year_zero=False)]' standard_names='['solar_elevation_angle']'
2025-03-30 20:08:01 INFO Opening candidate '20121017_12_ecmwf_forecast.SFC.EUR_LL015.036.sfc.nc'
2025-03-30 20:08:01 INFO File '20121017_12_ecmwf_forecast.SFC.EUR_LL015.036.sfc.nc' identified as 'sfc' type
2025-03-30 20:08:01 INFO Found init time '2012-10-17 12:00:00', 7 valid_times and 15 standard_names
2025-03-30 20:08:01 DEBUG valid_times='[cftime.DatetimeGregorian(2012, 10, 17, 12, 0, 0, 0, has_year_zero=False)
 cftime.DatetimeGregorian(2012, 10, 17, 18, 0, 0, 0, has_year_zero=False)
 cftime.DatetimeGregorian(2012, 10, 18, 0, 0, 0, 0, has_year_zero=False)
 cftime.DatetimeGregorian(2012, 10, 18, 6, 0, 0, 0, has_year_zero=False)
 cftime.DatetimeGregorian(2012, 10, 18, 12, 0, 0, 0, has_year_zero=False)
 cftime.DatetimeGregorian(2012, 10, 18, 18, 0, 0, 0, has_year_zero=False)
 cftime.DatetimeGregorian(2012, 10, 19, 0, 0, 0, 0, has_year_zero=False)]' standard_names='['surface_geopotential', 'air_pressure_at_sea_level', 'total_cloud_cover', 'land_binary_mask', 'low_cloud_area_fraction', 'medium_cloud_area_fraction', 'high_cloud_area_fraction', 'surface_eastward_wind', 'surface_northward_wind', 'sea_ice_area_fraction', 'msg_brightness_temperature_108', 'atmosphere_boundary_layer_thickness', 'emac_column_density', 'tropopause_altitude', 'secondary_tropopause_altitude']'
2025-03-30 20:08:01 INFO Opening candidate '20121017_12_ecmwf_forecast.T.EUR_LL015.036.ml.nc'
2025-03-30 20:08:01 INFO File '20121017_12_ecmwf_forecast.T.EUR_LL015.036.ml.nc' identified as 'ml' type
2025-03-30 20:08:01 INFO Found init time '2012-10-17 12:00:00', 7 valid_times and 1 standard_names
2025-03-30 20:08:01 DEBUG valid_times='[cftime.DatetimeGregorian(2012, 10, 17, 12, 0, 0, 0, has_year_zero=False)
 cftime.DatetimeGregorian(2012, 10, 17, 18, 0, 0, 0, has_year_zero=False)
 cftime.DatetimeGregorian(2012, 10, 18, 0, 0, 0, 0, has_year_zero=False)
 cftime.DatetimeGregorian(2012, 10, 18, 6, 0, 0, 0, has_year_zero=False)
 cftime.DatetimeGregorian(2012, 10, 18, 12, 0, 0, 0, has_year_zero=False)
 cftime.DatetimeGregorian(2012, 10, 18, 18, 0, 0, 0, has_year_zero=False)
 cftime.DatetimeGregorian(2012, 10, 19, 0, 0, 0, 0, has_year_zero=False)]' standard_names='['air_temperature']'
2025-03-30 20:08:01 INFO Opening candidate '20121017_12_ecmwf_forecast.THETA.EUR_LL015.036.ml.nc'
2025-03-30 20:08:01 INFO File '20121017_12_ecmwf_forecast.THETA.EUR_LL015.036.ml.nc' identified as 'ml' type
2025-03-30 20:08:01 INFO Found init time '2012-10-17 12:00:00', 7 valid_times and 1 standard_names
2025-03-30 20:08:01 DEBUG valid_times='[cftime.DatetimeGregorian(2012, 10, 17, 12, 0, 0, 0, has_year_zero=False)
 cftime.DatetimeGregorian(2012, 10, 17, 18, 0, 0, 0, has_year_zero=False)
 cftime.DatetimeGregorian(2012, 10, 18, 0, 0, 0, 0, has_year_zero=False)
 cftime.DatetimeGregorian(2012, 10, 18, 6, 0, 0, 0, has_year_zero=False)
 cftime.DatetimeGregorian(2012, 10, 18, 12, 0, 0, 0, has_year_zero=False)
 cftime.DatetimeGregorian(2012, 10, 18, 18, 0, 0, 0, has_year_zero=False)
 cftime.DatetimeGregorian(2012, 10, 19, 0, 0, 0, 0, has_year_zero=False)]' standard_names='['air_potential_temperature']'
2025-03-30 20:08:01 INFO Opening candidate '20121017_12_ecmwf_forecast.THETA_LEVELS.EUR_LL015.036.tl.nc'
2025-03-30 20:08:01 INFO File '20121017_12_ecmwf_forecast.THETA_LEVELS.EUR_LL015.036.tl.nc' identified as 'tl' type
2025-03-30 20:08:01 INFO Found init time '2012-10-17 12:00:00', 7 valid_times and 3 standard_names
2025-03-30 20:08:01 DEBUG valid_times='[cftime.DatetimeGregorian(2012, 10, 17, 12, 0, 0, 0, has_year_zero=False)
 cftime.DatetimeGregorian(2012, 10, 17, 18, 0, 0, 0, has_year_zero=False)
 cftime.DatetimeGregorian(2012, 10, 18, 0, 0, 0, 0, has_year_zero=False)
 cftime.DatetimeGregorian(2012, 10, 18, 6, 0, 0, 0, has_year_zero=False)
 cftime.DatetimeGregorian(2012, 10, 18, 12, 0, 0, 0, has_year_zero=False)
 cftime.DatetimeGregorian(2012, 10, 18, 18, 0, 0, 0, has_year_zero=False)
 cftime.DatetimeGregorian(2012, 10, 19, 0, 0, 0, 0, has_year_zero=False)]' standard_names='['air_pressure', 'ertel_potential_vorticity', 'mole_fraction_of_ozone_in_air']'
2025-03-30 20:08:01 INFO Opening candidate '20121017_12_ecmwf_forecast.U.EUR_LL015.036.ml.nc'
2025-03-30 20:08:01 INFO File '20121017_12_ecmwf_forecast.U.EUR_LL015.036.ml.nc' identified as 'ml' type
2025-03-30 20:08:01 INFO Found init time '2012-10-17 12:00:00', 7 valid_times and 1 standard_names
2025-03-30 20:08:01 DEBUG valid_times='[cftime.DatetimeGregorian(2012, 10, 17, 12, 0, 0, 0, has_year_zero=False)
 cftime.DatetimeGregorian(2012, 10, 17, 18, 0, 0, 0, has_year_zero=False)
 cftime.DatetimeGregorian(2012, 10, 18, 0, 0, 0, 0, has_year_zero=False)
 cftime.DatetimeGregorian(2012, 10, 18, 6, 0, 0, 0, has_year_zero=False)
 cftime.DatetimeGregorian(2012, 10, 18, 12, 0, 0, 0, has_year_zero=False)
 cftime.DatetimeGregorian(2012, 10, 18, 18, 0, 0, 0, has_year_zero=False)
 cftime.DatetimeGregorian(2012, 10, 19, 0, 0, 0, 0, has_year_zero=False)]' standard_names='['eastward_wind']'
2025-03-30 20:08:01 INFO Opening candidate '20121017_12_ecmwf_forecast.V.EUR_LL015.036.ml.nc'
2025-03-30 20:08:01 INFO File '20121017_12_ecmwf_forecast.V.EUR_LL015.036.ml.nc' identified as 'ml' type
2025-03-30 20:08:01 INFO Found init time '2012-10-17 12:00:00', 7 valid_times and 1 standard_names
2025-03-30 20:08:01 DEBUG valid_times='[cftime.DatetimeGregorian(2012, 10, 17, 12, 0, 0, 0, has_year_zero=False)
 cftime.DatetimeGregorian(2012, 10, 17, 18, 0, 0, 0, has_year_zero=False)
 cftime.DatetimeGregorian(2012, 10, 18, 0, 0, 0, 0, has_year_zero=False)
 cftime.DatetimeGregorian(2012, 10, 18, 6, 0, 0, 0, has_year_zero=False)
 cftime.DatetimeGregorian(2012, 10, 18, 12, 0, 0, 0, has_year_zero=False)
 cftime.DatetimeGregorian(2012, 10, 18, 18, 0, 0, 0, has_year_zero=False)
 cftime.DatetimeGregorian(2012, 10, 19, 0, 0, 0, 0, has_year_zero=False)]' standard_names='['northward_wind']'
2025-03-30 20:08:01 INFO Opening candidate '20121017_12_ecmwf_forecast.W.EUR_LL015.036.ml.nc'
2025-03-30 20:08:01 INFO File '20121017_12_ecmwf_forecast.W.EUR_LL015.036.ml.nc' identified as 'ml' type
2025-03-30 20:08:01 INFO Found init time '2012-10-17 12:00:00', 7 valid_times and 1 standard_names
2025-03-30 20:08:01 DEBUG valid_times='[cftime.DatetimeGregorian(2012, 10, 17, 12, 0, 0, 0, has_year_zero=False)
 cftime.DatetimeGregorian(2012, 10, 17, 18, 0, 0, 0, has_year_zero=False)
 cftime.DatetimeGregorian(2012, 10, 18, 0, 0, 0, 0, has_year_zero=False)
 cftime.DatetimeGregorian(2012, 10, 18, 6, 0, 0, 0, has_year_zero=False)
 cftime.DatetimeGregorian(2012, 10, 18, 12, 0, 0, 0, has_year_zero=False)
 cftime.DatetimeGregorian(2012, 10, 18, 18, 0, 0, 0, has_year_zero=False)
 cftime.DatetimeGregorian(2012, 10, 19, 0, 0, 0, 0, has_year_zero=False)]' standard_names='['lagrangian_tendency_of_air_pressure']'
2025-03-30 20:08:01 DEBUG using plot object 'mole_fraction_of_ozone_in_air_tl'
2025-03-30 20:08:01 DEBUG 	figure size (800, 600) in pixels
2025-03-30 20:08:01 DEBUG 	requested initialisation time 2012-10-17 12:00:00
2025-03-30 20:08:01 DEBUG 	requested forecast valid time 2012-10-17 12:00:00
2025-03-30 20:08:01 DEBUG 	variable 'mole_fraction_of_ozone_in_air' requires input file '20121017_12_ecmwf_forecast.THETA_LEVELS.EUR_LL015.036.tl.nc'
2025-03-30 20:08:01 DEBUG 	variable 'ertel_potential_vorticity' requires input file '20121017_12_ecmwf_forecast.THETA_LEVELS.EUR_LL015.036.tl.nc'
2025-03-30 20:08:01 DEBUG opening datasets.
2025-03-30 20:08:01 DEBUG 	identified variable <mole_fraction_of_ozone_in_air> for field <mole_fraction_of_ozone_in_air>
2025-03-30 20:08:01 DEBUG 	identified variable <ertel_potential_vorticity> for field <ertel_potential_vorticity>
2025-03-30 20:08:01 DEBUG loading data for time step 0 (2012-10-17 12:00:00), level index 0 (level 300.0)
2025-03-30 20:08:01 DEBUG 	Loaded 0.02 Mbytes from data field <mole_fraction_of_ozone_in_air>.
2025-03-30 20:08:01 DEBUG 	Loaded 0.02 Mbytes from data field <ertel_potential_vorticity>.
2025-03-30 20:08:01 DEBUG Loaded data (required time 0:00:00.001272).
2025-03-30 20:08:01 DEBUG Plotting horizontal section.
2025-03-30 20:08:01 DEBUG Identified CRS 'epsg:4326' as '{'basemap': {'epsg': '4326'}, 'bbox': 'degree'}'
2025-03-30 20:08:01 DEBUG Identified CRS 'epsg:4326' as '{'basemap': {'epsg': '4326'}, 'bbox': 'degree'}'
2025-03-30 20:08:01 DEBUG plotting data..
2025-03-30 20:08:01 DEBUG preparing additional data fields..
2025-03-30 20:08:01 DEBUG creating figure..
2025-03-30 20:08:01 DEBUG 	with frame and legends
2025-03-30 20:08:01 DEBUG Loaded '({'epsg': '4326'}, [-22.5, 27.5, 55, 62.5], 'degree')' from basemap cache
2025-03-30 20:08:01 DEBUG shifting data grid to leftmost longitude in map -22..
2025-03-30 20:08:01 DEBUG converting image to indexed palette.
2025-03-30 20:08:01 DEBUG saving figure as non-transparent PNG.
2025-03-30 20:08:01 DEBUG returning figure..
2025-03-30 20:08:01 DEBUG Finished plotting (required time 0:00:00.304794; total time 0:00:00.306066).

2025-03-30 20:08:01 DEBUG using plot object 'mole_fraction_of_ozone_in_air_tl'
2025-03-30 20:08:01 DEBUG 	figure size (800, 600) in pixels
2025-03-30 20:08:01 DEBUG 	requested initialisation time 2012-10-17 12:00:00
2025-03-30 20:08:01 DEBUG 	requested forecast valid time 2012-10-17 12:00:00
2025-03-30 20:08:01 DEBUG 	variable 'mole_fraction_of_ozone_in_air' requires input file '20121017_12_ecmwf_forecast.THETA_LEVELS.EUR_LL015.036.tl.nc'
2025-03-30 20:08:01 DEBUG 	variable 'ertel_potential_vorticity' requires input file '20121017_12_ecmwf_forecast.THETA_LEVELS.EUR_LL015.036.tl.nc'
2025-03-30 20:08:01 DEBUG opening datasets.
2025-03-30 20:08:01 DEBUG 	identified variable <mole_fraction_of_ozone_in_air> for field <mole_fraction_of_ozone_in_air>
2025-03-30 20:08:01 DEBUG 	identified variable <ertel_potential_vorticity> for field <ertel_potential_vorticity>
2025-03-30 20:08:01 DEBUG loading data for time step 0 (2012-10-17 12:00:00), level index 0 (level 300.0)
2025-03-30 20:08:01 DEBUG 	Loaded 0.02 Mbytes from data field <mole_fraction_of_ozone_in_air>.
2025-03-30 20:08:01 DEBUG 	Loaded 0.02 Mbytes from data field <ertel_potential_vorticity>.
2025-03-30 20:08:01 DEBUG Loaded data (required time 0:00:00.001452).
2025-03-30 20:08:01 DEBUG Plotting horizontal section.
2025-03-30 20:08:01 DEBUG Identified CRS 'epsg:4326' as '{'basemap': {'epsg': '4326'}, 'bbox': 'degree'}'
2025-03-30 20:08:01 DEBUG Identified CRS 'epsg:4326' as '{'basemap': {'epsg': '4326'}, 'bbox': 'degree'}'
2025-03-30 20:08:01 DEBUG plotting data..
2025-03-30 20:08:01 DEBUG preparing additional data fields..
2025-03-30 20:08:01 DEBUG creating figure..
2025-03-30 20:08:01 DEBUG 	without frame
2025-03-30 20:08:02 DEBUG Loaded '({'epsg': '4326'}, [-22.5, 27.5, 55, 62.5], 'degree')' from basemap cache
2025-03-30 20:08:02 DEBUG shifting data grid to leftmost longitude in map -22..
2025-03-30 20:08:02 DEBUG converting image to indexed palette.
2025-03-30 20:08:02 DEBUG saving figure as non-transparent PNG.
2025-03-30 20:08:02 DEBUG returning figure..
2025-03-30 20:08:02 DEBUG Finished plotting (required time 0:00:00.364517; total time 0:00:00.365969).

2025-03-30 20:08:02 DEBUG using plot object 'ertel_potential_vorticity_pl'
2025-03-30 20:08:02 DEBUG 	figure size (800, 600) in pixels
2025-03-30 20:08:02 DEBUG 	requested initialisation time 2012-10-17 12:00:00
2025-03-30 20:08:02 DEBUG 	requested forecast valid time 2012-10-17 12:00:00
2025-03-30 20:08:02 DEBUG 	variable 'ertel_potential_vorticity' requires input file '20121017_12_ecmwf_forecast.PRESSURE_LEVELS.EUR_LL015.036.pl.nc'
2025-03-30 20:08:02 DEBUG opening datasets.
2025-03-30 20:08:02 DEBUG 	identified variable <ertel_potential_vorticity> for field <ertel_potential_vorticity>
2025-03-30 20:08:02 DEBUG loading data for time step 0 (2012-10-17 12:00:00), level index 7 (level 300.0)
2025-03-30 20:08:02 DEBUG 	Loaded 0.02 Mbytes from data field <ertel_potential_vorticity>.
2025-03-30 20:08:02 DEBUG Loaded data (required time 0:00:00.000880).
2025-03-30 20:08:02 DEBUG Plotting horizontal section.
2025-03-30 20:08:02 DEBUG Identified CRS 'epsg:4326' as '{'basemap': {'epsg': '4326'}, 'bbox': 'degree'}'
2025-03-30 20:08:02 DEBUG Identified CRS 'epsg:4326' as '{'basemap': {'epsg': '4326'}, 'bbox': 'degree'}'
2025-03-30 20:08:02 DEBUG plotting data..
2025-03-30 20:08:02 DEBUG preparing additional data fields..
2025-03-30 20:08:02 DEBUG creating figure..
2025-03-30 20:08:02 DEBUG 	with frame and legends
2025-03-30 20:08:02 DEBUG Loaded '({'epsg': '4326'}, [-22.5, 27.5, 55, 62.5], 'degree')' from basemap cache
2025-03-30 20:08:02 DEBUG shifting data grid to leftmost longitude in map -22..
2025-03-30 20:08:02 DEBUG converting image to indexed palette.
2025-03-30 20:08:02 DEBUG saving figure as non-transparent PNG.
2025-03-30 20:08:02 DEBUG returning figure..
2025-03-30 20:08:02 DEBUG Finished plotting (required time 0:00:00.332589; total time 0:00:00.333469).

2025-03-30 20:08:02 DEBUG using plot object 'ertel_potential_vorticity_pl'
2025-03-30 20:08:02 DEBUG 	figure size (800, 600) in pixels
2025-03-30 20:08:02 DEBUG 	requested initialisation time 2012-10-17 12:00:00
2025-03-30 20:08:02 DEBUG 	requested forecast valid time 2012-10-17 12:00:00
2025-03-30 20:08:02 DEBUG 	variable 'ertel_potential_vorticity' requires input file '20121017_12_ecmwf_forecast.PRESSURE_LEVELS.EUR_LL015.036.pl.nc'
2025-03-30 20:08:02 DEBUG opening datasets.
2025-03-30 20:08:02 DEBUG 	identified variable <ertel_potential_vorticity> for field <ertel_potential_vorticity>
2025-03-30 20:08:02 DEBUG loading data for time step 0 (2012-10-17 12:00:00), level index 7 (level 300.0)
2025-03-30 20:08:02 DEBUG 	Loaded 0.02 Mbytes from data field <ertel_potential_vorticity>.
2025-03-30 20:08:02 DEBUG Loaded data (required time 0:00:00.000847).
2025-03-30 20:08:02 DEBUG Plotting horizontal section.
2025-03-30 20:08:02 DEBUG Identified CRS 'epsg:4326' as '{'basemap': {'epsg': '4326'}, 'bbox': 'degree'}'
2025-03-30 20:08:02 DEBUG Identified CRS 'epsg:4326' as '{'basemap': {'epsg': '4326'}, 'bbox': 'degree'}'
2025-03-30 20:08:02 DEBUG plotting data..
2025-03-30 20:08:02 DEBUG preparing additional data fields..
2025-03-30 20:08:02 DEBUG creating figure..
2025-03-30 20:08:02 DEBUG 	without frame
2025-03-30 20:08:02 DEBUG Loaded '({'epsg': '4326'}, [-22.5, 27.5, 55, 62.5], 'degree')' from basemap cache
2025-03-30 20:08:02 DEBUG shifting data grid to leftmost longitude in map -22..
2025-03-30 20:08:02 DEBUG converting image to indexed palette.
2025-03-30 20:08:03 DEBUG saving figure as non-transparent PNG.
2025-03-30 20:08:03 DEBUG returning figure..
2025-03-30 20:08:03 DEBUG Finished plotting (required time 0:00:00.317420; total time 0:00:00.318267).

2025-03-30 20:08:03 DEBUG using plot object 'equivalent_latitude_pl'
2025-03-30 20:08:03 DEBUG 	figure size (800, 600) in pixels
2025-03-30 20:08:03 DEBUG 	requested initialisation time 2012-10-17 12:00:00
2025-03-30 20:08:03 DEBUG 	requested forecast valid time 2012-10-17 12:00:00
2025-03-30 20:08:03 DEBUG 	variable 'equivalent_latitude' requires input file '20121017_12_ecmwf_forecast.PRESSURE_LEVELS.EUR_LL015.036.pl.nc'
2025-03-30 20:08:03 DEBUG opening datasets.
2025-03-30 20:08:03 DEBUG 	identified variable <equivalent_latitude> for field <equivalent_latitude>
2025-03-30 20:08:03 DEBUG loading data for time step 0 (2012-10-17 12:00:00), level index 7 (level 300.0)
2025-03-30 20:08:03 DEBUG 	Loaded 0.02 Mbytes from data field <equivalent_latitude>.
2025-03-30 20:08:03 DEBUG Loaded data (required time 0:00:00.000939).
2025-03-30 20:08:03 DEBUG Plotting horizontal section.
2025-03-30 20:08:03 DEBUG Identified CRS 'epsg:4326' as '{'basemap': {'epsg': '4326'}, 'bbox': 'degree'}'
2025-03-30 20:08:03 DEBUG Identified CRS 'epsg:4326' as '{'basemap': {'epsg': '4326'}, 'bbox': 'degree'}'
2025-03-30 20:08:03 DEBUG plotting data..
2025-03-30 20:08:03 WARNING Error in unit conversion (dimensionality) 'degree'/'degree N'
2025-03-30 20:08:03 DEBUG preparing additional data fields..
2025-03-30 20:08:03 DEBUG creating figure..
2025-03-30 20:08:03 DEBUG 	with frame and legends
2025-03-30 20:08:03 DEBUG Loaded '({'epsg': '4326'}, [-22.5, 27.5, 55, 62.5], 'degree')' from basemap cache
2025-03-30 20:08:03 DEBUG shifting data grid to leftmost longitude in map -22..
2025-03-30 20:08:03 DEBUG converting image to indexed palette.
2025-03-30 20:08:03 DEBUG saving figure as non-transparent PNG.
2025-03-30 20:08:03 DEBUG returning figure..
2025-03-30 20:08:03 DEBUG Finished plotting (required time 0:00:00.332289; total time 0:00:00.333228).

2025-03-30 20:08:03 DEBUG using plot object 'equivalent_latitude_pl'
2025-03-30 20:08:03 DEBUG 	figure size (800, 600) in pixels
2025-03-30 20:08:03 DEBUG 	requested initialisation time 2012-10-17 12:00:00
2025-03-30 20:08:03 DEBUG 	requested forecast valid time 2012-10-17 12:00:00
2025-03-30 20:08:03 DEBUG 	variable 'equivalent_latitude' requires input file '20121017_12_ecmwf_forecast.PRESSURE_LEVELS.EUR_LL015.036.pl.nc'
2025-03-30 20:08:03 DEBUG opening datasets.
2025-03-30 20:08:03 DEBUG 	identified variable <equivalent_latitude> for field <equivalent_latitude>
2025-03-30 20:08:03 DEBUG loading data for time step 0 (2012-10-17 12:00:00), level index 7 (level 300.0)
2025-03-30 20:08:03 DEBUG 	Loaded 0.02 Mbytes from data field <equivalent_latitude>.
2025-03-30 20:08:03 DEBUG Loaded data (required time 0:00:00.000984).
2025-03-30 20:08:03 DEBUG Plotting horizontal section.
2025-03-30 20:08:03 DEBUG Identified CRS 'epsg:4326' as '{'basemap': {'epsg': '4326'}, 'bbox': 'degree'}'
2025-03-30 20:08:03 DEBUG Identified CRS 'epsg:4326' as '{'basemap': {'epsg': '4326'}, 'bbox': 'degree'}'
2025-03-30 20:08:03 DEBUG plotting data..
2025-03-30 20:08:03 WARNING Error in unit conversion (dimensionality) 'degree'/'degree N'
2025-03-30 20:08:03 DEBUG preparing additional data fields..
2025-03-30 20:08:03 DEBUG creating figure..
2025-03-30 20:08:03 DEBUG 	without frame
2025-03-30 20:08:03 DEBUG Loaded '({'epsg': '4326'}, [-22.5, 27.5, 55, 62.5], 'degree')' from basemap cache
2025-03-30 20:08:03 DEBUG shifting data grid to leftmost longitude in map -22..
2025-03-30 20:08:03 DEBUG converting image to indexed palette.
2025-03-30 20:08:03 DEBUG saving figure as non-transparent PNG.
2025-03-30 20:08:03 DEBUG returning figure..
2025-03-30 20:08:03 DEBUG Finished plotting (required time 0:00:00.593575; total time 0:00:00.594559).

2025-03-30 20:08:04 DEBUG No user settings found, using default settings
2025-03-30 20:08:04 INFO Files identified for domain 'EUR_LL015': ['20121017_12_ecmwf_forecast.ALTITUDE_LEVELS.EUR_LL015.036.al.nc', '20121017_12_ecmwf_forecast.CC.EUR_LL015.036.ml.nc', '20121017_12_ecmwf_forecast.CIWC.EUR_LL015.036.ml.nc', '20121017_12_ecmwf_forecast.CLWC.EUR_LL015.036.ml.nc', '20121017_12_ecmwf_forecast.DIV.EUR_LL015.036.ml.nc', '20121017_12_ecmwf_forecast.EMAC.EUR_LL015.036.ml.nc', '20121017_12_ecmwf_forecast.GPH.EUR_LL015.036.ml.nc', '20121017_12_ecmwf_forecast.O3.EUR_LL015.036.ml.nc', '20121017_12_ecmwf_forecast.PRESSURE_LEVELS.EUR_LL015.036.pl.nc', '20121017_12_ecmwf_forecast.PVU.EUR_LL015.036.pv.nc', '20121017_12_ecmwf_forecast.PV_derived.EUR_LL015.036.ml.nc', '20121017_12_ecmwf_forecast.P_derived.EUR_LL015.036.ml.nc', '20121017_12_ecmwf_forecast.ProbWCB_LAGRANTO_derived.EUR_LL015.036.ml.nc', '20121017_12_ecmwf_forecast.ProbWCB_LAGRANTO_derived.EUR_LL015.036.sfc.nc', '20121017_12_ecmwf_forecast.Q.EUR_LL015.036.ml.nc', '20121017_12_ecmwf_forecast.SEA.EUR_LL015.036.sfc.nc', '20121017_12_ecmwf_forecast.SFC.EUR_LL015.036.sfc.nc', '20121017_12_ecmwf_forecast.T.EUR_LL015.036.ml.nc', '20121017_12_ecmwf_forecast.THETA.EUR_LL015.036.ml.nc', '20121017_12_ecmwf_forecast.THETA_LEVELS.EUR_LL015.036.tl.nc', '20121017_12_ecmwf_forecast.U.EUR_LL015.036.ml.nc', '20121017_12_ecmwf_forecast.V.EUR_LL015.036.ml.nc', '20121017_12_ecmwf_forecast.W.EUR_LL015.036.ml.nc']
2025-03-30 20:08:04 INFO Opening candidate '20121017_12_ecmwf_forecast.ALTITUDE_LEVELS.EUR_LL015.036.al.nc'
2025-03-30 20:08:04 INFO File '20121017_12_ecmwf_forecast.ALTITUDE_LEVELS.EUR_LL015.036.al.nc' identified as 'al' type
2025-03-30 20:08:04 INFO Found init time '2012-10-17 12:00:00', 7 valid_times and 3 standard_names
2025-03-30 20:08:04 DEBUG valid_times='[cftime.DatetimeGregorian(2012, 10, 17, 12, 0, 0, 0, has_year_zero=False)
 cftime.DatetimeGregorian(2012, 10, 17, 18, 0, 0, 0, has_year_zero=False)
 cftime.DatetimeGregorian(2012, 10, 18, 0, 0, 0, 0, has_year_zero=False)
 cftime.DatetimeGregorian(2012, 10, 18, 6, 0, 0, 0, has_year_zero=False)
 cftime.DatetimeGregorian(2012, 10, 18, 12, 0, 0, 0, has_year_zero=False)
 cftime.DatetimeGregorian(2012, 10, 18, 18, 0, 0, 0, has_year_zero=False)
 cftime.DatetimeGregorian(2012, 10, 19, 0, 0, 0, 0, has_year_zero=False)]' standard_names='['air_pressure', 'ertel_potential_vorticity', 'mole_fraction_of_ozone_in_air']'
2025-03-30 20:08:04 INFO Opening candidate '20121017_12_ecmwf_forecast.CC.EUR_LL015.036.ml.nc'
2025-03-30 20:08:04 INFO File '20121017_12_ecmwf_forecast.CC.EUR_LL015.036.ml.nc' identified as 'ml' type
2025-03-30 20:08:04 INFO Found init time '2012-10-17 12:00:00', 7 valid_times and 1 standard_names
2025-03-30 20:08:04 DEBUG valid_times='[cftime.DatetimeGregorian(2012, 10, 17, 12, 0, 0, 0, has_year_zero=False)
 cftime.DatetimeGregorian(2012, 10, 17, 18, 0, 0, 0, has_year_zero=False)
 cftime.DatetimeGregorian(2012, 10, 18, 0, 0, 0, 0, has_year_zero=False)
 cftime.DatetimeGregorian(2012, 10, 18, 6, 0, 0, 0, has_year_zero=False)
 cftime.DatetimeGregorian(2012, 10, 18, 12, 0, 0, 0, has_year_zero=False)
 cftime.DatetimeGregorian(2012, 10, 18, 18, 0, 0, 0, has_year_zero=False)
 cftime.DatetimeGregorian(2012, 10, 19, 0, 0, 0, 0, has_year_zero=False)]' standard_names='['cloud_area_fraction_in_atmosphere_layer']'
2025-03-30 20:08:04 INFO Opening candidate '20121017_12_ecmwf_forecast.CIWC.EUR_LL015.036.ml.nc'
2025-03-30 20:08:04 INFO File '20121017_12_ecmwf_forecast.CIWC.EUR_LL015.036.ml.nc' identified as 'ml' type
2025-03-30 20:08:04 INFO Found init time '2012-10-17 12:00:00', 7 valid_times and 1 standard_names
2025-03-30 20:08:04 DEBUG valid_times='[cftime.DatetimeGregorian(2012, 10, 17, 12, 0, 0, 0, has_year_zero=False)
 cftime.DatetimeGregorian(2012, 10, 17, 18, 0, 0, 0, has_year_zero=False)
 cftime.DatetimeGregorian(2012, 10, 18, 0, 0, 0, 0, has_year_zero=False)
 cftime.DatetimeGregorian(2012, 10, 18, 6, 0, 0, 0, has_year_zero=False)
 cftime.DatetimeGregorian(2012, 10, 18, 12, 0, 0, 0, has_year_zero=False)
 cftime.DatetimeGregorian(2012, 10, 18, 18, 0, 0, 0, has_year_zero=False)
 cftime.DatetimeGregorian(2012, 10, 19, 0, 0, 0, 0, has_year_zero=False)]' standard_names='['specific_cloud_ice_water_content']'
2025-03-30 20:08:04 INFO Opening candidate '20121017_12_ecmwf_forecast.CLWC.EUR_LL015.036.ml.nc'
2025-03-30 20:08:04 INFO File '20121017_12_ecmwf_forecast.CLWC.EUR_LL015.036.ml.nc' identified as 'ml' type
2025-03-30 20:08:04 INFO Found init time '2012-10-17 12:00:00', 7 valid_times and 1 standard_names
2025-03-30 20:08:04 DEBUG valid_times='[cftime.DatetimeGregorian(2012, 10, 17, 12, 0, 0, 0, has_year_zero=False)
 cftime.DatetimeGregorian(2012, 10, 17, 18, 0, 0, 0, has_year_zero=False)
 cftime.DatetimeGregorian(2012, 10, 18, 0, 0, 0, 0, has_year_zero=False)
 cftime.DatetimeGregorian(2012, 10, 18, 6, 0, 0, 0, has_year_zero=False)
 cftime.DatetimeGregorian(2012, 10, 18, 12, 0, 0, 0, has_year_zero=False)
 cftime.DatetimeGregorian(2012, 10, 18, 18, 0, 0, 0, has_year_zero=False)
 cftime.DatetimeGregorian(2012, 10, 19, 0, 0, 0, 0, has_year_zero=False)]' standard_names='['specific_cloud_liquid_water_content']'
2025-03-30 20:08:04 INFO Opening candidate '20121017_12_ecmwf_forecast.DIV.EUR_LL015.036.ml.nc'
2025-03-30 20:08:04 INFO File '20121017_12_ecmwf_forecast.DIV.EUR_LL015.036.ml.nc' identified as 'ml' type
2025-03-30 20:08:04 INFO Found init time '2012-10-17 12:00:00', 7 valid_times and 1 standard_names
2025-03-30 20:08:04 DEBUG valid_times='[cftime.DatetimeGregorian(2012, 10, 17, 12, 0, 0, 0, has_year_zero=False)
 cftime.DatetimeGregorian(2012, 10, 17, 18, 0, 0, 0, has_year_zero=False)
 cftime.DatetimeGregorian(2012, 10, 18, 0, 0, 0, 0, has_year_zero=False)
 cftime.DatetimeGregorian(2012, 10, 18, 6, 0, 0, 0, has_year_zero=False)
 cftime.DatetimeGregorian(2012, 10, 18, 12, 0, 0, 0, has_year_zero=False)
 cftime.DatetimeGregorian(2012, 10, 18, 18, 0, 0, 0, has_year_zero=False)
 cftime.DatetimeGregorian(2012, 10, 19, 0, 0, 0, 0, has_year_zero=False)]' standard_names='['divergence_of_wind']'
2025-03-30 20:08:04 INFO Opening candidate '20121017_12_ecmwf_forecast.EMAC.EUR_LL015.036.ml.nc'
2025-03-30 20:08:04 INFO File '20121017_12_ecmwf_forecast.EMAC.EUR_LL015.036.ml.nc' identified as 'ml' type
2025-03-30 20:08:04 INFO Found init time '2012-10-17 12:00:00', 7 valid_times and 1 standard_names
2025-03-30 20:08:04 DEBUG valid_times='[cftime.DatetimeGregorian(2012, 10, 17, 12, 0, 0, 0, has_year_zero=False)
 cftime.DatetimeGregorian(2012, 10, 17, 18, 0, 0, 0, has_year_zero=False)
 cftime.DatetimeGregorian(2012, 10, 18, 0, 0, 0, 0, has_year_zero=False)
 cftime.DatetimeGregorian(2012, 10, 18, 6, 0, 0, 0, has_year_zero=False)
 cftime.DatetimeGregorian(2012, 10, 18, 12, 0, 0, 0, has_year_zero=False)
 cftime.DatetimeGregorian(2012, 10, 18, 18, 0, 0, 0, has_year_zero=False)
 cftime.DatetimeGregorian(2012, 10, 19, 0, 0, 0, 0, has_year_zero=False)]' standard_names='['emac_R12']'
2025-03-30 20:08:04 INFO Opening candidate '20121017_12_ecmwf_forecast.GPH.EUR_LL015.036.ml.nc'
2025-03-30 20:08:04 INFO File '20121017_12_ecmwf_forecast.GPH.EUR_LL015.036.ml.nc' identified as 'ml' type
2025-03-30 20:08:04 INFO Found init time '2012-10-17 12:00:00', 7 valid_times and 1 standard_names
2025-03-30 20:08:04 DEBUG valid_times='[cftime.DatetimeGregorian(2012, 10, 17, 12, 0, 0, 0, has_year_zero=False)
 cftime.DatetimeGregorian(2012, 10, 17, 18, 0, 0, 0, has_year_zero=False)
 cftime.DatetimeGregorian(2012, 10, 18, 0, 0, 0, 0, has_year_zero=False)
 cftime.DatetimeGregorian(2012, 10, 18, 6, 0, 0, 0, has_year_zero=False)
 cftime.DatetimeGregorian(2012, 10, 18, 12, 0, 0, 0, has_year_zero=False)
 cftime.DatetimeGregorian(2012, 10, 18, 18, 0, 0, 0, has_year_zero=False)
 cftime.DatetimeGregorian(2012, 10, 19, 0, 0, 0, 0, has_year_zero=False)]' standard_names='['geopotential_height']'
2025-03-30 20:08:04 INFO Opening candidate '20121017_12_ecmwf_forecast.O3.EUR_LL015.036.ml.nc'
2025-03-30 20:08:04 INFO File '20121017_12_ecmwf_forecast.O3.EUR_LL015.036.ml.nc' identified as 'ml' type
2025-03-30 20:08:04 INFO Found init time '2012-10-17 12:00:00', 7 valid_times and 1 standard_names
2025-03-30 20:08:04 DEBUG valid_times='[cftime.DatetimeGregorian(2012, 10, 17, 12, 0, 0, 0, has_year_zero=False)
 cftime.DatetimeGregorian(2012, 10, 17, 18, 0, 0, 0, has_year_zero=False)
 cftime.DatetimeGregorian(2012, 10, 18, 0, 0, 0, 0, has_year_zero=False)
 cftime.DatetimeGregorian(2012, 10, 18, 6, 0, 0, 0, has_year_zero=False)
 cftime.DatetimeGregorian(2012, 10, 18, 12, 0, 0, 0, has_year_zero=False)
 cftime.DatetimeGregorian(2012, 10, 18, 18, 0, 0, 0, has_year_zero=False)
 cftime.DatetimeGregorian(2012, 10, 19, 0, 0, 0, 0, has_year_zero=False)]' standard_names='['mole_fraction_of_ozone_in_air']'
2025-03-30 20:08:04 INFO Opening candidate '20121017_12_ecmwf_forecast.PRESSURE_LEVELS.EUR_LL015.036.pl.nc'
2025-03-30 20:08:04 INFO File '20121017_12_ecmwf_forecast.PRESSURE_LEVELS.EUR_LL015.036.pl.nc' identified as 'pl' type
2025-03-30 20:08:04 INFO Found init time '2012-10-17 12:00:00', 7 valid_times and 16 standard_names
2025-03-30 20:08:04 DEBUG valid_times='[cftime.DatetimeGregorian(2012, 10, 17, 12, 0, 0, 0, has_year_zero=False)
 cftime.DatetimeGregorian(2012, 10, 17, 18, 0, 0, 0, has_year_zero=False)
 cftime.DatetimeGregorian(2012, 10, 18, 0, 0, 0, 0, has_year_zero=False)
 cftime.DatetimeGregorian(2012, 10, 18, 6, 0, 0, 0, has_year_zero=False)
 cftime.DatetimeGregorian(2012, 10, 18, 12, 0, 0, 0, has_year_zero=False)
 cftime.DatetimeGregorian(2012, 10, 18, 18, 0, 0, 0, has_year_zero=False)
 cftime.DatetimeGregorian(2012, 10, 19, 0, 0, 0, 0, has_year_zero=False)]' standard_names='['air_potential_temperature', 'air_pressure', 'air_temperature', 'eastward_wind', 'ertel_potential_vorticity', 'geopotential_height', 'northward_wind', 'specific_humidity', 'lagrangian_tendency_of_air_pressure', 'divergence_of_wind', 'mass_fraction_of_ozone_in_air', 'mole_fraction_of_ozone_in_air', 'equivalent_latitude', 'number_of_wcb_trajectories', 'number_of_insitu_trajectories', 'number_of_mix_trajectories']'
2025-03-30 20:08:04 INFO Opening candidate '20121017_12_ecmwf_forecast.PVU.EUR_LL015.036.pv.nc'
2025-03-30 20:08:04 INFO File '20121017_12_ecmwf_forecast.PVU.EUR_LL015.036.pv.nc' identified as 'pv' type
2025-03-30 20:08:04 INFO Found init time '2012-10-17 12:00:00', 7 valid_times and 3 standard_names
2025-03-30 20:08:04 DEBUG valid_times='[cftime.DatetimeGregorian(2012, 10, 17, 12, 0, 0, 0, has_year_zero=False)
 cftime.DatetimeGregorian(2012, 10, 17, 18, 0, 0, 0, has_year_zero=False)
 cftime.DatetimeGregorian(2012, 10, 18, 0, 0, 0, 0, has_year_zero=False)
 cftime.DatetimeGregorian(2012, 10, 18, 6, 0, 0, 0, has_year_zero=False)
 cftime.DatetimeGregorian(2012, 10, 18, 12, 0, 0, 0, has_year_zero=False)
 cftime.DatetimeGregorian(2012, 10, 18, 18, 0, 0, 0, has_year_zero=False)
 cftime.DatetimeGregorian(2012, 10, 19, 0, 0, 0, 0, has_year_zero=False)]' standard_names='['air_potential_temperature', 'geopotential_height', 'air_pressure']'
2025-03-30 20:08:04 INFO Opening candidate '20121017_12_ecmwf_forecast.PV_derived.EUR_LL015.036.ml.nc'
2025-03-30 20:08:04 INFO File '20121017_12_ecmwf_forecast.PV_derived.EUR_LL015.036.ml.nc' identified as 'ml' type
2025-03-30 20:08:04 INFO Found init time '2012-10-17 12:00:00', 7 valid_times and 1 standard_names
2025-03-30 20:08:04 DEBUG valid_times='[cftime.DatetimeGregorian(2012, 10, 17, 12, 0, 0, 0, has_year_zero=False)
 cftime.DatetimeGregorian(2012, 10, 17, 18, 0, 0, 0, has_year_zero=False)
 cftime.DatetimeGregorian(2012, 10, 18, 0, 0, 0, 0, has_year_zero=False)
 cftime.DatetimeGregorian(2012, 10, 18, 6, 0, 0, 0, has_year_zero=False)
 cftime.DatetimeGregorian(2012, 10, 18, 12, 0, 0, 0, has_year_zero=False)
 cftime.DatetimeGregorian(2012, 10, 18, 18, 0, 0, 0, has_year_zero=False)
 cftime.DatetimeGregorian(2012, 10, 19, 0, 0, 0, 0, has_year_zero=False)]' standard_names='['ertel_potential_vorticity']'
2025-03-30 20:08:04 INFO Opening candidate '20121017_12_ecmwf_forecast.P_derived.EUR_LL015.036.ml.nc'
2025-03-30 20:08:04 INFO File '20121017_12_ecmwf_forecast.P_derived.EUR_LL015.036.ml.nc' identified as 'ml' type
2025-03-30 20:08:04 INFO Found init time '2012-10-17 12:00:00', 7 valid_times and 1 standard_names
2025-03-30 20:08:04 DEBUG valid_times='[cftime.DatetimeGregorian(2012, 10, 17, 12, 0, 0, 0, has_year_zero=False)
 cftime.DatetimeGregorian(2012, 10, 17, 18, 0, 0, 0, has_year_zero=False)
 cftime.DatetimeGregorian(2012, 10, 18, 0, 0, 0, 0, has_year_zero=False)
 cftime.DatetimeGregorian(2012, 10, 18, 6, 0, 0, 0, has_year_zero=False)
 cftime.DatetimeGregorian(2012, 10, 18, 12, 0, 0, 0, has_year_zero=False)
 cftime.DatetimeGregorian(2012, 10, 18, 18, 0, 0, 0, has_year_zero=False)
 cftime.DatetimeGregorian(2012, 10, 19, 0, 0, 0, 0, has_year_zero=False)]' standard_names='['air_pressure']'
2025-03-30 20:08:04 INFO Opening candidate '20121017_12_ecmwf_forecast.ProbWCB_LAGRANTO_derived.EUR_LL015.036.ml.nc'
2025-03-30 20:08:04 INFO File '20121017_12_ecmwf_forecast.ProbWCB_LAGRANTO_derived.EUR_LL015.036.ml.nc' identified as 'ml' type
2025-03-30 20:08:04 INFO Found init time '2012-10-17 12:00:00', 7 valid_times and 1 standard_names
2025-03-30 20:08:04 DEBUG valid_times='[cftime.DatetimeGregorian(2012, 10, 17, 12, 0, 0, 0, has_year_zero=False)
 cftime.DatetimeGregorian(2012, 10, 17, 18, 0, 0, 0, has_year_zero=False)
 cftime.DatetimeGregorian(2012, 10, 18, 0, 0, 0, 0, has_year_zero=False)
 cftime.DatetimeGregorian(2012, 10, 18, 6, 0, 0, 0, has_year_zero=False)
 cftime.DatetimeGregorian(2012, 10, 18, 12, 0, 0, 0, has_year_zero=False)
 cftime.DatetimeGregorian(2012, 10, 18, 18, 0, 0, 0, has_year_zero=False)
 cftime.DatetimeGregorian(2012, 10, 19, 0, 0, 0, 0, has_year_zero=False)]' standard_names='['probability_of_wcb_occurrence']'
2025-03-30 20:08:04 INFO Opening candidate '20121017_12_ecmwf_forecast.ProbWCB_LAGRANTO_derived.EUR_LL015.036.sfc.nc'
2025-03-30 20:08:04 INFO File '20121017_12_ecmwf_forecast.ProbWCB_LAGRANTO_derived.EUR_LL015.036.sfc.nc' identified as 'sfc' type
2025-03-30 20:08:04 INFO Found init time '2012-10-17 12:00:00', 7 valid_times and 1 standard_names
2025-03-30 20:08:04 DEBUG valid_times='[cftime.DatetimeGregorian(2012, 10, 17, 12, 0, 0, 0, has_year_zero=False)
 cftime.DatetimeGregorian(2012, 10, 17, 18, 0, 0, 0, has_year_zero=False)
 cftime.DatetimeGregorian(2012, 10, 18, 0, 0, 0, 0, has_year_zero=False)
 cftime.DatetimeGregorian(2012, 10, 18, 6, 0, 0, 0, has_year_zero=False)
 cftime.DatetimeGregorian(2012, 10, 18, 12, 0, 0, 0, has_year_zero=False)
 cftime.DatetimeGregorian(2012, 10, 18, 18, 0, 0, 0, has_year_zero=False)
 cftime.DatetimeGregorian(2012, 10, 19, 0, 0, 0, 0, has_year_zero=False)]' standard_names='['vertically_integrated_probability_of_wcb_occurrence']'
2025-03-30 20:08:04 INFO Opening candidate '20121017_12_ecmwf_forecast.Q.EUR_LL015.036.ml.nc'
2025-03-30 20:08:04 INFO File '20121017_12_ecmwf_forecast.Q.EUR_LL015.036.ml.nc' identified as 'ml' type
2025-03-30 20:08:04 INFO Found init time '2012-10-17 12:00:00', 7 valid_times and 1 standard_names
2025-03-30 20:08:04 DEBUG valid_times='[cftime.DatetimeGregorian(2012, 10, 17, 12, 0, 0, 0, has_year_zero=False)
 cftime.DatetimeGregorian(2012, 10, 17, 18, 0, 0, 0, has_year_zero=False)
 cftime.DatetimeGregorian(2012, 10, 18, 0, 0, 0, 0, has_year_zero=False)
 cftime.DatetimeGregorian(2012, 10, 18, 6, 0, 0, 0, has_year_zero=False)
 cftime.DatetimeGregorian(2012, 10, 18, 12, 0, 0, 0, has_year_zero=False)
 cftime.DatetimeGregorian(2012, 10, 18, 18, 0, 0, 0, has_year_zero=False)
 cftime.DatetimeGregorian(2012, 10, 19, 0, 0, 0, 0, has_year_zero=False)]' standard_names='['specific_humidity']'
2025-03-30 20:08:04 INFO Opening candidate '20121017_12_ecmwf_forecast.SEA.EUR_LL015.036.sfc.nc'
2025-03-30 20:08:04 INFO File '20121017_12_ecmwf_forecast.SEA.EUR_LL015.036.sfc.nc' identified as 'sfc' type
2025-03-30 20:08:04 INFO Found init time '2012-10-17 12:00:00', 7 valid_times and 1 standard_names
2025-03-30 20:08:04 DEBUG valid_times='[cftime.DatetimeGregorian(2012, 10, 17, 12, 0, 0, 0, has_year_zero=False)
 cftime.DatetimeGregorian(2012, 10, 17, 18, 0, 0, 0, has_year_zero=False)
 cftime.DatetimeGregorian(2012, 10, 18, 0, 0, 0, 0, has_year_zero=False)
 cftime.DatetimeGregorian(2012, 10, 18, 6, 0, 0, 0, has_year_zero=False)
 cftime.DatetimeGregorian(2012, 10, 18, 12, 0, 0, 0, has_year_zero=False)
 cftime.DatetimeGregorian(2012, 10, 18, 18, 0, 0, 0, has_year_zero=False)
 cftime.DatetimeGregorian(2012, 10, 19, 0, 0, 0, 0, has_year_zero=False)]' standard_names='['solar_elevation_angle']'
2025-03-30 20:08:04 INFO Opening candidate '20121017_12_ecmwf_forecast.SFC.EUR_LL015.036.sfc.nc'
2025-03-30 20:08:04 INFO File '20121017_12_ecmwf_forecast.SFC.EUR_LL015.036.sfc.nc' identified as 'sfc' type
2025-03-30 20:08:04 INFO Found init time '2012-10-17 12:00:00', 7 valid_times and 15 standard_names
2025-03-30 20:08:04 DEBUG valid_times='[cftime.DatetimeGregorian(2012, 10, 17, 12, 0, 0, 0, has_year_zero=False)
 cftime.DatetimeGregorian(2012, 10, 17, 18, 0, 0, 0, has_year_zero=False)
 cftime.DatetimeGregorian(2012, 10, 18, 0, 0, 0, 0, has_year_zero=False)
 cftime.DatetimeGregorian(2012, 10, 18, 6, 0, 0, 0, has_year_zero=False)
 cftime.DatetimeGregorian(2012, 10, 18, 12, 0, 0, 0, has_year_zero=False)
 cftime.DatetimeGregorian(2012, 10, 18, 18, 0, 0, 0, has_year_zero=False)
 cftime.DatetimeGregorian(2012, 10, 19, 0, 0, 0, 0, has_year_zero=False)]' standard_names='['surface_geopotential', 'air_pressure_at_sea_level', 'total_cloud_cover', 'land_binary_mask', 'low_cloud_area_fraction', 'medium_cloud_area_fraction', 'high_cloud_area_fraction', 'surface_eastward_wind', 'surface_northward_wind', 'sea_ice_area_fraction', 'msg_brightness_temperature_108', 'atmosphere_boundary_layer_thickness', 'emac_column_density', 'tropopause_altitude', 'secondary_tropopause_altitude']'
2025-03-30 20:08:04 INFO Opening candidate '20121017_12_ecmwf_forecast.T.EUR_LL015.036.ml.nc'
2025-03-30 20:08:04 INFO File '20121017_12_ecmwf_forecast.T.EUR_LL015.036.ml.nc' identified as 'ml' type
2025-03-30 20:08:04 INFO Found init time '2012-10-17 12:00:00', 7 valid_times and 1 standard_names
2025-03-30 20:08:04 DEBUG valid_times='[cftime.DatetimeGregorian(2012, 10, 17, 12, 0, 0, 0, has_year_zero=False)
 cftime.DatetimeGregorian(2012, 10, 17, 18, 0, 0, 0, has_year_zero=False)
 cftime.DatetimeGregorian(2012, 10, 18, 0, 0, 0, 0, has_year_zero=False)
 cftime.DatetimeGregorian(2012, 10, 18, 6, 0, 0, 0, has_year_zero=False)
 cftime.DatetimeGregorian(2012, 10, 18, 12, 0, 0, 0, has_year_zero=False)
 cftime.DatetimeGregorian(2012, 10, 18, 18, 0, 0, 0, has_year_zero=False)
 cftime.DatetimeGregorian(2012, 10, 19, 0, 0, 0, 0, has_year_zero=False)]' standard_names='['air_temperature']'
2025-03-30 20:08:04 INFO Opening candidate '20121017_12_ecmwf_forecast.THETA.EUR_LL015.036.ml.nc'
2025-03-30 20:08:04 INFO File '20121017_12_ecmwf_forecast.THETA.EUR_LL015.036.ml.nc' identified as 'ml' type
2025-03-30 20:08:04 INFO Found init time '2012-10-17 12:00:00', 7 valid_times and 1 standard_names
2025-03-30 20:08:04 DEBUG valid_times='[cftime.DatetimeGregorian(2012, 10, 17, 12, 0, 0, 0, has_year_zero=False)
 cftime.DatetimeGregorian(2012, 10, 17, 18, 0, 0, 0, has_year_zero=False)
 cftime.DatetimeGregorian(2012, 10, 18, 0, 0, 0, 0, has_year_zero=False)
 cftime.DatetimeGregorian(2012, 10, 18, 6, 0, 0, 0, has_year_zero=False)
 cftime.DatetimeGregorian(2012, 10, 18, 12, 0, 0, 0, has_year_zero=False)
 cftime.DatetimeGregorian(2012, 10, 18, 18, 0, 0, 0, has_year_zero=False)
 cftime.DatetimeGregorian(2012, 10, 19, 0, 0, 0, 0, has_year_zero=False)]' standard_names='['air_potential_temperature']'
2025-03-30 20:08:04 INFO Opening candidate '20121017_12_ecmwf_forecast.THETA_LEVELS.EUR_LL015.036.tl.nc'
2025-03-30 20:08:04 INFO File '20121017_12_ecmwf_forecast.THETA_LEVELS.EUR_LL015.036.tl.nc' identified as 'tl' type
2025-03-30 20:08:04 INFO Found init time '2012-10-17 12:00:00', 7 valid_times and 3 standard_names
2025-03-30 20:08:04 DEBUG valid_times='[cftime.DatetimeGregorian(2012, 10, 17, 12, 0, 0, 0, has_year_zero=False)
 cftime.DatetimeGregorian(2012, 10, 17, 18, 0, 0, 0, has_year_zero=False)
 cftime.DatetimeGregorian(2012, 10, 18, 0, 0, 0, 0, has_year_zero=False)
 cftime.DatetimeGregorian(2012, 10, 18, 6, 0, 0, 0, has_year_zero=False)
 cftime.DatetimeGregorian(2012, 10, 18, 12, 0, 0, 0, has_year_zero=False)
 cftime.DatetimeGregorian(2012, 10, 18, 18, 0, 0, 0, has_year_zero=False)
 cftime.DatetimeGregorian(2012, 10, 19, 0, 0, 0, 0, has_year_zero=False)]' standard_names='['air_pressure', 'ertel_potential_vorticity', 'mole_fraction_of_ozone_in_air']'
2025-03-30 20:08:04 INFO Opening candidate '20121017_12_ecmwf_forecast.U.EUR_LL015.036.ml.nc'
2025-03-30 20:08:04 INFO File '20121017_12_ecmwf_forecast.U.EUR_LL015.036.ml.nc' identified as 'ml' type
2025-03-30 20:08:04 INFO Found init time '2012-10-17 12:00:00', 7 valid_times and 1 standard_names
2025-03-30 20:08:04 DEBUG valid_times='[cftime.DatetimeGregorian(2012, 10, 17, 12, 0, 0, 0, has_year_zero=False)
 cftime.DatetimeGregorian(2012, 10, 17, 18, 0, 0, 0, has_year_zero=False)
 cftime.DatetimeGregorian(2012, 10, 18, 0, 0, 0, 0, has_year_zero=False)
 cftime.DatetimeGregorian(2012, 10, 18, 6, 0, 0, 0, has_year_zero=False)
 cftime.DatetimeGregorian(2012, 10, 18, 12, 0, 0, 0, has_year_zero=False)
 cftime.DatetimeGregorian(2012, 10, 18, 18, 0, 0, 0, has_year_zero=False)
 cftime.DatetimeGregorian(2012, 10, 19, 0, 0, 0, 0, has_year_zero=False)]' standard_names='['eastward_wind']'
2025-03-30 20:08:04 INFO Opening candidate '20121017_12_ecmwf_forecast.V.EUR_LL015.036.ml.nc'
2025-03-30 20:08:04 INFO File '20121017_12_ecmwf_forecast.V.EUR_LL015.036.ml.nc' identified as 'ml' type
2025-03-30 20:08:04 INFO Found init time '2012-10-17 12:00:00', 7 valid_times and 1 standard_names
2025-03-30 20:08:04 DEBUG valid_times='[cftime.DatetimeGregorian(2012, 10, 17, 12, 0, 0, 0, has_year_zero=False)
 cftime.DatetimeGregorian(2012, 10, 17, 18, 0, 0, 0, has_year_zero=False)
 cftime.DatetimeGregorian(2012, 10, 18, 0, 0, 0, 0, has_year_zero=False)
 cftime.DatetimeGregorian(2012, 10, 18, 6, 0, 0, 0, has_year_zero=False)
 cftime.DatetimeGregorian(2012, 10, 18, 12, 0, 0, 0, has_year_zero=False)
 cftime.DatetimeGregorian(2012, 10, 18, 18, 0, 0, 0, has_year_zero=False)
 cftime.DatetimeGregorian(2012, 10, 19, 0, 0, 0, 0, has_year_zero=False)]' standard_names='['northward_wind']'
2025-03-30 20:08:04 INFO Opening candidate '20121017_12_ecmwf_forecast.W.EUR_LL015.036.ml.nc'
2025-03-30 20:08:04 INFO File '20121017_12_ecmwf_forecast.W.EUR_LL015.036.ml.nc' identified as 'ml' type
2025-03-30 20:08:04 INFO Found init time '2012-10-17 12:00:00', 7 valid_times and 1 standard_names
2025-03-30 20:08:04 DEBUG valid_times='[cftime.DatetimeGregorian(2012, 10, 17, 12, 0, 0, 0, has_year_zero=False)
 cftime.DatetimeGregorian(2012, 10, 17, 18, 0, 0, 0, has_year_zero=False)
 cftime.DatetimeGregorian(2012, 10, 18, 0, 0, 0, 0, has_year_zero=False)
 cftime.DatetimeGregorian(2012, 10, 18, 6, 0, 0, 0, has_year_zero=False)
 cftime.DatetimeGregorian(2012, 10, 18, 12, 0, 0, 0, has_year_zero=False)
 cftime.DatetimeGregorian(2012, 10, 18, 18, 0, 0, 0, has_year_zero=False)
 cftime.DatetimeGregorian(2012, 10, 19, 0, 0, 0, 0, has_year_zero=False)]' standard_names='['lagrangian_tendency_of_air_pressure']'
2025-03-30 20:08:04 DEBUG using plot object 'MSLP'
2025-03-30 20:08:04 DEBUG 	figure size (800, 600) in pixels
2025-03-30 20:08:04 DEBUG 	requested initialisation time 2012-10-17 12:00:00
2025-03-30 20:08:04 DEBUG 	requested forecast valid time 2012-10-17 12:00:00
2025-03-30 20:08:04 DEBUG 	variable 'air_pressure_at_sea_level' requires input file '20121017_12_ecmwf_forecast.SFC.EUR_LL015.036.sfc.nc'
2025-03-30 20:08:04 DEBUG 	variable 'surface_eastward_wind' requires input file '20121017_12_ecmwf_forecast.SFC.EUR_LL015.036.sfc.nc'
2025-03-30 20:08:04 DEBUG 	variable 'surface_northward_wind' requires input file '20121017_12_ecmwf_forecast.SFC.EUR_LL015.036.sfc.nc'
2025-03-30 20:08:04 DEBUG opening datasets.
2025-03-30 20:08:04 DEBUG 	identified variable <air_pressure_at_sea_level> for field <air_pressure_at_sea_level>
2025-03-30 20:08:04 DEBUG 	identified variable <surface_eastward_wind> for field <surface_eastward_wind>
2025-03-30 20:08:04 DEBUG 	identified variable <surface_northward_wind> for field <surface_northward_wind>
2025-03-30 20:08:04 DEBUG loading data for time step 0 (2012-10-17 12:00:00), level index None (level None)
2025-03-30 20:08:04 DEBUG 	Loaded 0.02 Mbytes from data field <air_pressure_at_sea_level>.
2025-03-30 20:08:04 DEBUG 	Loaded 0.02 Mbytes from data field <surface_eastward_wind>.
2025-03-30 20:08:04 DEBUG 	Loaded 0.02 Mbytes from data field <surface_northward_wind>.
2025-03-30 20:08:04 DEBUG Loaded data (required time 0:00:00.001226).
2025-03-30 20:08:04 DEBUG Plotting horizontal section.
2025-03-30 20:08:04 DEBUG Identified CRS 'epsg:4326' as '{'basemap': {'epsg': '4326'}, 'bbox': 'degree'}'
2025-03-30 20:08:04 DEBUG Identified CRS 'epsg:4326' as '{'basemap': {'epsg': '4326'}, 'bbox': 'degree'}'
2025-03-30 20:08:04 DEBUG plotting data..
2025-03-30 20:08:04 DEBUG preparing additional data fields..
2025-03-30 20:08:04 DEBUG creating figure..
2025-03-30 20:08:04 DEBUG 	with frame and legends
2025-03-30 20:08:04 DEBUG Loaded '({'epsg': '4326'}, [-22.5, 27.5, 55, 62.5], 'degree')' from basemap cache
2025-03-30 20:08:04 DEBUG shifting data grid to leftmost longitude in map -22..
2025-03-30 20:08:04 DEBUG converting image to indexed palette.
2025-03-30 20:08:04 DEBUG saving figure as transparent PNG with transparency index 0.
2025-03-30 20:08:04 DEBUG returning figure..
2025-03-30 20:08:04 DEBUG Finished plotting (required time 0:00:00.289103; total time 0:00:00.290329).

2025-03-30 20:08:05 DEBUG No user settings found, using default settings
2025-03-30 20:08:05 INFO Files identified for domain 'EUR_LL015': ['20121017_12_ecmwf_forecast.ALTITUDE_LEVELS.EUR_LL015.036.al.nc', '20121017_12_ecmwf_forecast.CC.EUR_LL015.036.ml.nc', '20121017_12_ecmwf_forecast.CIWC.EUR_LL015.036.ml.nc', '20121017_12_ecmwf_forecast.CLWC.EUR_LL015.036.ml.nc', '20121017_12_ecmwf_forecast.DIV.EUR_LL015.036.ml.nc', '20121017_12_ecmwf_forecast.EMAC.EUR_LL015.036.ml.nc', '20121017_12_ecmwf_forecast.GPH.EUR_LL015.036.ml.nc', '20121017_12_ecmwf_forecast.O3.EUR_LL015.036.ml.nc', '20121017_12_ecmwf_forecast.PRESSURE_LEVELS.EUR_LL015.036.pl.nc', '20121017_12_ecmwf_forecast.PVU.EUR_LL015.036.pv.nc', '20121017_12_ecmwf_forecast.PV_derived.EUR_LL015.036.ml.nc', '20121017_12_ecmwf_forecast.P_derived.EUR_LL015.036.ml.nc', '20121017_12_ecmwf_forecast.ProbWCB_LAGRANTO_derived.EUR_LL015.036.ml.nc', '20121017_12_ecmwf_forecast.ProbWCB_LAGRANTO_derived.EUR_LL015.036.sfc.nc', '20121017_12_ecmwf_forecast.Q.EUR_LL015.036.ml.nc', '20121017_12_ecmwf_forecast.SEA.EUR_LL015.036.sfc.nc', '20121017_12_ecmwf_forecast.SFC.EUR_LL015.036.sfc.nc', '20121017_12_ecmwf_forecast.T.EUR_LL015.036.ml.nc', '20121017_12_ecmwf_forecast.THETA.EUR_LL015.036.ml.nc', '20121017_12_ecmwf_forecast.THETA_LEVELS.EUR_LL015.036.tl.nc', '20121017_12_ecmwf_forecast.U.EUR_LL015.036.ml.nc', '20121017_12_ecmwf_forecast.V.EUR_LL015.036.ml.nc', '20121017_12_ecmwf_forecast.W.EUR_LL015.036.ml.nc']
2025-03-30 20:08:05 INFO Opening candidate '20121017_12_ecmwf_forecast.ALTITUDE_LEVELS.EUR_LL015.036.al.nc'
2025-03-30 20:08:05 INFO File '20121017_12_ecmwf_forecast.ALTITUDE_LEVELS.EUR_LL015.036.al.nc' identified as 'al' type
2025-03-30 20:08:05 INFO Found init time '2012-10-17 12:00:00', 7 valid_times and 3 standard_names
2025-03-30 20:08:05 DEBUG valid_times='[cftime.DatetimeGregorian(2012, 10, 17, 12, 0, 0, 0, has_year_zero=False)
 cftime.DatetimeGregorian(2012, 10, 17, 18, 0, 0, 0, has_year_zero=False)
 cftime.DatetimeGregorian(2012, 10, 18, 0, 0, 0, 0, has_year_zero=False)
 cftime.DatetimeGregorian(2012, 10, 18, 6, 0, 0, 0, has_year_zero=False)
 cftime.DatetimeGregorian(2012, 10, 18, 12, 0, 0, 0, has_year_zero=False)
 cftime.DatetimeGregorian(2012, 10, 18, 18, 0, 0, 0, has_year_zero=False)
 cftime.DatetimeGregorian(2012, 10, 19, 0, 0, 0, 0, has_year_zero=False)]' standard_names='['air_pressure', 'ertel_potential_vorticity', 'mole_fraction_of_ozone_in_air']'
2025-03-30 20:08:05 INFO Opening candidate '20121017_12_ecmwf_forecast.CC.EUR_LL015.036.ml.nc'
2025-03-30 20:08:05 INFO File '20121017_12_ecmwf_forecast.CC.EUR_LL015.036.ml.nc' identified as 'ml' type
2025-03-30 20:08:05 INFO Found init time '2012-10-17 12:00:00', 7 valid_times and 1 standard_names
2025-03-30 20:08:05 DEBUG valid_times='[cftime.DatetimeGregorian(2012, 10, 17, 12, 0, 0, 0, has_year_zero=False)
 cftime.DatetimeGregorian(2012, 10, 17, 18, 0, 0, 0, has_year_zero=False)
 cftime.DatetimeGregorian(2012, 10, 18, 0, 0, 0, 0, has_year_zero=False)
 cftime.DatetimeGregorian(2012, 10, 18, 6, 0, 0, 0, has_year_zero=False)
 cftime.DatetimeGregorian(2012, 10, 18, 12, 0, 0, 0, has_year_zero=False)
 cftime.DatetimeGregorian(2012, 10, 18, 18, 0, 0, 0, has_year_zero=False)
 cftime.DatetimeGregorian(2012, 10, 19, 0, 0, 0, 0, has_year_zero=False)]' standard_names='['cloud_area_fraction_in_atmosphere_layer']'
2025-03-30 20:08:05 INFO Opening candidate '20121017_12_ecmwf_forecast.CIWC.EUR_LL015.036.ml.nc'
2025-03-30 20:08:05 INFO File '20121017_12_ecmwf_forecast.CIWC.EUR_LL015.036.ml.nc' identified as 'ml' type
2025-03-30 20:08:05 INFO Found init time '2012-10-17 12:00:00', 7 valid_times and 1 standard_names
2025-03-30 20:08:05 DEBUG valid_times='[cftime.DatetimeGregorian(2012, 10, 17, 12, 0, 0, 0, has_year_zero=False)
 cftime.DatetimeGregorian(2012, 10, 17, 18, 0, 0, 0, has_year_zero=False)
 cftime.DatetimeGregorian(2012, 10, 18, 0, 0, 0, 0, has_year_zero=False)
 cftime.DatetimeGregorian(2012, 10, 18, 6, 0, 0, 0, has_year_zero=False)
 cftime.DatetimeGregorian(2012, 10, 18, 12, 0, 0, 0, has_year_zero=False)
 cftime.DatetimeGregorian(2012, 10, 18, 18, 0, 0, 0, has_year_zero=False)
 cftime.DatetimeGregorian(2012, 10, 19, 0, 0, 0, 0, has_year_zero=False)]' standard_names='['specific_cloud_ice_water_content']'
2025-03-30 20:08:05 INFO Opening candidate '20121017_12_ecmwf_forecast.CLWC.EUR_LL015.036.ml.nc'
2025-03-30 20:08:05 INFO File '20121017_12_ecmwf_forecast.CLWC.EUR_LL015.036.ml.nc' identified as 'ml' type
2025-03-30 20:08:05 INFO Found init time '2012-10-17 12:00:00', 7 valid_times and 1 standard_names
2025-03-30 20:08:05 DEBUG valid_times='[cftime.DatetimeGregorian(2012, 10, 17, 12, 0, 0, 0, has_year_zero=False)
 cftime.DatetimeGregorian(2012, 10, 17, 18, 0, 0, 0, has_year_zero=False)
 cftime.DatetimeGregorian(2012, 10, 18, 0, 0, 0, 0, has_year_zero=False)
 cftime.DatetimeGregorian(2012, 10, 18, 6, 0, 0, 0, has_year_zero=False)
 cftime.DatetimeGregorian(2012, 10, 18, 12, 0, 0, 0, has_year_zero=False)
 cftime.DatetimeGregorian(2012, 10, 18, 18, 0, 0, 0, has_year_zero=False)
 cftime.DatetimeGregorian(2012, 10, 19, 0, 0, 0, 0, has_year_zero=False)]' standard_names='['specific_cloud_liquid_water_content']'
2025-03-30 20:08:05 INFO Opening candidate '20121017_12_ecmwf_forecast.DIV.EUR_LL015.036.ml.nc'
2025-03-30 20:08:05 INFO File '20121017_12_ecmwf_forecast.DIV.EUR_LL015.036.ml.nc' identified as 'ml' type
2025-03-30 20:08:05 INFO Found init time '2012-10-17 12:00:00', 7 valid_times and 1 standard_names
2025-03-30 20:08:05 DEBUG valid_times='[cftime.DatetimeGregorian(2012, 10, 17, 12, 0, 0, 0, has_year_zero=False)
 cftime.DatetimeGregorian(2012, 10, 17, 18, 0, 0, 0, has_year_zero=False)
 cftime.DatetimeGregorian(2012, 10, 18, 0, 0, 0, 0, has_year_zero=False)
 cftime.DatetimeGregorian(2012, 10, 18, 6, 0, 0, 0, has_year_zero=False)
 cftime.DatetimeGregorian(2012, 10, 18, 12, 0, 0, 0, has_year_zero=False)
 cftime.DatetimeGregorian(2012, 10, 18, 18, 0, 0, 0, has_year_zero=False)
 cftime.DatetimeGregorian(2012, 10, 19, 0, 0, 0, 0, has_year_zero=False)]' standard_names='['divergence_of_wind']'
2025-03-30 20:08:05 INFO Opening candidate '20121017_12_ecmwf_forecast.EMAC.EUR_LL015.036.ml.nc'
2025-03-30 20:08:05 INFO File '20121017_12_ecmwf_forecast.EMAC.EUR_LL015.036.ml.nc' identified as 'ml' type
2025-03-30 20:08:05 INFO Found init time '2012-10-17 12:00:00', 7 valid_times and 1 standard_names
2025-03-30 20:08:05 DEBUG valid_times='[cftime.DatetimeGregorian(2012, 10, 17, 12, 0, 0, 0, has_year_zero=False)
 cftime.DatetimeGregorian(2012, 10, 17, 18, 0, 0, 0, has_year_zero=False)
 cftime.DatetimeGregorian(2012, 10, 18, 0, 0, 0, 0, has_year_zero=False)
 cftime.DatetimeGregorian(2012, 10, 18, 6, 0, 0, 0, has_year_zero=False)
 cftime.DatetimeGregorian(2012, 10, 18, 12, 0, 0, 0, has_year_zero=False)
 cftime.DatetimeGregorian(2012, 10, 18, 18, 0, 0, 0, has_year_zero=False)
 cftime.DatetimeGregorian(2012, 10, 19, 0, 0, 0, 0, has_year_zero=False)]' standard_names='['emac_R12']'
2025-03-30 20:08:05 INFO Opening candidate '20121017_12_ecmwf_forecast.GPH.EUR_LL015.036.ml.nc'
2025-03-30 20:08:05 INFO File '20121017_12_ecmwf_forecast.GPH.EUR_LL015.036.ml.nc' identified as 'ml' type
2025-03-30 20:08:05 INFO Found init time '2012-10-17 12:00:00', 7 valid_times and 1 standard_names
2025-03-30 20:08:05 DEBUG valid_times='[cftime.DatetimeGregorian(2012, 10, 17, 12, 0, 0, 0, has_year_zero=False)
 cftime.DatetimeGregorian(2012, 10, 17, 18, 0, 0, 0, has_year_zero=False)
 cftime.DatetimeGregorian(2012, 10, 18, 0, 0, 0, 0, has_year_zero=False)
 cftime.DatetimeGregorian(2012, 10, 18, 6, 0, 0, 0, has_year_zero=False)
 cftime.DatetimeGregorian(2012, 10, 18, 12, 0, 0, 0, has_year_zero=False)
 cftime.DatetimeGregorian(2012, 10, 18, 18, 0, 0, 0, has_year_zero=False)
 cftime.DatetimeGregorian(2012, 10, 19, 0, 0, 0, 0, has_year_zero=False)]' standard_names='['geopotential_height']'
2025-03-30 20:08:05 INFO Opening candidate '20121017_12_ecmwf_forecast.O3.EUR_LL015.036.ml.nc'
2025-03-30 20:08:05 INFO File '20121017_12_ecmwf_forecast.O3.EUR_LL015.036.ml.nc' identified as 'ml' type
2025-03-30 20:08:05 INFO Found init time '2012-10-17 12:00:00', 7 valid_times and 1 standard_names
2025-03-30 20:08:05 DEBUG valid_times='[cftime.DatetimeGregorian(2012, 10, 17, 12, 0, 0, 0, has_year_zero=False)
 cftime.DatetimeGregorian(2012, 10, 17, 18, 0, 0, 0, has_year_zero=False)
 cftime.DatetimeGregorian(2012, 10, 18, 0, 0, 0, 0, has_year_zero=False)
 cftime.DatetimeGregorian(2012, 10, 18, 6, 0, 0, 0, has_year_zero=False)
 cftime.DatetimeGregorian(2012, 10, 18, 12, 0, 0, 0, has_year_zero=False)
 cftime.DatetimeGregorian(2012, 10, 18, 18, 0, 0, 0, has_year_zero=False)
 cftime.DatetimeGregorian(2012, 10, 19, 0, 0, 0, 0, has_year_zero=False)]' standard_names='['mole_fraction_of_ozone_in_air']'
2025-03-30 20:08:05 INFO Opening candidate '20121017_12_ecmwf_forecast.PRESSURE_LEVELS.EUR_LL015.036.pl.nc'
2025-03-30 20:08:05 INFO File '20121017_12_ecmwf_forecast.PRESSURE_LEVELS.EUR_LL015.036.pl.nc' identified as 'pl' type
2025-03-30 20:08:05 INFO Found init time '2012-10-17 12:00:00', 7 valid_times and 16 standard_names
2025-03-30 20:08:05 DEBUG valid_times='[cftime.DatetimeGregorian(2012, 10, 17, 12, 0, 0, 0, has_year_zero=False)
 cftime.DatetimeGregorian(2012, 10, 17, 18, 0, 0, 0, has_year_zero=False)
 cftime.DatetimeGregorian(2012, 10, 18, 0, 0, 0, 0, has_year_zero=False)
 cftime.DatetimeGregorian(2012, 10, 18, 6, 0, 0, 0, has_year_zero=False)
 cftime.DatetimeGregorian(2012, 10, 18, 12, 0, 0, 0, has_year_zero=False)
 cftime.DatetimeGregorian(2012, 10, 18, 18, 0, 0, 0, has_year_zero=False)
 cftime.DatetimeGregorian(2012, 10, 19, 0, 0, 0, 0, has_year_zero=False)]' standard_names='['air_potential_temperature', 'air_pressure', 'air_temperature', 'eastward_wind', 'ertel_potential_vorticity', 'geopotential_height', 'northward_wind', 'specific_humidity', 'lagrangian_tendency_of_air_pressure', 'divergence_of_wind', 'mass_fraction_of_ozone_in_air', 'mole_fraction_of_ozone_in_air', 'equivalent_latitude', 'number_of_wcb_trajectories', 'number_of_insitu_trajectories', 'number_of_mix_trajectories']'
2025-03-30 20:08:05 INFO Opening candidate '20121017_12_ecmwf_forecast.PVU.EUR_LL015.036.pv.nc'
2025-03-30 20:08:05 INFO File '20121017_12_ecmwf_forecast.PVU.EUR_LL015.036.pv.nc' identified as 'pv' type
2025-03-30 20:08:05 INFO Found init time '2012-10-17 12:00:00', 7 valid_times and 3 standard_names
2025-03-30 20:08:05 DEBUG valid_times='[cftime.DatetimeGregorian(2012, 10, 17, 12, 0, 0, 0, has_year_zero=False)
 cftime.DatetimeGregorian(2012, 10, 17, 18, 0, 0, 0, has_year_zero=False)
 cftime.DatetimeGregorian(2012, 10, 18, 0, 0, 0, 0, has_year_zero=False)
 cftime.DatetimeGregorian(2012, 10, 18, 6, 0, 0, 0, has_year_zero=False)
 cftime.DatetimeGregorian(2012, 10, 18, 12, 0, 0, 0, has_year_zero=False)
 cftime.DatetimeGregorian(2012, 10, 18, 18, 0, 0, 0, has_year_zero=False)
 cftime.DatetimeGregorian(2012, 10, 19, 0, 0, 0, 0, has_year_zero=False)]' standard_names='['air_potential_temperature', 'geopotential_height', 'air_pressure']'
2025-03-30 20:08:05 INFO Opening candidate '20121017_12_ecmwf_forecast.PV_derived.EUR_LL015.036.ml.nc'
2025-03-30 20:08:05 INFO File '20121017_12_ecmwf_forecast.PV_derived.EUR_LL015.036.ml.nc' identified as 'ml' type
2025-03-30 20:08:05 INFO Found init time '2012-10-17 12:00:00', 7 valid_times and 1 standard_names
2025-03-30 20:08:05 DEBUG valid_times='[cftime.DatetimeGregorian(2012, 10, 17, 12, 0, 0, 0, has_year_zero=False)
 cftime.DatetimeGregorian(2012, 10, 17, 18, 0, 0, 0, has_year_zero=False)
 cftime.DatetimeGregorian(2012, 10, 18, 0, 0, 0, 0, has_year_zero=False)
 cftime.DatetimeGregorian(2012, 10, 18, 6, 0, 0, 0, has_year_zero=False)
 cftime.DatetimeGregorian(2012, 10, 18, 12, 0, 0, 0, has_year_zero=False)
 cftime.DatetimeGregorian(2012, 10, 18, 18, 0, 0, 0, has_year_zero=False)
 cftime.DatetimeGregorian(2012, 10, 19, 0, 0, 0, 0, has_year_zero=False)]' standard_names='['ertel_potential_vorticity']'
2025-03-30 20:08:05 INFO Opening candidate '20121017_12_ecmwf_forecast.P_derived.EUR_LL015.036.ml.nc'
2025-03-30 20:08:05 INFO File '20121017_12_ecmwf_forecast.P_derived.EUR_LL015.036.ml.nc' identified as 'ml' type
2025-03-30 20:08:05 INFO Found init time '2012-10-17 12:00:00', 7 valid_times and 1 standard_names
2025-03-30 20:08:05 DEBUG valid_times='[cftime.DatetimeGregorian(2012, 10, 17, 12, 0, 0, 0, has_year_zero=False)
 cftime.DatetimeGregorian(2012, 10, 17, 18, 0, 0, 0, has_year_zero=False)
 cftime.DatetimeGregorian(2012, 10, 18, 0, 0, 0, 0, has_year_zero=False)
 cftime.DatetimeGregorian(2012, 10, 18, 6, 0, 0, 0, has_year_zero=False)
 cftime.DatetimeGregorian(2012, 10, 18, 12, 0, 0, 0, has_year_zero=False)
 cftime.DatetimeGregorian(2012, 10, 18, 18, 0, 0, 0, has_year_zero=False)
 cftime.DatetimeGregorian(2012, 10, 19, 0, 0, 0, 0, has_year_zero=False)]' standard_names='['air_pressure']'
2025-03-30 20:08:05 INFO Opening candidate '20121017_12_ecmwf_forecast.ProbWCB_LAGRANTO_derived.EUR_LL015.036.ml.nc'
2025-03-30 20:08:05 INFO File '20121017_12_ecmwf_forecast.ProbWCB_LAGRANTO_derived.EUR_LL015.036.ml.nc' identified as 'ml' type
2025-03-30 20:08:05 INFO Found init time '2012-10-17 12:00:00', 7 valid_times and 1 standard_names
2025-03-30 20:08:05 DEBUG valid_times='[cftime.DatetimeGregorian(2012, 10, 17, 12, 0, 0, 0, has_year_zero=False)
 cftime.DatetimeGregorian(2012, 10, 17, 18, 0, 0, 0, has_year_zero=False)
 cftime.DatetimeGregorian(2012, 10, 18, 0, 0, 0, 0, has_year_zero=False)
 cftime.DatetimeGregorian(2012, 10, 18, 6, 0, 0, 0, has_year_zero=False)
 cftime.DatetimeGregorian(2012, 10, 18, 12, 0, 0, 0, has_year_zero=False)
 cftime.DatetimeGregorian(2012, 10, 18, 18, 0, 0, 0, has_year_zero=False)
 cftime.DatetimeGregorian(2012, 10, 19, 0, 0, 0, 0, has_year_zero=False)]' standard_names='['probability_of_wcb_occurrence']'
2025-03-30 20:08:05 INFO Opening candidate '20121017_12_ecmwf_forecast.ProbWCB_LAGRANTO_derived.EUR_LL015.036.sfc.nc'
2025-03-30 20:08:05 INFO File '20121017_12_ecmwf_forecast.ProbWCB_LAGRANTO_derived.EUR_LL015.036.sfc.nc' identified as 'sfc' type
2025-03-30 20:08:05 INFO Found init time '2012-10-17 12:00:00', 7 valid_times and 1 standard_names
2025-03-30 20:08:05 DEBUG valid_times='[cftime.DatetimeGregorian(2012, 10, 17, 12, 0, 0, 0, has_year_zero=False)
 cftime.DatetimeGregorian(2012, 10, 17, 18, 0, 0, 0, has_year_zero=False)
 cftime.DatetimeGregorian(2012, 10, 18, 0, 0, 0, 0, has_year_zero=False)
 cftime.DatetimeGregorian(2012, 10, 18, 6, 0, 0, 0, has_year_zero=False)
 cftime.DatetimeGregorian(2012, 10, 18, 12, 0, 0, 0, has_year_zero=False)
 cftime.DatetimeGregorian(2012, 10, 18, 18, 0, 0, 0, has_year_zero=False)
 cftime.DatetimeGregorian(2012, 10, 19, 0, 0, 0, 0, has_year_zero=False)]' standard_names='['vertically_integrated_probability_of_wcb_occurrence']'
2025-03-30 20:08:05 INFO Opening candidate '20121017_12_ecmwf_forecast.Q.EUR_LL015.036.ml.nc'
2025-03-30 20:08:05 INFO File '20121017_12_ecmwf_forecast.Q.EUR_LL015.036.ml.nc' identified as 'ml' type
2025-03-30 20:08:05 INFO Found init time '2012-10-17 12:00:00', 7 valid_times and 1 standard_names
2025-03-30 20:08:05 DEBUG valid_times='[cftime.DatetimeGregorian(2012, 10, 17, 12, 0, 0, 0, has_year_zero=False)
 cftime.DatetimeGregorian(2012, 10, 17, 18, 0, 0, 0, has_year_zero=False)
 cftime.DatetimeGregorian(2012, 10, 18, 0, 0, 0, 0, has_year_zero=False)
 cftime.DatetimeGregorian(2012, 10, 18, 6, 0, 0, 0, has_year_zero=False)
 cftime.DatetimeGregorian(2012, 10, 18, 12, 0, 0, 0, has_year_zero=False)
 cftime.DatetimeGregorian(2012, 10, 18, 18, 0, 0, 0, has_year_zero=False)
 cftime.DatetimeGregorian(2012, 10, 19, 0, 0, 0, 0, has_year_zero=False)]' standard_names='['specific_humidity']'
2025-03-30 20:08:05 INFO Opening candidate '20121017_12_ecmwf_forecast.SEA.EUR_LL015.036.sfc.nc'
2025-03-30 20:08:05 INFO File '20121017_12_ecmwf_forecast.SEA.EUR_LL015.036.sfc.nc' identified as 'sfc' type
2025-03-30 20:08:05 INFO Found init time '2012-10-17 12:00:00', 7 valid_times and 1 standard_names
2025-03-30 20:08:05 DEBUG valid_times='[cftime.DatetimeGregorian(2012, 10, 17, 12, 0, 0, 0, has_year_zero=False)
 cftime.DatetimeGregorian(2012, 10, 17, 18, 0, 0, 0, has_year_zero=False)
 cftime.DatetimeGregorian(2012, 10, 18, 0, 0, 0, 0, has_year_zero=False)
 cftime.DatetimeGregorian(2012, 10, 18, 6, 0, 0, 0, has_year_zero=False)
 cftime.DatetimeGregorian(2012, 10, 18, 12, 0, 0, 0, has_year_zero=False)
 cftime.DatetimeGregorian(2012, 10, 18, 18, 0, 0, 0, has_year_zero=False)
 cftime.DatetimeGregorian(2012, 10, 19, 0, 0, 0, 0, has_year_zero=False)]' standard_names='['solar_elevation_angle']'
2025-03-30 20:08:05 INFO Opening candidate '20121017_12_ecmwf_forecast.SFC.EUR_LL015.036.sfc.nc'
2025-03-30 20:08:05 INFO File '20121017_12_ecmwf_forecast.SFC.EUR_LL015.036.sfc.nc' identified as 'sfc' type
2025-03-30 20:08:05 INFO Found init time '2012-10-17 12:00:00', 7 valid_times and 15 standard_names
2025-03-30 20:08:05 DEBUG valid_times='[cftime.DatetimeGregorian(2012, 10, 17, 12, 0, 0, 0, has_year_zero=False)
 cftime.DatetimeGregorian(2012, 10, 17, 18, 0, 0, 0, has_year_zero=False)
 cftime.DatetimeGregorian(2012, 10, 18, 0, 0, 0, 0, has_year_zero=False)
 cftime.DatetimeGregorian(2012, 10, 18, 6, 0, 0, 0, has_year_zero=False)
 cftime.DatetimeGregorian(2012, 10, 18, 12, 0, 0, 0, has_year_zero=False)
 cftime.DatetimeGregorian(2012, 10, 18, 18, 0, 0, 0, has_year_zero=False)
 cftime.DatetimeGregorian(2012, 10, 19, 0, 0, 0, 0, has_year_zero=False)]' standard_names='['surface_geopotential', 'air_pressure_at_sea_level', 'total_cloud_cover', 'land_binary_mask', 'low_cloud_area_fraction', 'medium_cloud_area_fraction', 'high_cloud_area_fraction', 'surface_eastward_wind', 'surface_northward_wind', 'sea_ice_area_fraction', 'msg_brightness_temperature_108', 'atmosphere_boundary_layer_thickness', 'emac_column_density', 'tropopause_altitude', 'secondary_tropopause_altitude']'
2025-03-30 20:08:05 INFO Opening candidate '20121017_12_ecmwf_forecast.T.EUR_LL015.036.ml.nc'
2025-03-30 20:08:05 INFO File '20121017_12_ecmwf_forecast.T.EUR_LL015.036.ml.nc' identified as 'ml' type
2025-03-30 20:08:05 INFO Found init time '2012-10-17 12:00:00', 7 valid_times and 1 standard_names
2025-03-30 20:08:05 DEBUG valid_times='[cftime.DatetimeGregorian(2012, 10, 17, 12, 0, 0, 0, has_year_zero=False)
 cftime.DatetimeGregorian(2012, 10, 17, 18, 0, 0, 0, has_year_zero=False)
 cftime.DatetimeGregorian(2012, 10, 18, 0, 0, 0, 0, has_year_zero=False)
 cftime.DatetimeGregorian(2012, 10, 18, 6, 0, 0, 0, has_year_zero=False)
 cftime.DatetimeGregorian(2012, 10, 18, 12, 0, 0, 0, has_year_zero=False)
 cftime.DatetimeGregorian(2012, 10, 18, 18, 0, 0, 0, has_year_zero=False)
 cftime.DatetimeGregorian(2012, 10, 19, 0, 0, 0, 0, has_year_zero=False)]' standard_names='['air_temperature']'
2025-03-30 20:08:05 INFO Opening candidate '20121017_12_ecmwf_forecast.THETA.EUR_LL015.036.ml.nc'
2025-03-30 20:08:05 INFO File '20121017_12_ecmwf_forecast.THETA.EUR_LL015.036.ml.nc' identified as 'ml' type
2025-03-30 20:08:05 INFO Found init time '2012-10-17 12:00:00', 7 valid_times and 1 standard_names
2025-03-30 20:08:05 DEBUG valid_times='[cftime.DatetimeGregorian(2012, 10, 17, 12, 0, 0, 0, has_year_zero=False)
 cftime.DatetimeGregorian(2012, 10, 17, 18, 0, 0, 0, has_year_zero=False)
 cftime.DatetimeGregorian(2012, 10, 18, 0, 0, 0, 0, has_year_zero=False)
 cftime.DatetimeGregorian(2012, 10, 18, 6, 0, 0, 0, has_year_zero=False)
 cftime.DatetimeGregorian(2012, 10, 18, 12, 0, 0, 0, has_year_zero=False)
 cftime.DatetimeGregorian(2012, 10, 18, 18, 0, 0, 0, has_year_zero=False)
 cftime.DatetimeGregorian(2012, 10, 19, 0, 0, 0, 0, has_year_zero=False)]' standard_names='['air_potential_temperature']'
2025-03-30 20:08:05 INFO Opening candidate '20121017_12_ecmwf_forecast.THETA_LEVELS.EUR_LL015.036.tl.nc'
2025-03-30 20:08:05 INFO File '20121017_12_ecmwf_forecast.THETA_LEVELS.EUR_LL015.036.tl.nc' identified as 'tl' type
2025-03-30 20:08:05 INFO Found init time '2012-10-17 12:00:00', 7 valid_times and 3 standard_names
2025-03-30 20:08:05 DEBUG valid_times='[cftime.DatetimeGregorian(2012, 10, 17, 12, 0, 0, 0, has_year_zero=False)
 cftime.DatetimeGregorian(2012, 10, 17, 18, 0, 0, 0, has_year_zero=False)
 cftime.DatetimeGregorian(2012, 10, 18, 0, 0, 0, 0, has_year_zero=False)
 cftime.DatetimeGregorian(2012, 10, 18, 6, 0, 0, 0, has_year_zero=False)
 cftime.DatetimeGregorian(2012, 10, 18, 12, 0, 0, 0, has_year_zero=False)
 cftime.DatetimeGregorian(2012, 10, 18, 18, 0, 0, 0, has_year_zero=False)
 cftime.DatetimeGregorian(2012, 10, 19, 0, 0, 0, 0, has_year_zero=False)]' standard_names='['air_pressure', 'ertel_potential_vorticity', 'mole_fraction_of_ozone_in_air']'
2025-03-30 20:08:05 INFO Opening candidate '20121017_12_ecmwf_forecast.U.EUR_LL015.036.ml.nc'
2025-03-30 20:08:05 INFO File '20121017_12_ecmwf_forecast.U.EUR_LL015.036.ml.nc' identified as 'ml' type
2025-03-30 20:08:05 INFO Found init time '2012-10-17 12:00:00', 7 valid_times and 1 standard_names
2025-03-30 20:08:05 DEBUG valid_times='[cftime.DatetimeGregorian(2012, 10, 17, 12, 0, 0, 0, has_year_zero=False)
 cftime.DatetimeGregorian(2012, 10, 17, 18, 0, 0, 0, has_year_zero=False)
 cftime.DatetimeGregorian(2012, 10, 18, 0, 0, 0, 0, has_year_zero=False)
 cftime.DatetimeGregorian(2012, 10, 18, 6, 0, 0, 0, has_year_zero=False)
 cftime.DatetimeGregorian(2012, 10, 18, 12, 0, 0, 0, has_year_zero=False)
 cftime.DatetimeGregorian(2012, 10, 18, 18, 0, 0, 0, has_year_zero=False)
 cftime.DatetimeGregorian(2012, 10, 19, 0, 0, 0, 0, has_year_zero=False)]' standard_names='['eastward_wind']'
2025-03-30 20:08:05 INFO Opening candidate '20121017_12_ecmwf_forecast.V.EUR_LL015.036.ml.nc'
2025-03-30 20:08:05 INFO File '20121017_12_ecmwf_forecast.V.EUR_LL015.036.ml.nc' identified as 'ml' type
2025-03-30 20:08:05 INFO Found init time '2012-10-17 12:00:00', 7 valid_times and 1 standard_names
2025-03-30 20:08:05 DEBUG valid_times='[cftime.DatetimeGregorian(2012, 10, 17, 12, 0, 0, 0, has_year_zero=False)
 cftime.DatetimeGregorian(2012, 10, 17, 18, 0, 0, 0, has_year_zero=False)
 cftime.DatetimeGregorian(2012, 10, 18, 0, 0, 0, 0, has_year_zero=False)
 cftime.DatetimeGregorian(2012, 10, 18, 6, 0, 0, 0, has_year_zero=False)
 cftime.DatetimeGregorian(2012, 10, 18, 12, 0, 0, 0, has_year_zero=False)
 cftime.DatetimeGregorian(2012, 10, 18, 18, 0, 0, 0, has_year_zero=False)
 cftime.DatetimeGregorian(2012, 10, 19, 0, 0, 0, 0, has_year_zero=False)]' standard_names='['northward_wind']'
2025-03-30 20:08:05 INFO Opening candidate '20121017_12_ecmwf_forecast.W.EUR_LL015.036.ml.nc'
2025-03-30 20:08:05 INFO File '20121017_12_ecmwf_forecast.W.EUR_LL015.036.ml.nc' identified as 'ml' type
2025-03-30 20:08:05 INFO Found init time '2012-10-17 12:00:00', 7 valid_times and 1 standard_names
2025-03-30 20:08:05 DEBUG valid_times='[cftime.DatetimeGregorian(2012, 10, 17, 12, 0, 0, 0, has_year_zero=False)
 cftime.DatetimeGregorian(2012, 10, 17, 18, 0, 0, 0, has_year_zero=False)
 cftime.DatetimeGregorian(2012, 10, 18, 0, 0, 0, 0, has_year_zero=False)
 cftime.DatetimeGregorian(2012, 10, 18, 6, 0, 0, 0, has_year_zero=False)
 cftime.DatetimeGregorian(2012, 10, 18, 12, 0, 0, 0, has_year_zero=False)
 cftime.DatetimeGregorian(2012, 10, 18, 18, 0, 0, 0, has_year_zero=False)
 cftime.DatetimeGregorian(2012, 10, 19, 0, 0, 0, 0, has_year_zero=False)]' standard_names='['lagrangian_tendency_of_air_pressure']'
2025-03-30 20:08:05 DEBUG using plot object 'PVTropo01'
2025-03-30 20:08:05 DEBUG 	figure size (800, 600) in pixels
2025-03-30 20:08:05 DEBUG 	requested initialisation time 2012-10-17 12:00:00
2025-03-30 20:08:05 DEBUG 	requested forecast valid time 2012-10-17 12:00:00
2025-03-30 20:08:05 DEBUG 	variable 'air_potential_temperature' requires input file '20121017_12_ecmwf_forecast.PVU.EUR_LL015.036.pv.nc'
2025-03-30 20:08:05 DEBUG 	variable 'geopotential_height' requires input file '20121017_12_ecmwf_forecast.PVU.EUR_LL015.036.pv.nc'
2025-03-30 20:08:05 DEBUG 	variable 'air_pressure' requires input file '20121017_12_ecmwf_forecast.PVU.EUR_LL015.036.pv.nc'
2025-03-30 20:08:05 DEBUG opening datasets.
2025-03-30 20:08:05 DEBUG 	identified variable <air_potential_temperature> for field <air_potential_temperature>
2025-03-30 20:08:05 DEBUG 	identified variable <geopotential_height> for field <geopotential_height>
2025-03-30 20:08:05 DEBUG 	identified variable <air_pressure> for field <air_pressure>
2025-03-30 20:08:05 DEBUG loading data for time step 0 (2012-10-17 12:00:00), level index 1 (level 2.5)
2025-03-30 20:08:05 DEBUG 	Loaded 0.02 Mbytes from data field <air_potential_temperature>.
2025-03-30 20:08:05 DEBUG 	Loaded 0.02 Mbytes from data field <geopotential_height>.
2025-03-30 20:08:05 DEBUG 	Loaded 0.02 Mbytes from data field <air_pressure>.
2025-03-30 20:08:05 DEBUG Loaded data (required time 0:00:00.001660).
2025-03-30 20:08:05 DEBUG Plotting horizontal section.
2025-03-30 20:08:05 DEBUG Identified CRS 'epsg:4326' as '{'basemap': {'epsg': '4326'}, 'bbox': 'degree'}'
2025-03-30 20:08:05 DEBUG Identified CRS 'epsg:4326' as '{'basemap': {'epsg': '4326'}, 'bbox': 'degree'}'
2025-03-30 20:08:05 DEBUG plotting data..
2025-03-30 20:08:05 DEBUG preparing additional data fields..
2025-03-30 20:08:05 DEBUG creating figure..
2025-03-30 20:08:05 DEBUG 	with frame and legends
2025-03-30 20:08:05 DEBUG Loaded '({'epsg': '4326'}, [-22.5, 27.5, 55, 62.5], 'degree')' from basemap cache
2025-03-30 20:08:05 DEBUG shifting data grid to leftmost longitude in map -22..
2025-03-30 20:08:05 DEBUG converting image to indexed palette.
2025-03-30 20:08:05 DEBUG saving figure as non-transparent PNG.
2025-03-30 20:08:05 DEBUG returning figure..
2025-03-30 20:08:05 DEBUG Finished plotting (required time 0:00:00.323157; total time 0:00:00.324817).

2025-03-30 20:08:05 DEBUG using plot object 'PVTropo01'
2025-03-30 20:08:05 DEBUG 	figure size (800, 600) in pixels
2025-03-30 20:08:05 DEBUG 	requested initialisation time 2012-10-17 12:00:00
2025-03-30 20:08:05 DEBUG 	requested forecast valid time 2012-10-17 12:00:00
2025-03-30 20:08:05 DEBUG 	variable 'air_potential_temperature' requires input file '20121017_12_ecmwf_forecast.PVU.EUR_LL015.036.pv.nc'
2025-03-30 20:08:05 DEBUG 	variable 'geopotential_height' requires input file '20121017_12_ecmwf_forecast.PVU.EUR_LL015.036.pv.nc'
2025-03-30 20:08:05 DEBUG 	variable 'air_pressure' requires input file '20121017_12_ecmwf_forecast.PVU.EUR_LL015.036.pv.nc'
2025-03-30 20:08:05 DEBUG opening datasets.
2025-03-30 20:08:05 DEBUG 	identified variable <air_potential_temperature> for field <air_potential_temperature>
2025-03-30 20:08:05 DEBUG 	identified variable <geopotential_height> for field <geopotential_height>
2025-03-30 20:08:05 DEBUG 	identified variable <air_pressure> for field <air_pressure>
2025-03-30 20:08:05 DEBUG loading data for time step 0 (2012-10-17 12:00:00), level index 1 (level 2.5)
2025-03-30 20:08:05 DEBUG 	Loaded 0.02 Mbytes from data field <air_potential_temperature>.
2025-03-30 20:08:05 DEBUG 	Loaded 0.02 Mbytes from data field <geopotential_height>.
2025-03-30 20:08:05 DEBUG 	Loaded 0.02 Mbytes from data field <air_pressure>.
2025-03-30 20:08:05 DEBUG Loaded data (required time 0:00:00.001702).
2025-03-30 20:08:05 DEBUG Plotting horizontal section.
2025-03-30 20:08:05 DEBUG Identified CRS 'epsg:4326' as '{'basemap': {'epsg': '4326'}, 'bbox': 'degree'}'
2025-03-30 20:08:05 DEBUG Identified CRS 'epsg:4326' as '{'basemap': {'epsg': '4326'}, 'bbox': 'degree'}'
2025-03-30 20:08:05 DEBUG plotting data..
2025-03-30 20:08:05 DEBUG preparing additional data fields..
2025-03-30 20:08:05 DEBUG creating figure..
2025-03-30 20:08:05 DEBUG 	with frame and legends
2025-03-30 20:08:05 DEBUG Loaded '({'epsg': '4326'}, [-22.5, 27.5, 55, 62.5], 'degree')' from basemap cache
2025-03-30 20:08:05 DEBUG shifting data grid to leftmost longitude in map -22..
2025-03-30 20:08:05 DEBUG converting image to indexed palette.
2025-03-30 20:08:05 DEBUG saving figure as non-transparent PNG.
2025-03-30 20:08:05 DEBUG returning figure..
2025-03-30 20:08:05 DEBUG Finished plotting (required time 0:00:00.310857; total time 0:00:00.312559).

2025-03-30 20:08:05 DEBUG using plot object 'PVTropo01'
2025-03-30 20:08:05 DEBUG 	figure size (800, 600) in pixels
2025-03-30 20:08:05 DEBUG 	requested initialisation time 2012-10-17 12:00:00
2025-03-30 20:08:05 DEBUG 	requested forecast valid time 2012-10-17 12:00:00
2025-03-30 20:08:05 DEBUG 	variable 'air_potential_temperature' requires input file '20121017_12_ecmwf_forecast.PVU.EUR_LL015.036.pv.nc'
2025-03-30 20:08:05 DEBUG 	variable 'geopotential_height' requires input file '20121017_12_ecmwf_forecast.PVU.EUR_LL015.036.pv.nc'
2025-03-30 20:08:05 DEBUG 	variable 'air_pressure' requires input file '20121017_12_ecmwf_forecast.PVU.EUR_LL015.036.pv.nc'
2025-03-30 20:08:05 DEBUG opening datasets.
2025-03-30 20:08:05 DEBUG 	identified variable <air_potential_temperature> for field <air_potential_temperature>
2025-03-30 20:08:05 DEBUG 	identified variable <geopotential_height> for field <geopotential_height>
2025-03-30 20:08:05 DEBUG 	identified variable <air_pressure> for field <air_pressure>
2025-03-30 20:08:05 DEBUG loading data for time step 0 (2012-10-17 12:00:00), level index 1 (level 2.5)
2025-03-30 20:08:05 DEBUG 	Loaded 0.02 Mbytes from data field <air_potential_temperature>.
2025-03-30 20:08:05 DEBUG 	Loaded 0.02 Mbytes from data field <geopotential_height>.
2025-03-30 20:08:05 DEBUG 	Loaded 0.02 Mbytes from data field <air_pressure>.
2025-03-30 20:08:05 DEBUG Loaded data (required time 0:00:00.003462).
2025-03-30 20:08:05 DEBUG Plotting horizontal section.
2025-03-30 20:08:05 DEBUG Identified CRS 'epsg:4326' as '{'basemap': {'epsg': '4326'}, 'bbox': 'degree'}'
2025-03-30 20:08:05 DEBUG Identified CRS 'epsg:4326' as '{'basemap': {'epsg': '4326'}, 'bbox': 'degree'}'
2025-03-30 20:08:05 DEBUG plotting data..
2025-03-30 20:08:05 DEBUG preparing additional data fields..
2025-03-30 20:08:05 DEBUG creating figure..
2025-03-30 20:08:05 DEBUG 	with frame and legends
2025-03-30 20:08:05 DEBUG Loaded '({'epsg': '4326'}, [-22.5, 27.5, 55, 62.5], 'degree')' from basemap cache
2025-03-30 20:08:06 DEBUG shifting data grid to leftmost longitude in map -22..
2025-03-30 20:08:06 DEBUG converting image to indexed palette.
2025-03-30 20:08:06 DEBUG saving figure as non-transparent PNG.
2025-03-30 20:08:06 DEBUG returning figure..
2025-03-30 20:08:06 DEBUG Finished plotting (required time 0:00:00.359710; total time 0:00:00.363172).

2025-03-30 20:08:06 DEBUG using plot object 'PVTropo01'
2025-03-30 20:08:06 DEBUG 	figure size (800, 600) in pixels
2025-03-30 20:08:06 DEBUG 	requested initialisation time 2012-10-17 12:00:00
2025-03-30 20:08:06 DEBUG 	requested forecast valid time 2012-10-17 12:00:00
2025-03-30 20:08:06 DEBUG 	variable 'air_potential_temperature' requires input file '20121017_12_ecmwf_forecast.PVU.EUR_LL015.036.pv.nc'
2025-03-30 20:08:06 DEBUG 	variable 'geopotential_height' requires input file '20121017_12_ecmwf_forecast.PVU.EUR_LL015.036.pv.nc'
2025-03-30 20:08:06 DEBUG 	variable 'air_pressure' requires input file '20121017_12_ecmwf_forecast.PVU.EUR_LL015.036.pv.nc'
2025-03-30 20:08:06 DEBUG opening datasets.
2025-03-30 20:08:06 DEBUG 	identified variable <air_potential_temperature> for field <air_potential_temperature>
2025-03-30 20:08:06 DEBUG 	identified variable <geopotential_height> for field <geopotential_height>
2025-03-30 20:08:06 DEBUG 	identified variable <air_pressure> for field <air_pressure>
2025-03-30 20:08:06 DEBUG loading data for time step 0 (2012-10-17 12:00:00), level index 1 (level 2.5)
2025-03-30 20:08:06 DEBUG 	Loaded 0.02 Mbytes from data field <air_potential_temperature>.
2025-03-30 20:08:06 DEBUG 	Loaded 0.02 Mbytes from data field <geopotential_height>.
2025-03-30 20:08:06 DEBUG 	Loaded 0.02 Mbytes from data field <air_pressure>.
2025-03-30 20:08:06 DEBUG Loaded data (required time 0:00:00.002131).
2025-03-30 20:08:06 DEBUG Plotting horizontal section.
2025-03-30 20:08:06 DEBUG Identified CRS 'epsg:4326' as '{'basemap': {'epsg': '4326'}, 'bbox': 'degree'}'
2025-03-30 20:08:06 DEBUG Identified CRS 'epsg:4326' as '{'basemap': {'epsg': '4326'}, 'bbox': 'degree'}'
2025-03-30 20:08:06 DEBUG plotting data..
2025-03-30 20:08:06 DEBUG preparing additional data fields..
2025-03-30 20:08:06 DEBUG creating figure..
2025-03-30 20:08:06 DEBUG 	without frame
2025-03-30 20:08:06 DEBUG Loaded '({'epsg': '4326'}, [-22.5, 27.5, 55, 62.5], 'degree')' from basemap cache
2025-03-30 20:08:06 DEBUG shifting data grid to leftmost longitude in map -22..
2025-03-30 20:08:06 DEBUG converting image to indexed palette.
2025-03-30 20:08:06 DEBUG saving figure as non-transparent PNG.
2025-03-30 20:08:06 DEBUG returning figure..
2025-03-30 20:08:06 DEBUG Finished plotting (required time 0:00:00.360915; total time 0:00:00.363046).

2025-03-30 20:08:06 DEBUG using plot object 'PVTropo01'
2025-03-30 20:08:06 DEBUG 	figure size (800, 600) in pixels
2025-03-30 20:08:06 DEBUG 	requested initialisation time 2012-10-17 12:00:00
2025-03-30 20:08:06 DEBUG 	requested forecast valid time 2012-10-17 12:00:00
2025-03-30 20:08:06 DEBUG 	variable 'air_potential_temperature' requires input file '20121017_12_ecmwf_forecast.PVU.EUR_LL015.036.pv.nc'
2025-03-30 20:08:06 DEBUG 	variable 'geopotential_height' requires input file '20121017_12_ecmwf_forecast.PVU.EUR_LL015.036.pv.nc'
2025-03-30 20:08:06 DEBUG 	variable 'air_pressure' requires input file '20121017_12_ecmwf_forecast.PVU.EUR_LL015.036.pv.nc'
2025-03-30 20:08:06 DEBUG opening datasets.
2025-03-30 20:08:06 DEBUG 	identified variable <air_potential_temperature> for field <air_potential_temperature>
2025-03-30 20:08:06 DEBUG 	identified variable <geopotential_height> for field <geopotential_height>
2025-03-30 20:08:06 DEBUG 	identified variable <air_pressure> for field <air_pressure>
2025-03-30 20:08:06 DEBUG No user settings found, using default settings
